ARM Linker, 5.03 [Build 76] [MDK-ARM Professional]

==============================================================================

Section Cross References

    bsp.o(.text) refers to bsp_init.o(.text) for SetClock
    bsp.o(.text) refers to bsp_io_control.o(.text) for bsp_io_init
    bsp.o(.text) refers to bsp_usart.o(.text) for UsartConfig
    bsp.o(.text) refers to printfa.o(i.__0printf) for __2printf
    bsp.o(.text) refers to stm32f4xx_rcc.o(.text) for RCC_GetClocksFreq
    bsp.o(.text) refers to os_cpu_c.o(.text) for OS_CPU_SysTickInit
    bsp.o(.text) refers to cpu_core.o(.text) for CPU_TS_TmrFreqSet
    bsp.o(.text) refers to uldiv.o(.text) for __aeabi_uldivmod
    bsp.o(.text) refers to os_cfg_app.o(.constdata) for OSCfg_TickRate_Hz
    main.o(.text) refers to bsp.o(.text) for bsp_Init
    main.o(.text) refers to os_core.o(.text) for OSInit
    main.o(.text) refers to os_task.o(.text) for OSTaskCreate
    main.o(.text) refers to main.o(.bss) for .bss
    main.o(.text) refers to app.o(.text) for AppTaskStart
    os_app_hooks.o(.text) refers to cpu_a.o(.text) for CPU_SR_Save
    os_app_hooks.o(.text) refers to os_var.o(.data) for OS_AppTaskCreateHookPtr
    os_app_hooks.o(.text) refers to os_var.o(.data) for OS_AppTaskDelHookPtr
    os_app_hooks.o(.text) refers to os_var.o(.data) for OS_AppTaskReturnHookPtr
    os_app_hooks.o(.text) refers to os_var.o(.data) for OS_AppIdleTaskHookPtr
    os_app_hooks.o(.text) refers to os_var.o(.data) for OS_AppStatTaskHookPtr
    os_app_hooks.o(.text) refers to os_var.o(.data) for OS_AppTaskSwHookPtr
    os_app_hooks.o(.text) refers to os_var.o(.data) for OS_AppTimeTickHookPtr
    app.o(.text) refers to malloc.o(i.malloc) for malloc
    app.o(.text) refers to memseta.o(.text) for __aeabi_memclr
    app.o(.text) refers to bsp_io_control.o(.text) for bsp_io_init
    app.o(.text) refers to bsp_usart.o(.text) for UsartConfig
    app.o(.text) refers to bsp_adc.o(.text) for voltage_adc_init
    app.o(.text) refers to freqmeasurement.o(.text) for FreqModuleInit
    app.o(.text) refers to temperature.o(.text) for LTC2402Init
    app.o(.text) refers to rain.o(.text) for rain_gpio
    app.o(.text) refers to bsp_rtc.o(.text) for RTC_Config
    app.o(.text) refers to printfa.o(i.__0printf) for __2printf
    app.o(.text) refers to appmain.o(.text) for AppMain
    app.o(.text) refers to os_time.o(.text) for OSTimeDlyHMSM
    app.o(.text) refers to cpu_core.o(.text) for CPU_Init
    app.o(.text) refers to bsp.o(.text) for BSP_Tick_Init
    app.o(.text) refers to os_task.o(.text) for OSTaskCreate
    app.o(.text) refers to app.o(.data) for .data
    app.o(.text) refers to app.o(.bss) for .bss
    freqmeasurement.o(.text) refers to misc.o(.text) for NVIC_PriorityGroupConfig
    freqmeasurement.o(.text) refers to stm32f4xx_rcc.o(.text) for RCC_APB1PeriphClockCmd
    freqmeasurement.o(.text) refers to stm32f4xx_tim.o(.text) for TIM_TimeBaseInit
    freqmeasurement.o(.text) refers to dmul.o(.text) for __aeabi_dmul
    freqmeasurement.o(.text) refers to ddiv.o(.text) for __aeabi_ddiv
    freqmeasurement.o(.text) refers to dadd.o(.text) for __aeabi_dadd
    freqmeasurement.o(.text) refers to stm32f4xx_gpio.o(.text) for GPIO_Init
    freqmeasurement.o(.text) refers to os_time.o(.text) for OSTimeDlyHMSM
    freqmeasurement.o(.text) refers to bsp_io_control.o(.text) for SW_VW
    freqmeasurement.o(.text) refers to freqmeasurement.o(.data) for .data
    freqmeasurement.o(.text) refers to stm32f4xx_it.o(.data) for OnFreq
    rain.o(.text) refers to stm32f4xx_rcc.o(.text) for RCC_APB2PeriphClockCmd
    rain.o(.text) refers to stm32f4xx_gpio.o(.text) for GPIO_Init
    rain.o(.text) refers to stm32f4xx_syscfg.o(.text) for SYSCFG_EXTILineConfig
    rain.o(.text) refers to stm32f4xx_exti.o(.text) for EXTI_Init
    rain.o(.text) refers to misc.o(.text) for NVIC_Init
    rain.o(.text) refers to os_core.o(.text) for OSIntEnter
    rain.o(.text) refers to memseta.o(.text) for __aeabi_memclr
    rain.o(.text) refers to bsp_rtc.o(.text) for get_time
    rain.o(.text) refers to strcat.o(.text) for strcat
    rain.o(.text) refers to printfa.o(i.__0printf) for __2printf
    rain.o(.text) refers to rain.o(.data) for .data
    rain.o(.text) refers to rain.o(.bss) for .bss
    temperature.o(.text) refers to stm32f4xx_rcc.o(.text) for RCC_AHB1PeriphClockCmd
    temperature.o(.text) refers to stm32f4xx_gpio.o(.text) for GPIO_Init
    temperature.o(.text) refers to stm32f4xx_spi.o(.text) for SPI_Init
    temperature.o(.text) refers to os_time.o(.text) for OSTimeDlyHMSM
    temperature.o(.text) refers to bsp_io_control.o(.text) for SW_VW
    temperature.o(.text) refers to dfltui.o(.text) for __aeabi_ui2d
    temperature.o(.text) refers to dscalb.o(.text) for __ARM_scalbn
    temperature.o(.text) refers to dmul.o(.text) for __aeabi_dmul
    temperature.o(.text) refers to cdrcmple.o(.text) for __aeabi_cdrcmple
    temperature.o(.text) refers to dadd.o(.text) for __aeabi_dsub
[...]
    TIM_SetIC4Prescaler                      0x080033a3   Thumb Code    24  stm32f4xx_tim.o(.text)
    TIM_SetIC3Prescaler                      0x080033bb   Thumb Code    16  stm32f4xx_tim.o(.text)
    TIM_SetIC2Prescaler                      0x080033cb   Thumb Code    24  stm32f4xx_tim.o(.text)
    TIM_SetIC1Prescaler                      0x08003419   Thumb Code    16  stm32f4xx_tim.o(.text)
    TIM_ICInit                               0x08003429   Thumb Code   164  stm32f4xx_tim.o(.text)
    TIM_ICStructInit                         0x080034cd   Thumb Code    16  stm32f4xx_tim.o(.text)
    TIM_PWMIConfig                           0x080034dd   Thumb Code   104  stm32f4xx_tim.o(.text)
    TIM_GetCapture1                          0x08003545   Thumb Code     4  stm32f4xx_tim.o(.text)
    TIM_GetCapture2                          0x08003549   Thumb Code     4  stm32f4xx_tim.o(.text)
    TIM_GetCapture3                          0x0800354d   Thumb Code     4  stm32f4xx_tim.o(.text)
    TIM_GetCapture4                          0x08003551   Thumb Code     4  stm32f4xx_tim.o(.text)
    TIM_BDTRConfig                           0x08003555   Thumb Code    34  stm32f4xx_tim.o(.text)
    TIM_BDTRStructInit                       0x08003577   Thumb Code    18  stm32f4xx_tim.o(.text)
    TIM_CtrlPWMOutputs                       0x08003589   Thumb Code    22  stm32f4xx_tim.o(.text)
    TIM_SelectCOM                            0x0800359f   Thumb Code    20  stm32f4xx_tim.o(.text)
    TIM_CCPreloadControl                     0x080035b3   Thumb Code    20  stm32f4xx_tim.o(.text)
    TIM_ITConfig                             0x080035c7   Thumb Code    16  stm32f4xx_tim.o(.text)
    TIM_GenerateEvent                        0x080035d7   Thumb Code     4  stm32f4xx_tim.o(.text)
    TIM_GetFlagStatus                        0x080035db   Thumb Code    14  stm32f4xx_tim.o(.text)
    TIM_ClearFlag                            0x080035e9   Thumb Code     6  stm32f4xx_tim.o(.text)
    TIM_GetITStatus                          0x080035ef   Thumb Code    24  stm32f4xx_tim.o(.text)
    TIM_ClearITPendingBit                    0x08003607   Thumb Code     6  stm32f4xx_tim.o(.text)
    TIM_DMAConfig                            0x0800360d   Thumb Code     8  stm32f4xx_tim.o(.text)
    TIM_DMACmd                               0x08003615   Thumb Code    16  stm32f4xx_tim.o(.text)
    TIM_SelectCCDMA                          0x08003625   Thumb Code    20  stm32f4xx_tim.o(.text)
    TIM_InternalClockConfig                  0x08003639   Thumb Code    10  stm32f4xx_tim.o(.text)
    TIM_SelectInputTrigger                   0x08003643   Thumb Code    12  stm32f4xx_tim.o(.text)
    TIM_ITRxExternalClockConfig              0x0800364f   Thumb Code    18  stm32f4xx_tim.o(.text)
    TIM_TIxExternalClockConfig               0x08003661   Thumb Code    46  stm32f4xx_tim.o(.text)
    TIM_ETRConfig                            0x0800368f   Thumb Code    24  stm32f4xx_tim.o(.text)
    TIM_ETRClockMode1Config                  0x080036a7   Thumb Code    18  stm32f4xx_tim.o(.text)
    TIM_ETRClockMode2Config                  0x080036b9   Thumb Code    18  stm32f4xx_tim.o(.text)
    TIM_SelectOutputTrigger                  0x080036cb   Thumb Code    16  stm32f4xx_tim.o(.text)
    TIM_SelectSlaveMode                      0x080036db   Thumb Code    16  stm32f4xx_tim.o(.text)
    TIM_SelectMasterSlaveMode                0x080036eb   Thumb Code    16  stm32f4xx_tim.o(.text)
    TIM_EncoderInterfaceConfig               0x080036fb   Thumb Code    50  stm32f4xx_tim.o(.text)
    TIM_SelectHallSensor                     0x0800372d   Thumb Code    20  stm32f4xx_tim.o(.text)
    TIM_RemapConfig                          0x08003741   Thumb Code     6  stm32f4xx_tim.o(.text)
    SPI_I2S_DeInit                           0x08003775   Thumb Code    72  stm32f4xx_spi.o(.text)
    SPI_Init                                 0x080037bd   Thumb Code    56  stm32f4xx_spi.o(.text)
    I2S_Init                                 0x080037f5   Thumb Code   188  stm32f4xx_spi.o(.text)
    SPI_StructInit                           0x080038b1   Thumb Code    24  stm32f4xx_spi.o(.text)
    I2S_StructInit                           0x080038c9   Thumb Code    18  stm32f4xx_spi.o(.text)
    SPI_Cmd                                  0x080038db   Thumb Code    20  stm32f4xx_spi.o(.text)
    I2S_Cmd                                  0x080038ef   Thumb Code    20  stm32f4xx_spi.o(.text)
    SPI_DataSizeConfig                       0x08003903   Thumb Code    16  stm32f4xx_spi.o(.text)
    SPI_BiDirectionalLineConfig              0x08003913   Thumb Code    22  stm32f4xx_spi.o(.text)
    SPI_NSSInternalSoftwareConfig            0x08003929   Thumb Code    24  stm32f4xx_spi.o(.text)
    SPI_SSOutputCmd                          0x08003941   Thumb Code    20  stm32f4xx_spi.o(.text)
    SPI_TIModeCmd                            0x08003955   Thumb Code    20  stm32f4xx_spi.o(.text)
    I2S_FullDuplexConfig                     0x08003969   Thumb Code    58  stm32f4xx_spi.o(.text)
    SPI_I2S_ReceiveData                      0x080039a3   Thumb Code     4  stm32f4xx_spi.o(.text)
    SPI_I2S_SendData                         0x080039a7   Thumb Code     4  stm32f4xx_spi.o(.text)
    SPI_CalculateCRC                         0x080039ab   Thumb Code    20  stm32f4xx_spi.o(.text)
    SPI_TransmitCRC                          0x080039bf   Thumb Code    10  stm32f4xx_spi.o(.text)
    SPI_GetCRC                               0x080039c9   Thumb Code    12  stm32f4xx_spi.o(.text)
    SPI_GetCRCPolynomial                     0x080039d5   Thumb Code     4  stm32f4xx_spi.o(.text)
    SPI_I2S_DMACmd                           0x080039d9   Thumb Code    16  stm32f4xx_spi.o(.text)
    SPI_I2S_ITConfig                         0x080039e9   Thumb Code    24  stm32f4xx_spi.o(.text)
    SPI_I2S_GetFlagStatus                    0x08003a01   Thumb Code    14  stm32f4xx_spi.o(.text)
    SPI_I2S_ClearFlag                        0x08003a0f   Thumb Code     6  stm32f4xx_spi.o(.text)
    SPI_I2S_GetITStatus                      0x08003a15   Thumb Code    44  stm32f4xx_spi.o(.text)
    SPI_I2S_ClearITPendingBit                0x08003a41   Thumb Code    14  stm32f4xx_spi.o(.text)
    RTC_WaitForSynchro                       0x08003a65   Thumb Code    70  stm32f4xx_rtc.o(.text)
    RTC_EnterInitMode                        0x08003aab   Thumb Code    58  stm32f4xx_rtc.o(.text)
    RTC_DeInit                               0x08003ae5   Thumb Code   142  stm32f4xx_rtc.o(.text)
    RTC_ExitInitMode                         0x08003b73   Thumb Code    14  stm32f4xx_rtc.o(.text)
    RTC_Init                                 0x08003b81   Thumb Code    74  stm32f4xx_rtc.o(.text)
    RTC_StructInit                           0x08003bcb   Thumb Code    14  stm32f4xx_rtc.o(.text)
    RTC_WriteProtectionCmd                   0x08003bd9   Thumb Code    18  stm32f4xx_rtc.o(.text)
    RTC_RefClockCmd                          0x08003beb   Thumb Code    56  stm32f4xx_rtc.o(.text)
    RTC_BypassShadowCmd                      0x08003c23   Thumb Code    38  stm32f4xx_rtc.o(.text)
    RTC_SetTime                              0x08003c49   Thumb Code   138  stm32f4xx_rtc.o(.text)
    RTC_TimeStructInit                       0x08003cd3   Thumb Code    12  stm32f4xx_rtc.o(.text)
    RTC_GetTime                              0x08003cdf   Thumb Code    70  stm32f4xx_rtc.o(.text)
    RTC_GetSubSecond                         0x08003d25   Thumb Code    14  stm32f4xx_rtc.o(.text)
    RTC_SetDate                              0x08003d33   Thumb Code   136  stm32f4xx_rtc.o(.text)
    RTC_DateStructInit                       0x08003dbb   Thumb Code    14  stm32f4xx_rtc.o(.text)
    RTC_GetDate                              0x08003dc9   Thumb Code    66  stm32f4xx_rtc.o(.text)
    RTC_SetAlarm                             0x08003e0b   Thumb Code   184  stm32f4xx_rtc.o(.text)
    RTC_AlarmStructInit                      0x08003ec3   Thumb Code    20  stm32f4xx_rtc.o(.text)
    RTC_GetAlarm                             0x08003ed7   Thumb Code   104  stm32f4xx_rtc.o(.text)
    RTC_AlarmCmd                             0x08003f3f   Thumb Code    78  stm32f4xx_rtc.o(.text)
    RTC_AlarmSubSecondConfig                 0x08003f8d   Thumb Code    38  stm32f4xx_rtc.o(.text)
    RTC_GetAlarmSubSecond                    0x08003fb3   Thumb Code    24  stm32f4xx_rtc.o(.text)
    RTC_WakeUpClockConfig                    0x08003fcb   Thumb Code    34  stm32f4xx_rtc.o(.text)
    RTC_SetWakeUpCounter                     0x08003fed   Thumb Code    22  stm32f4xx_rtc.o(.text)
    RTC_GetWakeUpCounter                     0x08004003   Thumb Code    10  stm32f4xx_rtc.o(.text)
    RTC_WakeUpCmd                            0x0800400d   Thumb Code    84  stm32f4xx_rtc.o(.text)
    RTC_DayLightSavingConfig                 0x08004061   Thumb Code    38  stm32f4xx_rtc.o(.text)
    RTC_GetStoreOperation                    0x08004087   Thumb Code    12  stm32f4xx_rtc.o(.text)
    RTC_OutputConfig                         0x08004093   Thumb Code    38  stm32f4xx_rtc.o(.text)
    RTC_CoarseCalibConfig                    0x080040b9   Thumb Code    46  stm32f4xx_rtc.o(.text)
    RTC_CoarseCalibCmd                       0x080040e7   Thumb Code    56  stm32f4xx_rtc.o(.text)
    RTC_CalibOutputCmd                       0x0800411f   Thumb Code    38  stm32f4xx_rtc.o(.text)
    RTC_CalibOutputConfig                    0x08004145   Thumb Code    34  stm32f4xx_rtc.o(.text)
    RTC_SmoothCalibConfig                    0x08004167   Thumb Code    72  stm32f4xx_rtc.o(.text)
    RTC_TimeStampCmd                         0x080041af   Thumb Code    42  stm32f4xx_rtc.o(.text)
    RTC_GetTimeStamp                         0x080041d9   Thumb Code   130  stm32f4xx_rtc.o(.text)
    RTC_GetTimeStampSubSecond                0x0800425b   Thumb Code     8  stm32f4xx_rtc.o(.text)
    RTC_TamperTriggerConfig                  0x08004263   Thumb Code    24  stm32f4xx_rtc.o(.text)
    RTC_TamperCmd                            0x0800427b   Thumb Code    28  stm32f4xx_rtc.o(.text)
    RTC_TamperFilterConfig                   0x08004297   Thumb Code    18  stm32f4xx_rtc.o(.text)
    RTC_TamperSamplingFreqConfig             0x080042a9   Thumb Code    18  stm32f4xx_rtc.o(.text)
    RTC_TamperPinsPrechargeDuration          0x080042bb   Thumb Code    18  stm32f4xx_rtc.o(.text)
    RTC_TimeStampOnTamperDetectionCmd        0x080042cd   Thumb Code    22  stm32f4xx_rtc.o(.text)
    RTC_TamperPullUpCmd                      0x080042e3   Thumb Code    22  stm32f4xx_rtc.o(.text)
    RTC_WriteBackupRegister                  0x080042f9   Thumb Code    16  stm32f4xx_rtc.o(.text)
    RTC_ReadBackupRegister                   0x08004309   Thumb Code    16  stm32f4xx_rtc.o(.text)
    RTC_TamperPinSelection                   0x08004319   Thumb Code    18  stm32f4xx_rtc.o(.text)
    RTC_TimeStampPinSelection                0x0800432b   Thumb Code    18  stm32f4xx_rtc.o(.text)
    RTC_OutputTypeConfig                     0x0800433d   Thumb Code    18  stm32f4xx_rtc.o(.text)
    RTC_SynchroShiftConfig                   0x0800434f   Thumb Code    86  stm32f4xx_rtc.o(.text)
    RTC_ITConfig                             0x080043a5   Thumb Code    60  stm32f4xx_rtc.o(.text)
    RTC_GetFlagStatus                        0x080043e1   Thumb Code    24  stm32f4xx_rtc.o(.text)
    RTC_ClearFlag                            0x080043f9   Thumb Code    24  stm32f4xx_rtc.o(.text)
    RTC_GetITStatus                          0x08004411   Thumb Code    46  stm32f4xx_rtc.o(.text)
    RTC_ClearITPendingBit                    0x0800443f   Thumb Code    24  stm32f4xx_rtc.o(.text)
    PWR_DeInit                               0x08004489   Thumb Code    24  stm32f4xx_pwr.o(.text)
    PWR_BackupAccessCmd                      0x080044a1   Thumb Code     6  stm32f4xx_pwr.o(.text)
    PWR_PVDLevelConfig                       0x080044a7   Thumb Code    14  stm32f4xx_pwr.o(.text)
    PWR_PVDCmd                               0x080044b5   Thumb Code     6  stm32f4xx_pwr.o(.text)
    PWR_WakeUpPinCmd                         0x080044bb   Thumb Code     8  stm32f4xx_pwr.o(.text)
    PWR_BackupRegulatorCmd                   0x080044c3   Thumb Code     8  stm32f4xx_pwr.o(.text)
    PWR_MainRegulatorModeConfig              0x080044cb   Thumb Code    22  stm32f4xx_pwr.o(.text)
    PWR_FlashPowerDownCmd                    0x080044e1   Thumb Code     6  stm32f4xx_pwr.o(.text)
    PWR_EnterSTOPMode                        0x080044e7   Thumb Code    42  stm32f4xx_pwr.o(.text)
    PWR_EnterSTANDBYMode                     0x08004511   Thumb Code    32  stm32f4xx_pwr.o(.text)
    PWR_GetFlagStatus                        0x08004531   Thumb Code    16  stm32f4xx_pwr.o(.text)
    PWR_ClearFlag                            0x08004541   Thumb Code    12  stm32f4xx_pwr.o(.text)
    WWDG_DeInit                              0x08004559   Thumb Code    24  stm32f4xx_wwdg.o(.text)
    WWDG_SetPrescaler                        0x08004571   Thumb Code    14  stm32f4xx_wwdg.o(.text)
    WWDG_SetWindowValue                      0x0800457f   Thumb Code    22  stm32f4xx_wwdg.o(.text)
    WWDG_EnableIT                            0x08004595   Thumb Code     8  stm32f4xx_wwdg.o(.text)
    WWDG_SetCounter                          0x0800459d   Thumb Code    12  stm32f4xx_wwdg.o(.text)
    WWDG_Enable                              0x080045a9   Thumb Code    12  stm32f4xx_wwdg.o(.text)
    WWDG_GetFlagStatus                       0x080045b5   Thumb Code    16  stm32f4xx_wwdg.o(.text)
    WWDG_ClearFlag                           0x080045c5   Thumb Code    10  stm32f4xx_wwdg.o(.text)
    IWDG_WriteAccessCmd                      0x080045d9   Thumb Code     6  stm32f4xx_iwdg.o(.text)
    IWDG_SetPrescaler                        0x080045df   Thumb Code     6  stm32f4xx_iwdg.o(.text)
    IWDG_SetReload                           0x080045e5   Thumb Code     6  stm32f4xx_iwdg.o(.text)
    IWDG_ReloadCounter                       0x080045eb   Thumb Code    10  stm32f4xx_iwdg.o(.text)
    IWDG_Enable                              0x080045f5   Thumb Code    10  stm32f4xx_iwdg.o(.text)
    IWDG_GetFlagStatus                       0x080045ff   Thumb Code    16  stm32f4xx_iwdg.o(.text)
    ADC_DeInit                               0x08004615   Thumb Code    24  stm32f4xx_adc.o(.text)
    ADC_Init                                 0x0800462d   Thumb Code    66  stm32f4xx_adc.o(.text)
    ADC_StructInit                           0x0800466f   Thumb Code    20  stm32f4xx_adc.o(.text)
    ADC_CommonInit                           0x08004683   Thumb Code    30  stm32f4xx_adc.o(.text)
    ADC_CommonStructInit                     0x080046a1   Thumb Code    12  stm32f4xx_adc.o(.text)
    ADC_Cmd                                  0x080046ad   Thumb Code    20  stm32f4xx_adc.o(.text)
    ADC_AnalogWatchdogCmd                    0x080046c1   Thumb Code    12  stm32f4xx_adc.o(.text)
    ADC_AnalogWatchdogThresholdsConfig       0x080046cd   Thumb Code     6  stm32f4xx_adc.o(.text)
    ADC_AnalogWatchdogSingleChannelConfig    0x080046d3   Thumb Code    12  stm32f4xx_adc.o(.text)
    ADC_TempSensorVrefintCmd                 0x080046df   Thumb Code    26  stm32f4xx_adc.o(.text)
    ADC_VBATCmd                              0x080046f9   Thumb Code    26  stm32f4xx_adc.o(.text)
    ADC_RegularChannelConfig                 0x08004713   Thumb Code   116  stm32f4xx_adc.o(.text)
    ADC_SoftwareStartConv                    0x08004787   Thumb Code    10  stm32f4xx_adc.o(.text)
    ADC_GetSoftwareStartConvStatus           0x08004791   Thumb Code    14  stm32f4xx_adc.o(.text)
    ADC_EOCOnEachRegularChannelCmd           0x0800479f   Thumb Code    20  stm32f4xx_adc.o(.text)
    ADC_ContinuousModeCmd                    0x080047b3   Thumb Code    20  stm32f4xx_adc.o(.text)
    ADC_DiscModeChannelCountConfig           0x080047c7   Thumb Code    16  stm32f4xx_adc.o(.text)
    ADC_DiscModeCmd                          0x080047d7   Thumb Code    20  stm32f4xx_adc.o(.text)
    ADC_GetConversionValue                   0x080047eb   Thumb Code     6  stm32f4xx_adc.o(.text)
    ADC_GetMultiModeConversionValue          0x080047f1   Thumb Code     8  stm32f4xx_adc.o(.text)
    ADC_DMACmd                               0x080047f9   Thumb Code    20  stm32f4xx_adc.o(.text)
    ADC_DMARequestAfterLastTransferCmd       0x0800480d   Thumb Code    20  stm32f4xx_adc.o(.text)
    ADC_MultiModeDMARequestAfterLastTransferCmd 0x08004821   Thumb Code    26  stm32f4xx_adc.o(.text)
    ADC_InjectedChannelConfig                0x0800483b   Thumb Code    74  stm32f4xx_adc.o(.text)
    ADC_InjectedSequencerLengthConfig        0x08004885   Thumb Code    16  stm32f4xx_adc.o(.text)
    ADC_SetInjectedOffset                    0x08004895   Thumb Code    10  stm32f4xx_adc.o(.text)
    ADC_ExternalTrigInjectedConvConfig       0x0800489f   Thumb Code    12  stm32f4xx_adc.o(.text)
    ADC_ExternalTrigInjectedConvEdgeConfig   0x080048ab   Thumb Code    12  stm32f4xx_adc.o(.text)
    ADC_SoftwareStartInjectedConv            0x080048b7   Thumb Code    10  stm32f4xx_adc.o(.text)
    ADC_GetSoftwareStartInjectedConvCmdStatus 0x080048c1   Thumb Code    14  stm32f4xx_adc.o(.text)
    ADC_AutoInjectedConvCmd                  0x080048cf   Thumb Code    20  stm32f4xx_adc.o(.text)
    ADC_InjectedDiscModeCmd                  0x080048e3   Thumb Code    20  stm32f4xx_adc.o(.text)
    ADC_GetInjectedConversionValue           0x080048f7   Thumb Code    14  stm32f4xx_adc.o(.text)
    ADC_ITConfig                             0x08004905   Thumb Code    18  stm32f4xx_adc.o(.text)
    ADC_GetFlagStatus                        0x08004917   Thumb Code    14  stm32f4xx_adc.o(.text)
    ADC_ClearFlag                            0x08004925   Thumb Code     6  stm32f4xx_adc.o(.text)
    ADC_GetITStatus                          0x0800492b   Thumb Code    30  stm32f4xx_adc.o(.text)
    ADC_ClearITPendingBit                    0x08004949   Thumb Code     8  stm32f4xx_adc.o(.text)
    SystemInit                               0x08004a0b   Thumb Code    62  system_stm32f4xx.o(.text)
    SystemCoreClockUpdate                    0x08004a49   Thumb Code   108  system_stm32f4xx.o(.text)
    Reset_Handler                            0x08004ad9   Thumb Code     8  startup_stm32f40_41xxx.o(.text)
    ADC_IRQHandler                           0x08004af3   Thumb Code     0  startup_stm32f40_41xxx.o(.text)
    CAN1_RX0_IRQHandler                      0x08004af3   Thumb Code     0  startup_stm32f40_41xxx.o(.text)
    CAN1_RX1_IRQHandler                      0x08004af3   Thumb Code     0  startup_stm32f40_41xxx.o(.text)
    CAN1_SCE_IRQHandler                      0x08004af3   Thumb Code     0  startup_stm32f40_41xxx.o(.text)
    CAN1_TX_IRQHandler                       0x08004af3   Thumb Code     0  startup_stm32f40_41xxx.o(.text)
    CAN2_RX0_IRQHandler                      0x08004af3   Thumb Code     0  startup_stm32f40_41xxx.o(.text)
    CAN2_RX1_IRQHandler                      0x08004af3   Thumb Code     0  startup_stm32f40_41xxx.o(.text)
    CAN2_SCE_IRQHandler                      0x08004af3   Thumb Code     0  startup_stm32f40_41xxx.o(.text)
    CAN2_TX_IRQHandler                       0x08004af3   Thumb Code     0  startup_stm32f40_41xxx.o(.text)
    CRYP_IRQHandler                          0x08004af3   Thumb Code     0  startup_stm32f40_41xxx.o(.text)
    DCMI_IRQHandler                          0x08004af3   Thumb Code     0  startup_stm32f40_41xxx.o(.text)
    DMA1_Stream0_IRQHandler                  0x08004af3   Thumb Code     0  startup_stm32f40_41xxx.o(.text)
    DMA1_Stream1_IRQHandler                  0x08004af3   Thumb Code     0  startup_stm32f40_41xxx.o(.text)
    DMA1_Stream2_IRQHandler                  0x08004af3   Thumb Code     0  startup_stm32f40_41xxx.o(.text)
    DMA1_Stream3_IRQHandler                  0x08004af3   Thumb Code     0  startup_stm32f40_41xxx.o(.text)
    DMA1_Stream4_IRQHandler                  0x08004af3   Thumb Code     0  startup_stm32f40_41xxx.o(.text)
    DMA1_Stream5_IRQHandler                  0x08004af3   Thumb Code     0  startup_stm32f40_41xxx.o(.text)
    DMA1_Stream6_IRQHandler                  0x08004af3   Thumb Code     0  startup_stm32f40_41xxx.o(.text)
    DMA1_Stream7_IRQHandler                  0x08004af3   Thumb Code     0  startup_stm32f40_41xxx.o(.text)
    DMA2_Stream0_IRQHandler                  0x08004af3   Thumb Code     0  startup_stm32f40_41xxx.o(.text)
    DMA2_Stream1_IRQHandler                  0x08004af3   Thumb Code     0  startup_stm32f40_41xxx.o(.text)
    DMA2_Stream2_IRQHandler                  0x08004af3   Thumb Code     0  startup_stm32f40_41xxx.o(.text)
    DMA2_Stream3_IRQHandler                  0x08004af3   Thumb Code     0  startup_stm32f40_41xxx.o(.text)
    DMA2_Stream4_IRQHandler                  0x08004af3   Thumb Code     0  startup_stm32f40_41xxx.o(.text)
    DMA2_Stream5_IRQHandler                  0x08004af3   Thumb Code     0  startup_stm32f40_41xxx.o(.text)
    DMA2_Stream6_IRQHandler                  0x08004af3   Thumb Code     0  startup_stm32f40_41xxx.o(.text)
    DMA2_Stream7_IRQHandler                  0x08004af3   Thumb Code     0  startup_stm32f40_41xxx.o(.text)
    ETH_IRQHandler                           0x08004af3   Thumb Code     0  startup_stm32f40_41xxx.o(.text)
    ETH_WKUP_IRQHandler                      0x08004af3   Thumb Code     0  startup_stm32f40_41xxx.o(.text)
    EXTI15_10_IRQHandler                     0x08004af3   Thumb Code     0  startup_stm32f40_41xxx.o(.text)
    EXTI1_IRQHandler                         0x08004af3   Thumb Code     0  startup_stm32f40_41xxx.o(.text)
    EXTI2_IRQHandler                         0x08004af3   Thumb Code     0  startup_stm32f40_41xxx.o(.text)
    EXTI3_IRQHandler                         0x08004af3   Thumb Code     0  startup_stm32f40_41xxx.o(.text)
    EXTI4_IRQHandler                         0x08004af3   Thumb Code     0  startup_stm32f40_41xxx.o(.text)
    FLASH_IRQHandler                         0x08004af3   Thumb Code     0  startup_stm32f40_41xxx.o(.text)
    FPU_IRQHandler                           0x08004af3   Thumb Code     0  startup_stm32f40_41xxx.o(.text)
    FSMC_IRQHandler                          0x08004af3   Thumb Code     0  startup_stm32f40_41xxx.o(.text)
    HASH_RNG_IRQHandler                      0x08004af3   Thumb Code     0  startup_stm32f40_41xxx.o(.text)
    I2C1_ER_IRQHandler                       0x08004af3   Thumb Code     0  startup_stm32f40_41xxx.o(.text)
    I2C1_EV_IRQHandler                       0x08004af3   Thumb Code     0  startup_stm32f40_41xxx.o(.text)
    I2C2_ER_IRQHandler                       0x08004af3   Thumb Code     0  startup_stm32f40_41xxx.o(.text)
    I2C2_EV_IRQHandler                       0x08004af3   Thumb Code     0  startup_stm32f40_41xxx.o(.text)
    I2C3_ER_IRQHandler                       0x08004af3   Thumb Code     0  startup_stm32f40_41xxx.o(.text)
    I2C3_EV_IRQHandler                       0x08004af3   Thumb Code     0  startup_stm32f40_41xxx.o(.text)
    OTG_FS_IRQHandler                        0x08004af3   Thumb Code     0  startup_stm32f40_41xxx.o(.text)
    OTG_FS_WKUP_IRQHandler                   0x08004af3   Thumb Code     0  startup_stm32f40_41xxx.o(.text)
    OTG_HS_EP1_IN_IRQHandler                 0x08004af3   Thumb Code     0  startup_stm32f40_41xxx.o(.text)
    OTG_HS_EP1_OUT_IRQHandler                0x08004af3   Thumb Code     0  startup_stm32f40_41xxx.o(.text)
    OTG_HS_IRQHandler                        0x08004af3   Thumb Code     0  startup_stm32f40_41xxx.o(.text)
    OTG_HS_WKUP_IRQHandler                   0x08004af3   Thumb Code     0  startup_stm32f40_41xxx.o(.text)
    PVD_IRQHandler                           0x08004af3   Thumb Code     0  startup_stm32f40_41xxx.o(.text)
    RCC_IRQHandler                           0x08004af3   Thumb Code     0  startup_stm32f40_41xxx.o(.text)
    RTC_WKUP_IRQHandler                      0x08004af3   Thumb Code     0  startup_stm32f40_41xxx.o(.text)
    SDIO_IRQHandler                          0x08004af3   Thumb Code     0  startup_stm32f40_41xxx.o(.text)
    SPI1_IRQHandler                          0x08004af3   Thumb Code     0  startup_stm32f40_41xxx.o(.text)
    SPI2_IRQHandler                          0x08004af3   Thumb Code     0  startup_stm32f40_41xxx.o(.text)
    SPI3_IRQHandler                          0x08004af3   Thumb Code     0  startup_stm32f40_41xxx.o(.text)
    TAMP_STAMP_IRQHandler                    0x08004af3   Thumb Code     0  startup_stm32f40_41xxx.o(.text)
    TIM1_BRK_TIM9_IRQHandler                 0x08004af3   Thumb Code     0  startup_stm32f40_41xxx.o(.text)
    TIM1_CC_IRQHandler                       0x08004af3   Thumb Code     0  startup_stm32f40_41xxx.o(.text)
    TIM1_TRG_COM_TIM11_IRQHandler            0x08004af3   Thumb Code     0  startup_stm32f40_41xxx.o(.text)
    TIM1_UP_TIM10_IRQHandler                 0x08004af3   Thumb Code     0  startup_stm32f40_41xxx.o(.text)
    TIM2_IRQHandler                          0x08004af3   Thumb Code     0  startup_stm32f40_41xxx.o(.text)
    TIM5_IRQHandler                          0x08004af3   Thumb Code     0  startup_stm32f40_41xxx.o(.text)
    TIM6_DAC_IRQHandler                      0x08004af3   Thumb Code     0  startup_stm32f40_41xxx.o(.text)
    TIM7_IRQHandler                          0x08004af3   Thumb Code     0  startup_stm32f40_41xxx.o(.text)
    TIM8_BRK_TIM12_IRQHandler                0x08004af3   Thumb Code     0  startup_stm32f40_41xxx.o(.text)
    TIM8_CC_IRQHandler                       0x08004af3   Thumb Code     0  startup_stm32f40_41xxx.o(.text)
    TIM8_TRG_COM_TIM14_IRQHandler            0x08004af3   Thumb Code     0  startup_stm32f40_41xxx.o(.text)
    TIM8_UP_TIM13_IRQHandler                 0x08004af3   Thumb Code     0  startup_stm32f40_41xxx.o(.text)
    UART4_IRQHandler                         0x08004af3   Thumb Code     0  startup_stm32f40_41xxx.o(.text)
    UART5_IRQHandler                         0x08004af3   Thumb Code     0  startup_stm32f40_41xxx.o(.text)
    USART2_IRQHandler                        0x08004af3   Thumb Code     0  startup_stm32f40_41xxx.o(.text)
    USART3_IRQHandler                        0x08004af3   Thumb Code     0  startup_stm32f40_41xxx.o(.text)
    USART6_IRQHandler                        0x08004af3   Thumb Code     0  startup_stm32f40_41xxx.o(.text)
    WWDG_IRQHandler                          0x08004af3   Thumb Code     0  startup_stm32f40_41xxx.o(.text)
    CPU_IntDis                               0x08004afd   Thumb Code     0  cpu_a.o(.text)
    CPU_IntEn                                0x08004b01   Thumb Code     0  cpu_a.o(.text)
    CPU_SR_Save                              0x08004b05   Thumb Code     0  cpu_a.o(.text)
    CPU_SR_Restore                           0x08004b0d   Thumb Code     0  cpu_a.o(.text)
    CPU_WaitForInt                           0x08004b13   Thumb Code     0  cpu_a.o(.text)
    CPU_WaitForExcept                        0x08004b17   Thumb Code     0  cpu_a.o(.text)
    CPU_CntLeadZeros                         0x08004b1b   Thumb Code     0  cpu_a.o(.text)
    CPU_CntTrailZeros                        0x08004b21   Thumb Code     0  cpu_a.o(.text)
    CPU_RevBits                              0x08004b2b   Thumb Code     0  cpu_a.o(.text)
    CPU_NameClr                              0x08004b31   Thumb Code    26  cpu_core.o(.text)
    CPU_Init                                 0x08004b4b   Thumb Code    18  cpu_core.o(.text)
    CPU_SW_Exception                         0x08004b5d   Thumb Code     2  cpu_core.o(.text)
    CPU_NameGet                              0x08004b5f   Thumb Code    46  cpu_core.o(.text)
    CPU_NameSet                              0x08004b8d   Thumb Code    62  cpu_core.o(.text)
    CPU_TS_Get32                             0x08004bcb   Thumb Code     4  cpu_core.o(.text)
    CPU_TS_Update                            0x08004bcf   Thumb Code     2  cpu_core.o(.text)
    CPU_TS_TmrFreqGet                        0x08004bd1   Thumb Code    24  cpu_core.o(.text)
    CPU_TS_TmrFreqSet                        0x08004be9   Thumb Code     6  cpu_core.o(.text)
    CPU_CntLeadZeros08                       0x08004bef   Thumb Code    10  cpu_core.o(.text)
    CPU_CntLeadZeros16                       0x08004bf9   Thumb Code    10  cpu_core.o(.text)
    CPU_CntLeadZeros32                       0x08004c03   Thumb Code     4  cpu_core.o(.text)
    CPU_CntLeadZeros64                       0x08004c07   Thumb Code   156  cpu_core.o(.text)
    CPU_CntTrailZeros08                      0x08004ca3   Thumb Code    10  cpu_core.o(.text)
    CPU_CntTrailZeros16                      0x08004cad   Thumb Code    10  cpu_core.o(.text)
    CPU_CntTrailZeros32                      0x08004cb7   Thumb Code    10  cpu_core.o(.text)
    CPU_CntTrailZeros64                      0x08004cc1   Thumb Code    36  cpu_core.o(.text)
    OSIdleTaskHook                           0x08004cf1   Thumb Code    12  os_cpu_c.o(.text)
    OSInitHook                               0x08004cfd   Thumb Code    22  os_cpu_c.o(.text)
    OSStatTaskHook                           0x08004d13   Thumb Code    12  os_cpu_c.o(.text)
    OSTaskCreateHook                         0x08004d1f   Thumb Code    12  os_cpu_c.o(.text)
    OSTaskDelHook                            0x08004d2b   Thumb Code    12  os_cpu_c.o(.text)
    OSTaskReturnHook                         0x08004d37   Thumb Code    12  os_cpu_c.o(.text)
    OSTaskStkInit                            0x08004d43   Thumb Code    96  os_cpu_c.o(.text)
    OSTaskSwHook                             0x08004da3   Thumb Code    46  os_cpu_c.o(.text)
    OSTimeTickHook                           0x08004dd1   Thumb Code    12  os_cpu_c.o(.text)
    OS_CPU_SysTickHandler                    0x08004ddd   Thumb Code    30  os_cpu_c.o(.text)
    OS_CPU_SysTickInit                       0x08004dfb   Thumb Code    36  os_cpu_c.o(.text)
    OSCfg_Init                               0x08004e5d   Thumb Code     2  os_cfg_app.o(.text)
    OS_IdleTask                              0x08004e61   Thumb Code    30  os_core.o(.text)
    OS_IdleTaskInit                          0x08004e7f   Thumb Code    62  os_core.o(.text)
    OS_RdyListInit                           0x08004ebd   Thumb Code    30  os_core.o(.text)
    OSInit                                   0x08004edb   Thumb Code   254  os_core.o(.text)
    OSIntEnter                               0x08004fd9   Thumb Code    22  os_core.o(.text)
    OSIntExit                                0x08004fef   Thumb Code   100  os_core.o(.text)
    OSSched                                  0x08005053   Thumb Code    86  os_core.o(.text)
    OSSchedLock                              0x080050a9   Thumb Code    64  os_core.o(.text)
    OSSchedUnlock                            0x080050e9   Thumb Code    82  os_core.o(.text)
    OSSchedRoundRobinCfg                     0x0800513b   Thumb Code    60  os_core.o(.text)
    OS_RdyListMoveHeadToTail                 0x08005177   Thumb Code    52  os_core.o(.text)
    OSSchedRoundRobinYield                   0x080051ab   Thumb Code   114  os_core.o(.text)
    OSStart                                  0x0800521d   Thumb Code   202  os_core.o(.text)
    OSVersion                                0x080052e7   Thumb Code    10  os_core.o(.text)
    OS_PendDbgNameAdd                        0x080052f1   Thumb Code    46  os_core.o(.text)
    OS_PendListInsertPrio                    0x0800531f   Thumb Code    90  os_core.o(.text)
    OS_PendDataInit                          0x08005379   Thumb Code    38  os_core.o(.text)
    OS_RdyListRemove                         0x0800539f   Thumb Code    78  os_core.o(.text)
    OS_TaskBlock                             0x080053ed   Thumb Code    42  os_core.o(.text)
    OS_Pend                                  0x08005417   Thumb Code    72  os_core.o(.text)
    OS_PendListRemove1                       0x0800545f   Thumb Code    54  os_core.o(.text)
    OS_PendListRemove                        0x08005495   Thumb Code    38  os_core.o(.text)
    OS_PendAbort1                            0x080054bb   Thumb Code    32  os_core.o(.text)
    OS_RdyListInsertHead                     0x080054db   Thumb Code    52  os_core.o(.text)
    OS_RdyListInsertTail                     0x0800550f   Thumb Code    48  os_core.o(.text)
    OS_RdyListInsert                         0x0800553f   Thumb Code    38  os_core.o(.text)
    OS_TaskRdy                               0x08005565   Thumb Code    26  os_core.o(.text)
    OS_PendAbort                             0x0800557f   Thumb Code   128  os_core.o(.text)
    OS_PendDbgNameRemove                     0x080055ff   Thumb Code    22  os_core.o(.text)
    OS_PendListChangePrio                    0x08005615   Thumb Code    50  os_core.o(.text)
    OS_PendListInit                          0x08005647   Thumb Code    10  os_core.o(.text)
    OS_PendListInsertHead                    0x08005651   Thumb Code    32  os_core.o(.text)
    OS_PendObjDel1                           0x08005671   Thumb Code    32  os_core.o(.text)
    OS_PendObjDel                            0x08005691   Thumb Code   156  os_core.o(.text)
    OS_Post1                                 0x0800572d   Thumb Code    38  os_core.o(.text)
    OS_Post                                  0x08005753   Thumb Code   154  os_core.o(.text)
    OS_SchedRoundRobin                       0x080057ed   Thumb Code    80  os_core.o(.text)
    OS_Dbg_Init                              0x0800584d   Thumb Code     2  os_dbg.o(.text)
    OS_FlagDbgListAdd                        0x08005851   Thumb Code    26  os_flag.o(.text)
    OSFlagCreate                             0x0800586b   Thumb Code    86  os_flag.o(.text)
    OS_FlagClr                               0x080058c1   Thumb Code    18  os_flag.o(.text)
    OS_FlagDbgListRemove                     0x080058d3   Thumb Code    36  os_flag.o(.text)
    OSFlagDel                                0x080058f7   Thumb Code   222  os_flag.o(.text)
    OS_FlagBlock                             0x080059d5   Thumb Code    28  os_flag.o(.text)
    OSFlagPend                               0x080059f1   Thumb Code   534  os_flag.o(.text)
    OSFlagPendAbort                          0x08005c07   Thumb Code   212  os_flag.o(.text)
    OSFlagPendGetFlagsRdy                    0x08005cdb   Thumb Code    44  os_flag.o(.text)
    OS_FlagTaskRdy                           0x08005d07   Thumb Code    64  os_flag.o(.text)
    OS_FlagPost                              0x08005d47   Thumb Code   240  os_flag.o(.text)
    OSFlagPost                               0x08005e37   Thumb Code    82  os_flag.o(.text)
    OS_FlagInit                              0x08005e89   Thumb Code    14  os_flag.o(.text)
    OS_MemDbgListAdd                         0x08005ead   Thumb Code    22  os_mem.o(.text)
    OSMemCreate                              0x08005ec3   Thumb Code   158  os_mem.o(.text)
    OSMemGet                                 0x08005f61   Thumb Code    60  os_mem.o(.text)
    OSMemPut                                 0x08005f9d   Thumb Code    70  os_mem.o(.text)
    OS_MemInit                               0x08005fe3   Thumb Code    14  os_mem.o(.text)
    OS_MsgPoolInit                           0x08006001   Thumb Code    92  os_msg.o(.text)
    OS_MsgQFreeAll                           0x0800605d   Thumb Code    48  os_msg.o(.text)
    OS_MsgQInit                              0x0800608d   Thumb Code    14  os_msg.o(.text)
    OS_MsgQGet                               0x0800609b   Thumb Code    82  os_msg.o(.text)
    OS_MsgQPut                               0x080060ed   Thumb Code   132  os_msg.o(.text)
    OS_MutexDbgListAdd                       0x0800617d   Thumb Code    26  os_mutex.o(.text)
    OSMutexCreate                            0x08006197   Thumb Code    94  os_mutex.o(.text)
    OS_MutexClr                              0x080061f5   Thumb Code    30  os_mutex.o(.text)
    OS_MutexDbgListRemove                    0x08006213   Thumb Code    36  os_mutex.o(.text)
    OSMutexDel                               0x08006237   Thumb Code   304  os_mutex.o(.text)
    OSMutexPend                              0x08006367   Thumb Code   398  os_mutex.o(.text)
    OSMutexPendAbort                         0x080064f5   Thumb Code   212  os_mutex.o(.text)
    OSMutexPost                              0x080065c9   Thumb Code   272  os_mutex.o(.text)
    OS_MutexInit                             0x080066d9   Thumb Code    14  os_mutex.o(.text)
    OS_PrioInit                              0x08006701   Thumb Code    18  os_prio.o(.text)
    OS_PrioGetHighest                        0x08006713   Thumb Code    32  os_prio.o(.text)
    OS_PrioInsert                            0x08006733   Thumb Code    28  os_prio.o(.text)
    OS_PrioRemove                            0x0800674f   Thumb Code    28  os_prio.o(.text)
    OS_QDbgListAdd                           0x08006771   Thumb Code    26  os_q.o(.text)
    OSQCreate                                0x0800678b   Thumb Code   100  os_q.o(.text)
    OS_QClr                                  0x080067ef   Thumb Code    40  os_q.o(.text)
    OS_QDbgListRemove                        0x08006817   Thumb Code    36  os_q.o(.text)
    OSQDel                                   0x0800683b   Thumb Code   222  os_q.o(.text)
    OSQFlush                                 0x08006919   Thumb Code    76  os_q.o(.text)
    OSQPend                                  0x08006965   Thumb Code   316  os_q.o(.text)
    OSQPendAbort                             0x08006aa1   Thumb Code   170  os_q.o(.text)
    OS_QPost                                 0x08006b4b   Thumb Code   166  os_q.o(.text)
    OSQPost                                  0x08006bf1   Thumb Code   116  os_q.o(.text)
    OS_QInit                                 0x08006c65   Thumb Code    14  os_q.o(.text)
    OS_SemDbgListAdd                         0x08006c81   Thumb Code    26  os_sem.o(.text)
    OSSemCreate                              0x08006c9b   Thumb Code    86  os_sem.o(.text)
    OS_SemClr                                0x08006cf1   Thumb Code    20  os_sem.o(.text)
    OS_SemDbgListRemove                      0x08006d05   Thumb Code    36  os_sem.o(.text)
    OSSemDel                                 0x08006d29   Thumb Code   222  os_sem.o(.text)
    OSSemPend                                0x08006e07   Thumb Code   290  os_sem.o(.text)
    OSSemPendAbort                           0x08006f29   Thumb Code   170  os_sem.o(.text)
    OS_SemPost                               0x08006fd3   Thumb Code   132  os_sem.o(.text)
    OSSemPost                                0x08007057   Thumb Code   120  os_sem.o(.text)
    OSSemSet                                 0x080070cf   Thumb Code    78  os_sem.o(.text)
    OS_SemInit                               0x0800711d   Thumb Code    14  os_sem.o(.text)
    OSStatReset                              0x0800713d   Thumb Code   126  os_stat.o(.text)
    OSStatTaskCPUUsageInit                   0x080071bb   Thumb Code    98  os_stat.o(.text)
    OS_StatTask                              0x0800721d   Thumb Code   444  os_stat.o(.text)
    OS_StatTaskInit                          0x080073d9   Thumb Code   120  os_stat.o(.text)
    OSTaskChangePrio                         0x080074c5   Thumb Code   178  os_task.o(.text)
    OS_TaskDbgListAdd                        0x08007577   Thumb Code    30  os_task.o(.text)
    OS_TaskInitTCB                           0x08007595   Thumb Code   162  os_task.o(.text)
    OSTaskCreate                             0x08007637   Thumb Code   334  os_task.o(.text)
    OS_TaskDbgListRemove                     0x08007785   Thumb Code    52  os_task.o(.text)
    OSTaskDel                                0x080077b9   Thumb Code   192  os_task.o(.text)
    OSTaskQFlush                             0x08007879   Thumb Code   112  os_task.o(.text)
    OSTaskQPend                              0x080078e9   Thumb Code   306  os_task.o(.text)
    OSTaskQPendAbort                         0x08007a1b   Thumb Code   126  os_task.o(.text)
    OS_TaskQPost                             0x08007a99   Thumb Code   138  os_task.o(.text)
    OSTaskQPost                              0x08007b23   Thumb Code    66  os_task.o(.text)
    OSTaskRegGet                             0x08007b65   Thumb Code    42  os_task.o(.text)
    OSTaskRegGetID                           0x08007b8f   Thumb Code    42  os_task.o(.text)
    OSTaskRegSet                             0x08007bb9   Thumb Code    40  os_task.o(.text)
    OS_TaskResume                            0x08007be1   Thumb Code   168  os_task.o(.text)
    OSTaskResume                             0x08007c89   Thumb Code    60  os_task.o(.text)
    OSTaskSemPend                            0x08007cc5   Thumb Code   290  os_task.o(.text)
    OSTaskSemPendAbort                       0x08007de7   Thumb Code   130  os_task.o(.text)
    OS_TaskSemPost                           0x08007e69   Thumb Code   148  os_task.o(.text)
    OSTaskSemPost                            0x08007efd   Thumb Code    44  os_task.o(.text)
    OSTaskSemSet                             0x08007f29   Thumb Code    52  os_task.o(.text)
    OSTaskStkChk                             0x08007f5d   Thumb Code   136  os_task.o(.text)
    OS_TaskSuspend                           0x08007fe5   Thumb Code   144  os_task.o(.text)
    OSTaskSuspend                            0x08008075   Thumb Code    28  os_task.o(.text)
    OSTaskTimeQuantaSet                      0x08008091   Thumb Code    68  os_task.o(.text)
    OS_TaskInit                              0x080080d5   Thumb Code    52  os_task.o(.text)
    OS_TaskReturn                            0x08008109   Thumb Code    20  os_task.o(.text)
    OS_TickListRemove                        0x08008121   Thumb Code    54  os_tick.o(.text)
    OS_TickListUpdate                        0x08008157   Thumb Code   266  os_tick.o(.text)
    OS_TickTask                              0x08008261   Thumb Code    36  os_tick.o(.text)
    OS_TickListInit                          0x08008285   Thumb Code    34  os_tick.o(.text)
    OS_TickTaskInit                          0x080082a7   Thumb Code   114  os_tick.o(.text)
    OS_TickListInsert                        0x08008319   Thumb Code   202  os_tick.o(.text)
    OS_TickListResetPeak                     0x080083e3   Thumb Code    30  os_tick.o(.text)
    OSTimeDly                                0x08008441   Thumb Code   128  os_time.o(.text)
    OSTimeDlyHMSM                            0x080084c1   Thumb Code   268  os_time.o(.text)
    OSTimeDlyResume                          0x080085cd   Thumb Code   152  os_time.o(.text)
    OSTimeGet                                0x08008665   Thumb Code    24  os_time.o(.text)
    OSTimeSet                                0x0800867d   Thumb Code    24  os_time.o(.text)
    OSTimeTick                               0x08008695   Thumb Code    36  os_time.o(.text)
    ASCII_IsAlpha                            0x080086d9   Thumb Code    22  lib_ascii.o(.text)
    ASCII_IsAlphaNum                         0x080086ef   Thumb Code    28  lib_ascii.o(.text)
    ASCII_IsLower                            0x0800870b   Thumb Code    14  lib_ascii.o(.text)
    ASCII_IsUpper                            0x08008719   Thumb Code    14  lib_ascii.o(.text)
    ASCII_IsDig                              0x08008727   Thumb Code    14  lib_ascii.o(.text)
    ASCII_IsDigOct                           0x08008735   Thumb Code    14  lib_ascii.o(.text)
    ASCII_IsDigHex                           0x08008743   Thumb Code    28  lib_ascii.o(.text)
    ASCII_IsBlank                            0x0800875f   Thumb Code    16  lib_ascii.o(.text)
    ASCII_IsSpace                            0x0800876f   Thumb Code    32  lib_ascii.o(.text)
    ASCII_IsPrint                            0x0800878f   Thumb Code    14  lib_ascii.o(.text)
    ASCII_IsGraph                            0x0800879d   Thumb Code    14  lib_ascii.o(.text)
    ASCII_IsPunct                            0x080087ab   Thumb Code    58  lib_ascii.o(.text)
    ASCII_IsCtrl                             0x080087e5   Thumb Code    22  lib_ascii.o(.text)
    ASCII_ToLower                            0x080087fb   Thumb Code    14  lib_ascii.o(.text)
    ASCII_ToUpper                            0x08008809   Thumb Code    14  lib_ascii.o(.text)
    ASCII_Cmp                                0x08008817   Thumb Code    28  lib_ascii.o(.text)
    Mem_Init                                 0x08008835   Thumb Code    54  lib_mem.o(.text)
    Mem_Set                                  0x0800886b   Thumb Code    70  lib_mem.o(.text)
    Mem_Clr                                  0x080088b1   Thumb Code     6  lib_mem.o(.text)
    Mem_Move                                 0x080088b7   Thumb Code   132  lib_mem.o(.text)
    Mem_Cmp                                  0x0800893b   Thumb Code   128  lib_mem.o(.text)
    Mem_HeapAlloc                            0x08008a5b   Thumb Code   164  lib_mem.o(.text)
    Mem_SegGetSizeRem                        0x08008aff   Thumb Code   114  lib_mem.o(.text)
    Mem_HeapGetSizeRem                       0x08008b71   Thumb Code     8  lib_mem.o(.text)
    Mem_PoolClr                              0x08008b79   Thumb Code    68  lib_mem.o(.text)
    Mem_PoolCreate                           0x08008bbd   Thumb Code   722  lib_mem.o(.text)
    Mem_PoolBlkGetNbrAvail                   0x08008e8f   Thumb Code    64  lib_mem.o(.text)
    Mem_PoolBlkGet                           0x08008ecf   Thumb Code   126  lib_mem.o(.text)
    Mem_PoolBlkGetUsedAtIx                   0x08008f4d   Thumb Code   102  lib_mem.o(.text)
    Mem_PoolBlkFree                          0x08008ff9   Thumb Code   208  lib_mem.o(.text)
    Mem_PoolBlkIxGet                         0x080090c9   Thumb Code   186  lib_mem.o(.text)
    Mem_Copy                                 0x08009189   Thumb Code     0  lib_mem_a.o(.text)
    Str_Len_N                                0x080093a9   Thumb Code    22  lib_str.o(.text)
    Str_Len                                  0x080093bf   Thumb Code     6  lib_str.o(.text)
    Str_Copy_N                               0x080093c5   Thumb Code    48  lib_str.o(.text)
    Str_Copy                                 0x080093f5   Thumb Code     6  lib_str.o(.text)
    Str_Cat_N                                0x080093fb   Thumb Code    58  lib_str.o(.text)
    Str_Cat                                  0x08009435   Thumb Code     6  lib_str.o(.text)
    Str_Cmp_N                                0x0800943b   Thumb Code    86  lib_str.o(.text)
    Str_Cmp                                  0x08009491   Thumb Code     6  lib_str.o(.text)
    Str_CmpIgnoreCase_N                      0x08009497   Thumb Code   146  lib_str.o(.text)
    Str_CmpIgnoreCase                        0x08009529   Thumb Code     6  lib_str.o(.text)
    Str_Char_N                               0x0800952f   Thumb Code    46  lib_str.o(.text)
    Str_Char                                 0x0800955d   Thumb Code     8  lib_str.o(.text)
    Str_Char_Last_N                          0x08009565   Thumb Code    44  lib_str.o(.text)
    Str_Char_Last                            0x08009591   Thumb Code     8  lib_str.o(.text)
    Str_Char_Replace_N                       0x08009599   Thumb Code    42  lib_str.o(.text)
    Str_Char_Replace                         0x080095c3   Thumb Code     6  lib_str.o(.text)
    Str_Str_N                                0x080095c9   Thumb Code   120  lib_str.o(.text)
    Str_Str                                  0x08009641   Thumb Code     6  lib_str.o(.text)
    Str_FmtNbr_Int32U                        0x08009797   Thumb Code    24  lib_str.o(.text)
    Str_FmtNbr_Int32S                        0x080097af   Thumb Code    40  lib_str.o(.text)
    Str_ParseNbr_Int32U                      0x0800990b   Thumb Code    12  lib_str.o(.text)
    Str_ParseNbr_Int32S                      0x08009917   Thumb Code    42  lib_str.o(.text)
    __aeabi_uldivmod                         0x08009945   Thumb Code    98  uldiv.o(.text)
    __aeabi_memcpy                           0x080099a7   Thumb Code    36  memcpya.o(.text)
    __aeabi_memcpy4                          0x080099a7   Thumb Code     0  memcpya.o(.text)
    __aeabi_memcpy8                          0x080099a7   Thumb Code     0  memcpya.o(.text)
    __aeabi_memset                           0x080099cb   Thumb Code    14  memseta.o(.text)
    __aeabi_memset4                          0x080099cb   Thumb Code     0  memseta.o(.text)
    __aeabi_memset8                          0x080099cb   Thumb Code     0  memseta.o(.text)
    __aeabi_memclr                           0x080099d9   Thumb Code     4  memseta.o(.text)
    __aeabi_memclr4                          0x080099d9   Thumb Code     0  memseta.o(.text)
    __aeabi_memclr8                          0x080099d9   Thumb Code     0  memseta.o(.text)
    _memset$wrapper                          0x080099dd   Thumb Code    18  memseta.o(.text)
    strcat                                   0x080099ef   Thumb Code    24  strcat.o(.text)
    strlen                                   0x08009a07   Thumb Code    14  strlen.o(.text)
    memcmp                                   0x08009a15   Thumb Code    26  memcmp.o(.text)
    __aeabi_dadd                             0x08009a2f   Thumb Code   322  dadd.o(.text)
    __aeabi_dsub                             0x08009b71   Thumb Code     6  dadd.o(.text)
    __aeabi_drsub                            0x08009b77   Thumb Code     6  dadd.o(.text)
    __aeabi_dmul                             0x08009b7d   Thumb Code   228  dmul.o(.text)
    __aeabi_ddiv                             0x08009c61   Thumb Code   222  ddiv.o(.text)
    __ARM_scalbn                             0x08009d3f   Thumb Code    46  dscalb.o(.text)
    scalbn                                   0x08009d3f   Thumb Code     0  dscalb.o(.text)
    __aeabi_ui2d                             0x08009d6d   Thumb Code    26  dfltui.o(.text)
    __aeabi_cdcmpeq                          0x08009d89   Thumb Code     0  cdcmple.o(.text)
    __aeabi_cdcmple                          0x08009d89   Thumb Code    38  cdcmple.o(.text)
    __aeabi_cdrcmple                         0x08009db1   Thumb Code    38  cdrcmple.o(.text)
    __aeabi_uidiv                            0x08009dd9   Thumb Code     0  uidiv.o(.text)
    __aeabi_uidivmod                         0x08009dd9   Thumb Code    44  uidiv.o(.text)
    __aeabi_llsl                             0x08009e05   Thumb Code    30  llshl.o(.text)
    _ll_shift_l                              0x08009e05   Thumb Code     0  llshl.o(.text)
    __aeabi_llsr                             0x08009e23   Thumb Code    32  llushr.o(.text)
    _ll_ushift_r                             0x08009e23   Thumb Code     0  llushr.o(.text)
    __aeabi_lasr                             0x08009e43   Thumb Code    36  llsshr.o(.text)
    _ll_sshift_r                             0x08009e43   Thumb Code     0  llsshr.o(.text)
    __I$use$fp                               0x08009e67   Thumb Code     0  iusefp.o(.text)
    _double_round                            0x08009e67   Thumb Code    26  depilogue.o(.text)
    _double_epilogue                         0x08009e81   Thumb Code   164  depilogue.o(.text)
    _dsqrt                                   0x08009f25   Thumb Code   162  dsqrt.o(.text)
    __aeabi_i2d                              0x08009fc7   Thumb Code    34  dflti.o(.text)
    __aeabi_d2ulz                            0x08009fe9   Thumb Code    48  dfixul.o(.text)
    __scatterload                            0x0800a019   Thumb Code    28  init.o(.text)
    __scatterload_rt2                        0x0800a019   Thumb Code     0  init.o(.text)
    __decompress                             0x0800a03d   Thumb Code     0  __dczerorl2.o(.text)
    __decompress1                            0x0800a03d   Thumb Code    92  __dczerorl2.o(.text)
    OSStartHighRdy                           0x0800a099   Thumb Code     0  os_cpu_a.o(CODE)
    OSCtxSw                                  0x0800a0bb   Thumb Code     0  os_cpu_a.o(CODE)
    OSIntCtxSw                               0x0800a0c5   Thumb Code     0  os_cpu_a.o(CODE)
    OS_CPU_PendSVHandler                     0x0800a0cf   Thumb Code     0  os_cpu_a.o(CODE)
    __0printf                                0x0800a131   Thumb Code    22  printfa.o(i.__0printf)
    __1printf                                0x0800a131   Thumb Code     0  printfa.o(i.__0printf)
    __2printf                                0x0800a131   Thumb Code     0  printfa.o(i.__0printf)
    __c89printf                              0x0800a131   Thumb Code     0  printfa.o(i.__0printf)
    printf                                   0x0800a131   Thumb Code     0  printfa.o(i.__0printf)
    __0sprintf                               0x0800a151   Thumb Code    34  printfa.o(i.__0sprintf)
    __1sprintf                               0x0800a151   Thumb Code     0  printfa.o(i.__0sprintf)
    __2sprintf                               0x0800a151   Thumb Code     0  printfa.o(i.__0sprintf)
    __c89sprintf                             0x0800a151   Thumb Code     0  printfa.o(i.__0sprintf)
    sprintf                                  0x0800a151   Thumb Code     0  printfa.o(i.__0sprintf)
    __kernel_poly                            0x0800a179   Thumb Code   170  poly.o(i.__kernel_poly)
    __scatterload_copy                       0x0800a223   Thumb Code    14  handlers.o(i.__scatterload_copy)
    __scatterload_null                       0x0800a231   Thumb Code     2  handlers.o(i.__scatterload_null)
    __scatterload_zeroinit                   0x0800a233   Thumb Code    14  handlers.o(i.__scatterload_zeroinit)
    __set_errno                              0x0800a241   Thumb Code     6  errno.o(i.__set_errno)
    free                                     0x0800aaf9   Thumb Code    76  malloc.o(i.free)
    log                                      0x0800ab49   Thumb Code   822  log.o(i.log)
    malloc                                   0x0800aeb9   Thumb Code    92  malloc.o(i.malloc)
    sqrt                                     0x0800af25   Thumb Code    76  sqrt.o(i.sqrt)
    szEndInfo                                0x0800af70   Data           3  appmain.o(.constdata)
    szDeviceInfo                             0x0800af73   Data           4  appmain.o(.constdata)
    szDeviceName                             0x0800af77   Data           6  appmain.o(.constdata)
    szInfo1                                  0x0800af7d   Data           7  appmain.o(.constdata)
    szErrorInfo1                             0x0800af84   Data          11  appmain.o(.constdata)
    szErrorInfo2                             0x0800af8f   Data          14  appmain.o(.constdata)
    szInfo2                                  0x0800af9d   Data           9  appmain.o(.constdata)
    szInqueryCmd                             0x0800afa6   Data          10  appmain.o(.constdata)
    OSCfg_IdleTaskStkBasePtr                 0x0800b128   Data           4  os_cfg_app.o(.constdata)
    OSCfg_IdleTaskStkLimit                   0x0800b12c   Data           4  os_cfg_app.o(.constdata)
    OSCfg_IdleTaskStkSize                    0x0800b130   Data           4  os_cfg_app.o(.constdata)
    OSCfg_ISRStkBasePtr                      0x0800b134   Data           4  os_cfg_app.o(.constdata)
    OSCfg_ISRStkSize                         0x0800b138   Data           4  os_cfg_app.o(.constdata)
    OSCfg_MsgPoolSize                        0x0800b13c   Data           2  os_cfg_app.o(.constdata)
    OSCfg_MsgPoolBasePtr                     0x0800b140   Data           4  os_cfg_app.o(.constdata)
    OSCfg_StatTaskPrio                       0x0800b144   Data           1  os_cfg_app.o(.constdata)
    OSCfg_StatTaskRate_Hz                    0x0800b148   Data           4  os_cfg_app.o(.constdata)
    OSCfg_StatTaskStkBasePtr                 0x0800b14c   Data           4  os_cfg_app.o(.constdata)
    OSCfg_StatTaskStkLimit                   0x0800b150   Data           4  os_cfg_app.o(.constdata)
    OSCfg_StatTaskStkSize                    0x0800b154   Data           4  os_cfg_app.o(.constdata)
    OSCfg_StkSizeMin                         0x0800b158   Data           4  os_cfg_app.o(.constdata)
    OSCfg_TickRate_Hz                        0x0800b15c   Data           4  os_cfg_app.o(.constdata)
    OSCfg_TickTaskPrio                       0x0800b160   Data           1  os_cfg_app.o(.constdata)
    OSCfg_TickTaskStkBasePtr                 0x0800b164   Data           4  os_cfg_app.o(.constdata)
    OSCfg_TickTaskStkLimit                   0x0800b168   Data           4  os_cfg_app.o(.constdata)
    OSCfg_TickTaskStkSize                    0x0800b16c   Data           4  os_cfg_app.o(.constdata)
    OSCfg_TickWheelSize                      0x0800b170   Data           2  os_cfg_app.o(.constdata)
    __mathlib_zero                           0x0800b240   Data           8  qnan.o(.constdata)
    Region$$Table$$Base                      0x0800b248   Number         0  anon$$obj.o(Region$$Table)
    Region$$Table$$Limit                     0x0800b268   Number         0  anon$$obj.o(Region$$Table)
    pUart3QueueInfo                          0x20000000   Data           4  app.o(.data)
    PulseNUM                                 0x20000004   Data           1  freqmeasurement.o(.data)
    rainnumber                               0x20000008   Data           4  rain.o(.data)
    preData                                  0x2000000c   Data           1  usart_serial.o(.data)
    finishflag                               0x2000000d   Data           1  usart_serial.o(.data)
    szInquery1Cmd                            0x20000014   Data          16  appmain.o(.data)
    szConfigureInfo1                         0x20000024   Data          32  appmain.o(.data)
    szConfigureInfo2                         0x20000044   Data          30  appmain.o(.data)
    szCmd1                                   0x20000062   Data          20  appmain.o(.data)
    szCmd2                                   0x20000076   Data          18  appmain.o(.data)
    szCmd3                                   0x20000088   Data          23  appmain.o(.data)
    szResponse                               0x2000009f   Data          20  appmain.o(.data)
    measureflag                              0x200000b8   Data           1  stm32f4xx_it.o(.data)
    PulseNumFlag                             0x200000b9   Data           1  stm32f4xx_it.o(.data)
    CountTimes                               0x200000bc   Data           4  stm32f4xx_it.o(.data)
    OnFreq                                   0x200000c0   Data           8  stm32f4xx_it.o(.data)
    SystemCoreClock                          0x200000d8   Data           4  system_stm32f4xx.o(.data)
    AHBPrescTable                            0x200000dc   Data          16  system_stm32f4xx.o(.data)
    CPU_TS_TmrFreq_Hz                        0x200000ec   Data           4  cpu_core.o(.data)
    OS_CPU_ExceptStkBase                     0x200000f0   Data           4  os_cpu_c.o(.data)
    OSPrioTbl                                0x200000f4   Data           8  os_prio.o(.data)
    OS_AppTaskCreateHookPtr                  0x200000fc   Data           4  os_var.o(.data)
    OS_AppTaskDelHookPtr                     0x20000100   Data           4  os_var.o(.data)
    OS_AppTaskReturnHookPtr                  0x20000104   Data           4  os_var.o(.data)
    OS_AppIdleTaskHookPtr                    0x20000108   Data           4  os_var.o(.data)
    OS_AppStatTaskHookPtr                    0x2000010c   Data           4  os_var.o(.data)
    OS_AppTaskSwHookPtr                      0x20000110   Data           4  os_var.o(.data)
    OS_AppTimeTickHookPtr                    0x20000114   Data           4  os_var.o(.data)
    OSIdleTaskCtr                            0x20000118   Data           4  os_var.o(.data)
    OSIntNestingCtr                          0x2000011c   Data           1  os_var.o(.data)
    OSRunning                                0x2000011d   Data           1  os_var.o(.data)
    OSFlagDbgListPtr                         0x20000120   Data           4  os_var.o(.data)
    OSFlagQty                                0x20000124   Data           2  os_var.o(.data)
    OSMemDbgListPtr                          0x20000128   Data           4  os_var.o(.data)
    OSMemQty                                 0x2000012c   Data           2  os_var.o(.data)
    OSMutexDbgListPtr                        0x20000130   Data           4  os_var.o(.data)
    OSMutexQty                               0x20000134   Data           2  os_var.o(.data)
    OSPrioCur                                0x20000136   Data           1  os_var.o(.data)
    OSPrioHighRdy                            0x20000137   Data           1  os_var.o(.data)
    OSPrioSaved                              0x20000138   Data           1  os_var.o(.data)
    OSQDbgListPtr                            0x2000013c   Data           4  os_var.o(.data)
    OSQQty                                   0x20000140   Data           2  os_var.o(.data)
    OSSchedLockNestingCtr                    0x20000142   Data           1  os_var.o(.data)
    OSSchedRoundRobinDfltTimeQuanta          0x20000144   Data           4  os_var.o(.data)
    OSSchedRoundRobinEn                      0x20000148   Data           1  os_var.o(.data)
    OSSemDbgListPtr                          0x2000014c   Data           4  os_var.o(.data)
    OSSemQty                                 0x20000150   Data           2  os_var.o(.data)
    OSStatResetFlag                          0x20000152   Data           1  os_var.o(.data)
    OSStatTaskCPUUsage                       0x20000154   Data           2  os_var.o(.data)
    OSStatTaskCPUUsageMax                    0x20000156   Data           2  os_var.o(.data)
    OSStatTaskCtr                            0x20000158   Data           4  os_var.o(.data)
    OSStatTaskCtrMax                         0x2000015c   Data           4  os_var.o(.data)
    OSStatTaskCtrRun                         0x20000160   Data           4  os_var.o(.data)
    OSStatTaskRdy                            0x20000164   Data           1  os_var.o(.data)
    OSStatTaskTimeMax                        0x20000168   Data           4  os_var.o(.data)
    OSTaskCtxSwCtr                           0x2000016c   Data           4  os_var.o(.data)
    OSTaskDbgListPtr                         0x20000170   Data           4  os_var.o(.data)
    OSTaskQty                                0x20000174   Data           2  os_var.o(.data)
    OSTaskRegNextAvailID                     0x20000176   Data           1  os_var.o(.data)
    OSTickCtr                                0x20000178   Data           4  os_var.o(.data)
    OSTickTaskTimeMax                        0x2000017c   Data           4  os_var.o(.data)
    OSTCBCurPtr                              0x20000180   Data           4  os_var.o(.data)
    OSTCBHighRdyPtr                          0x20000184   Data           4  os_var.o(.data)
    Mem_PoolTbl                              0x20000188   Data           4  lib_mem.o(.data)
    __stdout                                 0x2000018c   Data           4  stdout.o(.data)
    __microlib_freelist                      0x20000190   Data           4  mvars.o(.data)
    __microlib_freelist_initialised          0x20000194   Data           4  mvars.o(.data)
    rain                                     0x200073dc   Data        6144  rain.o(.bss)
    CPU_Name                                 0x20008bdc   Data          16  cpu_core.o(.bss)
    OSCfg_IdleTaskStk                        0x20008bec   Data         512  os_cfg_app.o(.bss)
    OSCfg_ISRStk                             0x20008dec   Data        1024  os_cfg_app.o(.bss)
    OSCfg_MsgPool                            0x200091ec   Data        1600  os_cfg_app.o(.bss)
    OSCfg_StatTaskStk                        0x2000982c   Data         512  os_cfg_app.o(.bss)
    OSCfg_TickTaskStk                        0x20009a2c   Data         512  os_cfg_app.o(.bss)
    OSCfg_TickWheel                          0x20009c2c   Data         128  os_cfg_app.o(.bss)
    OSIdleTaskTCB                            0x20009cac   Data         192  os_var.o(.bss)
    OSMsgPool                                0x20009d6c   Data          12  os_var.o(.bss)
    OSRdyList                                0x20009d78   Data         768  os_var.o(.bss)
    OSStatTaskTCB                            0x2000a078   Data         192  os_var.o(.bss)
    OSTickTaskTCB                            0x2000a138   Data         192  os_var.o(.bss)
    Mem_PoolHeap                             0x2000a1f8   Data          72  lib_mem.o(.bss)
    Mem_Heap                                 0x2000a240   Data       23552  lib_mem.o(.bss)
    __heap_base                              0x2000fe40   Data           0  startup_stm32f40_41xxx.o(HEAP)
    __heap_limit                             0x20017e40   Data           0  startup_stm32f40_41xxx.o(HEAP)
    __initial_sp                             0x2001fe40   Data           0  startup_stm32f40_41xxx.o(STACK)



==============================================================================

Memory Map of the image

  Image Entry point : 0x08000189

  Load Region LR_IROM1 (Base: 0x08000000, Size: 0x0000b404, Max: 0x00100000, ABSOLUTE, COMPRESSED[0x0000b2d8])

    Execution Region ER_IROM1 (Base: 0x08000000, Size: 0x0000b268, Max: 0x00100000, ABSOLUTE)

    Base Addr    Size         Type   Attr      Idx    E Section Name        Object

    0x08000000   0x00000188   Data   RO         1017    RESET               startup_stm32f40_41xxx.o
    0x08000188   0x00000000   Code   RO         1500  * .ARM.Collect$$$$00000000  mc_w.l(entry.o)
    0x08000188   0x00000004   Code   RO         1823    .ARM.Collect$$$$00000001  mc_w.l(entry2.o)
    0x0800018c   0x00000004   Code   RO         1826    .ARM.Collect$$$$00000004  mc_w.l(entry5.o)
    0x08000190   0x00000000   Code   RO         1828    .ARM.Collect$$$$00000008  mc_w.l(entry7b.o)
    0x08000190   0x00000000   Code   RO         1830    .ARM.Collect$$$$0000000A  mc_w.l(entry8b.o)
    0x08000190   0x00000008   Code   RO         1831    .ARM.Collect$$$$0000000B  mc_w.l(entry9a.o)
    0x08000198   0x00000000   Code   RO         1833    .ARM.Collect$$$$0000000D  mc_w.l(entry10a.o)
    0x08000198   0x00000000   Code   RO         1835    .ARM.Collect$$$$0000000F  mc_w.l(entry11a.o)
    0x08000198   0x00000004   Code   RO         1824    .ARM.Collect$$$$00002712  mc_w.l(entry2.o)
    0x0800019c   0x000000b0   Code   RO            3    .text               bsp.o
    0x0800024c   0x00000064   Code   RO          215    .text               main.o
    0x080002b0   0x00000170   Code   RO          252    .text               app.o
    0x08000420   0x00000650   Code   RO          277    .text               freqmeasurement.o
    0x08000a70   0x000000d8   Code   RO          300    .text               rain.o
    0x08000b48   0x00000378   Code   RO          324    .text               temperature.o
    0x08000ec0   0x0000009c   Code   RO          345    .text               tools.o
    0x08000f5c   0x00000082   Code   RO          391    .text               protocol.o
    0x08000fde   0x00000002   PAD
    0x08000fe0   0x00000158   Code   RO          411    .text               usart_serial.o
    0x08001138   0x000006c0   Code   RO          439    .text               appmain.o
    0x080017f8   0x00000104   Code   RO          464    .text               bsp_init.o
    0x080018fc   0x0000024c   Code   RO          484    .text               bsp_usart.o
    0x08001b48   0x00000394   Code   RO          529    .text               bsp_rtc.o
    0x08001edc   0x00000154   Code   RO          549    .text               bsp_io_control.o
    0x08002030   0x000000d8   Code   RO          569    .text               bsp_adc.o
    0x08002108   0x00000148   Code   RO          609    .text               stm32f4xx_it.o
    0x08002250   0x000000b0   Code   RO          686    .text               misc.o
    0x08002300   0x00000040   Code   RO          706    .text               stm32f4xx_crc.o
    0x08002340   0x000000e8   Code   RO          726    .text               stm32f4xx_exti.o
    0x08002428   0x000001ec   Code   RO          746    .text               stm32f4xx_gpio.o
    0x08002614   0x000003d4   Code   RO          766    .text               stm32f4xx_rcc.o
    0x080029e8   0x0000006c   Code   RO          788    .text               stm32f4xx_syscfg.o
    0x08002a54   0x00000344   Code   RO          808    .text               stm32f4xx_usart.o
    0x08002d98   0x000009dc   Code   RO          828    .text               stm32f4xx_tim.o
    0x08003774   0x000002f0   Code   RO          849    .text               stm32f4xx_spi.o
    0x08003a64   0x00000a24   Code   RO          869    .text               stm32f4xx_rtc.o
    0x08004488   0x000000d0   Code   RO          890    .text               stm32f4xx_pwr.o
    0x08004558   0x00000080   Code   RO          910    .text               stm32f4xx_wwdg.o
    0x080045d8   0x0000003c   Code   RO          930    .text               stm32f4xx_iwdg.o
    0x08004614   0x00000354   Code   RO          950    .text               stm32f4xx_adc.o
    0x08004968   0x00000170   Code   RO          991    .text               system_stm32f4xx.o
    0x08004ad8   0x00000024   Code   RO         1018    .text               startup_stm32f40_41xxx.o
    0x08004afc   0x00000034   Code   RO         1022    .text               cpu_a.o
    0x08004b30   0x000001c0   Code   RO         1037    .text               cpu_core.o
    0x08004cf0   0x0000016c   Code   RO         1061    .text               os_cpu_c.o
    0x08004e5c   0x00000002   Code   RO         1079    .text               os_cfg_app.o
    0x08004e5e   0x00000002   PAD
    0x08004e60   0x000009ec   Code   RO         1147    .text               os_core.o
    0x0800584c   0x00000002   Code   RO         1160    .text               os_dbg.o
    0x0800584e   0x00000002   PAD
    0x08005850   0x0000065c   Code   RO         1180    .text               os_flag.o
    0x08005eac   0x00000154   Code   RO         1199    .text               os_mem.o
    0x08006000   0x0000017c   Code   RO         1211    .text               os_msg.o
    0x0800617c   0x00000584   Code   RO         1223    .text               os_mutex.o
    0x08006700   0x00000070   Code   RO         1248    .text               os_prio.o
    0x08006770   0x00000510   Code   RO         1267    .text               os_q.o
    0x08006c80   0x000004bc   Code   RO         1280    .text               os_sem.o
    0x0800713c   0x00000388   Code   RO         1293    .text               os_stat.o
    0x080074c4   0x00000c5c   Code   RO         1305    .text               os_task.o
    0x08008120   0x00000320   Code   RO         1317    .text               os_tick.o
    0x08008440   0x00000298   Code   RO         1330    .text               os_time.o
    0x080086d8   0x0000015a   Code   RO         1407    .text               lib_ascii.o
    0x08008832   0x00000002   PAD
    0x08008834   0x00000954   Code   RO         1442    .text               lib_mem.o
    0x08009188   0x00000220   Code   RO         1461    .text               lib_mem_a.o
    0x080093a8   0x0000059c   Code   RO         1464    .text               lib_str.o
    0x08009944   0x00000062   Code   RO         1503    .text               mc_w.l(uldiv.o)
    0x080099a6   0x00000024   Code   RO         1505    .text               mc_w.l(memcpya.o)
    0x080099ca   0x00000024   Code   RO         1507    .text               mc_w.l(memseta.o)
    0x080099ee   0x00000018   Code   RO         1509    .text               mc_w.l(strcat.o)
    0x08009a06   0x0000000e   Code   RO         1511    .text               mc_w.l(strlen.o)
    0x08009a14   0x0000001a   Code   RO         1513    .text               mc_w.l(memcmp.o)
    0x08009a2e   0x0000014e   Code   RO         1806    .text               mf_w.l(dadd.o)
    0x08009b7c   0x000000e4   Code   RO         1808    .text               mf_w.l(dmul.o)
    0x08009c60   0x000000de   Code   RO         1810    .text               mf_w.l(ddiv.o)
    0x08009d3e   0x0000002e   Code   RO         1812    .text               mf_w.l(dscalb.o)
    0x08009d6c   0x0000001a   Code   RO         1814    .text               mf_w.l(dfltui.o)
    0x08009d86   0x00000002   PAD
    0x08009d88   0x00000028   Code   RO         1816    .text               mf_w.l(cdcmple.o)
    0x08009db0   0x00000028   Code   RO         1818    .text               mf_w.l(cdrcmple.o)
    0x08009dd8   0x0000002c   Code   RO         1838    .text               mc_w.l(uidiv.o)
    0x08009e04   0x0000001e   Code   RO         1840    .text               mc_w.l(llshl.o)
    0x08009e22   0x00000020   Code   RO         1842    .text               mc_w.l(llushr.o)
    0x08009e42   0x00000024   Code   RO         1844    .text               mc_w.l(llsshr.o)
    0x08009e66   0x00000000   Code   RO         1855    .text               mc_w.l(iusefp.o)
    0x08009e66   0x000000be   Code   RO         1856    .text               mf_w.l(depilogue.o)
    0x08009f24   0x000000a2   Code   RO         1858    .text               mf_w.l(dsqrt.o)
    0x08009fc6   0x00000022   Code   RO         1860    .text               mf_w.l(dflti.o)
    0x08009fe8   0x00000030   Code   RO         1862    .text               mf_w.l(dfixul.o)
    0x0800a018   0x00000024   Code   RO         1864    .text               mc_w.l(init.o)
    0x0800a03c   0x0000005c   Code   RO         1874    .text               mc_w.l(__dczerorl2.o)
    0x0800a098   0x00000098   Code   RO         1058    CODE                os_cpu_a.o
    0x0800a130   0x00000020   Code   RO         1750    i.__0printf         mc_w.l(printfa.o)
    0x0800a150   0x00000028   Code   RO         1752    i.__0sprintf        mc_w.l(printfa.o)
    0x0800a178   0x000000aa   Code   RO         1820    i.__kernel_poly     m_ws.l(poly.o)
    0x0800a222   0x0000000e   Code   RO         1868    i.__scatterload_copy  mc_w.l(handlers.o)
    0x0800a230   0x00000002   Code   RO         1869    i.__scatterload_null  mc_w.l(handlers.o)
    0x0800a232   0x0000000e   Code   RO         1870    i.__scatterload_zeroinit  mc_w.l(handlers.o)
    0x0800a240   0x0000000c   Code   RO         1850    i.__set_errno       mc_w.l(errno.o)
    0x0800a24c   0x0000015c   Code   RO         1757    i._fp_digits        mc_w.l(printfa.o)
    0x0800a3a8   0x000006f0   Code   RO         1758    i._printf_core      mc_w.l(printfa.o)
    0x0800aa98   0x00000026   Code   RO         1759    i._printf_post_padding  mc_w.l(printfa.o)
    0x0800aabe   0x00000030   Code   RO         1760    i._printf_pre_padding  mc_w.l(printfa.o)
    0x0800aaee   0x0000000a   Code   RO         1762    i._sputc            mc_w.l(printfa.o)
    0x0800aaf8   0x00000050   Code   RO         1778    i.free              mc_w.l(malloc.o)
    0x0800ab48   0x00000370   Code   RO         1483    i.log               m_ws.l(log.o)
    0x0800aeb8   0x0000006c   Code   RO         1779    i.malloc            mc_w.l(malloc.o)
    0x0800af24   0x0000004c   Code   RO         1493    i.sqrt              m_ws.l(sqrt.o)
    0x0800af70   0x000000b5   Data   RO          440    .constdata          appmain.o
    0x0800b025   0x00000100   Data   RO         1039    .constdata          cpu_core.o
    0x0800b125   0x00000003   PAD
    0x0800b128   0x00000004   Data   RO         1086    .constdata          os_cfg_app.o
    0x0800b12c   0x00000004   Data   RO         1087    .constdata          os_cfg_app.o
    0x0800b130   0x00000004   Data   RO         1088    .constdata          os_cfg_app.o
    0x0800b134   0x00000004   Data   RO         1097    .constdata          os_cfg_app.o
    0x0800b138   0x00000004   Data   RO         1098    .constdata          os_cfg_app.o
    0x0800b13c   0x00000002   Data   RO         1100    .constdata          os_cfg_app.o
    0x0800b13e   0x00000002   PAD
    0x0800b140   0x00000004   Data   RO         1102    .constdata          os_cfg_app.o
    0x0800b144   0x00000001   Data   RO         1103    .constdata          os_cfg_app.o
    0x0800b145   0x00000003   PAD
    0x0800b148   0x00000004   Data   RO         1104    .constdata          os_cfg_app.o
    0x0800b14c   0x00000004   Data   RO         1105    .constdata          os_cfg_app.o
    0x0800b150   0x00000004   Data   RO         1106    .constdata          os_cfg_app.o
    0x0800b154   0x00000004   Data   RO         1107    .constdata          os_cfg_app.o
    0x0800b158   0x00000004   Data   RO         1109    .constdata          os_cfg_app.o
    0x0800b15c   0x00000004   Data   RO         1110    .constdata          os_cfg_app.o
    0x0800b160   0x00000001   Data   RO         1111    .constdata          os_cfg_app.o
    0x0800b161   0x00000003   PAD
    0x0800b164   0x00000004   Data   RO         1112    .constdata          os_cfg_app.o
    0x0800b168   0x00000004   Data   RO         1113    .constdata          os_cfg_app.o
    0x0800b16c   0x00000004   Data   RO         1114    .constdata          os_cfg_app.o
    0x0800b170   0x00000002   Data   RO         1116    .constdata          os_cfg_app.o
    0x0800b172   0x00000002   PAD
    0x0800b174   0x00000094   Data   RO         1465    .constdata          lib_str.o
    0x0800b208   0x00000038   Data   RO         1484    .constdata          m_ws.l(log.o)
    0x0800b240   0x00000008   Data   RO         1822    .constdata          m_ws.l(qnan.o)
    0x0800b248   0x00000020   Data   RO         1866    Region$$Table       anon$$obj.o


    Execution Region RW_IRAM1 (Base: 0x20000000, Size: 0x0001fe40, Max: 0x00020000, ABSOLUTE, COMPRESSED[0x00000070])

    Base Addr    Size         Type   Attr      Idx    E Section Name        Object

    0x20000000   0x00000004   Data   RW          254    .data               app.o
    0x20000004   0x00000001   Data   RW          278    .data               freqmeasurement.o
    0x20000005   0x00000003   PAD
    0x20000008   0x00000004   Data   RW          302    .data               rain.o
    0x2000000c   0x00000008   Data   RW          412    .data               usart_serial.o
    0x20000014   0x0000009f   Data   RW          441    .data               appmain.o
    0x200000b3   0x00000005   PAD
    0x200000b8   0x00000010   Data   RW          612    .data               stm32f4xx_it.o
    0x200000c8   0x00000010   Data   RW          767    .data               stm32f4xx_rcc.o
    0x200000d8   0x00000014   Data   RW          992    .data               system_stm32f4xx.o
    0x200000ec   0x00000004   Data   RW         1040    .data               cpu_core.o
    0x200000f0   0x00000004   Data   RW         1062    .data               os_cpu_c.o
    0x200000f4   0x00000008   Data   RW         1249    .data               os_prio.o
    0x200000fc   0x00000004   Data   RW         1353    .data               os_var.o
    0x20000100   0x00000004   Data   RW         1354    .data               os_var.o
    0x20000104   0x00000004   Data   RW         1355    .data               os_var.o
    0x20000108   0x00000004   Data   RW         1356    .data               os_var.o
    0x2000010c   0x00000004   Data   RW         1357    .data               os_var.o
    0x20000110   0x00000004   Data   RW         1358    .data               os_var.o
    0x20000114   0x00000004   Data   RW         1359    .data               os_var.o
    0x20000118   0x00000004   Data   RW         1360    .data               os_var.o
    0x2000011c   0x00000001   Data   RW         1361    .data               os_var.o
    0x2000011d   0x00000001   Data   RW         1362    .data               os_var.o
    0x2000011e   0x00000002   PAD
    0x20000120   0x00000004   Data   RW         1363    .data               os_var.o
    0x20000124   0x00000002   Data   RW         1364    .data               os_var.o
    0x20000126   0x00000002   PAD
    0x20000128   0x00000004   Data   RW         1365    .data               os_var.o
    0x2000012c   0x00000002   Data   RW         1366    .data               os_var.o
    0x2000012e   0x00000002   PAD
    0x20000130   0x00000004   Data   RW         1367    .data               os_var.o
    0x20000134   0x00000002   Data   RW         1368    .data               os_var.o
    0x20000136   0x00000001   Data   RW         1369    .data               os_var.o
    0x20000137   0x00000001   Data   RW         1370    .data               os_var.o
    0x20000138   0x00000001   Data   RW         1371    .data               os_var.o
    0x20000139   0x00000003   PAD
    0x2000013c   0x00000004   Data   RW         1372    .data               os_var.o
    0x20000140   0x00000002   Data   RW         1373    .data               os_var.o
    0x20000142   0x00000001   Data   RW         1374    .data               os_var.o
    0x20000143   0x00000001   PAD
    0x20000144   0x00000004   Data   RW         1375    .data               os_var.o
    0x20000148   0x00000001   Data   RW         1376    .data               os_var.o
    0x20000149   0x00000003   PAD
    0x2000014c   0x00000004   Data   RW         1377    .data               os_var.o
    0x20000150   0x00000002   Data   RW         1378    .data               os_var.o
    0x20000152   0x00000001   Data   RW         1379    .data               os_var.o
    0x20000153   0x00000001   PAD
    0x20000154   0x00000002   Data   RW         1380    .data               os_var.o
    0x20000156   0x00000002   Data   RW         1381    .data               os_var.o
    0x20000158   0x00000004   Data   RW         1382    .data               os_var.o
    0x2000015c   0x00000004   Data   RW         1383    .data               os_var.o
    0x20000160   0x00000004   Data   RW         1384    .data               os_var.o
    0x20000164   0x00000001   Data   RW         1385    .data               os_var.o
    0x20000165   0x00000003   PAD
    0x20000168   0x00000004   Data   RW         1386    .data               os_var.o
    0x2000016c   0x00000004   Data   RW         1387    .data               os_var.o
    0x20000170   0x00000004   Data   RW         1388    .data               os_var.o
    0x20000174   0x00000002   Data   RW         1389    .data               os_var.o
    0x20000176   0x00000001   Data   RW         1390    .data               os_var.o
    0x20000177   0x00000001   PAD
    0x20000178   0x00000004   Data   RW         1391    .data               os_var.o
    0x2000017c   0x00000004   Data   RW         1392    .data               os_var.o
    0x20000180   0x00000004   Data   RW         1393    .data               os_var.o
    0x20000184   0x00000004   Data   RW         1394    .data               os_var.o
    0x20000188   0x00000004   Data   RW         1444    .data               lib_mem.o
    0x2000018c   0x00000004   Data   RW         1837    .data               mc_w.l(stdout.o)
    0x20000190   0x00000004   Data   RW         1846    .data               mc_w.l(mvars.o)
    0x20000194   0x00000004   Data   RW         1847    .data               mc_w.l(mvars.o)
    0x20000198   0x00000004   Data   RW         1851    .data               mc_w.l(errno.o)
    0x2000019c   0x000010c0   Zero   RW          216    .bss                main.o
    0x2000125c   0x00006180   Zero   RW          253    .bss                app.o
    0x200073dc   0x00001800   Zero   RW          301    .bss                rain.o
    0x20008bdc   0x00000010   Zero   RW         1038    .bss                cpu_core.o
    0x20008bec   0x00000200   Zero   RW         1080    .bss                os_cfg_app.o
    0x20008dec   0x00000400   Zero   RW         1081    .bss                os_cfg_app.o
    0x200091ec   0x00000640   Zero   RW         1082    .bss                os_cfg_app.o
    0x2000982c   0x00000200   Zero   RW         1083    .bss                os_cfg_app.o
    0x20009a2c   0x00000200   Zero   RW         1084    .bss                os_cfg_app.o
    0x20009c2c   0x00000080   Zero   RW         1085    .bss                os_cfg_app.o
    0x20009cac   0x000000c0   Zero   RW         1348    .bss                os_var.o
    0x20009d6c   0x0000000c   Zero   RW         1349    .bss                os_var.o
    0x20009d78   0x00000300   Zero   RW         1350    .bss                os_var.o
    0x2000a078   0x000000c0   Zero   RW         1351    .bss                os_var.o
    0x2000a138   0x000000c0   Zero   RW         1352    .bss                os_var.o
    0x2000a1f8   0x00005c48   Zero   RW         1443    .bss                lib_mem.o
    0x2000fe40   0x00008000   Zero   RW         1016    HEAP                startup_stm32f40_41xxx.o
    0x20017e40   0x00008000   Zero   RW         1015    STACK               startup_stm32f40_41xxx.o


==============================================================================

Image component sizes


      Code (inc. data)   RO Data    RW Data    ZI Data      Debug   Object Name

       368         52          0          4      24960       1508   app.o
      1728        130        181        159          0       5936   appmain.o
       176         28          0          0          0     378084   bsp.o
       216         20          0          0          0        965   bsp_adc.o
       260          8          0          0          0       1075   bsp_init.o
       340         22          0          0          0       1208   bsp_io_control.o
       916         46          0          0          0       2216   bsp_rtc.o
       588         26          0          0          0       2660   bsp_usart.o
        52          0          0          0          0        216   cpu_a.o
       448         12        256          4         16       5618   cpu_core.o
      1616        102          0          1          0       3527   freqmeasurement.o
       346          0          0          0          0       3830   lib_ascii.o
      2388         40          0          4      23624      19656   lib_mem.o
       544          0          0          0          0        352   lib_mem_a.o
      1436          4        148          0          0       8620   lib_str.o
       100         26          0          0       4288        767   main.o
       176         16          0          0          0       1473   misc.o
         2          0         66          0       4288      18610   os_cfg_app.o
      2540        214          0          0          0       9678   os_core.o
       152         32          0          0          0        260   os_cpu_a.o
       364         62          0          4          0       2821   os_cpu_c.o
         2          0          0          0          0        726   os_dbg.o
      1628         70          0          0          0       5313   os_flag.o
       340         16          0          0          0       1920   os_mem.o
       380         12          0          0          0       2042   os_msg.o
      1412         84          0          0          0       3964   os_mutex.o
       112          6          0          8          0       1460   os_prio.o
      1296         50          0          0          0       4474   os_q.o
      1212         58          0          0          0       4402   os_sem.o
       904        116          0          0          0       2189   os_stat.o
      3164        164          0          0          0       9786   os_task.o
       800         72          0          0          0       2787   os_tick.o
       664         40          0          0          0       2465   os_time.o
         0          0          0        122       1356      17257   os_var.o
       130          0          0          0          0       1255   protocol.o
       216         30          0          4       6144       1139   rain.o
        36          8        392          0      65536        724   startup_stm32f40_41xxx.o
       852         24          0          0          0       8638   stm32f4xx_adc.o
        64          6          0          0          0       1406   stm32f4xx_crc.o
       232          8          0          0          0       1907   stm32f4xx_exti.o
       492         36          0          0          0       3237   stm32f4xx_gpio.o
       328         68          0         16          0       2800   stm32f4xx_it.o
        60          6          0          0          0       1093   stm32f4xx_iwdg.o
       208         12          0          0          0       2132   stm32f4xx_pwr.o
       980         42          0         16          0       9435   stm32f4xx_rcc.o
      2596         44          0          0          0      13358   stm32f4xx_rtc.o
       752         22          0          0          0       5573   stm32f4xx_spi.o
       108         14          0          0          0       1371   stm32f4xx_syscfg.o
      2524         52          0          0          0      17858   stm32f4xx_tim.o
       836         26          0          0          0       6320   stm32f4xx_usart.o
       128         10          0          0          0       2008   stm32f4xx_wwdg.o
       368         36          0         20          0       1567   system_stm32f4xx.o
       888        108          0          0          0       2510   temperature.o
       156         10          0          0          0       1149   tools.o
       344         12          0          8          0       2464   usart_serial.o

    ----------------------------------------------------------------------
     38976       2102       1088        396     130212     615809   Object Totals
         0          0         32          0          0          0   (incl. Generated)
         8          0         13         26          0          0   (incl. Padding)

    ----------------------------------------------------------------------

      Code (inc. data)   RO Data    RW Data    ZI Data      Debug   Library Member Name

       880         58         56          0          0        264   log.o
       170          0          0          0          0         96   poly.o
         0          0          8          0          0          0   qnan.o
        76          0          0          0          0         84   sqrt.o
        92          0          0          0          0          0   __dczerorl2.o
         0          0          0          0          0          0   entry.o
         0          0          0          0          0          0   entry10a.o
         0          0          0          0          0          0   entry11a.o
         8          4          0          0          0          0   entry2.o
         4          0          0          0          0          0   entry5.o
         0          0          0          0          0          0   entry7b.o
         0          0          0          0          0          0   entry8b.o
         8          4          0          0          0          0   entry9a.o
        12          6          0          4          0         68   errno.o
        30          0          0          0          0          0   handlers.o
        36          8          0          0          0         68   init.o
         0          0          0          0          0          0   iusefp.o
        30          0          0          0          0         68   llshl.o
        36          0          0          0          0         68   llsshr.o
        32          0          0          0          0         68   llushr.o
       188         20          0          0          0        160   malloc.o
        26          0          0          0          0         80   memcmp.o
        36          0          0          0          0         68   memcpya.o
        36          0          0          0          0        108   memseta.o
         0          0          0          8          0          0   mvars.o
      2292         96          0          0          0        596   printfa.o
         0          0          0          4          0          0   stdout.o
        24          0          0          0          0         68   strcat.o
        14          0          0          0          0         68   strlen.o
        44          0          0          0          0         80   uidiv.o
        98          0          0          0          0         92   uldiv.o
        40          2          0          0          0         68   cdcmple.o
        40          2          0          0          0         68   cdrcmple.o
       334          0          0          0          0        148   dadd.o
       222          0          0          0          0        100   ddiv.o
       190          0          0          0          0        176   depilogue.o
        48          0          0          0          0         68   dfixul.o
        34          0          0          0          0         76   dflti.o
        26          0          0          0          0         76   dfltui.o
       228          0          0          0          0         96   dmul.o
        46          0          0          0          0         80   dscalb.o
       162          0          0          0          0        100   dsqrt.o

    ----------------------------------------------------------------------
      5544        200         64         16          0       3160   Library Totals
         2          0          0          0          0          0   (incl. Padding)

    ----------------------------------------------------------------------

      Code (inc. data)   RO Data    RW Data    ZI Data      Debug   Library Name

      1126         58         64          0          0        444   m_ws.l
      3046        138          0         16          0       1660   mc_w.l
      1370          4          0          0          0       1056   mf_w.l

    ----------------------------------------------------------------------
      5544        200         64         16          0       3160   Library Totals

    ----------------------------------------------------------------------

==============================================================================


      Code (inc. data)   RO Data    RW Data    ZI Data      Debug   

     44520       2302       1152        412     130212     610441   Grand Totals
     44520       2302       1152        112     130212     610441   ELF Image Totals (compressed)
     44520       2302       1152        112          0          0   ROM Totals

==============================================================================

    Total RO  Size (Code + RO Data)                45672 (  44.60kB)
    Total RW  Size (RW Data + ZI Data)            130624 ( 127.56kB)
    Total ROM Size (Code + RO Data + RW Data)      45784 (  44.71kB)

==============================================================================

