ARM Linker, 5.03 [Build 76] [MDK-ARM Professional]

==============================================================================

Section Cross References

    bsp.o(.text) refers to bsp_init.o(.text) for SetClock
    bsp.o(.text) refers to bsp_io_control.o(.text) for bsp_io_init
    bsp.o(.text) refers to bsp_usart.o(.text) for UsartConfig
    bsp.o(.text) refers to printfa.o(i.__0printf) for __2printf
    bsp.o(.text) refers to stm32f4xx_rcc.o(.text) for RCC_GetClocksFreq
    bsp.o(.text) refers to os_cpu_c.o(.text) for OS_CPU_SysTickInit
    bsp.o(.text) refers to cpu_core.o(.text) for CPU_TS_TmrFreqSet
    bsp.o(.text) refers to uldiv.o(.text) for __aeabi_uldivmod
    bsp.o(.text) refers to os_cfg_app.o(.constdata) for OSCfg_TickRate_Hz
    main.o(.text) refers to bsp.o(.text) for bsp_Init
    main.o(.text) refers to os_core.o(.text) for OSInit
    main.o(.text) refers to os_task.o(.text) for OSTaskCreate
    main.o(.text) refers to main.o(.bss) for .bss
    main.o(.text) refers to app.o(.text) for AppTaskStart
    os_app_hooks.o(.text) refers to cpu_a.o(.text) for CPU_SR_Save
    os_app_hooks.o(.text) refers to os_var.o(.data) for OS_AppTaskCreateHookPtr
    os_app_hooks.o(.text) refers to os_var.o(.data) for OS_AppTaskDelHookPtr
    os_app_hooks.o(.text) refers to os_var.o(.data) for OS_AppTaskReturnHookPtr
    os_app_hooks.o(.text) refers to os_var.o(.data) for OS_AppIdleTaskHookPtr
    os_app_hooks.o(.text) refers to os_var.o(.data) for OS_AppStatTaskHookPtr
    os_app_hooks.o(.text) refers to os_var.o(.data) for OS_AppTaskSwHookPtr
    os_app_hooks.o(.text) refers to os_var.o(.data) for OS_AppTimeTickHookPtr
    app.o(.text) refers to malloc.o(i.malloc) for malloc
    app.o(.text) refers to memseta.o(.text) for __aeabi_memclr
    app.o(.text) refers to bsp_io_control.o(.text) for bsp_io_init
    app.o(.text) refers to bsp_usart.o(.text) for UsartConfig
    app.o(.text) refers to freqmeasurement.o(.text) for FreqModuleInit
    app.o(.text) refers to bsp_ltc2402.o(.text) for LTC2402Init
    app.o(.text) refers to bsp_485.o(.text) for voltage_adc_init
    app.o(.text) refers to appmain.o(.text) for AppMain
    app.o(.text) refers to strcat.o(.text) for strcat
    app.o(.text) refers to os_time.o(.text) for OSTimeDlyHMSM
    app.o(.text) refers to cpu_core.o(.text) for CPU_Init
    app.o(.text) refers to bsp.o(.text) for BSP_Tick_Init
    app.o(.text) refers to os_task.o(.text) for OSTaskCreate
    app.o(.text) refers to app.o(.data) for .data
    app.o(.text) refers to appmain.o(.data) for clearbuffer
    app.o(.text) refers to stm32f4xx_it.o(.bss) for yuliang_buf
    app.o(.text) refers to app.o(.bss) for .bss
    freqmeasurement.o(.text) refers to misc.o(.text) for NVIC_PriorityGroupConfig
    freqmeasurement.o(.text) refers to stm32f4xx_rcc.o(.text) for RCC_APB1PeriphClockCmd
    freqmeasurement.o(.text) refers to stm32f4xx_tim.o(.text) for TIM_TimeBaseInit
    freqmeasurement.o(.text) refers to dmul.o(.text) for __aeabi_dmul
    freqmeasurement.o(.text) refers to ddiv.o(.text) for __aeabi_ddiv
    freqmeasurement.o(.text) refers to dadd.o(.text) for __aeabi_dadd
    freqmeasurement.o(.text) refers to stm32f4xx_gpio.o(.text) for GPIO_Init
    freqmeasurement.o(.text) refers to os_time.o(.text) for OSTimeDlyHMSM
    freqmeasurement.o(.text) refers to bsp_io_control.o(.text) for SW_VW
    freqmeasurement.o(.text) refers to freqmeasurement.o(.data) for .data
    freqmeasurement.o(.text) refers to stm32f4xx_it.o(.data) for OnFreq
    tools.o(.text) refers to stm32f4xx_crc.o(.text) for CRC_ResetDR
    tools.o(.text) refers to stm32f4xx_usart.o(.text) for USART_SendData
    bsp_init.o(.text) refers to stm32f4xx_rcc.o(.text) for RCC_DeInit
    bsp_init.o(.text) refers to stm32f4xx_wwdg.o(.text) for WWDG_DeInit
    bsp_init.o(.text) refers to stm32f4xx_iwdg.o(.text) for IWDG_WriteAccessCmd
    bsp_init.o(.text) refers to memseta.o(.text) for __aeabi_memclr
    bsp_init.o(.text) refers to tools.o(.text) for hextostr
    bsp_init.o(.text) refers to strcat.o(.text) for strcat
    bsp_usart.o(.text) refers to stm32f4xx_rcc.o(.text) for RCC_APB2PeriphClockCmd
    bsp_usart.o(.text) refers to stm32f4xx_gpio.o(.text) for GPIO_Init
    bsp_usart.o(.text) refers to stm32f4xx_usart.o(.text) for USART_Init
    bsp_usart.o(.text) refers to stm32f4xx_exti.o(.text) for EXTI_Init
    bsp_usart.o(.text) refers to misc.o(.text) for NVIC_Init
    bsp_usart.o(.text) refers to stm32f4xx_syscfg.o(.text) for SYSCFG_EXTILineConfig
    bsp_ltc2402.o(.text) refers to stm32f4xx_rcc.o(.text) for RCC_AHB1PeriphClockCmd
    bsp_ltc2402.o(.text) refers to stm32f4xx_gpio.o(.text) for GPIO_Init
    bsp_ltc2402.o(.text) refers to stm32f4xx_spi.o(.text) for SPI_Init
    bsp_ltc2402.o(.text) refers to os_time.o(.text) for OSTimeDlyHMSM
    bsp_ltc2402.o(.text) refers to bsp_io_control.o(.text) for SW_VW
    bsp_ltc2402.o(.text) refers to dfltui.o(.text) for __aeabi_ui2d
    bsp_ltc2402.o(.text) refers to dscalb.o(.text) for __ARM_scalbn
[...]
    USART_OneBitMethodCmd                    0x0800236b   Thumb Code    20  stm32f4xx_usart.o(.text)
    USART_SendData                           0x0800237f   Thumb Code     8  stm32f4xx_usart.o(.text)
    USART_ReceiveData                        0x08002387   Thumb Code     8  stm32f4xx_usart.o(.text)
    USART_SetAddress                         0x0800238f   Thumb Code    16  stm32f4xx_usart.o(.text)
    USART_ReceiverWakeUpCmd                  0x0800239f   Thumb Code    20  stm32f4xx_usart.o(.text)
    USART_WakeUpConfig                       0x080023b3   Thumb Code    16  stm32f4xx_usart.o(.text)
    USART_LINBreakDetectLengthConfig         0x080023c3   Thumb Code    16  stm32f4xx_usart.o(.text)
    USART_LINCmd                             0x080023d3   Thumb Code    20  stm32f4xx_usart.o(.text)
    USART_SendBreak                          0x080023e7   Thumb Code    10  stm32f4xx_usart.o(.text)
    USART_HalfDuplexCmd                      0x080023f1   Thumb Code    20  stm32f4xx_usart.o(.text)
    USART_SetGuardTime                       0x08002405   Thumb Code    16  stm32f4xx_usart.o(.text)
    USART_SmartCardCmd                       0x08002415   Thumb Code    20  stm32f4xx_usart.o(.text)
    USART_SmartCardNACKCmd                   0x08002429   Thumb Code    20  stm32f4xx_usart.o(.text)
    USART_IrDAConfig                         0x0800243d   Thumb Code    16  stm32f4xx_usart.o(.text)
    USART_IrDACmd                            0x0800244d   Thumb Code    20  stm32f4xx_usart.o(.text)
    USART_DMACmd                             0x08002461   Thumb Code    16  stm32f4xx_usart.o(.text)
    USART_ITConfig                           0x08002471   Thumb Code    48  stm32f4xx_usart.o(.text)
    USART_GetFlagStatus                      0x080024a1   Thumb Code    14  stm32f4xx_usart.o(.text)
    USART_ClearFlag                          0x080024af   Thumb Code     6  stm32f4xx_usart.o(.text)
    USART_GetITStatus                        0x080024b5   Thumb Code    62  stm32f4xx_usart.o(.text)
    USART_ClearITPendingBit                  0x080024f3   Thumb Code    12  stm32f4xx_usart.o(.text)
    TIM_DeInit                               0x08002519   Thumb Code   284  stm32f4xx_tim.o(.text)
    TIM_TimeBaseInit                         0x08002635   Thumb Code    96  stm32f4xx_tim.o(.text)
    TIM_TimeBaseStructInit                   0x08002695   Thumb Code    18  stm32f4xx_tim.o(.text)
    TIM_PrescalerConfig                      0x080026a7   Thumb Code     6  stm32f4xx_tim.o(.text)
    TIM_CounterModeConfig                    0x080026ad   Thumb Code    12  stm32f4xx_tim.o(.text)
    TIM_SetCounter                           0x080026b9   Thumb Code     4  stm32f4xx_tim.o(.text)
    TIM_SetAutoreload                        0x080026bd   Thumb Code     4  stm32f4xx_tim.o(.text)
    TIM_GetCounter                           0x080026c1   Thumb Code     4  stm32f4xx_tim.o(.text)
    TIM_GetPrescaler                         0x080026c5   Thumb Code     4  stm32f4xx_tim.o(.text)
    TIM_UpdateDisableConfig                  0x080026c9   Thumb Code    20  stm32f4xx_tim.o(.text)
    TIM_UpdateRequestConfig                  0x080026dd   Thumb Code    20  stm32f4xx_tim.o(.text)
    TIM_ARRPreloadConfig                     0x080026f1   Thumb Code    20  stm32f4xx_tim.o(.text)
    TIM_SelectOnePulseMode                   0x08002705   Thumb Code    16  stm32f4xx_tim.o(.text)
    TIM_SetClockDivision                     0x08002715   Thumb Code    16  stm32f4xx_tim.o(.text)
    TIM_Cmd                                  0x08002725   Thumb Code    20  stm32f4xx_tim.o(.text)
    TIM_OC1Init                              0x08002739   Thumb Code    88  stm32f4xx_tim.o(.text)
    TIM_OC2Init                              0x08002791   Thumb Code   120  stm32f4xx_tim.o(.text)
    TIM_OC3Init                              0x08002809   Thumb Code   116  stm32f4xx_tim.o(.text)
    TIM_OC4Init                              0x0800287d   Thumb Code    88  stm32f4xx_tim.o(.text)
    TIM_OCStructInit                         0x080028d5   Thumb Code    20  stm32f4xx_tim.o(.text)
    TIM_SelectOCxM                           0x080028e9   Thumb Code   130  stm32f4xx_tim.o(.text)
    TIM_SetCompare1                          0x0800296b   Thumb Code     4  stm32f4xx_tim.o(.text)
    TIM_SetCompare2                          0x0800296f   Thumb Code     4  stm32f4xx_tim.o(.text)
    TIM_SetCompare3                          0x08002973   Thumb Code     4  stm32f4xx_tim.o(.text)
    TIM_SetCompare4                          0x08002977   Thumb Code     4  stm32f4xx_tim.o(.text)
    TIM_ForcedOC1Config                      0x0800297b   Thumb Code    12  stm32f4xx_tim.o(.text)
    TIM_ForcedOC2Config                      0x08002987   Thumb Code    20  stm32f4xx_tim.o(.text)
    TIM_ForcedOC3Config                      0x0800299b   Thumb Code    12  stm32f4xx_tim.o(.text)
    TIM_ForcedOC4Config                      0x080029a7   Thumb Code    20  stm32f4xx_tim.o(.text)
    TIM_OC1PreloadConfig                     0x080029bb   Thumb Code    12  stm32f4xx_tim.o(.text)
    TIM_OC2PreloadConfig                     0x080029c7   Thumb Code    20  stm32f4xx_tim.o(.text)
    TIM_OC3PreloadConfig                     0x080029db   Thumb Code    12  stm32f4xx_tim.o(.text)
    TIM_OC4PreloadConfig                     0x080029e7   Thumb Code    20  stm32f4xx_tim.o(.text)
    TIM_OC1FastConfig                        0x080029fb   Thumb Code    12  stm32f4xx_tim.o(.text)
    TIM_OC2FastConfig                        0x08002a07   Thumb Code    20  stm32f4xx_tim.o(.text)
    TIM_OC3FastConfig                        0x08002a1b   Thumb Code    12  stm32f4xx_tim.o(.text)
    TIM_OC4FastConfig                        0x08002a27   Thumb Code    20  stm32f4xx_tim.o(.text)
    TIM_ClearOC1Ref                          0x08002a3b   Thumb Code    12  stm32f4xx_tim.o(.text)
    TIM_ClearOC2Ref                          0x08002a47   Thumb Code    20  stm32f4xx_tim.o(.text)
    TIM_ClearOC3Ref                          0x08002a5b   Thumb Code    12  stm32f4xx_tim.o(.text)
    TIM_ClearOC4Ref                          0x08002a67   Thumb Code    20  stm32f4xx_tim.o(.text)
    TIM_OC1PolarityConfig                    0x08002a7b   Thumb Code    12  stm32f4xx_tim.o(.text)
    TIM_OC1NPolarityConfig                   0x08002a87   Thumb Code    12  stm32f4xx_tim.o(.text)
    TIM_OC2PolarityConfig                    0x08002a93   Thumb Code    20  stm32f4xx_tim.o(.text)
    TIM_OC2NPolarityConfig                   0x08002aa7   Thumb Code    20  stm32f4xx_tim.o(.text)
    TIM_OC3PolarityConfig                    0x08002abb   Thumb Code    20  stm32f4xx_tim.o(.text)
    TIM_OC3NPolarityConfig                   0x08002acf   Thumb Code    20  stm32f4xx_tim.o(.text)
    TIM_OC4PolarityConfig                    0x08002ae3   Thumb Code    20  stm32f4xx_tim.o(.text)
    TIM_CCxCmd                               0x08002af7   Thumb Code    22  stm32f4xx_tim.o(.text)
    TIM_CCxNCmd                              0x08002b0d   Thumb Code    22  stm32f4xx_tim.o(.text)
    TIM_SetIC4Prescaler                      0x08002b23   Thumb Code    24  stm32f4xx_tim.o(.text)
    TIM_SetIC3Prescaler                      0x08002b3b   Thumb Code    16  stm32f4xx_tim.o(.text)
    TIM_SetIC2Prescaler                      0x08002b4b   Thumb Code    24  stm32f4xx_tim.o(.text)
    TIM_SetIC1Prescaler                      0x08002b99   Thumb Code    16  stm32f4xx_tim.o(.text)
    TIM_ICInit                               0x08002ba9   Thumb Code   164  stm32f4xx_tim.o(.text)
    TIM_ICStructInit                         0x08002c4d   Thumb Code    16  stm32f4xx_tim.o(.text)
    TIM_PWMIConfig                           0x08002c5d   Thumb Code   104  stm32f4xx_tim.o(.text)
    TIM_GetCapture1                          0x08002cc5   Thumb Code     4  stm32f4xx_tim.o(.text)
    TIM_GetCapture2                          0x08002cc9   Thumb Code     4  stm32f4xx_tim.o(.text)
    TIM_GetCapture3                          0x08002ccd   Thumb Code     4  stm32f4xx_tim.o(.text)
    TIM_GetCapture4                          0x08002cd1   Thumb Code     4  stm32f4xx_tim.o(.text)
    TIM_BDTRConfig                           0x08002cd5   Thumb Code    34  stm32f4xx_tim.o(.text)
    TIM_BDTRStructInit                       0x08002cf7   Thumb Code    18  stm32f4xx_tim.o(.text)
    TIM_CtrlPWMOutputs                       0x08002d09   Thumb Code    22  stm32f4xx_tim.o(.text)
    TIM_SelectCOM                            0x08002d1f   Thumb Code    20  stm32f4xx_tim.o(.text)
    TIM_CCPreloadControl                     0x08002d33   Thumb Code    20  stm32f4xx_tim.o(.text)
    TIM_ITConfig                             0x08002d47   Thumb Code    16  stm32f4xx_tim.o(.text)
    TIM_GenerateEvent                        0x08002d57   Thumb Code     4  stm32f4xx_tim.o(.text)
    TIM_GetFlagStatus                        0x08002d5b   Thumb Code    14  stm32f4xx_tim.o(.text)
    TIM_ClearFlag                            0x08002d69   Thumb Code     6  stm32f4xx_tim.o(.text)
    TIM_GetITStatus                          0x08002d6f   Thumb Code    24  stm32f4xx_tim.o(.text)
    TIM_ClearITPendingBit                    0x08002d87   Thumb Code     6  stm32f4xx_tim.o(.text)
    TIM_DMAConfig                            0x08002d8d   Thumb Code     8  stm32f4xx_tim.o(.text)
    TIM_DMACmd                               0x08002d95   Thumb Code    16  stm32f4xx_tim.o(.text)
    TIM_SelectCCDMA                          0x08002da5   Thumb Code    20  stm32f4xx_tim.o(.text)
    TIM_InternalClockConfig                  0x08002db9   Thumb Code    10  stm32f4xx_tim.o(.text)
    TIM_SelectInputTrigger                   0x08002dc3   Thumb Code    12  stm32f4xx_tim.o(.text)
    TIM_ITRxExternalClockConfig              0x08002dcf   Thumb Code    18  stm32f4xx_tim.o(.text)
    TIM_TIxExternalClockConfig               0x08002de1   Thumb Code    46  stm32f4xx_tim.o(.text)
    TIM_ETRConfig                            0x08002e0f   Thumb Code    24  stm32f4xx_tim.o(.text)
    TIM_ETRClockMode1Config                  0x08002e27   Thumb Code    18  stm32f4xx_tim.o(.text)
    TIM_ETRClockMode2Config                  0x08002e39   Thumb Code    18  stm32f4xx_tim.o(.text)
    TIM_SelectOutputTrigger                  0x08002e4b   Thumb Code    16  stm32f4xx_tim.o(.text)
    TIM_SelectSlaveMode                      0x08002e5b   Thumb Code    16  stm32f4xx_tim.o(.text)
    TIM_SelectMasterSlaveMode                0x08002e6b   Thumb Code    16  stm32f4xx_tim.o(.text)
    TIM_EncoderInterfaceConfig               0x08002e7b   Thumb Code    50  stm32f4xx_tim.o(.text)
    TIM_SelectHallSensor                     0x08002ead   Thumb Code    20  stm32f4xx_tim.o(.text)
    TIM_RemapConfig                          0x08002ec1   Thumb Code     6  stm32f4xx_tim.o(.text)
    SPI_I2S_DeInit                           0x08002ef5   Thumb Code    72  stm32f4xx_spi.o(.text)
    SPI_Init                                 0x08002f3d   Thumb Code    56  stm32f4xx_spi.o(.text)
    I2S_Init                                 0x08002f75   Thumb Code   188  stm32f4xx_spi.o(.text)
    SPI_StructInit                           0x08003031   Thumb Code    24  stm32f4xx_spi.o(.text)
    I2S_StructInit                           0x08003049   Thumb Code    18  stm32f4xx_spi.o(.text)
    SPI_Cmd                                  0x0800305b   Thumb Code    20  stm32f4xx_spi.o(.text)
    I2S_Cmd                                  0x0800306f   Thumb Code    20  stm32f4xx_spi.o(.text)
    SPI_DataSizeConfig                       0x08003083   Thumb Code    16  stm32f4xx_spi.o(.text)
    SPI_BiDirectionalLineConfig              0x08003093   Thumb Code    22  stm32f4xx_spi.o(.text)
    SPI_NSSInternalSoftwareConfig            0x080030a9   Thumb Code    24  stm32f4xx_spi.o(.text)
    SPI_SSOutputCmd                          0x080030c1   Thumb Code    20  stm32f4xx_spi.o(.text)
    SPI_TIModeCmd                            0x080030d5   Thumb Code    20  stm32f4xx_spi.o(.text)
    I2S_FullDuplexConfig                     0x080030e9   Thumb Code    58  stm32f4xx_spi.o(.text)
    SPI_I2S_ReceiveData                      0x08003123   Thumb Code     4  stm32f4xx_spi.o(.text)
    SPI_I2S_SendData                         0x08003127   Thumb Code     4  stm32f4xx_spi.o(.text)
    SPI_CalculateCRC                         0x0800312b   Thumb Code    20  stm32f4xx_spi.o(.text)
    SPI_TransmitCRC                          0x0800313f   Thumb Code    10  stm32f4xx_spi.o(.text)
    SPI_GetCRC                               0x08003149   Thumb Code    12  stm32f4xx_spi.o(.text)
    SPI_GetCRCPolynomial                     0x08003155   Thumb Code     4  stm32f4xx_spi.o(.text)
    SPI_I2S_DMACmd                           0x08003159   Thumb Code    16  stm32f4xx_spi.o(.text)
    SPI_I2S_ITConfig                         0x08003169   Thumb Code    24  stm32f4xx_spi.o(.text)
    SPI_I2S_GetFlagStatus                    0x08003181   Thumb Code    14  stm32f4xx_spi.o(.text)
    SPI_I2S_ClearFlag                        0x0800318f   Thumb Code     6  stm32f4xx_spi.o(.text)
    SPI_I2S_GetITStatus                      0x08003195   Thumb Code    44  stm32f4xx_spi.o(.text)
    SPI_I2S_ClearITPendingBit                0x080031c1   Thumb Code    14  stm32f4xx_spi.o(.text)
    RTC_WaitForSynchro                       0x080031e5   Thumb Code    70  stm32f4xx_rtc.o(.text)
    RTC_EnterInitMode                        0x0800322b   Thumb Code    58  stm32f4xx_rtc.o(.text)
    RTC_DeInit                               0x08003265   Thumb Code   142  stm32f4xx_rtc.o(.text)
    RTC_ExitInitMode                         0x080032f3   Thumb Code    14  stm32f4xx_rtc.o(.text)
    RTC_Init                                 0x08003301   Thumb Code    74  stm32f4xx_rtc.o(.text)
    RTC_StructInit                           0x0800334b   Thumb Code    14  stm32f4xx_rtc.o(.text)
    RTC_WriteProtectionCmd                   0x08003359   Thumb Code    18  stm32f4xx_rtc.o(.text)
    RTC_RefClockCmd                          0x0800336b   Thumb Code    56  stm32f4xx_rtc.o(.text)
    RTC_BypassShadowCmd                      0x080033a3   Thumb Code    38  stm32f4xx_rtc.o(.text)
    RTC_SetTime                              0x080033c9   Thumb Code   138  stm32f4xx_rtc.o(.text)
    RTC_TimeStructInit                       0x08003453   Thumb Code    12  stm32f4xx_rtc.o(.text)
    RTC_GetTime                              0x0800345f   Thumb Code    70  stm32f4xx_rtc.o(.text)
    RTC_GetSubSecond                         0x080034a5   Thumb Code    14  stm32f4xx_rtc.o(.text)
    RTC_SetDate                              0x080034b3   Thumb Code   136  stm32f4xx_rtc.o(.text)
    RTC_DateStructInit                       0x0800353b   Thumb Code    14  stm32f4xx_rtc.o(.text)
    RTC_GetDate                              0x08003549   Thumb Code    66  stm32f4xx_rtc.o(.text)
    RTC_SetAlarm                             0x0800358b   Thumb Code   184  stm32f4xx_rtc.o(.text)
    RTC_AlarmStructInit                      0x08003643   Thumb Code    20  stm32f4xx_rtc.o(.text)
    RTC_GetAlarm                             0x08003657   Thumb Code   104  stm32f4xx_rtc.o(.text)
    RTC_AlarmCmd                             0x080036bf   Thumb Code    78  stm32f4xx_rtc.o(.text)
    RTC_AlarmSubSecondConfig                 0x0800370d   Thumb Code    38  stm32f4xx_rtc.o(.text)
    RTC_GetAlarmSubSecond                    0x08003733   Thumb Code    24  stm32f4xx_rtc.o(.text)
    RTC_WakeUpClockConfig                    0x0800374b   Thumb Code    34  stm32f4xx_rtc.o(.text)
    RTC_SetWakeUpCounter                     0x0800376d   Thumb Code    22  stm32f4xx_rtc.o(.text)
    RTC_GetWakeUpCounter                     0x08003783   Thumb Code    10  stm32f4xx_rtc.o(.text)
    RTC_WakeUpCmd                            0x0800378d   Thumb Code    84  stm32f4xx_rtc.o(.text)
    RTC_DayLightSavingConfig                 0x080037e1   Thumb Code    38  stm32f4xx_rtc.o(.text)
    RTC_GetStoreOperation                    0x08003807   Thumb Code    12  stm32f4xx_rtc.o(.text)
    RTC_OutputConfig                         0x08003813   Thumb Code    38  stm32f4xx_rtc.o(.text)
    RTC_CoarseCalibConfig                    0x08003839   Thumb Code    46  stm32f4xx_rtc.o(.text)
    RTC_CoarseCalibCmd                       0x08003867   Thumb Code    56  stm32f4xx_rtc.o(.text)
    RTC_CalibOutputCmd                       0x0800389f   Thumb Code    38  stm32f4xx_rtc.o(.text)
    RTC_CalibOutputConfig                    0x080038c5   Thumb Code    34  stm32f4xx_rtc.o(.text)
    RTC_SmoothCalibConfig                    0x080038e7   Thumb Code    72  stm32f4xx_rtc.o(.text)
    RTC_TimeStampCmd                         0x0800392f   Thumb Code    42  stm32f4xx_rtc.o(.text)
    RTC_GetTimeStamp                         0x08003959   Thumb Code   130  stm32f4xx_rtc.o(.text)
    RTC_GetTimeStampSubSecond                0x080039db   Thumb Code     8  stm32f4xx_rtc.o(.text)
    RTC_TamperTriggerConfig                  0x080039e3   Thumb Code    24  stm32f4xx_rtc.o(.text)
    RTC_TamperCmd                            0x080039fb   Thumb Code    28  stm32f4xx_rtc.o(.text)
    RTC_TamperFilterConfig                   0x08003a17   Thumb Code    18  stm32f4xx_rtc.o(.text)
    RTC_TamperSamplingFreqConfig             0x08003a29   Thumb Code    18  stm32f4xx_rtc.o(.text)
    RTC_TamperPinsPrechargeDuration          0x08003a3b   Thumb Code    18  stm32f4xx_rtc.o(.text)
    RTC_TimeStampOnTamperDetectionCmd        0x08003a4d   Thumb Code    22  stm32f4xx_rtc.o(.text)
    RTC_TamperPullUpCmd                      0x08003a63   Thumb Code    22  stm32f4xx_rtc.o(.text)
    RTC_WriteBackupRegister                  0x08003a79   Thumb Code    16  stm32f4xx_rtc.o(.text)
    RTC_ReadBackupRegister                   0x08003a89   Thumb Code    16  stm32f4xx_rtc.o(.text)
    RTC_TamperPinSelection                   0x08003a99   Thumb Code    18  stm32f4xx_rtc.o(.text)
    RTC_TimeStampPinSelection                0x08003aab   Thumb Code    18  stm32f4xx_rtc.o(.text)
    RTC_OutputTypeConfig                     0x08003abd   Thumb Code    18  stm32f4xx_rtc.o(.text)
    RTC_SynchroShiftConfig                   0x08003acf   Thumb Code    86  stm32f4xx_rtc.o(.text)
    RTC_ITConfig                             0x08003b25   Thumb Code    60  stm32f4xx_rtc.o(.text)
    RTC_GetFlagStatus                        0x08003b61   Thumb Code    24  stm32f4xx_rtc.o(.text)
    RTC_ClearFlag                            0x08003b79   Thumb Code    24  stm32f4xx_rtc.o(.text)
    RTC_GetITStatus                          0x08003b91   Thumb Code    46  stm32f4xx_rtc.o(.text)
    RTC_ClearITPendingBit                    0x08003bbf   Thumb Code    24  stm32f4xx_rtc.o(.text)
    PWR_DeInit                               0x08003c09   Thumb Code    24  stm32f4xx_pwr.o(.text)
    PWR_BackupAccessCmd                      0x08003c21   Thumb Code     6  stm32f4xx_pwr.o(.text)
    PWR_PVDLevelConfig                       0x08003c27   Thumb Code    14  stm32f4xx_pwr.o(.text)
    PWR_PVDCmd                               0x08003c35   Thumb Code     6  stm32f4xx_pwr.o(.text)
    PWR_WakeUpPinCmd                         0x08003c3b   Thumb Code     8  stm32f4xx_pwr.o(.text)
    PWR_BackupRegulatorCmd                   0x08003c43   Thumb Code     8  stm32f4xx_pwr.o(.text)
    PWR_MainRegulatorModeConfig              0x08003c4b   Thumb Code    22  stm32f4xx_pwr.o(.text)
    PWR_FlashPowerDownCmd                    0x08003c61   Thumb Code     6  stm32f4xx_pwr.o(.text)
    PWR_EnterSTOPMode                        0x08003c67   Thumb Code    42  stm32f4xx_pwr.o(.text)
    PWR_EnterSTANDBYMode                     0x08003c91   Thumb Code    32  stm32f4xx_pwr.o(.text)
    PWR_GetFlagStatus                        0x08003cb1   Thumb Code    16  stm32f4xx_pwr.o(.text)
    PWR_ClearFlag                            0x08003cc1   Thumb Code    12  stm32f4xx_pwr.o(.text)
    WWDG_DeInit                              0x08003cd9   Thumb Code    24  stm32f4xx_wwdg.o(.text)
    WWDG_SetPrescaler                        0x08003cf1   Thumb Code    14  stm32f4xx_wwdg.o(.text)
    WWDG_SetWindowValue                      0x08003cff   Thumb Code    22  stm32f4xx_wwdg.o(.text)
    WWDG_EnableIT                            0x08003d15   Thumb Code     8  stm32f4xx_wwdg.o(.text)
    WWDG_SetCounter                          0x08003d1d   Thumb Code    12  stm32f4xx_wwdg.o(.text)
    WWDG_Enable                              0x08003d29   Thumb Code    12  stm32f4xx_wwdg.o(.text)
    WWDG_GetFlagStatus                       0x08003d35   Thumb Code    16  stm32f4xx_wwdg.o(.text)
    WWDG_ClearFlag                           0x08003d45   Thumb Code    10  stm32f4xx_wwdg.o(.text)
    IWDG_WriteAccessCmd                      0x08003d59   Thumb Code     6  stm32f4xx_iwdg.o(.text)
    IWDG_SetPrescaler                        0x08003d5f   Thumb Code     6  stm32f4xx_iwdg.o(.text)
    IWDG_SetReload                           0x08003d65   Thumb Code     6  stm32f4xx_iwdg.o(.text)
    IWDG_ReloadCounter                       0x08003d6b   Thumb Code    10  stm32f4xx_iwdg.o(.text)
    IWDG_Enable                              0x08003d75   Thumb Code    10  stm32f4xx_iwdg.o(.text)
    IWDG_GetFlagStatus                       0x08003d7f   Thumb Code    16  stm32f4xx_iwdg.o(.text)
    ADC_DeInit                               0x08003d95   Thumb Code    24  stm32f4xx_adc.o(.text)
    ADC_Init                                 0x08003dad   Thumb Code    66  stm32f4xx_adc.o(.text)
    ADC_StructInit                           0x08003def   Thumb Code    20  stm32f4xx_adc.o(.text)
    ADC_CommonInit                           0x08003e03   Thumb Code    30  stm32f4xx_adc.o(.text)
    ADC_CommonStructInit                     0x08003e21   Thumb Code    12  stm32f4xx_adc.o(.text)
    ADC_Cmd                                  0x08003e2d   Thumb Code    20  stm32f4xx_adc.o(.text)
    ADC_AnalogWatchdogCmd                    0x08003e41   Thumb Code    12  stm32f4xx_adc.o(.text)
    ADC_AnalogWatchdogThresholdsConfig       0x08003e4d   Thumb Code     6  stm32f4xx_adc.o(.text)
    ADC_AnalogWatchdogSingleChannelConfig    0x08003e53   Thumb Code    12  stm32f4xx_adc.o(.text)
    ADC_TempSensorVrefintCmd                 0x08003e5f   Thumb Code    26  stm32f4xx_adc.o(.text)
    ADC_VBATCmd                              0x08003e79   Thumb Code    26  stm32f4xx_adc.o(.text)
    ADC_RegularChannelConfig                 0x08003e93   Thumb Code   116  stm32f4xx_adc.o(.text)
    ADC_SoftwareStartConv                    0x08003f07   Thumb Code    10  stm32f4xx_adc.o(.text)
    ADC_GetSoftwareStartConvStatus           0x08003f11   Thumb Code    14  stm32f4xx_adc.o(.text)
    ADC_EOCOnEachRegularChannelCmd           0x08003f1f   Thumb Code    20  stm32f4xx_adc.o(.text)
    ADC_ContinuousModeCmd                    0x08003f33   Thumb Code    20  stm32f4xx_adc.o(.text)
    ADC_DiscModeChannelCountConfig           0x08003f47   Thumb Code    16  stm32f4xx_adc.o(.text)
    ADC_DiscModeCmd                          0x08003f57   Thumb Code    20  stm32f4xx_adc.o(.text)
    ADC_GetConversionValue                   0x08003f6b   Thumb Code     6  stm32f4xx_adc.o(.text)
    ADC_GetMultiModeConversionValue          0x08003f71   Thumb Code     8  stm32f4xx_adc.o(.text)
    ADC_DMACmd                               0x08003f79   Thumb Code    20  stm32f4xx_adc.o(.text)
    ADC_DMARequestAfterLastTransferCmd       0x08003f8d   Thumb Code    20  stm32f4xx_adc.o(.text)
    ADC_MultiModeDMARequestAfterLastTransferCmd 0x08003fa1   Thumb Code    26  stm32f4xx_adc.o(.text)
    ADC_InjectedChannelConfig                0x08003fbb   Thumb Code    74  stm32f4xx_adc.o(.text)
    ADC_InjectedSequencerLengthConfig        0x08004005   Thumb Code    16  stm32f4xx_adc.o(.text)
    ADC_SetInjectedOffset                    0x08004015   Thumb Code    10  stm32f4xx_adc.o(.text)
    ADC_ExternalTrigInjectedConvConfig       0x0800401f   Thumb Code    12  stm32f4xx_adc.o(.text)
    ADC_ExternalTrigInjectedConvEdgeConfig   0x0800402b   Thumb Code    12  stm32f4xx_adc.o(.text)
    ADC_SoftwareStartInjectedConv            0x08004037   Thumb Code    10  stm32f4xx_adc.o(.text)
    ADC_GetSoftwareStartInjectedConvCmdStatus 0x08004041   Thumb Code    14  stm32f4xx_adc.o(.text)
    ADC_AutoInjectedConvCmd                  0x0800404f   Thumb Code    20  stm32f4xx_adc.o(.text)
    ADC_InjectedDiscModeCmd                  0x08004063   Thumb Code    20  stm32f4xx_adc.o(.text)
    ADC_GetInjectedConversionValue           0x08004077   Thumb Code    14  stm32f4xx_adc.o(.text)
    ADC_ITConfig                             0x08004085   Thumb Code    18  stm32f4xx_adc.o(.text)
    ADC_GetFlagStatus                        0x08004097   Thumb Code    14  stm32f4xx_adc.o(.text)
    ADC_ClearFlag                            0x080040a5   Thumb Code     6  stm32f4xx_adc.o(.text)
    ADC_GetITStatus                          0x080040ab   Thumb Code    30  stm32f4xx_adc.o(.text)
    ADC_ClearITPendingBit                    0x080040c9   Thumb Code     8  stm32f4xx_adc.o(.text)
    CPU_IntDis                               0x080040e9   Thumb Code     0  cpu_a.o(.text)
    CPU_IntEn                                0x080040ed   Thumb Code     0  cpu_a.o(.text)
    CPU_SR_Save                              0x080040f1   Thumb Code     0  cpu_a.o(.text)
    CPU_SR_Restore                           0x080040f9   Thumb Code     0  cpu_a.o(.text)
    CPU_WaitForInt                           0x080040ff   Thumb Code     0  cpu_a.o(.text)
    CPU_WaitForExcept                        0x08004103   Thumb Code     0  cpu_a.o(.text)
    CPU_CntLeadZeros                         0x08004107   Thumb Code     0  cpu_a.o(.text)
    CPU_CntTrailZeros                        0x0800410d   Thumb Code     0  cpu_a.o(.text)
    CPU_RevBits                              0x08004117   Thumb Code     0  cpu_a.o(.text)
    CPU_NameClr                              0x0800411d   Thumb Code    26  cpu_core.o(.text)
    CPU_Init                                 0x08004137   Thumb Code    18  cpu_core.o(.text)
    CPU_SW_Exception                         0x08004149   Thumb Code     2  cpu_core.o(.text)
    CPU_NameGet                              0x0800414b   Thumb Code    46  cpu_core.o(.text)
    CPU_NameSet                              0x08004179   Thumb Code    62  cpu_core.o(.text)
    CPU_TS_Get32                             0x080041b7   Thumb Code     4  cpu_core.o(.text)
    CPU_TS_Update                            0x080041bb   Thumb Code     2  cpu_core.o(.text)
    CPU_TS_TmrFreqGet                        0x080041bd   Thumb Code    24  cpu_core.o(.text)
    CPU_TS_TmrFreqSet                        0x080041d5   Thumb Code     6  cpu_core.o(.text)
    CPU_CntLeadZeros08                       0x080041db   Thumb Code    10  cpu_core.o(.text)
    CPU_CntLeadZeros16                       0x080041e5   Thumb Code    10  cpu_core.o(.text)
    CPU_CntLeadZeros32                       0x080041ef   Thumb Code     4  cpu_core.o(.text)
    CPU_CntLeadZeros64                       0x080041f3   Thumb Code   156  cpu_core.o(.text)
    CPU_CntTrailZeros08                      0x0800428f   Thumb Code    10  cpu_core.o(.text)
    CPU_CntTrailZeros16                      0x08004299   Thumb Code    10  cpu_core.o(.text)
    CPU_CntTrailZeros32                      0x080042a3   Thumb Code    10  cpu_core.o(.text)
    CPU_CntTrailZeros64                      0x080042ad   Thumb Code    36  cpu_core.o(.text)
    OSIdleTaskHook                           0x080042dd   Thumb Code    12  os_cpu_c.o(.text)
    OSInitHook                               0x080042e9   Thumb Code    22  os_cpu_c.o(.text)
    OSStatTaskHook                           0x080042ff   Thumb Code    12  os_cpu_c.o(.text)
    OSTaskCreateHook                         0x0800430b   Thumb Code    12  os_cpu_c.o(.text)
    OSTaskDelHook                            0x08004317   Thumb Code    12  os_cpu_c.o(.text)
    OSTaskReturnHook                         0x08004323   Thumb Code    12  os_cpu_c.o(.text)
    OSTaskStkInit                            0x0800432f   Thumb Code    96  os_cpu_c.o(.text)
    OSTaskSwHook                             0x0800438f   Thumb Code    46  os_cpu_c.o(.text)
    OSTimeTickHook                           0x080043bd   Thumb Code    12  os_cpu_c.o(.text)
    OS_CPU_SysTickHandler                    0x080043c9   Thumb Code    30  os_cpu_c.o(.text)
    OS_CPU_SysTickInit                       0x080043e7   Thumb Code    36  os_cpu_c.o(.text)
    OSCfg_Init                               0x08004449   Thumb Code     2  os_cfg_app.o(.text)
    OS_IdleTask                              0x0800444d   Thumb Code    30  os_core.o(.text)
    OS_IdleTaskInit                          0x0800446b   Thumb Code    62  os_core.o(.text)
    OS_RdyListInit                           0x080044a9   Thumb Code    30  os_core.o(.text)
    OSInit                                   0x080044c7   Thumb Code   254  os_core.o(.text)
    OSIntEnter                               0x080045c5   Thumb Code    22  os_core.o(.text)
    OSIntExit                                0x080045db   Thumb Code   100  os_core.o(.text)
    OSSched                                  0x0800463f   Thumb Code    86  os_core.o(.text)
    OSSchedLock                              0x08004695   Thumb Code    64  os_core.o(.text)
    OSSchedUnlock                            0x080046d5   Thumb Code    82  os_core.o(.text)
    OSSchedRoundRobinCfg                     0x08004727   Thumb Code    60  os_core.o(.text)
    OS_RdyListMoveHeadToTail                 0x08004763   Thumb Code    52  os_core.o(.text)
    OSSchedRoundRobinYield                   0x08004797   Thumb Code   114  os_core.o(.text)
    OSStart                                  0x08004809   Thumb Code   202  os_core.o(.text)
    OSVersion                                0x080048d3   Thumb Code    10  os_core.o(.text)
    OS_PendDbgNameAdd                        0x080048dd   Thumb Code    46  os_core.o(.text)
    OS_PendListInsertPrio                    0x0800490b   Thumb Code    90  os_core.o(.text)
    OS_PendDataInit                          0x08004965   Thumb Code    38  os_core.o(.text)
    OS_RdyListRemove                         0x0800498b   Thumb Code    78  os_core.o(.text)
    OS_TaskBlock                             0x080049d9   Thumb Code    42  os_core.o(.text)
    OS_Pend                                  0x08004a03   Thumb Code    72  os_core.o(.text)
    OS_PendListRemove1                       0x08004a4b   Thumb Code    54  os_core.o(.text)
    OS_PendListRemove                        0x08004a81   Thumb Code    38  os_core.o(.text)
    OS_PendAbort1                            0x08004aa7   Thumb Code    32  os_core.o(.text)
    OS_RdyListInsertHead                     0x08004ac7   Thumb Code    52  os_core.o(.text)
    OS_RdyListInsertTail                     0x08004afb   Thumb Code    48  os_core.o(.text)
    OS_RdyListInsert                         0x08004b2b   Thumb Code    38  os_core.o(.text)
    OS_TaskRdy                               0x08004b51   Thumb Code    26  os_core.o(.text)
    OS_PendAbort                             0x08004b6b   Thumb Code   128  os_core.o(.text)
    OS_PendDbgNameRemove                     0x08004beb   Thumb Code    22  os_core.o(.text)
    OS_PendListChangePrio                    0x08004c01   Thumb Code    50  os_core.o(.text)
    OS_PendListInit                          0x08004c33   Thumb Code    10  os_core.o(.text)
    OS_PendListInsertHead                    0x08004c3d   Thumb Code    32  os_core.o(.text)
    OS_PendObjDel1                           0x08004c5d   Thumb Code    32  os_core.o(.text)
    OS_PendObjDel                            0x08004c7d   Thumb Code   156  os_core.o(.text)
    OS_Post1                                 0x08004d19   Thumb Code    38  os_core.o(.text)
    OS_Post                                  0x08004d3f   Thumb Code   154  os_core.o(.text)
    OS_SchedRoundRobin                       0x08004dd9   Thumb Code    80  os_core.o(.text)
    OS_Dbg_Init                              0x08004e39   Thumb Code     2  os_dbg.o(.text)
    OS_FlagDbgListAdd                        0x08004e3d   Thumb Code    26  os_flag.o(.text)
    OSFlagCreate                             0x08004e57   Thumb Code    86  os_flag.o(.text)
    OS_FlagClr                               0x08004ead   Thumb Code    18  os_flag.o(.text)
    OS_FlagDbgListRemove                     0x08004ebf   Thumb Code    36  os_flag.o(.text)
    OSFlagDel                                0x08004ee3   Thumb Code   222  os_flag.o(.text)
    OS_FlagBlock                             0x08004fc1   Thumb Code    28  os_flag.o(.text)
    OSFlagPend                               0x08004fdd   Thumb Code   534  os_flag.o(.text)
    OSFlagPendAbort                          0x080051f3   Thumb Code   212  os_flag.o(.text)
    OSFlagPendGetFlagsRdy                    0x080052c7   Thumb Code    44  os_flag.o(.text)
    OS_FlagTaskRdy                           0x080052f3   Thumb Code    64  os_flag.o(.text)
    OS_FlagPost                              0x08005333   Thumb Code   240  os_flag.o(.text)
    OSFlagPost                               0x08005423   Thumb Code    82  os_flag.o(.text)
    OS_FlagInit                              0x08005475   Thumb Code    14  os_flag.o(.text)
    OS_MemDbgListAdd                         0x08005499   Thumb Code    22  os_mem.o(.text)
    OSMemCreate                              0x080054af   Thumb Code   158  os_mem.o(.text)
    OSMemGet                                 0x0800554d   Thumb Code    60  os_mem.o(.text)
    OSMemPut                                 0x08005589   Thumb Code    70  os_mem.o(.text)
    OS_MemInit                               0x080055cf   Thumb Code    14  os_mem.o(.text)
    OS_MsgPoolInit                           0x080055ed   Thumb Code    92  os_msg.o(.text)
    OS_MsgQFreeAll                           0x08005649   Thumb Code    48  os_msg.o(.text)
    OS_MsgQInit                              0x08005679   Thumb Code    14  os_msg.o(.text)
    OS_MsgQGet                               0x08005687   Thumb Code    82  os_msg.o(.text)
    OS_MsgQPut                               0x080056d9   Thumb Code   132  os_msg.o(.text)
    OS_MutexDbgListAdd                       0x08005769   Thumb Code    26  os_mutex.o(.text)
    OSMutexCreate                            0x08005783   Thumb Code    94  os_mutex.o(.text)
    OS_MutexClr                              0x080057e1   Thumb Code    30  os_mutex.o(.text)
    OS_MutexDbgListRemove                    0x080057ff   Thumb Code    36  os_mutex.o(.text)
    OSMutexDel                               0x08005823   Thumb Code   304  os_mutex.o(.text)
    OSMutexPend                              0x08005953   Thumb Code   398  os_mutex.o(.text)
    OSMutexPendAbort                         0x08005ae1   Thumb Code   212  os_mutex.o(.text)
    OSMutexPost                              0x08005bb5   Thumb Code   272  os_mutex.o(.text)
    OS_MutexInit                             0x08005cc5   Thumb Code    14  os_mutex.o(.text)
    OS_PrioInit                              0x08005ced   Thumb Code    18  os_prio.o(.text)
    OS_PrioGetHighest                        0x08005cff   Thumb Code    32  os_prio.o(.text)
    OS_PrioInsert                            0x08005d1f   Thumb Code    28  os_prio.o(.text)
    OS_PrioRemove                            0x08005d3b   Thumb Code    28  os_prio.o(.text)
    OS_QDbgListAdd                           0x08005d5d   Thumb Code    26  os_q.o(.text)
    OSQCreate                                0x08005d77   Thumb Code   100  os_q.o(.text)
    OS_QClr                                  0x08005ddb   Thumb Code    40  os_q.o(.text)
    OS_QDbgListRemove                        0x08005e03   Thumb Code    36  os_q.o(.text)
    OSQDel                                   0x08005e27   Thumb Code   222  os_q.o(.text)
    OSQFlush                                 0x08005f05   Thumb Code    76  os_q.o(.text)
    OSQPend                                  0x08005f51   Thumb Code   316  os_q.o(.text)
    OSQPendAbort                             0x0800608d   Thumb Code   170  os_q.o(.text)
    OS_QPost                                 0x08006137   Thumb Code   166  os_q.o(.text)
    OSQPost                                  0x080061dd   Thumb Code   116  os_q.o(.text)
    OS_QInit                                 0x08006251   Thumb Code    14  os_q.o(.text)
    OS_SemDbgListAdd                         0x0800626d   Thumb Code    26  os_sem.o(.text)
    OSSemCreate                              0x08006287   Thumb Code    86  os_sem.o(.text)
    OS_SemClr                                0x080062dd   Thumb Code    20  os_sem.o(.text)
    OS_SemDbgListRemove                      0x080062f1   Thumb Code    36  os_sem.o(.text)
    OSSemDel                                 0x08006315   Thumb Code   222  os_sem.o(.text)
    OSSemPend                                0x080063f3   Thumb Code   290  os_sem.o(.text)
    OSSemPendAbort                           0x08006515   Thumb Code   170  os_sem.o(.text)
    OS_SemPost                               0x080065bf   Thumb Code   132  os_sem.o(.text)
    OSSemPost                                0x08006643   Thumb Code   120  os_sem.o(.text)
    OSSemSet                                 0x080066bb   Thumb Code    78  os_sem.o(.text)
    OS_SemInit                               0x08006709   Thumb Code    14  os_sem.o(.text)
    OSStatReset                              0x08006729   Thumb Code   126  os_stat.o(.text)
    OSStatTaskCPUUsageInit                   0x080067a7   Thumb Code    98  os_stat.o(.text)
    OS_StatTask                              0x08006809   Thumb Code   444  os_stat.o(.text)
    OS_StatTaskInit                          0x080069c5   Thumb Code   120  os_stat.o(.text)
    OSTaskChangePrio                         0x08006ab1   Thumb Code   178  os_task.o(.text)
    OS_TaskDbgListAdd                        0x08006b63   Thumb Code    30  os_task.o(.text)
    OS_TaskInitTCB                           0x08006b81   Thumb Code   162  os_task.o(.text)
    OSTaskCreate                             0x08006c23   Thumb Code   334  os_task.o(.text)
    OS_TaskDbgListRemove                     0x08006d71   Thumb Code    52  os_task.o(.text)
    OSTaskDel                                0x08006da5   Thumb Code   192  os_task.o(.text)
    OSTaskQFlush                             0x08006e65   Thumb Code   112  os_task.o(.text)
    OSTaskQPend                              0x08006ed5   Thumb Code   306  os_task.o(.text)
    OSTaskQPendAbort                         0x08007007   Thumb Code   126  os_task.o(.text)
    OS_TaskQPost                             0x08007085   Thumb Code   138  os_task.o(.text)
    OSTaskQPost                              0x0800710f   Thumb Code    66  os_task.o(.text)
    OSTaskRegGet                             0x08007151   Thumb Code    42  os_task.o(.text)
    OSTaskRegGetID                           0x0800717b   Thumb Code    42  os_task.o(.text)
    OSTaskRegSet                             0x080071a5   Thumb Code    40  os_task.o(.text)
    OS_TaskResume                            0x080071cd   Thumb Code   168  os_task.o(.text)
    OSTaskResume                             0x08007275   Thumb Code    60  os_task.o(.text)
    OSTaskSemPend                            0x080072b1   Thumb Code   290  os_task.o(.text)
    OSTaskSemPendAbort                       0x080073d3   Thumb Code   130  os_task.o(.text)
    OS_TaskSemPost                           0x08007455   Thumb Code   148  os_task.o(.text)
    OSTaskSemPost                            0x080074e9   Thumb Code    44  os_task.o(.text)
    OSTaskSemSet                             0x08007515   Thumb Code    52  os_task.o(.text)
    OSTaskStkChk                             0x08007549   Thumb Code   136  os_task.o(.text)
    OS_TaskSuspend                           0x080075d1   Thumb Code   144  os_task.o(.text)
    OSTaskSuspend                            0x08007661   Thumb Code    28  os_task.o(.text)
    OSTaskTimeQuantaSet                      0x0800767d   Thumb Code    68  os_task.o(.text)
    OS_TaskInit                              0x080076c1   Thumb Code    52  os_task.o(.text)
    OS_TaskReturn                            0x080076f5   Thumb Code    20  os_task.o(.text)
    OS_TickListRemove                        0x0800770d   Thumb Code    54  os_tick.o(.text)
    OS_TickListUpdate                        0x08007743   Thumb Code   266  os_tick.o(.text)
    OS_TickTask                              0x0800784d   Thumb Code    36  os_tick.o(.text)
    OS_TickListInit                          0x08007871   Thumb Code    34  os_tick.o(.text)
    OS_TickTaskInit                          0x08007893   Thumb Code   114  os_tick.o(.text)
    OS_TickListInsert                        0x08007905   Thumb Code   202  os_tick.o(.text)
    OS_TickListResetPeak                     0x080079cf   Thumb Code    30  os_tick.o(.text)
    OSTimeDly                                0x08007a2d   Thumb Code   128  os_time.o(.text)
    OSTimeDlyHMSM                            0x08007aad   Thumb Code   268  os_time.o(.text)
    OSTimeDlyResume                          0x08007bb9   Thumb Code   152  os_time.o(.text)
    OSTimeGet                                0x08007c51   Thumb Code    24  os_time.o(.text)
    OSTimeSet                                0x08007c69   Thumb Code    24  os_time.o(.text)
    OSTimeTick                               0x08007c81   Thumb Code    36  os_time.o(.text)
    ASCII_IsAlpha                            0x08007cc5   Thumb Code    22  lib_ascii.o(.text)
    ASCII_IsAlphaNum                         0x08007cdb   Thumb Code    28  lib_ascii.o(.text)
    ASCII_IsLower                            0x08007cf7   Thumb Code    14  lib_ascii.o(.text)
    ASCII_IsUpper                            0x08007d05   Thumb Code    14  lib_ascii.o(.text)
    ASCII_IsDig                              0x08007d13   Thumb Code    14  lib_ascii.o(.text)
    ASCII_IsDigOct                           0x08007d21   Thumb Code    14  lib_ascii.o(.text)
    ASCII_IsDigHex                           0x08007d2f   Thumb Code    28  lib_ascii.o(.text)
    ASCII_IsBlank                            0x08007d4b   Thumb Code    16  lib_ascii.o(.text)
    ASCII_IsSpace                            0x08007d5b   Thumb Code    32  lib_ascii.o(.text)
    ASCII_IsPrint                            0x08007d7b   Thumb Code    14  lib_ascii.o(.text)
    ASCII_IsGraph                            0x08007d89   Thumb Code    14  lib_ascii.o(.text)
    ASCII_IsPunct                            0x08007d97   Thumb Code    58  lib_ascii.o(.text)
    ASCII_IsCtrl                             0x08007dd1   Thumb Code    22  lib_ascii.o(.text)
    ASCII_ToLower                            0x08007de7   Thumb Code    14  lib_ascii.o(.text)
    ASCII_ToUpper                            0x08007df5   Thumb Code    14  lib_ascii.o(.text)
    ASCII_Cmp                                0x08007e03   Thumb Code    28  lib_ascii.o(.text)
    Mem_Init                                 0x08007e21   Thumb Code    54  lib_mem.o(.text)
    Mem_Set                                  0x08007e57   Thumb Code    70  lib_mem.o(.text)
    Mem_Clr                                  0x08007e9d   Thumb Code     6  lib_mem.o(.text)
    Mem_Move                                 0x08007ea3   Thumb Code   132  lib_mem.o(.text)
    Mem_Cmp                                  0x08007f27   Thumb Code   128  lib_mem.o(.text)
    Mem_HeapAlloc                            0x08008047   Thumb Code   164  lib_mem.o(.text)
    Mem_SegGetSizeRem                        0x080080eb   Thumb Code   114  lib_mem.o(.text)
    Mem_HeapGetSizeRem                       0x0800815d   Thumb Code     8  lib_mem.o(.text)
    Mem_PoolClr                              0x08008165   Thumb Code    68  lib_mem.o(.text)
    Mem_PoolCreate                           0x080081a9   Thumb Code   722  lib_mem.o(.text)
    Mem_PoolBlkGetNbrAvail                   0x0800847b   Thumb Code    64  lib_mem.o(.text)
    Mem_PoolBlkGet                           0x080084bb   Thumb Code   126  lib_mem.o(.text)
    Mem_PoolBlkGetUsedAtIx                   0x08008539   Thumb Code   102  lib_mem.o(.text)
    Mem_PoolBlkFree                          0x080085e5   Thumb Code   208  lib_mem.o(.text)
    Mem_PoolBlkIxGet                         0x080086b5   Thumb Code   186  lib_mem.o(.text)
    Mem_Copy                                 0x08008775   Thumb Code     0  lib_mem_a.o(.text)
    Str_Len_N                                0x08008995   Thumb Code    22  lib_str.o(.text)
    Str_Len                                  0x080089ab   Thumb Code     6  lib_str.o(.text)
    Str_Copy_N                               0x080089b1   Thumb Code    48  lib_str.o(.text)
    Str_Copy                                 0x080089e1   Thumb Code     6  lib_str.o(.text)
    Str_Cat_N                                0x080089e7   Thumb Code    58  lib_str.o(.text)
    Str_Cat                                  0x08008a21   Thumb Code     6  lib_str.o(.text)
    Str_Cmp_N                                0x08008a27   Thumb Code    86  lib_str.o(.text)
    Str_Cmp                                  0x08008a7d   Thumb Code     6  lib_str.o(.text)
    Str_CmpIgnoreCase_N                      0x08008a83   Thumb Code   146  lib_str.o(.text)
    Str_CmpIgnoreCase                        0x08008b15   Thumb Code     6  lib_str.o(.text)
    Str_Char_N                               0x08008b1b   Thumb Code    46  lib_str.o(.text)
    Str_Char                                 0x08008b49   Thumb Code     8  lib_str.o(.text)
    Str_Char_Last_N                          0x08008b51   Thumb Code    44  lib_str.o(.text)
    Str_Char_Last                            0x08008b7d   Thumb Code     8  lib_str.o(.text)
    Str_Char_Replace_N                       0x08008b85   Thumb Code    42  lib_str.o(.text)
    Str_Char_Replace                         0x08008baf   Thumb Code     6  lib_str.o(.text)
    Str_Str_N                                0x08008bb5   Thumb Code   120  lib_str.o(.text)
    Str_Str                                  0x08008c2d   Thumb Code     6  lib_str.o(.text)
    Str_FmtNbr_Int32U                        0x08008d83   Thumb Code    24  lib_str.o(.text)
    Str_FmtNbr_Int32S                        0x08008d9b   Thumb Code    40  lib_str.o(.text)
    Str_ParseNbr_Int32U                      0x08008ef7   Thumb Code    12  lib_str.o(.text)
    Str_ParseNbr_Int32S                      0x08008f03   Thumb Code    42  lib_str.o(.text)
    HandleAllModule                          0x0800909b   Thumb Code   136  appmain.o(.text)
    AppMain                                  0x080092b9   Thumb Code   374  appmain.o(.text)
    Init                                     0x080094d9   Thumb Code    10  protocol.o(.text)
    GetQueueLength                           0x080094e3   Thumb Code    24  protocol.o(.text)
    AddQueue                                 0x080094fb   Thumb Code    54  protocol.o(.text)
    DeleteQueue                              0x08009531   Thumb Code    42  protocol.o(.text)
    USART1_IRQHandler                        0x0800955d   Thumb Code    72  usart_serial.o(.text)
    GetUartReceiveTime                       0x080095a5   Thumb Code     6  usart_serial.o(.text)
    UsartSend                                0x080095ab   Thumb Code    46  usart_serial.o(.text)
    UartDeinit                               0x080095d9   Thumb Code    48  usart_serial.o(.text)
    ReadUsartData                            0x08009609   Thumb Code    54  usart_serial.o(.text)
    ReadUsartDataEx                          0x0800963f   Thumb Code    62  usart_serial.o(.text)
    ReadUsartDataSolod                       0x0800967d   Thumb Code    42  usart_serial.o(.text)
    __aeabi_uldivmod                         0x080096b5   Thumb Code    98  uldiv.o(.text)
    __aeabi_memcpy                           0x08009717   Thumb Code    36  memcpya.o(.text)
    __aeabi_memcpy4                          0x08009717   Thumb Code     0  memcpya.o(.text)
    __aeabi_memcpy8                          0x08009717   Thumb Code     0  memcpya.o(.text)
    __aeabi_memset                           0x0800973b   Thumb Code    14  memseta.o(.text)
    __aeabi_memset4                          0x0800973b   Thumb Code     0  memseta.o(.text)
    __aeabi_memset8                          0x0800973b   Thumb Code     0  memseta.o(.text)
    __aeabi_memclr                           0x08009749   Thumb Code     4  memseta.o(.text)
    __aeabi_memclr4                          0x08009749   Thumb Code     0  memseta.o(.text)
    __aeabi_memclr8                          0x08009749   Thumb Code     0  memseta.o(.text)
    _memset$wrapper                          0x0800974d   Thumb Code    18  memseta.o(.text)
    strcat                                   0x0800975f   Thumb Code    24  strcat.o(.text)
    strlen                                   0x08009777   Thumb Code    14  strlen.o(.text)
    memcmp                                   0x08009785   Thumb Code    26  memcmp.o(.text)
    __aeabi_dadd                             0x0800979f   Thumb Code   322  dadd.o(.text)
    __aeabi_dsub                             0x080098e1   Thumb Code     6  dadd.o(.text)
    __aeabi_drsub                            0x080098e7   Thumb Code     6  dadd.o(.text)
    __aeabi_dmul                             0x080098ed   Thumb Code   228  dmul.o(.text)
    __aeabi_ddiv                             0x080099d1   Thumb Code   222  ddiv.o(.text)
    __ARM_scalbn                             0x08009aaf   Thumb Code    46  dscalb.o(.text)
    scalbn                                   0x08009aaf   Thumb Code     0  dscalb.o(.text)
    __aeabi_ui2d                             0x08009add   Thumb Code    26  dfltui.o(.text)
    __aeabi_cdcmpeq                          0x08009af9   Thumb Code     0  cdcmple.o(.text)
    __aeabi_cdcmple                          0x08009af9   Thumb Code    38  cdcmple.o(.text)
    __aeabi_cdrcmple                         0x08009b21   Thumb Code    38  cdrcmple.o(.text)
    __aeabi_uidiv                            0x08009b49   Thumb Code     0  uidiv.o(.text)
    __aeabi_uidivmod                         0x08009b49   Thumb Code    44  uidiv.o(.text)
    __aeabi_llsl                             0x08009b75   Thumb Code    30  llshl.o(.text)
    _ll_shift_l                              0x08009b75   Thumb Code     0  llshl.o(.text)
    __aeabi_llsr                             0x08009b93   Thumb Code    32  llushr.o(.text)
    _ll_ushift_r                             0x08009b93   Thumb Code     0  llushr.o(.text)
    __aeabi_lasr                             0x08009bb3   Thumb Code    36  llsshr.o(.text)
    _ll_sshift_r                             0x08009bb3   Thumb Code     0  llsshr.o(.text)
    __I$use$fp                               0x08009bd7   Thumb Code     0  iusefp.o(.text)
    _double_round                            0x08009bd7   Thumb Code    26  depilogue.o(.text)
    _double_epilogue                         0x08009bf1   Thumb Code   164  depilogue.o(.text)
    _dsqrt                                   0x08009c95   Thumb Code   162  dsqrt.o(.text)
    __aeabi_i2d                              0x08009d37   Thumb Code    34  dflti.o(.text)
    __aeabi_d2ulz                            0x08009d59   Thumb Code    48  dfixul.o(.text)
    __scatterload                            0x08009d89   Thumb Code    28  init.o(.text)
    __scatterload_rt2                        0x08009d89   Thumb Code     0  init.o(.text)
    __decompress                             0x08009dad   Thumb Code     0  __dczerorl2.o(.text)
    __decompress1                            0x08009dad   Thumb Code    92  __dczerorl2.o(.text)
    OSStartHighRdy                           0x08009e09   Thumb Code     0  os_cpu_a.o(CODE)
    OSCtxSw                                  0x08009e2b   Thumb Code     0  os_cpu_a.o(CODE)
    OSIntCtxSw                               0x08009e35   Thumb Code     0  os_cpu_a.o(CODE)
    OS_CPU_PendSVHandler                     0x08009e3f   Thumb Code     0  os_cpu_a.o(CODE)
    __0printf                                0x08009ea1   Thumb Code    22  printfa.o(i.__0printf)
    __1printf                                0x08009ea1   Thumb Code     0  printfa.o(i.__0printf)
    __2printf                                0x08009ea1   Thumb Code     0  printfa.o(i.__0printf)
    __c89printf                              0x08009ea1   Thumb Code     0  printfa.o(i.__0printf)
    printf                                   0x08009ea1   Thumb Code     0  printfa.o(i.__0printf)
    __0sprintf                               0x08009ec1   Thumb Code    34  printfa.o(i.__0sprintf)
    __1sprintf                               0x08009ec1   Thumb Code     0  printfa.o(i.__0sprintf)
    __2sprintf                               0x08009ec1   Thumb Code     0  printfa.o(i.__0sprintf)
    __c89sprintf                             0x08009ec1   Thumb Code     0  printfa.o(i.__0sprintf)
    sprintf                                  0x08009ec1   Thumb Code     0  printfa.o(i.__0sprintf)
    __kernel_poly                            0x08009ee9   Thumb Code   170  poly.o(i.__kernel_poly)
    __scatterload_copy                       0x08009f93   Thumb Code    14  handlers.o(i.__scatterload_copy)
    __scatterload_null                       0x08009fa1   Thumb Code     2  handlers.o(i.__scatterload_null)
    __scatterload_zeroinit                   0x08009fa3   Thumb Code    14  handlers.o(i.__scatterload_zeroinit)
    __set_errno                              0x08009fb1   Thumb Code     6  errno.o(i.__set_errno)
    free                                     0x0800a869   Thumb Code    76  malloc.o(i.free)
    log                                      0x0800a8b9   Thumb Code   822  log.o(i.log)
    malloc                                   0x0800ac29   Thumb Code    92  malloc.o(i.malloc)
    sqrt                                     0x0800ac95   Thumb Code    76  sqrt.o(i.sqrt)
    OSCfg_IdleTaskStkBasePtr                 0x0800ade0   Data           4  os_cfg_app.o(.constdata)
    OSCfg_IdleTaskStkLimit                   0x0800ade4   Data           4  os_cfg_app.o(.constdata)
    OSCfg_IdleTaskStkSize                    0x0800ade8   Data           4  os_cfg_app.o(.constdata)
    OSCfg_ISRStkBasePtr                      0x0800adec   Data           4  os_cfg_app.o(.constdata)
    OSCfg_ISRStkSize                         0x0800adf0   Data           4  os_cfg_app.o(.constdata)
    OSCfg_MsgPoolSize                        0x0800adf4   Data           2  os_cfg_app.o(.constdata)
    OSCfg_MsgPoolBasePtr                     0x0800adf8   Data           4  os_cfg_app.o(.constdata)
    OSCfg_StatTaskPrio                       0x0800adfc   Data           1  os_cfg_app.o(.constdata)
    OSCfg_StatTaskRate_Hz                    0x0800ae00   Data           4  os_cfg_app.o(.constdata)
    OSCfg_StatTaskStkBasePtr                 0x0800ae04   Data           4  os_cfg_app.o(.constdata)
    OSCfg_StatTaskStkLimit                   0x0800ae08   Data           4  os_cfg_app.o(.constdata)
    OSCfg_StatTaskStkSize                    0x0800ae0c   Data           4  os_cfg_app.o(.constdata)
    OSCfg_StkSizeMin                         0x0800ae10   Data           4  os_cfg_app.o(.constdata)
    OSCfg_TickRate_Hz                        0x0800ae14   Data           4  os_cfg_app.o(.constdata)
    OSCfg_TickTaskPrio                       0x0800ae18   Data           1  os_cfg_app.o(.constdata)
    OSCfg_TickTaskStkBasePtr                 0x0800ae1c   Data           4  os_cfg_app.o(.constdata)
    OSCfg_TickTaskStkLimit                   0x0800ae20   Data           4  os_cfg_app.o(.constdata)
    OSCfg_TickTaskStkSize                    0x0800ae24   Data           4  os_cfg_app.o(.constdata)
    OSCfg_TickWheelSize                      0x0800ae28   Data           2  os_cfg_app.o(.constdata)
    szEndInfo                                0x0800aec0   Data           3  appmain.o(.constdata)
    szDeviceInfo                             0x0800aec3   Data           4  appmain.o(.constdata)
    szDeviceName                             0x0800aec7   Data           6  appmain.o(.constdata)
    szInfo1                                  0x0800aecd   Data           7  appmain.o(.constdata)
    szErrorInfo1                             0x0800aed4   Data          11  appmain.o(.constdata)
    szErrorInfo2                             0x0800aedf   Data          14  appmain.o(.constdata)
    szInfo2                                  0x0800aeed   Data           9  appmain.o(.constdata)
    szInqueryCmd                             0x0800aef6   Data          10  appmain.o(.constdata)
    __mathlib_zero                           0x0800af88   Data           8  qnan.o(.constdata)
    Region$$Table$$Base                      0x0800af90   Number         0  anon$$obj.o(Region$$Table)
    Region$$Table$$Limit                     0x0800afb0   Number         0  anon$$obj.o(Region$$Table)
    takeflag                                 0x20000000   Data           1  app.o(.data)
    yuliangcishu                             0x20000004   Data           4  app.o(.data)
    pUart3QueueInfo                          0x20000008   Data           4  app.o(.data)
    PulseNUM                                 0x2000000c   Data           1  freqmeasurement.o(.data)
    measureflag                              0x20000010   Data           1  stm32f4xx_it.o(.data)
    PulseNumFlag                             0x20000011   Data           1  stm32f4xx_it.o(.data)
    CountTimes                               0x20000014   Data           4  stm32f4xx_it.o(.data)
    OnFreq                                   0x20000018   Data           8  stm32f4xx_it.o(.data)
    SystemCoreClock                          0x20000020   Data           4  system_stm32f4xx.o(.data)
    AHBPrescTable                            0x20000024   Data          16  system_stm32f4xx.o(.data)
    CPU_TS_TmrFreq_Hz                        0x20000044   Data           4  cpu_core.o(.data)
    OS_CPU_ExceptStkBase                     0x20000048   Data           4  os_cpu_c.o(.data)
    OSPrioTbl                                0x2000004c   Data           8  os_prio.o(.data)
    OS_AppTaskCreateHookPtr                  0x20000054   Data           4  os_var.o(.data)
    OS_AppTaskDelHookPtr                     0x20000058   Data           4  os_var.o(.data)
    OS_AppTaskReturnHookPtr                  0x2000005c   Data           4  os_var.o(.data)
    OS_AppIdleTaskHookPtr                    0x20000060   Data           4  os_var.o(.data)
    OS_AppStatTaskHookPtr                    0x20000064   Data           4  os_var.o(.data)
    OS_AppTaskSwHookPtr                      0x20000068   Data           4  os_var.o(.data)
    OS_AppTimeTickHookPtr                    0x2000006c   Data           4  os_var.o(.data)
    OSIdleTaskCtr                            0x20000070   Data           4  os_var.o(.data)
    OSIntNestingCtr                          0x20000074   Data           1  os_var.o(.data)
    OSRunning                                0x20000075   Data           1  os_var.o(.data)
    OSFlagDbgListPtr                         0x20000078   Data           4  os_var.o(.data)
    OSFlagQty                                0x2000007c   Data           2  os_var.o(.data)
    OSMemDbgListPtr                          0x20000080   Data           4  os_var.o(.data)
    OSMemQty                                 0x20000084   Data           2  os_var.o(.data)
    OSMutexDbgListPtr                        0x20000088   Data           4  os_var.o(.data)
    OSMutexQty                               0x2000008c   Data           2  os_var.o(.data)
    OSPrioCur                                0x2000008e   Data           1  os_var.o(.data)
    OSPrioHighRdy                            0x2000008f   Data           1  os_var.o(.data)
    OSPrioSaved                              0x20000090   Data           1  os_var.o(.data)
    OSQDbgListPtr                            0x20000094   Data           4  os_var.o(.data)
    OSQQty                                   0x20000098   Data           2  os_var.o(.data)
    OSSchedLockNestingCtr                    0x2000009a   Data           1  os_var.o(.data)
    OSSchedRoundRobinDfltTimeQuanta          0x2000009c   Data           4  os_var.o(.data)
    OSSchedRoundRobinEn                      0x200000a0   Data           1  os_var.o(.data)
    OSSemDbgListPtr                          0x200000a4   Data           4  os_var.o(.data)
    OSSemQty                                 0x200000a8   Data           2  os_var.o(.data)
    OSStatResetFlag                          0x200000aa   Data           1  os_var.o(.data)
    OSStatTaskCPUUsage                       0x200000ac   Data           2  os_var.o(.data)
    OSStatTaskCPUUsageMax                    0x200000ae   Data           2  os_var.o(.data)
    OSStatTaskCtr                            0x200000b0   Data           4  os_var.o(.data)
    OSStatTaskCtrMax                         0x200000b4   Data           4  os_var.o(.data)
    OSStatTaskCtrRun                         0x200000b8   Data           4  os_var.o(.data)
    OSStatTaskRdy                            0x200000bc   Data           1  os_var.o(.data)
    OSStatTaskTimeMax                        0x200000c0   Data           4  os_var.o(.data)
    OSTaskCtxSwCtr                           0x200000c4   Data           4  os_var.o(.data)
    OSTaskDbgListPtr                         0x200000c8   Data           4  os_var.o(.data)
    OSTaskQty                                0x200000cc   Data           2  os_var.o(.data)
    OSTaskRegNextAvailID                     0x200000ce   Data           1  os_var.o(.data)
    OSTickCtr                                0x200000d0   Data           4  os_var.o(.data)
    OSTickTaskTimeMax                        0x200000d4   Data           4  os_var.o(.data)
    OSTCBCurPtr                              0x200000d8   Data           4  os_var.o(.data)
    OSTCBHighRdyPtr                          0x200000dc   Data           4  os_var.o(.data)
    Mem_PoolTbl                              0x200000e0   Data           4  lib_mem.o(.data)
    clearbuffer                              0x200000e4   Data           1  appmain.o(.data)
    szInquery1Cmd                            0x200000e5   Data          16  appmain.o(.data)
    szConfigureInfo1                         0x200000f5   Data          32  appmain.o(.data)
    szConfigureInfo2                         0x20000115   Data          30  appmain.o(.data)
    szCmd1                                   0x20000133   Data          20  appmain.o(.data)
    szCmd2                                   0x20000147   Data          18  appmain.o(.data)
    szCmd3                                   0x20000159   Data          23  appmain.o(.data)
    szResponse                               0x20000170   Data          20  appmain.o(.data)
    preData                                  0x20000184   Data           1  usart_serial.o(.data)
    finishflag                               0x20000185   Data           1  usart_serial.o(.data)
    __stdout                                 0x2000018c   Data           4  stdout.o(.data)
    __microlib_freelist                      0x20000190   Data           4  mvars.o(.data)
    __microlib_freelist_initialised          0x20000194   Data           4  mvars.o(.data)
    yuliang                                  0x200073dc   Data        1024  app.o(.bss)
    yuliang_buf                              0x200077dc   Data          25  stm32f4xx_it.o(.bss)
    CPU_Name                                 0x200077f5   Data          16  cpu_core.o(.bss)
    OSCfg_IdleTaskStk                        0x20007808   Data         512  os_cfg_app.o(.bss)
    OSCfg_ISRStk                             0x20007a08   Data        1024  os_cfg_app.o(.bss)
    OSCfg_MsgPool                            0x20007e08   Data        1600  os_cfg_app.o(.bss)
    OSCfg_StatTaskStk                        0x20008448   Data         512  os_cfg_app.o(.bss)
    OSCfg_TickTaskStk                        0x20008648   Data         512  os_cfg_app.o(.bss)
    OSCfg_TickWheel                          0x20008848   Data         128  os_cfg_app.o(.bss)
    OSIdleTaskTCB                            0x200088c8   Data         192  os_var.o(.bss)
    OSMsgPool                                0x20008988   Data          12  os_var.o(.bss)
    OSRdyList                                0x20008994   Data         768  os_var.o(.bss)
    OSStatTaskTCB                            0x20008c94   Data         192  os_var.o(.bss)
    OSTickTaskTCB                            0x20008d54   Data         192  os_var.o(.bss)
    Mem_PoolHeap                             0x20008e14   Data          72  lib_mem.o(.bss)
    Mem_Heap                                 0x20008e5c   Data       23552  lib_mem.o(.bss)
    __heap_base                              0x2000ea60   Data           0  startup_stm32f40_41xxx.o(HEAP)
    __heap_limit                             0x20016a60   Data           0  startup_stm32f40_41xxx.o(HEAP)
    __initial_sp                             0x2001aa60   Data           0  startup_stm32f40_41xxx.o(STACK)



==============================================================================

Memory Map of the image

  Image Entry point : 0x08000189

  Load Region LR_IROM1 (Base: 0x08000000, Size: 0x0000b14c, Max: 0x00100000, ABSOLUTE, COMPRESSED[0x0000b020])

    Execution Region ER_IROM1 (Base: 0x08000000, Size: 0x0000afb0, Max: 0x00100000, ABSOLUTE)

    Base Addr    Size         Type   Attr      Idx    E Section Name        Object

    0x08000000   0x00000188   Data   RO          676    RESET               startup_stm32f40_41xxx.o
    0x08000188   0x00000000   Code   RO         1580  * .ARM.Collect$$$$00000000  mc_w.l(entry.o)
    0x08000188   0x00000004   Code   RO         1903    .ARM.Collect$$$$00000001  mc_w.l(entry2.o)
    0x0800018c   0x00000004   Code   RO         1906    .ARM.Collect$$$$00000004  mc_w.l(entry5.o)
    0x08000190   0x00000000   Code   RO         1908    .ARM.Collect$$$$00000008  mc_w.l(entry7b.o)
    0x08000190   0x00000000   Code   RO         1910    .ARM.Collect$$$$0000000A  mc_w.l(entry8b.o)
    0x08000190   0x00000008   Code   RO         1911    .ARM.Collect$$$$0000000B  mc_w.l(entry9a.o)
    0x08000198   0x00000000   Code   RO         1913    .ARM.Collect$$$$0000000D  mc_w.l(entry10a.o)
    0x08000198   0x00000000   Code   RO         1915    .ARM.Collect$$$$0000000F  mc_w.l(entry11a.o)
    0x08000198   0x00000004   Code   RO         1904    .ARM.Collect$$$$00002712  mc_w.l(entry2.o)
    0x0800019c   0x000000b0   Code   RO            3    .text               bsp.o
    0x0800024c   0x00000064   Code   RO          219    .text               main.o
    0x080002b0   0x0000019c   Code   RO          298    .text               app.o
    0x0800044c   0x00000650   Code   RO          323    .text               freqmeasurement.o
    0x08000a9c   0x0000009c   Code   RO          346    .text               tools.o
    0x08000b38   0x00000104   Code   RO          366    .text               bsp_init.o
    0x08000c3c   0x0000024c   Code   RO          386    .text               bsp_usart.o
    0x08000e88   0x00000378   Code   RO          410    .text               bsp_ltc2402.o
    0x08001200   0x00000204   Code   RO          452    .text               bsp_rtc.o
    0x08001404   0x000000d8   Code   RO          472    .text               bsp_485.o
    0x080014dc   0x000001c8   Code   RO          498    .text               bsp_io_control.o
    0x080016a4   0x00000198   Code   RO          518    .text               stm32f4xx_it.o
    0x0800183c   0x00000170   Code   RO          595    .text               system_stm32f4xx.o
    0x080019ac   0x00000024   Code   RO          677    .text               startup_stm32f40_41xxx.o
    0x080019d0   0x000000b0   Code   RO          683    .text               misc.o
    0x08001a80   0x00000040   Code   RO          703    .text               stm32f4xx_crc.o
    0x08001ac0   0x000000e8   Code   RO          723    .text               stm32f4xx_exti.o
    0x08001ba8   0x000001ec   Code   RO          743    .text               stm32f4xx_gpio.o
    0x08001d94   0x000003d4   Code   RO          763    .text               stm32f4xx_rcc.o
    0x08002168   0x0000006c   Code   RO          785    .text               stm32f4xx_syscfg.o
    0x080021d4   0x00000344   Code   RO          805    .text               stm32f4xx_usart.o
    0x08002518   0x000009dc   Code   RO          825    .text               stm32f4xx_tim.o
    0x08002ef4   0x000002f0   Code   RO          846    .text               stm32f4xx_spi.o
    0x080031e4   0x00000a24   Code   RO          866    .text               stm32f4xx_rtc.o
    0x08003c08   0x000000d0   Code   RO          887    .text               stm32f4xx_pwr.o
    0x08003cd8   0x00000080   Code   RO          907    .text               stm32f4xx_wwdg.o
    0x08003d58   0x0000003c   Code   RO          927    .text               stm32f4xx_iwdg.o
    0x08003d94   0x00000354   Code   RO          947    .text               stm32f4xx_adc.o
    0x080040e8   0x00000034   Code   RO          965    .text               cpu_a.o
    0x0800411c   0x000001c0   Code   RO          980    .text               cpu_core.o
    0x080042dc   0x0000016c   Code   RO         1004    .text               os_cpu_c.o
    0x08004448   0x00000002   Code   RO         1022    .text               os_cfg_app.o
    0x0800444a   0x00000002   PAD
    0x0800444c   0x000009ec   Code   RO         1090    .text               os_core.o
    0x08004e38   0x00000002   Code   RO         1103    .text               os_dbg.o
    0x08004e3a   0x00000002   PAD
    0x08004e3c   0x0000065c   Code   RO         1123    .text               os_flag.o
    0x08005498   0x00000154   Code   RO         1142    .text               os_mem.o
    0x080055ec   0x0000017c   Code   RO         1154    .text               os_msg.o
    0x08005768   0x00000584   Code   RO         1166    .text               os_mutex.o
    0x08005cec   0x00000070   Code   RO         1191    .text               os_prio.o
    0x08005d5c   0x00000510   Code   RO         1210    .text               os_q.o
    0x0800626c   0x000004bc   Code   RO         1223    .text               os_sem.o
    0x08006728   0x00000388   Code   RO         1236    .text               os_stat.o
    0x08006ab0   0x00000c5c   Code   RO         1248    .text               os_task.o
    0x0800770c   0x00000320   Code   RO         1260    .text               os_tick.o
    0x08007a2c   0x00000298   Code   RO         1273    .text               os_time.o
    0x08007cc4   0x0000015a   Code   RO         1350    .text               lib_ascii.o
    0x08007e1e   0x00000002   PAD
    0x08007e20   0x00000954   Code   RO         1385    .text               lib_mem.o
    0x08008774   0x00000220   Code   RO         1404    .text               lib_mem_a.o
    0x08008994   0x0000059c   Code   RO         1407    .text               lib_str.o
    0x08008f30   0x000005a8   Code   RO         1427    .text               appmain.o
    0x080094d8   0x00000082   Code   RO         1472    .text               protocol.o
    0x0800955a   0x00000002   PAD
    0x0800955c   0x00000158   Code   RO         1511    .text               usart_serial.o
    0x080096b4   0x00000062   Code   RO         1583    .text               mc_w.l(uldiv.o)
    0x08009716   0x00000024   Code   RO         1585    .text               mc_w.l(memcpya.o)
    0x0800973a   0x00000024   Code   RO         1587    .text               mc_w.l(memseta.o)
    0x0800975e   0x00000018   Code   RO         1589    .text               mc_w.l(strcat.o)
    0x08009776   0x0000000e   Code   RO         1591    .text               mc_w.l(strlen.o)
    0x08009784   0x0000001a   Code   RO         1593    .text               mc_w.l(memcmp.o)
    0x0800979e   0x0000014e   Code   RO         1886    .text               mf_w.l(dadd.o)
    0x080098ec   0x000000e4   Code   RO         1888    .text               mf_w.l(dmul.o)
    0x080099d0   0x000000de   Code   RO         1890    .text               mf_w.l(ddiv.o)
    0x08009aae   0x0000002e   Code   RO         1892    .text               mf_w.l(dscalb.o)
    0x08009adc   0x0000001a   Code   RO         1894    .text               mf_w.l(dfltui.o)
    0x08009af6   0x00000002   PAD
    0x08009af8   0x00000028   Code   RO         1896    .text               mf_w.l(cdcmple.o)
    0x08009b20   0x00000028   Code   RO         1898    .text               mf_w.l(cdrcmple.o)
    0x08009b48   0x0000002c   Code   RO         1918    .text               mc_w.l(uidiv.o)
    0x08009b74   0x0000001e   Code   RO         1920    .text               mc_w.l(llshl.o)
    0x08009b92   0x00000020   Code   RO         1922    .text               mc_w.l(llushr.o)
    0x08009bb2   0x00000024   Code   RO         1924    .text               mc_w.l(llsshr.o)
    0x08009bd6   0x00000000   Code   RO         1935    .text               mc_w.l(iusefp.o)
    0x08009bd6   0x000000be   Code   RO         1936    .text               mf_w.l(depilogue.o)
    0x08009c94   0x000000a2   Code   RO         1938    .text               mf_w.l(dsqrt.o)
    0x08009d36   0x00000022   Code   RO         1940    .text               mf_w.l(dflti.o)
    0x08009d58   0x00000030   Code   RO         1942    .text               mf_w.l(dfixul.o)
    0x08009d88   0x00000024   Code   RO         1944    .text               mc_w.l(init.o)
    0x08009dac   0x0000005c   Code   RO         1954    .text               mc_w.l(__dczerorl2.o)
    0x08009e08   0x00000098   Code   RO         1001    CODE                os_cpu_a.o
    0x08009ea0   0x00000020   Code   RO         1830    i.__0printf         mc_w.l(printfa.o)
    0x08009ec0   0x00000028   Code   RO         1832    i.__0sprintf        mc_w.l(printfa.o)
    0x08009ee8   0x000000aa   Code   RO         1900    i.__kernel_poly     m_ws.l(poly.o)
    0x08009f92   0x0000000e   Code   RO         1948    i.__scatterload_copy  mc_w.l(handlers.o)
    0x08009fa0   0x00000002   Code   RO         1949    i.__scatterload_null  mc_w.l(handlers.o)
    0x08009fa2   0x0000000e   Code   RO         1950    i.__scatterload_zeroinit  mc_w.l(handlers.o)
    0x08009fb0   0x0000000c   Code   RO         1930    i.__set_errno       mc_w.l(errno.o)
    0x08009fbc   0x0000015c   Code   RO         1837    i._fp_digits        mc_w.l(printfa.o)
    0x0800a118   0x000006f0   Code   RO         1838    i._printf_core      mc_w.l(printfa.o)
    0x0800a808   0x00000026   Code   RO         1839    i._printf_post_padding  mc_w.l(printfa.o)
    0x0800a82e   0x00000030   Code   RO         1840    i._printf_pre_padding  mc_w.l(printfa.o)
    0x0800a85e   0x0000000a   Code   RO         1842    i._sputc            mc_w.l(printfa.o)
    0x0800a868   0x00000050   Code   RO         1858    i.free              mc_w.l(malloc.o)
    0x0800a8b8   0x00000370   Code   RO         1563    i.log               m_ws.l(log.o)
    0x0800ac28   0x0000006c   Code   RO         1859    i.malloc            mc_w.l(malloc.o)
    0x0800ac94   0x0000004c   Code   RO         1573    i.sqrt              m_ws.l(sqrt.o)
    0x0800ace0   0x00000100   Data   RO          982    .constdata          cpu_core.o
    0x0800ade0   0x00000004   Data   RO         1029    .constdata          os_cfg_app.o
    0x0800ade4   0x00000004   Data   RO         1030    .constdata          os_cfg_app.o
    0x0800ade8   0x00000004   Data   RO         1031    .constdata          os_cfg_app.o
    0x0800adec   0x00000004   Data   RO         1040    .constdata          os_cfg_app.o
    0x0800adf0   0x00000004   Data   RO         1041    .constdata          os_cfg_app.o
    0x0800adf4   0x00000002   Data   RO         1043    .constdata          os_cfg_app.o
    0x0800adf6   0x00000002   PAD
    0x0800adf8   0x00000004   Data   RO         1045    .constdata          os_cfg_app.o
    0x0800adfc   0x00000001   Data   RO         1046    .constdata          os_cfg_app.o
    0x0800adfd   0x00000003   PAD
    0x0800ae00   0x00000004   Data   RO         1047    .constdata          os_cfg_app.o
    0x0800ae04   0x00000004   Data   RO         1048    .constdata          os_cfg_app.o
    0x0800ae08   0x00000004   Data   RO         1049    .constdata          os_cfg_app.o
    0x0800ae0c   0x00000004   Data   RO         1050    .constdata          os_cfg_app.o
    0x0800ae10   0x00000004   Data   RO         1052    .constdata          os_cfg_app.o
    0x0800ae14   0x00000004   Data   RO         1053    .constdata          os_cfg_app.o
    0x0800ae18   0x00000001   Data   RO         1054    .constdata          os_cfg_app.o
    0x0800ae19   0x00000003   PAD
    0x0800ae1c   0x00000004   Data   RO         1055    .constdata          os_cfg_app.o
    0x0800ae20   0x00000004   Data   RO         1056    .constdata          os_cfg_app.o
    0x0800ae24   0x00000004   Data   RO         1057    .constdata          os_cfg_app.o
    0x0800ae28   0x00000002   Data   RO         1059    .constdata          os_cfg_app.o
    0x0800ae2a   0x00000002   PAD
    0x0800ae2c   0x00000094   Data   RO         1408    .constdata          lib_str.o
    0x0800aec0   0x0000008c   Data   RO         1428    .constdata          appmain.o
    0x0800af4c   0x00000004   PAD
    0x0800af50   0x00000038   Data   RO         1564    .constdata          m_ws.l(log.o)
    0x0800af88   0x00000008   Data   RO         1902    .constdata          m_ws.l(qnan.o)
    0x0800af90   0x00000020   Data   RO         1946    Region$$Table       anon$$obj.o


    Execution Region RW_IRAM1 (Base: 0x20000000, Size: 0x0001aa60, Max: 0x00020000, ABSOLUTE, COMPRESSED[0x00000070])

    Base Addr    Size         Type   Attr      Idx    E Section Name        Object

    0x20000000   0x0000000c   Data   RW          300    .data               app.o
    0x2000000c   0x00000001   Data   RW          324    .data               freqmeasurement.o
    0x2000000d   0x00000003   PAD
    0x20000010   0x00000010   Data   RW          521    .data               stm32f4xx_it.o
    0x20000020   0x00000014   Data   RW          596    .data               system_stm32f4xx.o
    0x20000034   0x00000010   Data   RW          764    .data               stm32f4xx_rcc.o
    0x20000044   0x00000004   Data   RW          983    .data               cpu_core.o
    0x20000048   0x00000004   Data   RW         1005    .data               os_cpu_c.o
    0x2000004c   0x00000008   Data   RW         1192    .data               os_prio.o
    0x20000054   0x00000004   Data   RW         1296    .data               os_var.o
    0x20000058   0x00000004   Data   RW         1297    .data               os_var.o
    0x2000005c   0x00000004   Data   RW         1298    .data               os_var.o
    0x20000060   0x00000004   Data   RW         1299    .data               os_var.o
    0x20000064   0x00000004   Data   RW         1300    .data               os_var.o
    0x20000068   0x00000004   Data   RW         1301    .data               os_var.o
    0x2000006c   0x00000004   Data   RW         1302    .data               os_var.o
    0x20000070   0x00000004   Data   RW         1303    .data               os_var.o
    0x20000074   0x00000001   Data   RW         1304    .data               os_var.o
    0x20000075   0x00000001   Data   RW         1305    .data               os_var.o
    0x20000076   0x00000002   PAD
    0x20000078   0x00000004   Data   RW         1306    .data               os_var.o
    0x2000007c   0x00000002   Data   RW         1307    .data               os_var.o
    0x2000007e   0x00000002   PAD
    0x20000080   0x00000004   Data   RW         1308    .data               os_var.o
    0x20000084   0x00000002   Data   RW         1309    .data               os_var.o
    0x20000086   0x00000002   PAD
    0x20000088   0x00000004   Data   RW         1310    .data               os_var.o
    0x2000008c   0x00000002   Data   RW         1311    .data               os_var.o
    0x2000008e   0x00000001   Data   RW         1312    .data               os_var.o
    0x2000008f   0x00000001   Data   RW         1313    .data               os_var.o
    0x20000090   0x00000001   Data   RW         1314    .data               os_var.o
    0x20000091   0x00000003   PAD
    0x20000094   0x00000004   Data   RW         1315    .data               os_var.o
    0x20000098   0x00000002   Data   RW         1316    .data               os_var.o
    0x2000009a   0x00000001   Data   RW         1317    .data               os_var.o
    0x2000009b   0x00000001   PAD
    0x2000009c   0x00000004   Data   RW         1318    .data               os_var.o
    0x200000a0   0x00000001   Data   RW         1319    .data               os_var.o
    0x200000a1   0x00000003   PAD
    0x200000a4   0x00000004   Data   RW         1320    .data               os_var.o
    0x200000a8   0x00000002   Data   RW         1321    .data               os_var.o
    0x200000aa   0x00000001   Data   RW         1322    .data               os_var.o
    0x200000ab   0x00000001   PAD
    0x200000ac   0x00000002   Data   RW         1323    .data               os_var.o
    0x200000ae   0x00000002   Data   RW         1324    .data               os_var.o
    0x200000b0   0x00000004   Data   RW         1325    .data               os_var.o
    0x200000b4   0x00000004   Data   RW         1326    .data               os_var.o
    0x200000b8   0x00000004   Data   RW         1327    .data               os_var.o
    0x200000bc   0x00000001   Data   RW         1328    .data               os_var.o
    0x200000bd   0x00000003   PAD
    0x200000c0   0x00000004   Data   RW         1329    .data               os_var.o
    0x200000c4   0x00000004   Data   RW         1330    .data               os_var.o
    0x200000c8   0x00000004   Data   RW         1331    .data               os_var.o
    0x200000cc   0x00000002   Data   RW         1332    .data               os_var.o
    0x200000ce   0x00000001   Data   RW         1333    .data               os_var.o
    0x200000cf   0x00000001   PAD
    0x200000d0   0x00000004   Data   RW         1334    .data               os_var.o
    0x200000d4   0x00000004   Data   RW         1335    .data               os_var.o
    0x200000d8   0x00000004   Data   RW         1336    .data               os_var.o
    0x200000dc   0x00000004   Data   RW         1337    .data               os_var.o
    0x200000e0   0x00000004   Data   RW         1387    .data               lib_mem.o
    0x200000e4   0x000000a0   Data   RW         1429    .data               appmain.o
    0x20000184   0x00000008   Data   RW         1512    .data               usart_serial.o
    0x2000018c   0x00000004   Data   RW         1917    .data               mc_w.l(stdout.o)
    0x20000190   0x00000004   Data   RW         1926    .data               mc_w.l(mvars.o)
    0x20000194   0x00000004   Data   RW         1927    .data               mc_w.l(mvars.o)
    0x20000198   0x00000004   Data   RW         1931    .data               mc_w.l(errno.o)
    0x2000019c   0x000010c0   Zero   RW          220    .bss                main.o
    0x2000125c   0x00006580   Zero   RW          299    .bss                app.o
    0x200077dc   0x00000019   Zero   RW          520    .bss                stm32f4xx_it.o
    0x200077f5   0x00000010   Zero   RW          981    .bss                cpu_core.o
    0x20007805   0x00000003   PAD
    0x20007808   0x00000200   Zero   RW         1023    .bss                os_cfg_app.o
    0x20007a08   0x00000400   Zero   RW         1024    .bss                os_cfg_app.o
    0x20007e08   0x00000640   Zero   RW         1025    .bss                os_cfg_app.o
    0x20008448   0x00000200   Zero   RW         1026    .bss                os_cfg_app.o
    0x20008648   0x00000200   Zero   RW         1027    .bss                os_cfg_app.o
    0x20008848   0x00000080   Zero   RW         1028    .bss                os_cfg_app.o
    0x200088c8   0x000000c0   Zero   RW         1291    .bss                os_var.o
    0x20008988   0x0000000c   Zero   RW         1292    .bss                os_var.o
    0x20008994   0x00000300   Zero   RW         1293    .bss                os_var.o
    0x20008c94   0x000000c0   Zero   RW         1294    .bss                os_var.o
    0x20008d54   0x000000c0   Zero   RW         1295    .bss                os_var.o
    0x20008e14   0x00005c48   Zero   RW         1386    .bss                lib_mem.o
    0x2000ea5c   0x00000004   PAD
    0x2000ea60   0x00008000   Zero   RW          675    HEAP                startup_stm32f40_41xxx.o
    0x20016a60   0x00004000   Zero   RW          674    STACK               startup_stm32f40_41xxx.o


==============================================================================

Image component sizes


      Code (inc. data)   RO Data    RW Data    ZI Data      Debug   Object Name

       412         56          0         12      25984       1819   app.o
      1448        148        140        160          0      10161   appmain.o
       176         28          0          0          0     366932   bsp.o
       216         20          0          0          0        989   bsp_485.o
       260          8          0          0          0       1099   bsp_init.o
       456         28          0          0          0       1561   bsp_io_control.o
       888        108          0          0          0       2565   bsp_ltc2402.o
       516         40          0          0          0       1573   bsp_rtc.o
       588         26          0          0          0       2684   bsp_usart.o
        52          0          0          0          0        236   cpu_a.o
       448         12        256          4         16       5702   cpu_core.o
      1616        102          0          1          0       3591   freqmeasurement.o
       346          0          0          0          0       3870   lib_ascii.o
      2388         40          0          4      23624      19780   lib_mem.o
       544          0          0          0          0        372   lib_mem_a.o
      1436          4        148          0          0       8684   lib_str.o
       100         26          0          0       4288        831   main.o
       176         16          0          0          0       1513   misc.o
         0          0          0          0          0      37772   os_app_hooks.o
         2          0         66          0       4288      18702   os_cfg_app.o
      2540        214          0          0          0       9726   os_core.o
       152         32          0          0          0        280   os_cpu_a.o
       364         62          0          4          0       2909   os_cpu_c.o
         2          0          0          0          0        770   os_dbg.o
      1628         70          0          0          0       5353   os_flag.o
       340         16          0          0          0       1968   os_mem.o
       380         12          0          0          0       2086   os_msg.o
      1412         84          0          0          0       4004   os_mutex.o
       112          6          0          8          0       1520   os_prio.o
      1296         50          0          0          0       4518   os_q.o
      1212         58          0          0          0       4442   os_sem.o
       904        116          0          0          0       2233   os_stat.o
      3164        164          0          0          0       9838   os_task.o
       800         72          0          0          0       2831   os_tick.o
       664         40          0          0          0       2505   os_time.o
         0          0          0        122       1356      17313   os_var.o
       130          0          0          0          0       5647   protocol.o
        36          8        392          0      49152        744   startup_stm32f40_41xxx.o
       852         24          0          0          0       8678   stm32f4xx_adc.o
        64          6          0          0          0       1446   stm32f4xx_crc.o
       232          8          0          0          0       1947   stm32f4xx_exti.o
       492         36          0          0          0       3277   stm32f4xx_gpio.o
       408         82          0         16         25     247957   stm32f4xx_it.o
        60          6          0          0          0       1113   stm32f4xx_iwdg.o
       208         12          0          0          0       2152   stm32f4xx_pwr.o
       980         42          0         16          0       9499   stm32f4xx_rcc.o
      2596         44          0          0          0      13398   stm32f4xx_rtc.o
       752         22          0          0          0       5613   stm32f4xx_spi.o
       108         14          0          0          0       1391   stm32f4xx_syscfg.o
      2524         52          0          0          0      17898   stm32f4xx_tim.o
       836         26          0          0          0       6360   stm32f4xx_usart.o
       128         10          0          0          0       2048   stm32f4xx_wwdg.o
       368         36          0         20          0     331487   system_stm32f4xx.o
       156         10          0          0          0       1181   tools.o
       344         14          0          8          0       2564   usart_serial.o

    ----------------------------------------------------------------------
     38320       2110       1048        396     108740    1227132   Object Totals
         0          0         32          0          0          0   (incl. Generated)
         8          0         14         21          7          0   (incl. Padding)

    ----------------------------------------------------------------------

      Code (inc. data)   RO Data    RW Data    ZI Data      Debug   Library Member Name

       880         58         56          0          0        264   log.o
       170          0          0          0          0         96   poly.o
         0          0          8          0          0          0   qnan.o
        76          0          0          0          0         84   sqrt.o
        92          0          0          0          0          0   __dczerorl2.o
         0          0          0          0          0          0   entry.o
         0          0          0          0          0          0   entry10a.o
         0          0          0          0          0          0   entry11a.o
         8          4          0          0          0          0   entry2.o
         4          0          0          0          0          0   entry5.o
         0          0          0          0          0          0   entry7b.o
         0          0          0          0          0          0   entry8b.o
         8          4          0          0          0          0   entry9a.o
        12          6          0          4          0         68   errno.o
        30          0          0          0          0          0   handlers.o
        36          8          0          0          0         68   init.o
         0          0          0          0          0          0   iusefp.o
        30          0          0          0          0         68   llshl.o
        36          0          0          0          0         68   llsshr.o
        32          0          0          0          0         68   llushr.o
       188         20          0          0          0        160   malloc.o
        26          0          0          0          0         80   memcmp.o
        36          0          0          0          0         68   memcpya.o
        36          0          0          0          0        108   memseta.o
         0          0          0          8          0          0   mvars.o
      2292         96          0          0          0        596   printfa.o
         0          0          0          4          0          0   stdout.o
        24          0          0          0          0         68   strcat.o
        14          0          0          0          0         68   strlen.o
        44          0          0          0          0         80   uidiv.o
        98          0          0          0          0         92   uldiv.o
        40          2          0          0          0         68   cdcmple.o
        40          2          0          0          0         68   cdrcmple.o
       334          0          0          0          0        148   dadd.o
       222          0          0          0          0        100   ddiv.o
       190          0          0          0          0        176   depilogue.o
        48          0          0          0          0         68   dfixul.o
        34          0          0          0          0         76   dflti.o
        26          0          0          0          0         76   dfltui.o
       228          0          0          0          0         96   dmul.o
        46          0          0          0          0         80   dscalb.o
       162          0          0          0          0        100   dsqrt.o

    ----------------------------------------------------------------------
      5544        200         64         16          0       3160   Library Totals
         2          0          0          0          0          0   (incl. Padding)

    ----------------------------------------------------------------------

      Code (inc. data)   RO Data    RW Data    ZI Data      Debug   Library Name

      1126         58         64          0          0        444   m_ws.l
      3046        138          0         16          0       1660   mc_w.l
      1370          4          0          0          0       1056   mf_w.l

    ----------------------------------------------------------------------
      5544        200         64         16          0       3160   Library Totals

    ----------------------------------------------------------------------

==============================================================================


      Code (inc. data)   RO Data    RW Data    ZI Data      Debug   

     43864       2310       1112        412     108740    1221816   Grand Totals
     43864       2310       1112        112     108740    1221816   ELF Image Totals (compressed)
     43864       2310       1112        112          0          0   ROM Totals

==============================================================================

    Total RO  Size (Code + RO Data)                44976 (  43.92kB)
    Total RW  Size (RW Data + ZI Data)            109152 ( 106.59kB)
    Total ROM Size (Code + RO Data + RW Data)      45088 (  44.03kB)

==============================================================================

