ARM Linker, 5.03 [Build 76] [MDK-ARM Professional]

==============================================================================

Section Cross References

    bsp.o(.text) refers to bsp_init.o(.text) for SetClock
    bsp.o(.text) refers to bsp_io_control.o(.text) for bsp_io_init
    bsp.o(.text) refers to bsp_usart.o(.text) for UsartConfig
    bsp.o(.text) refers to stm32f4xx_rcc.o(.text) for RCC_GetClocksFreq
    bsp.o(.text) refers to os_cpu_c.o(.text) for OS_CPU_SysTickInit
    bsp.o(.text) refers to cpu_core.o(.text) for CPU_TS_TmrFreqSet
    bsp.o(.text) refers to uldiv.o(.text) for __aeabi_uldivmod
    bsp.o(.text) refers to os_cfg_app.o(.constdata) for OSCfg_TickRate_Hz
    main.o(.text) refers to bsp.o(.text) for bsp_Init
    main.o(.text) refers to os_core.o(.text) for OSInit
    main.o(.text) refers to os_task.o(.text) for OSTaskCreate
    main.o(.text) refers to main.o(.bss) for .bss
    main.o(.text) refers to app.o(.text) for AppTaskStart
    os_app_hooks.o(.text) refers to cpu_a.o(.text) for CPU_SR_Save
    os_app_hooks.o(.text) refers to os_var.o(.data) for OS_AppTaskCreateHookPtr
    os_app_hooks.o(.text) refers to os_var.o(.data) for OS_AppTaskDelHookPtr
    os_app_hooks.o(.text) refers to os_var.o(.data) for OS_AppTaskReturnHookPtr
    os_app_hooks.o(.text) refers to os_var.o(.data) for OS_AppIdleTaskHookPtr
    os_app_hooks.o(.text) refers to os_var.o(.data) for OS_AppStatTaskHookPtr
    os_app_hooks.o(.text) refers to os_var.o(.data) for OS_AppTaskSwHookPtr
    os_app_hooks.o(.text) refers to os_var.o(.data) for OS_AppTimeTickHookPtr
    app.o(.text) refers to malloc.o(i.malloc) for malloc
    app.o(.text) refers to memseta.o(.text) for __aeabi_memclr
    app.o(.text) refers to printfa.o(i.__0printf) for __2printf
    app.o(.text) refers to bsp_io_control.o(.text) for bsp_io_init
    app.o(.text) refers to bsp_init.o(.text) for read_dev_id
    app.o(.text) refers to bsp_adc.o(.text) for voltage_adc_init
    app.o(.text) refers to rain.o(.text) for rain_gpio
    app.o(.text) refers to freqmeasurement.o(.text) for FreqModuleInit
    app.o(.text) refers to temperature.o(.text) for LTC2402Init
    app.o(.text) refers to bsp_rtc.o(.text) for RTC_Config
    app.o(.text) refers to appmain.o(.text) for AppMain
    app.o(.text) refers to os_time.o(.text) for OSTimeDlyHMSM
    app.o(.text) refers to cpu_core.o(.text) for CPU_Init
    app.o(.text) refers to bsp.o(.text) for BSP_Tick_Init
    app.o(.text) refers to os_task.o(.text) for OSTaskCreate
    app.o(.text) refers to app.o(.data) for .data
    app.o(.text) refers to app.o(.constdata) for .constdata
    app.o(.text) refers to app.o(.bss) for .bss
    freqmeasurement.o(.text) refers to misc.o(.text) for NVIC_PriorityGroupConfig
    freqmeasurement.o(.text) refers to stm32f4xx_rcc.o(.text) for RCC_APB1PeriphClockCmd
    freqmeasurement.o(.text) refers to stm32f4xx_tim.o(.text) for TIM_TimeBaseInit
    freqmeasurement.o(.text) refers to dmul.o(.text) for __aeabi_dmul
    freqmeasurement.o(.text) refers to ddiv.o(.text) for __aeabi_ddiv
    freqmeasurement.o(.text) refers to dadd.o(.text) for __aeabi_dadd
    freqmeasurement.o(.text) refers to stm32f4xx_gpio.o(.text) for GPIO_Init
    freqmeasurement.o(.text) refers to os_time.o(.text) for OSTimeDlyHMSM
    freqmeasurement.o(.text) refers to bsp_io_control.o(.text) for SW_VW
    freqmeasurement.o(.text) refers to freqmeasurement.o(.data) for .data
    freqmeasurement.o(.text) refers to stm32f4xx_it.o(.data) for OnFreq
    rain.o(.text) refers to stm32f4xx_rcc.o(.text) for RCC_APB2PeriphClockCmd
    rain.o(.text) refers to stm32f4xx_gpio.o(.text) for GPIO_Init
    rain.o(.text) refers to stm32f4xx_syscfg.o(.text) for SYSCFG_EXTILineConfig
    rain.o(.text) refers to stm32f4xx_exti.o(.text) for EXTI_Init
    rain.o(.text) refers to misc.o(.text) for NVIC_Init
    rain.o(.text) refers to os_core.o(.text) for OSIntEnter
    rain.o(.text) refers to bsp_flash.o(.text) for MCUFlashUnlock
    rain.o(.text) refers to stm32f4xx_flash.o(.text) for FLASH_ProgramWord
    rain.o(.text) refers to memseta.o(.text) for __aeabi_memclr
    rain.o(.text) refers to bsp_rtc.o(.text) for get_time
    rain.o(.text) refers to strcat.o(.text) for strcat
    rain.o(.text) refers to rain.o(.data) for .data
    rain.o(.text) refers to rain.o(.bss) for .bss
    temperature.o(.text) refers to stm32f4xx_rcc.o(.text) for RCC_AHB1PeriphClockCmd
    temperature.o(.text) refers to stm32f4xx_gpio.o(.text) for GPIO_Init
    temperature.o(.text) refers to stm32f4xx_spi.o(.text) for SPI_Init
    temperature.o(.text) refers to os_time.o(.text) for OSTimeDlyHMSM
    temperature.o(.text) refers to bsp_io_control.o(.text) for SW_VW
    temperature.o(.text) refers to dfltui.o(.text) for __aeabi_ui2d
    temperature.o(.text) refers to dscalb.o(.text) for __ARM_scalbn
    temperature.o(.text) refers to dmul.o(.text) for __aeabi_dmul
    temperature.o(.text) refers to cdrcmple.o(.text) for __aeabi_cdrcmple
[...]
    SPI_GetCRC                               0x08003ef9   Thumb Code    12  stm32f4xx_spi.o(.text)
    SPI_GetCRCPolynomial                     0x08003f05   Thumb Code     4  stm32f4xx_spi.o(.text)
    SPI_I2S_DMACmd                           0x08003f09   Thumb Code    16  stm32f4xx_spi.o(.text)
    SPI_I2S_ITConfig                         0x08003f19   Thumb Code    24  stm32f4xx_spi.o(.text)
    SPI_I2S_GetFlagStatus                    0x08003f31   Thumb Code    14  stm32f4xx_spi.o(.text)
    SPI_I2S_ClearFlag                        0x08003f3f   Thumb Code     6  stm32f4xx_spi.o(.text)
    SPI_I2S_GetITStatus                      0x08003f45   Thumb Code    44  stm32f4xx_spi.o(.text)
    SPI_I2S_ClearITPendingBit                0x08003f71   Thumb Code    14  stm32f4xx_spi.o(.text)
    RTC_WaitForSynchro                       0x08003f95   Thumb Code    70  stm32f4xx_rtc.o(.text)
    RTC_EnterInitMode                        0x08003fdb   Thumb Code    58  stm32f4xx_rtc.o(.text)
    RTC_DeInit                               0x08004015   Thumb Code   142  stm32f4xx_rtc.o(.text)
    RTC_ExitInitMode                         0x080040a3   Thumb Code    14  stm32f4xx_rtc.o(.text)
    RTC_Init                                 0x080040b1   Thumb Code    74  stm32f4xx_rtc.o(.text)
    RTC_StructInit                           0x080040fb   Thumb Code    14  stm32f4xx_rtc.o(.text)
    RTC_WriteProtectionCmd                   0x08004109   Thumb Code    18  stm32f4xx_rtc.o(.text)
    RTC_RefClockCmd                          0x0800411b   Thumb Code    56  stm32f4xx_rtc.o(.text)
    RTC_BypassShadowCmd                      0x08004153   Thumb Code    38  stm32f4xx_rtc.o(.text)
    RTC_SetTime                              0x08004179   Thumb Code   138  stm32f4xx_rtc.o(.text)
    RTC_TimeStructInit                       0x08004203   Thumb Code    12  stm32f4xx_rtc.o(.text)
    RTC_GetTime                              0x0800420f   Thumb Code    70  stm32f4xx_rtc.o(.text)
    RTC_GetSubSecond                         0x08004255   Thumb Code    14  stm32f4xx_rtc.o(.text)
    RTC_SetDate                              0x08004263   Thumb Code   136  stm32f4xx_rtc.o(.text)
    RTC_DateStructInit                       0x080042eb   Thumb Code    14  stm32f4xx_rtc.o(.text)
    RTC_GetDate                              0x080042f9   Thumb Code    66  stm32f4xx_rtc.o(.text)
    RTC_SetAlarm                             0x0800433b   Thumb Code   184  stm32f4xx_rtc.o(.text)
    RTC_AlarmStructInit                      0x080043f3   Thumb Code    20  stm32f4xx_rtc.o(.text)
    RTC_GetAlarm                             0x08004407   Thumb Code   104  stm32f4xx_rtc.o(.text)
    RTC_AlarmCmd                             0x0800446f   Thumb Code    78  stm32f4xx_rtc.o(.text)
    RTC_AlarmSubSecondConfig                 0x080044bd   Thumb Code    38  stm32f4xx_rtc.o(.text)
    RTC_GetAlarmSubSecond                    0x080044e3   Thumb Code    24  stm32f4xx_rtc.o(.text)
    RTC_WakeUpClockConfig                    0x080044fb   Thumb Code    34  stm32f4xx_rtc.o(.text)
    RTC_SetWakeUpCounter                     0x0800451d   Thumb Code    22  stm32f4xx_rtc.o(.text)
    RTC_GetWakeUpCounter                     0x08004533   Thumb Code    10  stm32f4xx_rtc.o(.text)
    RTC_WakeUpCmd                            0x0800453d   Thumb Code    84  stm32f4xx_rtc.o(.text)
    RTC_DayLightSavingConfig                 0x08004591   Thumb Code    38  stm32f4xx_rtc.o(.text)
    RTC_GetStoreOperation                    0x080045b7   Thumb Code    12  stm32f4xx_rtc.o(.text)
    RTC_OutputConfig                         0x080045c3   Thumb Code    38  stm32f4xx_rtc.o(.text)
    RTC_CoarseCalibConfig                    0x080045e9   Thumb Code    46  stm32f4xx_rtc.o(.text)
    RTC_CoarseCalibCmd                       0x08004617   Thumb Code    56  stm32f4xx_rtc.o(.text)
    RTC_CalibOutputCmd                       0x0800464f   Thumb Code    38  stm32f4xx_rtc.o(.text)
    RTC_CalibOutputConfig                    0x08004675   Thumb Code    34  stm32f4xx_rtc.o(.text)
    RTC_SmoothCalibConfig                    0x08004697   Thumb Code    72  stm32f4xx_rtc.o(.text)
    RTC_TimeStampCmd                         0x080046df   Thumb Code    42  stm32f4xx_rtc.o(.text)
    RTC_GetTimeStamp                         0x08004709   Thumb Code   130  stm32f4xx_rtc.o(.text)
    RTC_GetTimeStampSubSecond                0x0800478b   Thumb Code     8  stm32f4xx_rtc.o(.text)
    RTC_TamperTriggerConfig                  0x08004793   Thumb Code    24  stm32f4xx_rtc.o(.text)
    RTC_TamperCmd                            0x080047ab   Thumb Code    28  stm32f4xx_rtc.o(.text)
    RTC_TamperFilterConfig                   0x080047c7   Thumb Code    18  stm32f4xx_rtc.o(.text)
    RTC_TamperSamplingFreqConfig             0x080047d9   Thumb Code    18  stm32f4xx_rtc.o(.text)
    RTC_TamperPinsPrechargeDuration          0x080047eb   Thumb Code    18  stm32f4xx_rtc.o(.text)
    RTC_TimeStampOnTamperDetectionCmd        0x080047fd   Thumb Code    22  stm32f4xx_rtc.o(.text)
    RTC_TamperPullUpCmd                      0x08004813   Thumb Code    22  stm32f4xx_rtc.o(.text)
    RTC_WriteBackupRegister                  0x08004829   Thumb Code    16  stm32f4xx_rtc.o(.text)
    RTC_ReadBackupRegister                   0x08004839   Thumb Code    16  stm32f4xx_rtc.o(.text)
    RTC_TamperPinSelection                   0x08004849   Thumb Code    18  stm32f4xx_rtc.o(.text)
    RTC_TimeStampPinSelection                0x0800485b   Thumb Code    18  stm32f4xx_rtc.o(.text)
    RTC_OutputTypeConfig                     0x0800486d   Thumb Code    18  stm32f4xx_rtc.o(.text)
    RTC_SynchroShiftConfig                   0x0800487f   Thumb Code    86  stm32f4xx_rtc.o(.text)
    RTC_ITConfig                             0x080048d5   Thumb Code    60  stm32f4xx_rtc.o(.text)
    RTC_GetFlagStatus                        0x08004911   Thumb Code    24  stm32f4xx_rtc.o(.text)
    RTC_ClearFlag                            0x08004929   Thumb Code    24  stm32f4xx_rtc.o(.text)
    RTC_GetITStatus                          0x08004941   Thumb Code    46  stm32f4xx_rtc.o(.text)
    RTC_ClearITPendingBit                    0x0800496f   Thumb Code    24  stm32f4xx_rtc.o(.text)
    PWR_DeInit                               0x080049b9   Thumb Code    24  stm32f4xx_pwr.o(.text)
    PWR_BackupAccessCmd                      0x080049d1   Thumb Code     6  stm32f4xx_pwr.o(.text)
    PWR_PVDLevelConfig                       0x080049d7   Thumb Code    14  stm32f4xx_pwr.o(.text)
    PWR_PVDCmd                               0x080049e5   Thumb Code     6  stm32f4xx_pwr.o(.text)
    PWR_WakeUpPinCmd                         0x080049eb   Thumb Code     8  stm32f4xx_pwr.o(.text)
    PWR_BackupRegulatorCmd                   0x080049f3   Thumb Code     8  stm32f4xx_pwr.o(.text)
    PWR_MainRegulatorModeConfig              0x080049fb   Thumb Code    22  stm32f4xx_pwr.o(.text)
    PWR_FlashPowerDownCmd                    0x08004a11   Thumb Code     6  stm32f4xx_pwr.o(.text)
    PWR_EnterSTOPMode                        0x08004a17   Thumb Code    42  stm32f4xx_pwr.o(.text)
    PWR_EnterSTANDBYMode                     0x08004a41   Thumb Code    32  stm32f4xx_pwr.o(.text)
    PWR_GetFlagStatus                        0x08004a61   Thumb Code    16  stm32f4xx_pwr.o(.text)
    PWR_ClearFlag                            0x08004a71   Thumb Code    12  stm32f4xx_pwr.o(.text)
    WWDG_DeInit                              0x08004a89   Thumb Code    24  stm32f4xx_wwdg.o(.text)
    WWDG_SetPrescaler                        0x08004aa1   Thumb Code    14  stm32f4xx_wwdg.o(.text)
    WWDG_SetWindowValue                      0x08004aaf   Thumb Code    22  stm32f4xx_wwdg.o(.text)
    WWDG_EnableIT                            0x08004ac5   Thumb Code     8  stm32f4xx_wwdg.o(.text)
    WWDG_SetCounter                          0x08004acd   Thumb Code    12  stm32f4xx_wwdg.o(.text)
    WWDG_Enable                              0x08004ad9   Thumb Code    12  stm32f4xx_wwdg.o(.text)
    WWDG_GetFlagStatus                       0x08004ae5   Thumb Code    16  stm32f4xx_wwdg.o(.text)
    WWDG_ClearFlag                           0x08004af5   Thumb Code    10  stm32f4xx_wwdg.o(.text)
    IWDG_WriteAccessCmd                      0x08004b09   Thumb Code     6  stm32f4xx_iwdg.o(.text)
    IWDG_SetPrescaler                        0x08004b0f   Thumb Code     6  stm32f4xx_iwdg.o(.text)
    IWDG_SetReload                           0x08004b15   Thumb Code     6  stm32f4xx_iwdg.o(.text)
    IWDG_ReloadCounter                       0x08004b1b   Thumb Code    10  stm32f4xx_iwdg.o(.text)
    IWDG_Enable                              0x08004b25   Thumb Code    10  stm32f4xx_iwdg.o(.text)
    IWDG_GetFlagStatus                       0x08004b2f   Thumb Code    16  stm32f4xx_iwdg.o(.text)
    ADC_DeInit                               0x08004b45   Thumb Code    24  stm32f4xx_adc.o(.text)
    ADC_Init                                 0x08004b5d   Thumb Code    66  stm32f4xx_adc.o(.text)
    ADC_StructInit                           0x08004b9f   Thumb Code    20  stm32f4xx_adc.o(.text)
    ADC_CommonInit                           0x08004bb3   Thumb Code    30  stm32f4xx_adc.o(.text)
    ADC_CommonStructInit                     0x08004bd1   Thumb Code    12  stm32f4xx_adc.o(.text)
    ADC_Cmd                                  0x08004bdd   Thumb Code    20  stm32f4xx_adc.o(.text)
    ADC_AnalogWatchdogCmd                    0x08004bf1   Thumb Code    12  stm32f4xx_adc.o(.text)
    ADC_AnalogWatchdogThresholdsConfig       0x08004bfd   Thumb Code     6  stm32f4xx_adc.o(.text)
    ADC_AnalogWatchdogSingleChannelConfig    0x08004c03   Thumb Code    12  stm32f4xx_adc.o(.text)
    ADC_TempSensorVrefintCmd                 0x08004c0f   Thumb Code    26  stm32f4xx_adc.o(.text)
    ADC_VBATCmd                              0x08004c29   Thumb Code    26  stm32f4xx_adc.o(.text)
    ADC_RegularChannelConfig                 0x08004c43   Thumb Code   116  stm32f4xx_adc.o(.text)
    ADC_SoftwareStartConv                    0x08004cb7   Thumb Code    10  stm32f4xx_adc.o(.text)
    ADC_GetSoftwareStartConvStatus           0x08004cc1   Thumb Code    14  stm32f4xx_adc.o(.text)
    ADC_EOCOnEachRegularChannelCmd           0x08004ccf   Thumb Code    20  stm32f4xx_adc.o(.text)
    ADC_ContinuousModeCmd                    0x08004ce3   Thumb Code    20  stm32f4xx_adc.o(.text)
    ADC_DiscModeChannelCountConfig           0x08004cf7   Thumb Code    16  stm32f4xx_adc.o(.text)
    ADC_DiscModeCmd                          0x08004d07   Thumb Code    20  stm32f4xx_adc.o(.text)
    ADC_GetConversionValue                   0x08004d1b   Thumb Code     6  stm32f4xx_adc.o(.text)
    ADC_GetMultiModeConversionValue          0x08004d21   Thumb Code     8  stm32f4xx_adc.o(.text)
    ADC_DMACmd                               0x08004d29   Thumb Code    20  stm32f4xx_adc.o(.text)
    ADC_DMARequestAfterLastTransferCmd       0x08004d3d   Thumb Code    20  stm32f4xx_adc.o(.text)
    ADC_MultiModeDMARequestAfterLastTransferCmd 0x08004d51   Thumb Code    26  stm32f4xx_adc.o(.text)
    ADC_InjectedChannelConfig                0x08004d6b   Thumb Code    74  stm32f4xx_adc.o(.text)
    ADC_InjectedSequencerLengthConfig        0x08004db5   Thumb Code    16  stm32f4xx_adc.o(.text)
    ADC_SetInjectedOffset                    0x08004dc5   Thumb Code    10  stm32f4xx_adc.o(.text)
    ADC_ExternalTrigInjectedConvConfig       0x08004dcf   Thumb Code    12  stm32f4xx_adc.o(.text)
    ADC_ExternalTrigInjectedConvEdgeConfig   0x08004ddb   Thumb Code    12  stm32f4xx_adc.o(.text)
    ADC_SoftwareStartInjectedConv            0x08004de7   Thumb Code    10  stm32f4xx_adc.o(.text)
    ADC_GetSoftwareStartInjectedConvCmdStatus 0x08004df1   Thumb Code    14  stm32f4xx_adc.o(.text)
    ADC_AutoInjectedConvCmd                  0x08004dff   Thumb Code    20  stm32f4xx_adc.o(.text)
    ADC_InjectedDiscModeCmd                  0x08004e13   Thumb Code    20  stm32f4xx_adc.o(.text)
    ADC_GetInjectedConversionValue           0x08004e27   Thumb Code    14  stm32f4xx_adc.o(.text)
    ADC_ITConfig                             0x08004e35   Thumb Code    18  stm32f4xx_adc.o(.text)
    ADC_GetFlagStatus                        0x08004e47   Thumb Code    14  stm32f4xx_adc.o(.text)
    ADC_ClearFlag                            0x08004e55   Thumb Code     6  stm32f4xx_adc.o(.text)
    ADC_GetITStatus                          0x08004e5b   Thumb Code    30  stm32f4xx_adc.o(.text)
    ADC_ClearITPendingBit                    0x08004e79   Thumb Code     8  stm32f4xx_adc.o(.text)
    FLASH_SetLatency                         0x08004e99   Thumb Code     6  stm32f4xx_flash.o(.text)
    FLASH_PrefetchBufferCmd                  0x08004e9f   Thumb Code    22  stm32f4xx_flash.o(.text)
    FLASH_InstructionCacheCmd                0x08004eb5   Thumb Code    22  stm32f4xx_flash.o(.text)
    FLASH_DataCacheCmd                       0x08004ecb   Thumb Code    22  stm32f4xx_flash.o(.text)
    FLASH_InstructionCacheReset              0x08004ee1   Thumb Code    12  stm32f4xx_flash.o(.text)
    FLASH_DataCacheReset                     0x08004eed   Thumb Code    12  stm32f4xx_flash.o(.text)
    FLASH_Unlock                             0x08004ef9   Thumb Code    24  stm32f4xx_flash.o(.text)
    FLASH_Lock                               0x08004f11   Thumb Code    14  stm32f4xx_flash.o(.text)
    FLASH_GetStatus                          0x08004f1f   Thumb Code    48  stm32f4xx_flash.o(.text)
    FLASH_WaitForLastOperation               0x08004f4f   Thumb Code    30  stm32f4xx_flash.o(.text)
    FLASH_EraseSector                        0x08004f6d   Thumb Code   106  stm32f4xx_flash.o(.text)
    FLASH_EraseAllSectors                    0x08004fd7   Thumb Code    88  stm32f4xx_flash.o(.text)
    FLASH_ProgramDoubleWord                  0x0800502f   Thumb Code    62  stm32f4xx_flash.o(.text)
    FLASH_ProgramWord                        0x0800506d   Thumb Code    58  stm32f4xx_flash.o(.text)
    FLASH_ProgramHalfWord                    0x080050a7   Thumb Code    58  stm32f4xx_flash.o(.text)
    FLASH_ProgramByte                        0x080050e1   Thumb Code    54  stm32f4xx_flash.o(.text)
    FLASH_OB_Unlock                          0x08005117   Thumb Code    24  stm32f4xx_flash.o(.text)
    FLASH_OB_Lock                            0x0800512f   Thumb Code    14  stm32f4xx_flash.o(.text)
    FLASH_OB_WRPConfig                       0x0800513d   Thumb Code    32  stm32f4xx_flash.o(.text)
    FLASH_OB_RDPConfig                       0x0800515d   Thumb Code    20  stm32f4xx_flash.o(.text)
    FLASH_OB_UserConfig                      0x08005171   Thumb Code    36  stm32f4xx_flash.o(.text)
    FLASH_OB_BORConfig                       0x08005195   Thumb Code    20  stm32f4xx_flash.o(.text)
    FLASH_OB_Launch                          0x080051a9   Thumb Code    14  stm32f4xx_flash.o(.text)
    FLASH_OB_GetUser                         0x080051b7   Thumb Code    12  stm32f4xx_flash.o(.text)
    FLASH_OB_GetWRP                          0x080051c3   Thumb Code     8  stm32f4xx_flash.o(.text)
    FLASH_OB_GetRDP                          0x080051cb   Thumb Code    16  stm32f4xx_flash.o(.text)
    FLASH_OB_GetBOR                          0x080051db   Thumb Code    12  stm32f4xx_flash.o(.text)
    FLASH_ITConfig                           0x080051e7   Thumb Code    20  stm32f4xx_flash.o(.text)
    FLASH_GetFlagStatus                      0x080051fb   Thumb Code    18  stm32f4xx_flash.o(.text)
    FLASH_ClearFlag                          0x0800520d   Thumb Code     8  stm32f4xx_flash.o(.text)
    SystemInit                               0x080052cb   Thumb Code    62  system_stm32f4xx.o(.text)
    SystemCoreClockUpdate                    0x08005309   Thumb Code   108  system_stm32f4xx.o(.text)
    Reset_Handler                            0x08005399   Thumb Code     8  startup_stm32f40_41xxx.o(.text)
    ADC_IRQHandler                           0x080053b3   Thumb Code     0  startup_stm32f40_41xxx.o(.text)
    CAN1_RX0_IRQHandler                      0x080053b3   Thumb Code     0  startup_stm32f40_41xxx.o(.text)
    CAN1_RX1_IRQHandler                      0x080053b3   Thumb Code     0  startup_stm32f40_41xxx.o(.text)
    CAN1_SCE_IRQHandler                      0x080053b3   Thumb Code     0  startup_stm32f40_41xxx.o(.text)
    CAN1_TX_IRQHandler                       0x080053b3   Thumb Code     0  startup_stm32f40_41xxx.o(.text)
    CAN2_RX0_IRQHandler                      0x080053b3   Thumb Code     0  startup_stm32f40_41xxx.o(.text)
    CAN2_RX1_IRQHandler                      0x080053b3   Thumb Code     0  startup_stm32f40_41xxx.o(.text)
    CAN2_SCE_IRQHandler                      0x080053b3   Thumb Code     0  startup_stm32f40_41xxx.o(.text)
    CAN2_TX_IRQHandler                       0x080053b3   Thumb Code     0  startup_stm32f40_41xxx.o(.text)
    CRYP_IRQHandler                          0x080053b3   Thumb Code     0  startup_stm32f40_41xxx.o(.text)
    DCMI_IRQHandler                          0x080053b3   Thumb Code     0  startup_stm32f40_41xxx.o(.text)
    DMA1_Stream0_IRQHandler                  0x080053b3   Thumb Code     0  startup_stm32f40_41xxx.o(.text)
    DMA1_Stream1_IRQHandler                  0x080053b3   Thumb Code     0  startup_stm32f40_41xxx.o(.text)
    DMA1_Stream2_IRQHandler                  0x080053b3   Thumb Code     0  startup_stm32f40_41xxx.o(.text)
    DMA1_Stream3_IRQHandler                  0x080053b3   Thumb Code     0  startup_stm32f40_41xxx.o(.text)
    DMA1_Stream4_IRQHandler                  0x080053b3   Thumb Code     0  startup_stm32f40_41xxx.o(.text)
    DMA1_Stream5_IRQHandler                  0x080053b3   Thumb Code     0  startup_stm32f40_41xxx.o(.text)
    DMA1_Stream6_IRQHandler                  0x080053b3   Thumb Code     0  startup_stm32f40_41xxx.o(.text)
    DMA1_Stream7_IRQHandler                  0x080053b3   Thumb Code     0  startup_stm32f40_41xxx.o(.text)
    DMA2_Stream0_IRQHandler                  0x080053b3   Thumb Code     0  startup_stm32f40_41xxx.o(.text)
    DMA2_Stream1_IRQHandler                  0x080053b3   Thumb Code     0  startup_stm32f40_41xxx.o(.text)
    DMA2_Stream2_IRQHandler                  0x080053b3   Thumb Code     0  startup_stm32f40_41xxx.o(.text)
    DMA2_Stream3_IRQHandler                  0x080053b3   Thumb Code     0  startup_stm32f40_41xxx.o(.text)
    DMA2_Stream4_IRQHandler                  0x080053b3   Thumb Code     0  startup_stm32f40_41xxx.o(.text)
    DMA2_Stream5_IRQHandler                  0x080053b3   Thumb Code     0  startup_stm32f40_41xxx.o(.text)
    DMA2_Stream6_IRQHandler                  0x080053b3   Thumb Code     0  startup_stm32f40_41xxx.o(.text)
    DMA2_Stream7_IRQHandler                  0x080053b3   Thumb Code     0  startup_stm32f40_41xxx.o(.text)
    ETH_IRQHandler                           0x080053b3   Thumb Code     0  startup_stm32f40_41xxx.o(.text)
    ETH_WKUP_IRQHandler                      0x080053b3   Thumb Code     0  startup_stm32f40_41xxx.o(.text)
    EXTI15_10_IRQHandler                     0x080053b3   Thumb Code     0  startup_stm32f40_41xxx.o(.text)
    EXTI1_IRQHandler                         0x080053b3   Thumb Code     0  startup_stm32f40_41xxx.o(.text)
    EXTI2_IRQHandler                         0x080053b3   Thumb Code     0  startup_stm32f40_41xxx.o(.text)
    EXTI3_IRQHandler                         0x080053b3   Thumb Code     0  startup_stm32f40_41xxx.o(.text)
    EXTI4_IRQHandler                         0x080053b3   Thumb Code     0  startup_stm32f40_41xxx.o(.text)
    FLASH_IRQHandler                         0x080053b3   Thumb Code     0  startup_stm32f40_41xxx.o(.text)
    FPU_IRQHandler                           0x080053b3   Thumb Code     0  startup_stm32f40_41xxx.o(.text)
    FSMC_IRQHandler                          0x080053b3   Thumb Code     0  startup_stm32f40_41xxx.o(.text)
    HASH_RNG_IRQHandler                      0x080053b3   Thumb Code     0  startup_stm32f40_41xxx.o(.text)
    I2C1_ER_IRQHandler                       0x080053b3   Thumb Code     0  startup_stm32f40_41xxx.o(.text)
    I2C1_EV_IRQHandler                       0x080053b3   Thumb Code     0  startup_stm32f40_41xxx.o(.text)
    I2C2_ER_IRQHandler                       0x080053b3   Thumb Code     0  startup_stm32f40_41xxx.o(.text)
    I2C2_EV_IRQHandler                       0x080053b3   Thumb Code     0  startup_stm32f40_41xxx.o(.text)
    I2C3_ER_IRQHandler                       0x080053b3   Thumb Code     0  startup_stm32f40_41xxx.o(.text)
    I2C3_EV_IRQHandler                       0x080053b3   Thumb Code     0  startup_stm32f40_41xxx.o(.text)
    OTG_FS_IRQHandler                        0x080053b3   Thumb Code     0  startup_stm32f40_41xxx.o(.text)
    OTG_FS_WKUP_IRQHandler                   0x080053b3   Thumb Code     0  startup_stm32f40_41xxx.o(.text)
    OTG_HS_EP1_IN_IRQHandler                 0x080053b3   Thumb Code     0  startup_stm32f40_41xxx.o(.text)
    OTG_HS_EP1_OUT_IRQHandler                0x080053b3   Thumb Code     0  startup_stm32f40_41xxx.o(.text)
    OTG_HS_IRQHandler                        0x080053b3   Thumb Code     0  startup_stm32f40_41xxx.o(.text)
    OTG_HS_WKUP_IRQHandler                   0x080053b3   Thumb Code     0  startup_stm32f40_41xxx.o(.text)
    PVD_IRQHandler                           0x080053b3   Thumb Code     0  startup_stm32f40_41xxx.o(.text)
    RCC_IRQHandler                           0x080053b3   Thumb Code     0  startup_stm32f40_41xxx.o(.text)
    RTC_WKUP_IRQHandler                      0x080053b3   Thumb Code     0  startup_stm32f40_41xxx.o(.text)
    SDIO_IRQHandler                          0x080053b3   Thumb Code     0  startup_stm32f40_41xxx.o(.text)
    SPI1_IRQHandler                          0x080053b3   Thumb Code     0  startup_stm32f40_41xxx.o(.text)
    SPI2_IRQHandler                          0x080053b3   Thumb Code     0  startup_stm32f40_41xxx.o(.text)
    SPI3_IRQHandler                          0x080053b3   Thumb Code     0  startup_stm32f40_41xxx.o(.text)
    TAMP_STAMP_IRQHandler                    0x080053b3   Thumb Code     0  startup_stm32f40_41xxx.o(.text)
    TIM1_BRK_TIM9_IRQHandler                 0x080053b3   Thumb Code     0  startup_stm32f40_41xxx.o(.text)
    TIM1_CC_IRQHandler                       0x080053b3   Thumb Code     0  startup_stm32f40_41xxx.o(.text)
    TIM1_TRG_COM_TIM11_IRQHandler            0x080053b3   Thumb Code     0  startup_stm32f40_41xxx.o(.text)
    TIM1_UP_TIM10_IRQHandler                 0x080053b3   Thumb Code     0  startup_stm32f40_41xxx.o(.text)
    TIM2_IRQHandler                          0x080053b3   Thumb Code     0  startup_stm32f40_41xxx.o(.text)
    TIM5_IRQHandler                          0x080053b3   Thumb Code     0  startup_stm32f40_41xxx.o(.text)
    TIM6_DAC_IRQHandler                      0x080053b3   Thumb Code     0  startup_stm32f40_41xxx.o(.text)
    TIM7_IRQHandler                          0x080053b3   Thumb Code     0  startup_stm32f40_41xxx.o(.text)
    TIM8_BRK_TIM12_IRQHandler                0x080053b3   Thumb Code     0  startup_stm32f40_41xxx.o(.text)
    TIM8_CC_IRQHandler                       0x080053b3   Thumb Code     0  startup_stm32f40_41xxx.o(.text)
    TIM8_TRG_COM_TIM14_IRQHandler            0x080053b3   Thumb Code     0  startup_stm32f40_41xxx.o(.text)
    TIM8_UP_TIM13_IRQHandler                 0x080053b3   Thumb Code     0  startup_stm32f40_41xxx.o(.text)
    UART4_IRQHandler                         0x080053b3   Thumb Code     0  startup_stm32f40_41xxx.o(.text)
    UART5_IRQHandler                         0x080053b3   Thumb Code     0  startup_stm32f40_41xxx.o(.text)
    USART2_IRQHandler                        0x080053b3   Thumb Code     0  startup_stm32f40_41xxx.o(.text)
    USART3_IRQHandler                        0x080053b3   Thumb Code     0  startup_stm32f40_41xxx.o(.text)
    USART6_IRQHandler                        0x080053b3   Thumb Code     0  startup_stm32f40_41xxx.o(.text)
    WWDG_IRQHandler                          0x080053b3   Thumb Code     0  startup_stm32f40_41xxx.o(.text)
    CPU_IntDis                               0x080053bd   Thumb Code     0  cpu_a.o(.text)
    CPU_IntEn                                0x080053c1   Thumb Code     0  cpu_a.o(.text)
    CPU_SR_Save                              0x080053c5   Thumb Code     0  cpu_a.o(.text)
    CPU_SR_Restore                           0x080053cd   Thumb Code     0  cpu_a.o(.text)
    CPU_WaitForInt                           0x080053d3   Thumb Code     0  cpu_a.o(.text)
    CPU_WaitForExcept                        0x080053d7   Thumb Code     0  cpu_a.o(.text)
    CPU_CntLeadZeros                         0x080053db   Thumb Code     0  cpu_a.o(.text)
    CPU_CntTrailZeros                        0x080053e1   Thumb Code     0  cpu_a.o(.text)
    CPU_RevBits                              0x080053eb   Thumb Code     0  cpu_a.o(.text)
    CPU_NameClr                              0x080053f1   Thumb Code    26  cpu_core.o(.text)
    CPU_Init                                 0x0800540b   Thumb Code    18  cpu_core.o(.text)
    CPU_SW_Exception                         0x0800541d   Thumb Code     2  cpu_core.o(.text)
    CPU_NameGet                              0x0800541f   Thumb Code    46  cpu_core.o(.text)
    CPU_NameSet                              0x0800544d   Thumb Code    62  cpu_core.o(.text)
    CPU_TS_Get32                             0x0800548b   Thumb Code     4  cpu_core.o(.text)
    CPU_TS_Update                            0x0800548f   Thumb Code     2  cpu_core.o(.text)
    CPU_TS_TmrFreqGet                        0x08005491   Thumb Code    24  cpu_core.o(.text)
    CPU_TS_TmrFreqSet                        0x080054a9   Thumb Code     6  cpu_core.o(.text)
    CPU_CntLeadZeros08                       0x080054af   Thumb Code    10  cpu_core.o(.text)
    CPU_CntLeadZeros16                       0x080054b9   Thumb Code    10  cpu_core.o(.text)
    CPU_CntLeadZeros32                       0x080054c3   Thumb Code     4  cpu_core.o(.text)
    CPU_CntLeadZeros64                       0x080054c7   Thumb Code   156  cpu_core.o(.text)
    CPU_CntTrailZeros08                      0x08005563   Thumb Code    10  cpu_core.o(.text)
    CPU_CntTrailZeros16                      0x0800556d   Thumb Code    10  cpu_core.o(.text)
    CPU_CntTrailZeros32                      0x08005577   Thumb Code    10  cpu_core.o(.text)
    CPU_CntTrailZeros64                      0x08005581   Thumb Code    36  cpu_core.o(.text)
    OSIdleTaskHook                           0x080055b1   Thumb Code    12  os_cpu_c.o(.text)
    OSInitHook                               0x080055bd   Thumb Code    22  os_cpu_c.o(.text)
    OSStatTaskHook                           0x080055d3   Thumb Code    12  os_cpu_c.o(.text)
    OSTaskCreateHook                         0x080055df   Thumb Code    12  os_cpu_c.o(.text)
    OSTaskDelHook                            0x080055eb   Thumb Code    12  os_cpu_c.o(.text)
    OSTaskReturnHook                         0x080055f7   Thumb Code    12  os_cpu_c.o(.text)
    OSTaskStkInit                            0x08005603   Thumb Code    96  os_cpu_c.o(.text)
    OSTaskSwHook                             0x08005663   Thumb Code    46  os_cpu_c.o(.text)
    OSTimeTickHook                           0x08005691   Thumb Code    12  os_cpu_c.o(.text)
    OS_CPU_SysTickHandler                    0x0800569d   Thumb Code    30  os_cpu_c.o(.text)
    OS_CPU_SysTickInit                       0x080056bb   Thumb Code    36  os_cpu_c.o(.text)
    OSCfg_Init                               0x0800571d   Thumb Code     2  os_cfg_app.o(.text)
    OS_IdleTask                              0x08005721   Thumb Code    30  os_core.o(.text)
    OS_IdleTaskInit                          0x0800573f   Thumb Code    62  os_core.o(.text)
    OS_RdyListInit                           0x0800577d   Thumb Code    30  os_core.o(.text)
    OSInit                                   0x0800579b   Thumb Code   254  os_core.o(.text)
    OSIntEnter                               0x08005899   Thumb Code    22  os_core.o(.text)
    OSIntExit                                0x080058af   Thumb Code   100  os_core.o(.text)
    OSSched                                  0x08005913   Thumb Code    86  os_core.o(.text)
    OSSchedLock                              0x08005969   Thumb Code    64  os_core.o(.text)
    OSSchedUnlock                            0x080059a9   Thumb Code    82  os_core.o(.text)
    OSSchedRoundRobinCfg                     0x080059fb   Thumb Code    60  os_core.o(.text)
    OS_RdyListMoveHeadToTail                 0x08005a37   Thumb Code    52  os_core.o(.text)
    OSSchedRoundRobinYield                   0x08005a6b   Thumb Code   114  os_core.o(.text)
    OSStart                                  0x08005add   Thumb Code   202  os_core.o(.text)
    OSVersion                                0x08005ba7   Thumb Code    10  os_core.o(.text)
    OS_PendDbgNameAdd                        0x08005bb1   Thumb Code    46  os_core.o(.text)
    OS_PendListInsertPrio                    0x08005bdf   Thumb Code    90  os_core.o(.text)
    OS_PendDataInit                          0x08005c39   Thumb Code    38  os_core.o(.text)
    OS_RdyListRemove                         0x08005c5f   Thumb Code    78  os_core.o(.text)
    OS_TaskBlock                             0x08005cad   Thumb Code    42  os_core.o(.text)
    OS_Pend                                  0x08005cd7   Thumb Code    72  os_core.o(.text)
    OS_PendListRemove1                       0x08005d1f   Thumb Code    54  os_core.o(.text)
    OS_PendListRemove                        0x08005d55   Thumb Code    38  os_core.o(.text)
    OS_PendAbort1                            0x08005d7b   Thumb Code    32  os_core.o(.text)
    OS_RdyListInsertHead                     0x08005d9b   Thumb Code    52  os_core.o(.text)
    OS_RdyListInsertTail                     0x08005dcf   Thumb Code    48  os_core.o(.text)
    OS_RdyListInsert                         0x08005dff   Thumb Code    38  os_core.o(.text)
    OS_TaskRdy                               0x08005e25   Thumb Code    26  os_core.o(.text)
    OS_PendAbort                             0x08005e3f   Thumb Code   128  os_core.o(.text)
    OS_PendDbgNameRemove                     0x08005ebf   Thumb Code    22  os_core.o(.text)
    OS_PendListChangePrio                    0x08005ed5   Thumb Code    50  os_core.o(.text)
    OS_PendListInit                          0x08005f07   Thumb Code    10  os_core.o(.text)
    OS_PendListInsertHead                    0x08005f11   Thumb Code    32  os_core.o(.text)
    OS_PendObjDel1                           0x08005f31   Thumb Code    32  os_core.o(.text)
    OS_PendObjDel                            0x08005f51   Thumb Code   156  os_core.o(.text)
    OS_Post1                                 0x08005fed   Thumb Code    38  os_core.o(.text)
    OS_Post                                  0x08006013   Thumb Code   154  os_core.o(.text)
    OS_SchedRoundRobin                       0x080060ad   Thumb Code    80  os_core.o(.text)
    OS_Dbg_Init                              0x0800610d   Thumb Code     2  os_dbg.o(.text)
    OS_FlagDbgListAdd                        0x08006111   Thumb Code    26  os_flag.o(.text)
    OSFlagCreate                             0x0800612b   Thumb Code    86  os_flag.o(.text)
    OS_FlagClr                               0x08006181   Thumb Code    18  os_flag.o(.text)
    OS_FlagDbgListRemove                     0x08006193   Thumb Code    36  os_flag.o(.text)
    OSFlagDel                                0x080061b7   Thumb Code   222  os_flag.o(.text)
    OS_FlagBlock                             0x08006295   Thumb Code    28  os_flag.o(.text)
    OSFlagPend                               0x080062b1   Thumb Code   534  os_flag.o(.text)
    OSFlagPendAbort                          0x080064c7   Thumb Code   212  os_flag.o(.text)
    OSFlagPendGetFlagsRdy                    0x0800659b   Thumb Code    44  os_flag.o(.text)
    OS_FlagTaskRdy                           0x080065c7   Thumb Code    64  os_flag.o(.text)
    OS_FlagPost                              0x08006607   Thumb Code   240  os_flag.o(.text)
    OSFlagPost                               0x080066f7   Thumb Code    82  os_flag.o(.text)
    OS_FlagInit                              0x08006749   Thumb Code    14  os_flag.o(.text)
    OS_MemDbgListAdd                         0x0800676d   Thumb Code    22  os_mem.o(.text)
    OSMemCreate                              0x08006783   Thumb Code   158  os_mem.o(.text)
    OSMemGet                                 0x08006821   Thumb Code    60  os_mem.o(.text)
    OSMemPut                                 0x0800685d   Thumb Code    70  os_mem.o(.text)
    OS_MemInit                               0x080068a3   Thumb Code    14  os_mem.o(.text)
    OS_MsgPoolInit                           0x080068c1   Thumb Code    92  os_msg.o(.text)
    OS_MsgQFreeAll                           0x0800691d   Thumb Code    48  os_msg.o(.text)
    OS_MsgQInit                              0x0800694d   Thumb Code    14  os_msg.o(.text)
    OS_MsgQGet                               0x0800695b   Thumb Code    82  os_msg.o(.text)
    OS_MsgQPut                               0x080069ad   Thumb Code   132  os_msg.o(.text)
    OS_MutexDbgListAdd                       0x08006a3d   Thumb Code    26  os_mutex.o(.text)
    OSMutexCreate                            0x08006a57   Thumb Code    94  os_mutex.o(.text)
    OS_MutexClr                              0x08006ab5   Thumb Code    30  os_mutex.o(.text)
    OS_MutexDbgListRemove                    0x08006ad3   Thumb Code    36  os_mutex.o(.text)
    OSMutexDel                               0x08006af7   Thumb Code   304  os_mutex.o(.text)
    OSMutexPend                              0x08006c27   Thumb Code   398  os_mutex.o(.text)
    OSMutexPendAbort                         0x08006db5   Thumb Code   212  os_mutex.o(.text)
    OSMutexPost                              0x08006e89   Thumb Code   272  os_mutex.o(.text)
    OS_MutexInit                             0x08006f99   Thumb Code    14  os_mutex.o(.text)
    OS_PrioInit                              0x08006fc1   Thumb Code    18  os_prio.o(.text)
    OS_PrioGetHighest                        0x08006fd3   Thumb Code    32  os_prio.o(.text)
    OS_PrioInsert                            0x08006ff3   Thumb Code    28  os_prio.o(.text)
    OS_PrioRemove                            0x0800700f   Thumb Code    28  os_prio.o(.text)
    OS_QDbgListAdd                           0x08007031   Thumb Code    26  os_q.o(.text)
    OSQCreate                                0x0800704b   Thumb Code   100  os_q.o(.text)
    OS_QClr                                  0x080070af   Thumb Code    40  os_q.o(.text)
    OS_QDbgListRemove                        0x080070d7   Thumb Code    36  os_q.o(.text)
    OSQDel                                   0x080070fb   Thumb Code   222  os_q.o(.text)
    OSQFlush                                 0x080071d9   Thumb Code    76  os_q.o(.text)
    OSQPend                                  0x08007225   Thumb Code   316  os_q.o(.text)
    OSQPendAbort                             0x08007361   Thumb Code   170  os_q.o(.text)
    OS_QPost                                 0x0800740b   Thumb Code   166  os_q.o(.text)
    OSQPost                                  0x080074b1   Thumb Code   116  os_q.o(.text)
    OS_QInit                                 0x08007525   Thumb Code    14  os_q.o(.text)
    OS_SemDbgListAdd                         0x08007541   Thumb Code    26  os_sem.o(.text)
    OSSemCreate                              0x0800755b   Thumb Code    86  os_sem.o(.text)
    OS_SemClr                                0x080075b1   Thumb Code    20  os_sem.o(.text)
    OS_SemDbgListRemove                      0x080075c5   Thumb Code    36  os_sem.o(.text)
    OSSemDel                                 0x080075e9   Thumb Code   222  os_sem.o(.text)
    OSSemPend                                0x080076c7   Thumb Code   290  os_sem.o(.text)
    OSSemPendAbort                           0x080077e9   Thumb Code   170  os_sem.o(.text)
    OS_SemPost                               0x08007893   Thumb Code   132  os_sem.o(.text)
    OSSemPost                                0x08007917   Thumb Code   120  os_sem.o(.text)
    OSSemSet                                 0x0800798f   Thumb Code    78  os_sem.o(.text)
    OS_SemInit                               0x080079dd   Thumb Code    14  os_sem.o(.text)
    OSStatReset                              0x080079fd   Thumb Code   126  os_stat.o(.text)
    OSStatTaskCPUUsageInit                   0x08007a7b   Thumb Code    98  os_stat.o(.text)
    OS_StatTask                              0x08007add   Thumb Code   444  os_stat.o(.text)
    OS_StatTaskInit                          0x08007c99   Thumb Code   120  os_stat.o(.text)
    OSTaskChangePrio                         0x08007d85   Thumb Code   178  os_task.o(.text)
    OS_TaskDbgListAdd                        0x08007e37   Thumb Code    30  os_task.o(.text)
    OS_TaskInitTCB                           0x08007e55   Thumb Code   162  os_task.o(.text)
    OSTaskCreate                             0x08007ef7   Thumb Code   334  os_task.o(.text)
    OS_TaskDbgListRemove                     0x08008045   Thumb Code    52  os_task.o(.text)
    OSTaskDel                                0x08008079   Thumb Code   192  os_task.o(.text)
    OSTaskQFlush                             0x08008139   Thumb Code   112  os_task.o(.text)
    OSTaskQPend                              0x080081a9   Thumb Code   306  os_task.o(.text)
    OSTaskQPendAbort                         0x080082db   Thumb Code   126  os_task.o(.text)
    OS_TaskQPost                             0x08008359   Thumb Code   138  os_task.o(.text)
    OSTaskQPost                              0x080083e3   Thumb Code    66  os_task.o(.text)
    OSTaskRegGet                             0x08008425   Thumb Code    42  os_task.o(.text)
    OSTaskRegGetID                           0x0800844f   Thumb Code    42  os_task.o(.text)
    OSTaskRegSet                             0x08008479   Thumb Code    40  os_task.o(.text)
    OS_TaskResume                            0x080084a1   Thumb Code   168  os_task.o(.text)
    OSTaskResume                             0x08008549   Thumb Code    60  os_task.o(.text)
    OSTaskSemPend                            0x08008585   Thumb Code   290  os_task.o(.text)
    OSTaskSemPendAbort                       0x080086a7   Thumb Code   130  os_task.o(.text)
    OS_TaskSemPost                           0x08008729   Thumb Code   148  os_task.o(.text)
    OSTaskSemPost                            0x080087bd   Thumb Code    44  os_task.o(.text)
    OSTaskSemSet                             0x080087e9   Thumb Code    52  os_task.o(.text)
    OSTaskStkChk                             0x0800881d   Thumb Code   136  os_task.o(.text)
    OS_TaskSuspend                           0x080088a5   Thumb Code   144  os_task.o(.text)
    OSTaskSuspend                            0x08008935   Thumb Code    28  os_task.o(.text)
    OSTaskTimeQuantaSet                      0x08008951   Thumb Code    68  os_task.o(.text)
    OS_TaskInit                              0x08008995   Thumb Code    52  os_task.o(.text)
    OS_TaskReturn                            0x080089c9   Thumb Code    20  os_task.o(.text)
    OS_TickListRemove                        0x080089e1   Thumb Code    54  os_tick.o(.text)
    OS_TickListUpdate                        0x08008a17   Thumb Code   266  os_tick.o(.text)
    OS_TickTask                              0x08008b21   Thumb Code    36  os_tick.o(.text)
    OS_TickListInit                          0x08008b45   Thumb Code    34  os_tick.o(.text)
    OS_TickTaskInit                          0x08008b67   Thumb Code   114  os_tick.o(.text)
    OS_TickListInsert                        0x08008bd9   Thumb Code   202  os_tick.o(.text)
    OS_TickListResetPeak                     0x08008ca3   Thumb Code    30  os_tick.o(.text)
    OSTimeDly                                0x08008d01   Thumb Code   128  os_time.o(.text)
    OSTimeDlyHMSM                            0x08008d81   Thumb Code   268  os_time.o(.text)
    OSTimeDlyResume                          0x08008e8d   Thumb Code   152  os_time.o(.text)
    OSTimeGet                                0x08008f25   Thumb Code    24  os_time.o(.text)
    OSTimeSet                                0x08008f3d   Thumb Code    24  os_time.o(.text)
    OSTimeTick                               0x08008f55   Thumb Code    36  os_time.o(.text)
    ASCII_IsAlpha                            0x08008f99   Thumb Code    22  lib_ascii.o(.text)
    ASCII_IsAlphaNum                         0x08008faf   Thumb Code    28  lib_ascii.o(.text)
    ASCII_IsLower                            0x08008fcb   Thumb Code    14  lib_ascii.o(.text)
    ASCII_IsUpper                            0x08008fd9   Thumb Code    14  lib_ascii.o(.text)
    ASCII_IsDig                              0x08008fe7   Thumb Code    14  lib_ascii.o(.text)
    ASCII_IsDigOct                           0x08008ff5   Thumb Code    14  lib_ascii.o(.text)
    ASCII_IsDigHex                           0x08009003   Thumb Code    28  lib_ascii.o(.text)
    ASCII_IsBlank                            0x0800901f   Thumb Code    16  lib_ascii.o(.text)
    ASCII_IsSpace                            0x0800902f   Thumb Code    32  lib_ascii.o(.text)
    ASCII_IsPrint                            0x0800904f   Thumb Code    14  lib_ascii.o(.text)
    ASCII_IsGraph                            0x0800905d   Thumb Code    14  lib_ascii.o(.text)
    ASCII_IsPunct                            0x0800906b   Thumb Code    58  lib_ascii.o(.text)
    ASCII_IsCtrl                             0x080090a5   Thumb Code    22  lib_ascii.o(.text)
    ASCII_ToLower                            0x080090bb   Thumb Code    14  lib_ascii.o(.text)
    ASCII_ToUpper                            0x080090c9   Thumb Code    14  lib_ascii.o(.text)
    ASCII_Cmp                                0x080090d7   Thumb Code    28  lib_ascii.o(.text)
    Mem_Init                                 0x080090f5   Thumb Code    54  lib_mem.o(.text)
    Mem_Set                                  0x0800912b   Thumb Code    70  lib_mem.o(.text)
    Mem_Clr                                  0x08009171   Thumb Code     6  lib_mem.o(.text)
    Mem_Move                                 0x08009177   Thumb Code   132  lib_mem.o(.text)
    Mem_Cmp                                  0x080091fb   Thumb Code   128  lib_mem.o(.text)
    Mem_HeapAlloc                            0x0800931b   Thumb Code   164  lib_mem.o(.text)
    Mem_SegGetSizeRem                        0x080093bf   Thumb Code   114  lib_mem.o(.text)
    Mem_HeapGetSizeRem                       0x08009431   Thumb Code     8  lib_mem.o(.text)
    Mem_PoolClr                              0x08009439   Thumb Code    68  lib_mem.o(.text)
    Mem_PoolCreate                           0x0800947d   Thumb Code   722  lib_mem.o(.text)
    Mem_PoolBlkGetNbrAvail                   0x0800974f   Thumb Code    64  lib_mem.o(.text)
    Mem_PoolBlkGet                           0x0800978f   Thumb Code   126  lib_mem.o(.text)
    Mem_PoolBlkGetUsedAtIx                   0x0800980d   Thumb Code   102  lib_mem.o(.text)
    Mem_PoolBlkFree                          0x080098b9   Thumb Code   208  lib_mem.o(.text)
    Mem_PoolBlkIxGet                         0x08009989   Thumb Code   186  lib_mem.o(.text)
    Mem_Copy                                 0x08009a49   Thumb Code     0  lib_mem_a.o(.text)
    Str_Len_N                                0x08009c69   Thumb Code    22  lib_str.o(.text)
    Str_Len                                  0x08009c7f   Thumb Code     6  lib_str.o(.text)
    Str_Copy_N                               0x08009c85   Thumb Code    48  lib_str.o(.text)
    Str_Copy                                 0x08009cb5   Thumb Code     6  lib_str.o(.text)
    Str_Cat_N                                0x08009cbb   Thumb Code    58  lib_str.o(.text)
    Str_Cat                                  0x08009cf5   Thumb Code     6  lib_str.o(.text)
    Str_Cmp_N                                0x08009cfb   Thumb Code    86  lib_str.o(.text)
    Str_Cmp                                  0x08009d51   Thumb Code     6  lib_str.o(.text)
    Str_CmpIgnoreCase_N                      0x08009d57   Thumb Code   146  lib_str.o(.text)
    Str_CmpIgnoreCase                        0x08009de9   Thumb Code     6  lib_str.o(.text)
    Str_Char_N                               0x08009def   Thumb Code    46  lib_str.o(.text)
    Str_Char                                 0x08009e1d   Thumb Code     8  lib_str.o(.text)
    Str_Char_Last_N                          0x08009e25   Thumb Code    44  lib_str.o(.text)
    Str_Char_Last                            0x08009e51   Thumb Code     8  lib_str.o(.text)
    Str_Char_Replace_N                       0x08009e59   Thumb Code    42  lib_str.o(.text)
    Str_Char_Replace                         0x08009e83   Thumb Code     6  lib_str.o(.text)
    Str_Str_N                                0x08009e89   Thumb Code   120  lib_str.o(.text)
    Str_Str                                  0x08009f01   Thumb Code     6  lib_str.o(.text)
    Str_FmtNbr_Int32U                        0x0800a057   Thumb Code    24  lib_str.o(.text)
    Str_FmtNbr_Int32S                        0x0800a06f   Thumb Code    40  lib_str.o(.text)
    Str_ParseNbr_Int32U                      0x0800a1cb   Thumb Code    12  lib_str.o(.text)
    Str_ParseNbr_Int32S                      0x0800a1d7   Thumb Code    42  lib_str.o(.text)
    __aeabi_uldivmod                         0x0800a205   Thumb Code    98  uldiv.o(.text)
    __aeabi_memcpy                           0x0800a267   Thumb Code    36  memcpya.o(.text)
    __aeabi_memcpy4                          0x0800a267   Thumb Code     0  memcpya.o(.text)
    __aeabi_memcpy8                          0x0800a267   Thumb Code     0  memcpya.o(.text)
    __aeabi_memset                           0x0800a28b   Thumb Code    14  memseta.o(.text)
    __aeabi_memset4                          0x0800a28b   Thumb Code     0  memseta.o(.text)
    __aeabi_memset8                          0x0800a28b   Thumb Code     0  memseta.o(.text)
    __aeabi_memclr                           0x0800a299   Thumb Code     4  memseta.o(.text)
    __aeabi_memclr4                          0x0800a299   Thumb Code     0  memseta.o(.text)
    __aeabi_memclr8                          0x0800a299   Thumb Code     0  memseta.o(.text)
    _memset$wrapper                          0x0800a29d   Thumb Code    18  memseta.o(.text)
    strcat                                   0x0800a2af   Thumb Code    24  strcat.o(.text)
    strlen                                   0x0800a2c7   Thumb Code    14  strlen.o(.text)
    memcmp                                   0x0800a2d5   Thumb Code    26  memcmp.o(.text)
    atoi                                     0x0800a2ef   Thumb Code    26  atoi.o(.text)
    __aeabi_dadd                             0x0800a309   Thumb Code   322  dadd.o(.text)
    __aeabi_dsub                             0x0800a44b   Thumb Code     6  dadd.o(.text)
    __aeabi_drsub                            0x0800a451   Thumb Code     6  dadd.o(.text)
    __aeabi_dmul                             0x0800a457   Thumb Code   228  dmul.o(.text)
    __aeabi_ddiv                             0x0800a53b   Thumb Code   222  ddiv.o(.text)
    __ARM_scalbn                             0x0800a619   Thumb Code    46  dscalb.o(.text)
    scalbn                                   0x0800a619   Thumb Code     0  dscalb.o(.text)
    __aeabi_ui2d                             0x0800a647   Thumb Code    26  dfltui.o(.text)
    __aeabi_cdcmpeq                          0x0800a661   Thumb Code     0  cdcmple.o(.text)
    __aeabi_cdcmple                          0x0800a661   Thumb Code    38  cdcmple.o(.text)
    __aeabi_cdrcmple                         0x0800a689   Thumb Code    38  cdrcmple.o(.text)
    __aeabi_uidiv                            0x0800a6b1   Thumb Code     0  uidiv.o(.text)
    __aeabi_uidivmod                         0x0800a6b1   Thumb Code    44  uidiv.o(.text)
    __aeabi_llsl                             0x0800a6dd   Thumb Code    30  llshl.o(.text)
    _ll_shift_l                              0x0800a6dd   Thumb Code     0  llshl.o(.text)
    __aeabi_llsr                             0x0800a6fb   Thumb Code    32  llushr.o(.text)
    _ll_ushift_r                             0x0800a6fb   Thumb Code     0  llushr.o(.text)
    __aeabi_lasr                             0x0800a71b   Thumb Code    36  llsshr.o(.text)
    _ll_sshift_r                             0x0800a71b   Thumb Code     0  llsshr.o(.text)
    strtol                                   0x0800a73f   Thumb Code   112  strtol.o(.text)
    __I$use$fp                               0x0800a7af   Thumb Code     0  iusefp.o(.text)
    _double_round                            0x0800a7af   Thumb Code    26  depilogue.o(.text)
    _double_epilogue                         0x0800a7c9   Thumb Code   164  depilogue.o(.text)
    _dsqrt                                   0x0800a86d   Thumb Code   162  dsqrt.o(.text)
    __aeabi_i2d                              0x0800a90f   Thumb Code    34  dflti.o(.text)
    __aeabi_d2ulz                            0x0800a931   Thumb Code    48  dfixul.o(.text)
    __scatterload                            0x0800a961   Thumb Code    28  init.o(.text)
    __scatterload_rt2                        0x0800a961   Thumb Code     0  init.o(.text)
    __rt_ctype_table                         0x0800a985   Thumb Code     4  ctype_o.o(.text)
    _strtoul                                 0x0800a98d   Thumb Code   158  _strtoul.o(.text)
    _chval                                   0x0800aa2b   Thumb Code    28  _chval.o(.text)
    __decompress                             0x0800aa47   Thumb Code     0  __dczerorl2.o(.text)
    __decompress1                            0x0800aa47   Thumb Code    92  __dczerorl2.o(.text)
    OSStartHighRdy                           0x0800aaa5   Thumb Code     0  os_cpu_a.o(CODE)
    OSCtxSw                                  0x0800aac7   Thumb Code     0  os_cpu_a.o(CODE)
    OSIntCtxSw                               0x0800aad1   Thumb Code     0  os_cpu_a.o(CODE)
    OS_CPU_PendSVHandler                     0x0800aadb   Thumb Code     0  os_cpu_a.o(CODE)
    __0printf                                0x0800ab3d   Thumb Code    22  printfa.o(i.__0printf)
    __1printf                                0x0800ab3d   Thumb Code     0  printfa.o(i.__0printf)
    __2printf                                0x0800ab3d   Thumb Code     0  printfa.o(i.__0printf)
    __c89printf                              0x0800ab3d   Thumb Code     0  printfa.o(i.__0printf)
    printf                                   0x0800ab3d   Thumb Code     0  printfa.o(i.__0printf)
    __0sprintf                               0x0800ab5d   Thumb Code    34  printfa.o(i.__0sprintf)
    __1sprintf                               0x0800ab5d   Thumb Code     0  printfa.o(i.__0sprintf)
    __2sprintf                               0x0800ab5d   Thumb Code     0  printfa.o(i.__0sprintf)
    __c89sprintf                             0x0800ab5d   Thumb Code     0  printfa.o(i.__0sprintf)
    sprintf                                  0x0800ab5d   Thumb Code     0  printfa.o(i.__0sprintf)
    __aeabi_errno_addr                       0x0800ab85   Thumb Code     4  errno.o(i.__aeabi_errno_addr)
    __rt_errno_addr                          0x0800ab85   Thumb Code     0  errno.o(i.__aeabi_errno_addr)
    __kernel_poly                            0x0800ab8d   Thumb Code   170  poly.o(i.__kernel_poly)
    __scatterload_copy                       0x0800ac37   Thumb Code    14  handlers.o(i.__scatterload_copy)
    __scatterload_null                       0x0800ac45   Thumb Code     2  handlers.o(i.__scatterload_null)
    __scatterload_zeroinit                   0x0800ac47   Thumb Code    14  handlers.o(i.__scatterload_zeroinit)
    __set_errno                              0x0800ac55   Thumb Code     6  errno.o(i.__set_errno)
    free                                     0x0800b50d   Thumb Code    76  malloc.o(i.free)
    log                                      0x0800b55d   Thumb Code   822  log.o(i.log)
    malloc                                   0x0800b8cd   Thumb Code    92  malloc.o(i.malloc)
    sqrt                                     0x0800b939   Thumb Code    76  sqrt.o(i.sqrt)
    szEndInfo                                0x0800b9d0   Data           3  appmain.o(.constdata)
    szDeviceInfo                             0x0800b9d3   Data           4  appmain.o(.constdata)
    szDeviceName                             0x0800b9d7   Data           6  appmain.o(.constdata)
    szInfo1                                  0x0800b9dd   Data           7  appmain.o(.constdata)
    szErrorInfo1                             0x0800b9e4   Data          11  appmain.o(.constdata)
    szErrorInfo2                             0x0800b9ef   Data          14  appmain.o(.constdata)
    szInfo2                                  0x0800b9fd   Data           9  appmain.o(.constdata)
    szInqueryCmd                             0x0800ba06   Data          10  appmain.o(.constdata)
    OSCfg_IdleTaskStkBasePtr                 0x0800bbe4   Data           4  os_cfg_app.o(.constdata)
    OSCfg_IdleTaskStkLimit                   0x0800bbe8   Data           4  os_cfg_app.o(.constdata)
    OSCfg_IdleTaskStkSize                    0x0800bbec   Data           4  os_cfg_app.o(.constdata)
    OSCfg_ISRStkBasePtr                      0x0800bbf0   Data           4  os_cfg_app.o(.constdata)
    OSCfg_ISRStkSize                         0x0800bbf4   Data           4  os_cfg_app.o(.constdata)
    OSCfg_MsgPoolSize                        0x0800bbf8   Data           2  os_cfg_app.o(.constdata)
    OSCfg_MsgPoolBasePtr                     0x0800bbfc   Data           4  os_cfg_app.o(.constdata)
    OSCfg_StatTaskPrio                       0x0800bc00   Data           1  os_cfg_app.o(.constdata)
    OSCfg_StatTaskRate_Hz                    0x0800bc04   Data           4  os_cfg_app.o(.constdata)
    OSCfg_StatTaskStkBasePtr                 0x0800bc08   Data           4  os_cfg_app.o(.constdata)
    OSCfg_StatTaskStkLimit                   0x0800bc0c   Data           4  os_cfg_app.o(.constdata)
    OSCfg_StatTaskStkSize                    0x0800bc10   Data           4  os_cfg_app.o(.constdata)
    OSCfg_StkSizeMin                         0x0800bc14   Data           4  os_cfg_app.o(.constdata)
    OSCfg_TickRate_Hz                        0x0800bc18   Data           4  os_cfg_app.o(.constdata)
    OSCfg_TickTaskPrio                       0x0800bc1c   Data           1  os_cfg_app.o(.constdata)
    OSCfg_TickTaskStkBasePtr                 0x0800bc20   Data           4  os_cfg_app.o(.constdata)
    OSCfg_TickTaskStkLimit                   0x0800bc24   Data           4  os_cfg_app.o(.constdata)
    OSCfg_TickTaskStkSize                    0x0800bc28   Data           4  os_cfg_app.o(.constdata)
    OSCfg_TickWheelSize                      0x0800bc2c   Data           2  os_cfg_app.o(.constdata)
    __mathlib_zero                           0x0800bd00   Data           8  qnan.o(.constdata)
    __ctype_table                            0x0800bd08   Data         129  ctype_o.o(.constdata)
    Region$$Table$$Base                      0x0800bd90   Number         0  anon$$obj.o(Region$$Table)
    Region$$Table$$Limit                     0x0800bdb0   Number         0  anon$$obj.o(Region$$Table)
    pUart3QueueInfo                          0x20000000   Data           4  app.o(.data)
    PulseNUM                                 0x20000004   Data           1  freqmeasurement.o(.data)
    RainNumber_RAM                           0x20000008   Data           4  rain.o(.data)
    UartPreData                              0x2000000c   Data           1  usart_serial.o(.data)
    UartFinishFlag                           0x2000000d   Data           1  usart_serial.o(.data)
    szInquery1Cmd                            0x20000014   Data          16  appmain.o(.data)
    szConfigureInfo1                         0x20000024   Data          32  appmain.o(.data)
    szConfigureInfo2                         0x20000044   Data          30  appmain.o(.data)
    szCmd1                                   0x20000062   Data          20  appmain.o(.data)
    szCmd2                                   0x20000076   Data          18  appmain.o(.data)
    szCmd3                                   0x20000088   Data          40  appmain.o(.data)
    szResponse                               0x200000b0   Data          20  appmain.o(.data)
    measureflag                              0x200000c8   Data           1  stm32f4xx_it.o(.data)
    PulseNumFlag                             0x200000c9   Data           1  stm32f4xx_it.o(.data)
    CountTimes                               0x200000cc   Data           4  stm32f4xx_it.o(.data)
    OnFreq                                   0x200000d0   Data           8  stm32f4xx_it.o(.data)
    SystemCoreClock                          0x200000e8   Data           4  system_stm32f4xx.o(.data)
    AHBPrescTable                            0x200000ec   Data          16  system_stm32f4xx.o(.data)
    CPU_TS_TmrFreq_Hz                        0x200000fc   Data           4  cpu_core.o(.data)
    OS_CPU_ExceptStkBase                     0x20000100   Data           4  os_cpu_c.o(.data)
    OSPrioTbl                                0x20000104   Data           8  os_prio.o(.data)
    OS_AppTaskCreateHookPtr                  0x2000010c   Data           4  os_var.o(.data)
    OS_AppTaskDelHookPtr                     0x20000110   Data           4  os_var.o(.data)
    OS_AppTaskReturnHookPtr                  0x20000114   Data           4  os_var.o(.data)
    OS_AppIdleTaskHookPtr                    0x20000118   Data           4  os_var.o(.data)
    OS_AppStatTaskHookPtr                    0x2000011c   Data           4  os_var.o(.data)
    OS_AppTaskSwHookPtr                      0x20000120   Data           4  os_var.o(.data)
    OS_AppTimeTickHookPtr                    0x20000124   Data           4  os_var.o(.data)
    OSIdleTaskCtr                            0x20000128   Data           4  os_var.o(.data)
    OSIntNestingCtr                          0x2000012c   Data           1  os_var.o(.data)
    OSRunning                                0x2000012d   Data           1  os_var.o(.data)
    OSFlagDbgListPtr                         0x20000130   Data           4  os_var.o(.data)
    OSFlagQty                                0x20000134   Data           2  os_var.o(.data)
    OSMemDbgListPtr                          0x20000138   Data           4  os_var.o(.data)
    OSMemQty                                 0x2000013c   Data           2  os_var.o(.data)
    OSMutexDbgListPtr                        0x20000140   Data           4  os_var.o(.data)
    OSMutexQty                               0x20000144   Data           2  os_var.o(.data)
    OSPrioCur                                0x20000146   Data           1  os_var.o(.data)
    OSPrioHighRdy                            0x20000147   Data           1  os_var.o(.data)
    OSPrioSaved                              0x20000148   Data           1  os_var.o(.data)
    OSQDbgListPtr                            0x2000014c   Data           4  os_var.o(.data)
    OSQQty                                   0x20000150   Data           2  os_var.o(.data)
    OSSchedLockNestingCtr                    0x20000152   Data           1  os_var.o(.data)
    OSSchedRoundRobinDfltTimeQuanta          0x20000154   Data           4  os_var.o(.data)
    OSSchedRoundRobinEn                      0x20000158   Data           1  os_var.o(.data)
    OSSemDbgListPtr                          0x2000015c   Data           4  os_var.o(.data)
    OSSemQty                                 0x20000160   Data           2  os_var.o(.data)
    OSStatResetFlag                          0x20000162   Data           1  os_var.o(.data)
    OSStatTaskCPUUsage                       0x20000164   Data           2  os_var.o(.data)
    OSStatTaskCPUUsageMax                    0x20000166   Data           2  os_var.o(.data)
    OSStatTaskCtr                            0x20000168   Data           4  os_var.o(.data)
    OSStatTaskCtrMax                         0x2000016c   Data           4  os_var.o(.data)
    OSStatTaskCtrRun                         0x20000170   Data           4  os_var.o(.data)
    OSStatTaskRdy                            0x20000174   Data           1  os_var.o(.data)
    OSStatTaskTimeMax                        0x20000178   Data           4  os_var.o(.data)
    OSTaskCtxSwCtr                           0x2000017c   Data           4  os_var.o(.data)
    OSTaskDbgListPtr                         0x20000180   Data           4  os_var.o(.data)
    OSTaskQty                                0x20000184   Data           2  os_var.o(.data)
    OSTaskRegNextAvailID                     0x20000186   Data           1  os_var.o(.data)
    OSTickCtr                                0x20000188   Data           4  os_var.o(.data)
    OSTickTaskTimeMax                        0x2000018c   Data           4  os_var.o(.data)
    OSTCBCurPtr                              0x20000190   Data           4  os_var.o(.data)
    OSTCBHighRdyPtr                          0x20000194   Data           4  os_var.o(.data)
    Mem_PoolTbl                              0x20000198   Data           4  lib_mem.o(.data)
    __stdout                                 0x2000019c   Data           4  stdout.o(.data)
    __microlib_freelist                      0x200001a0   Data           4  mvars.o(.data)
    __microlib_freelist_initialised          0x200001a4   Data           4  mvars.o(.data)
    Rain_RAM                                 0x200073ec   Data        1024  rain.o(.bss)
    CPU_Name                                 0x200077ec   Data          16  cpu_core.o(.bss)
    OSCfg_IdleTaskStk                        0x200077fc   Data         512  os_cfg_app.o(.bss)
    OSCfg_ISRStk                             0x200079fc   Data        1024  os_cfg_app.o(.bss)
    OSCfg_MsgPool                            0x20007dfc   Data        1600  os_cfg_app.o(.bss)
    OSCfg_StatTaskStk                        0x2000843c   Data         512  os_cfg_app.o(.bss)
    OSCfg_TickTaskStk                        0x2000863c   Data         512  os_cfg_app.o(.bss)
    OSCfg_TickWheel                          0x2000883c   Data         128  os_cfg_app.o(.bss)
    OSIdleTaskTCB                            0x200088bc   Data         192  os_var.o(.bss)
    OSMsgPool                                0x2000897c   Data          12  os_var.o(.bss)
    OSRdyList                                0x20008988   Data         768  os_var.o(.bss)
    OSStatTaskTCB                            0x20008c88   Data         192  os_var.o(.bss)
    OSTickTaskTCB                            0x20008d48   Data         192  os_var.o(.bss)
    Mem_PoolHeap                             0x20008e08   Data          72  lib_mem.o(.bss)
    Mem_Heap                                 0x20008e50   Data       23552  lib_mem.o(.bss)
    __heap_base                              0x2000ea50   Data           0  startup_stm32f40_41xxx.o(HEAP)
    __heap_limit                             0x20016a50   Data           0  startup_stm32f40_41xxx.o(HEAP)
    __initial_sp                             0x2001ea50   Data           0  startup_stm32f40_41xxx.o(STACK)



==============================================================================

Memory Map of the image

  Image Entry point : 0x08000189

  Load Region LR_IROM1 (Base: 0x08000000, Size: 0x0000bf5c, Max: 0x00100000, ABSOLUTE, COMPRESSED[0x0000be24])

    Execution Region ER_IROM1 (Base: 0x08000000, Size: 0x0000bdb0, Max: 0x00100000, ABSOLUTE)

    Base Addr    Size         Type   Attr      Idx    E Section Name        Object

    0x08000000   0x00000188   Data   RO         1020    RESET               startup_stm32f40_41xxx.o
    0x08000188   0x00000000   Code   RO         1503  * .ARM.Collect$$$$00000000  mc_w.l(entry.o)
    0x08000188   0x00000004   Code   RO         1828    .ARM.Collect$$$$00000001  mc_w.l(entry2.o)
    0x0800018c   0x00000004   Code   RO         1831    .ARM.Collect$$$$00000004  mc_w.l(entry5.o)
    0x08000190   0x00000000   Code   RO         1833    .ARM.Collect$$$$00000008  mc_w.l(entry7b.o)
    0x08000190   0x00000000   Code   RO         1835    .ARM.Collect$$$$0000000A  mc_w.l(entry8b.o)
    0x08000190   0x00000008   Code   RO         1836    .ARM.Collect$$$$0000000B  mc_w.l(entry9a.o)
    0x08000198   0x00000000   Code   RO         1838    .ARM.Collect$$$$0000000D  mc_w.l(entry10a.o)
    0x08000198   0x00000000   Code   RO         1840    .ARM.Collect$$$$0000000F  mc_w.l(entry11a.o)
    0x08000198   0x00000004   Code   RO         1829    .ARM.Collect$$$$00002712  mc_w.l(entry2.o)
    0x0800019c   0x000000a0   Code   RO            3    .text               bsp.o
    0x0800023c   0x00000064   Code   RO          218    .text               main.o
    0x080002a0   0x0000034c   Code   RO          255    .text               app.o
    0x080005ec   0x00000650   Code   RO          280    .text               freqmeasurement.o
    0x08000c3c   0x000000fc   Code   RO          303    .text               rain.o
    0x08000d38   0x00000378   Code   RO          327    .text               temperature.o
    0x080010b0   0x00000070   Code   RO          348    .text               tools.o
    0x08001120   0x00000082   Code   RO          394    .text               protocol.o
    0x080011a2   0x00000002   PAD
    0x080011a4   0x00000158   Code   RO          414    .text               usart_serial.o
    0x080012fc   0x0000090c   Code   RO          442    .text               appmain.o
    0x08001c08   0x00000104   Code   RO          467    .text               bsp_init.o
    0x08001d0c   0x0000024c   Code   RO          487    .text               bsp_usart.o
    0x08001f58   0x0000041c   Code   RO          532    .text               bsp_rtc.o
    0x08002374   0x00000154   Code   RO          552    .text               bsp_io_control.o
    0x080024c8   0x000000e8   Code   RO          572    .text               bsp_adc.o
    0x080025b0   0x00000088   Code   RO          592    .text               bsp_flash.o
    0x08002638   0x00000148   Code   RO          612    .text               stm32f4xx_it.o
    0x08002780   0x000000b0   Code   RO          689    .text               misc.o
    0x08002830   0x00000040   Code   RO          709    .text               stm32f4xx_crc.o
    0x08002870   0x000000e8   Code   RO          729    .text               stm32f4xx_exti.o
    0x08002958   0x000001ec   Code   RO          749    .text               stm32f4xx_gpio.o
    0x08002b44   0x000003d4   Code   RO          769    .text               stm32f4xx_rcc.o
    0x08002f18   0x0000006c   Code   RO          791    .text               stm32f4xx_syscfg.o
    0x08002f84   0x00000344   Code   RO          811    .text               stm32f4xx_usart.o
    0x080032c8   0x000009dc   Code   RO          831    .text               stm32f4xx_tim.o
    0x08003ca4   0x000002f0   Code   RO          852    .text               stm32f4xx_spi.o
    0x08003f94   0x00000a24   Code   RO          872    .text               stm32f4xx_rtc.o
    0x080049b8   0x000000d0   Code   RO          893    .text               stm32f4xx_pwr.o
    0x08004a88   0x00000080   Code   RO          913    .text               stm32f4xx_wwdg.o
    0x08004b08   0x0000003c   Code   RO          933    .text               stm32f4xx_iwdg.o
    0x08004b44   0x00000354   Code   RO          953    .text               stm32f4xx_adc.o
    0x08004e98   0x00000390   Code   RO          973    .text               stm32f4xx_flash.o
    0x08005228   0x00000170   Code   RO          994    .text               system_stm32f4xx.o
    0x08005398   0x00000024   Code   RO         1021    .text               startup_stm32f40_41xxx.o
    0x080053bc   0x00000034   Code   RO         1025    .text               cpu_a.o
    0x080053f0   0x000001c0   Code   RO         1040    .text               cpu_core.o
    0x080055b0   0x0000016c   Code   RO         1064    .text               os_cpu_c.o
    0x0800571c   0x00000002   Code   RO         1082    .text               os_cfg_app.o
    0x0800571e   0x00000002   PAD
    0x08005720   0x000009ec   Code   RO         1150    .text               os_core.o
    0x0800610c   0x00000002   Code   RO         1163    .text               os_dbg.o
    0x0800610e   0x00000002   PAD
    0x08006110   0x0000065c   Code   RO         1183    .text               os_flag.o
    0x0800676c   0x00000154   Code   RO         1202    .text               os_mem.o
    0x080068c0   0x0000017c   Code   RO         1214    .text               os_msg.o
    0x08006a3c   0x00000584   Code   RO         1226    .text               os_mutex.o
    0x08006fc0   0x00000070   Code   RO         1251    .text               os_prio.o
    0x08007030   0x00000510   Code   RO         1270    .text               os_q.o
    0x08007540   0x000004bc   Code   RO         1283    .text               os_sem.o
    0x080079fc   0x00000388   Code   RO         1296    .text               os_stat.o
    0x08007d84   0x00000c5c   Code   RO         1308    .text               os_task.o
    0x080089e0   0x00000320   Code   RO         1320    .text               os_tick.o
    0x08008d00   0x00000298   Code   RO         1333    .text               os_time.o
    0x08008f98   0x0000015a   Code   RO         1410    .text               lib_ascii.o
    0x080090f2   0x00000002   PAD
    0x080090f4   0x00000954   Code   RO         1445    .text               lib_mem.o
    0x08009a48   0x00000220   Code   RO         1464    .text               lib_mem_a.o
    0x08009c68   0x0000059c   Code   RO         1467    .text               lib_str.o
    0x0800a204   0x00000062   Code   RO         1506    .text               mc_w.l(uldiv.o)
    0x0800a266   0x00000024   Code   RO         1508    .text               mc_w.l(memcpya.o)
    0x0800a28a   0x00000024   Code   RO         1510    .text               mc_w.l(memseta.o)
    0x0800a2ae   0x00000018   Code   RO         1512    .text               mc_w.l(strcat.o)
    0x0800a2c6   0x0000000e   Code   RO         1514    .text               mc_w.l(strlen.o)
    0x0800a2d4   0x0000001a   Code   RO         1516    .text               mc_w.l(memcmp.o)
    0x0800a2ee   0x0000001a   Code   RO         1809    .text               mc_w.l(atoi.o)
    0x0800a308   0x0000014e   Code   RO         1811    .text               mf_w.l(dadd.o)
    0x0800a456   0x000000e4   Code   RO         1813    .text               mf_w.l(dmul.o)
    0x0800a53a   0x000000de   Code   RO         1815    .text               mf_w.l(ddiv.o)
    0x0800a618   0x0000002e   Code   RO         1817    .text               mf_w.l(dscalb.o)
    0x0800a646   0x0000001a   Code   RO         1819    .text               mf_w.l(dfltui.o)
    0x0800a660   0x00000028   Code   RO         1821    .text               mf_w.l(cdcmple.o)
    0x0800a688   0x00000028   Code   RO         1823    .text               mf_w.l(cdrcmple.o)
    0x0800a6b0   0x0000002c   Code   RO         1843    .text               mc_w.l(uidiv.o)
    0x0800a6dc   0x0000001e   Code   RO         1845    .text               mc_w.l(llshl.o)
    0x0800a6fa   0x00000020   Code   RO         1847    .text               mc_w.l(llushr.o)
    0x0800a71a   0x00000024   Code   RO         1849    .text               mc_w.l(llsshr.o)
    0x0800a73e   0x00000070   Code   RO         1860    .text               mc_w.l(strtol.o)
    0x0800a7ae   0x00000000   Code   RO         1862    .text               mc_w.l(iusefp.o)
    0x0800a7ae   0x000000be   Code   RO         1863    .text               mf_w.l(depilogue.o)
    0x0800a86c   0x000000a2   Code   RO         1865    .text               mf_w.l(dsqrt.o)
    0x0800a90e   0x00000022   Code   RO         1867    .text               mf_w.l(dflti.o)
    0x0800a930   0x00000030   Code   RO         1869    .text               mf_w.l(dfixul.o)
    0x0800a960   0x00000024   Code   RO         1871    .text               mc_w.l(init.o)
    0x0800a984   0x00000008   Code   RO         1873    .text               mc_w.l(ctype_o.o)
    0x0800a98c   0x0000009e   Code   RO         1901    .text               mc_w.l(_strtoul.o)
    0x0800aa2a   0x0000001c   Code   RO         1903    .text               mc_w.l(_chval.o)
    0x0800aa46   0x0000005c   Code   RO         1913    .text               mc_w.l(__dczerorl2.o)
    0x0800aaa2   0x00000002   PAD
    0x0800aaa4   0x00000098   Code   RO         1061    CODE                os_cpu_a.o
    0x0800ab3c   0x00000020   Code   RO         1753    i.__0printf         mc_w.l(printfa.o)
    0x0800ab5c   0x00000028   Code   RO         1755    i.__0sprintf        mc_w.l(printfa.o)
    0x0800ab84   0x00000008   Code   RO         1853    i.__aeabi_errno_addr  mc_w.l(errno.o)
    0x0800ab8c   0x000000aa   Code   RO         1825    i.__kernel_poly     m_ws.l(poly.o)
    0x0800ac36   0x0000000e   Code   RO         1907    i.__scatterload_copy  mc_w.l(handlers.o)
    0x0800ac44   0x00000002   Code   RO         1908    i.__scatterload_null  mc_w.l(handlers.o)
    0x0800ac46   0x0000000e   Code   RO         1909    i.__scatterload_zeroinit  mc_w.l(handlers.o)
    0x0800ac54   0x0000000c   Code   RO         1855    i.__set_errno       mc_w.l(errno.o)
    0x0800ac60   0x0000015c   Code   RO         1760    i._fp_digits        mc_w.l(printfa.o)
    0x0800adbc   0x000006f0   Code   RO         1761    i._printf_core      mc_w.l(printfa.o)
    0x0800b4ac   0x00000026   Code   RO         1762    i._printf_post_padding  mc_w.l(printfa.o)
    0x0800b4d2   0x00000030   Code   RO         1763    i._printf_pre_padding  mc_w.l(printfa.o)
    0x0800b502   0x0000000a   Code   RO         1765    i._sputc            mc_w.l(printfa.o)
    0x0800b50c   0x00000050   Code   RO         1781    i.free              mc_w.l(malloc.o)
    0x0800b55c   0x00000370   Code   RO         1486    i.log               m_ws.l(log.o)
    0x0800b8cc   0x0000006c   Code   RO         1782    i.malloc            mc_w.l(malloc.o)
    0x0800b938   0x0000004c   Code   RO         1496    i.sqrt              m_ws.l(sqrt.o)
    0x0800b984   0x00000049   Data   RO          257    .constdata          app.o
    0x0800b9cd   0x00000003   PAD
    0x0800b9d0   0x00000114   Data   RO          443    .constdata          appmain.o
    0x0800bae4   0x00000100   Data   RO         1042    .constdata          cpu_core.o
    0x0800bbe4   0x00000004   Data   RO         1089    .constdata          os_cfg_app.o
    0x0800bbe8   0x00000004   Data   RO         1090    .constdata          os_cfg_app.o
    0x0800bbec   0x00000004   Data   RO         1091    .constdata          os_cfg_app.o
    0x0800bbf0   0x00000004   Data   RO         1100    .constdata          os_cfg_app.o
    0x0800bbf4   0x00000004   Data   RO         1101    .constdata          os_cfg_app.o
    0x0800bbf8   0x00000002   Data   RO         1103    .constdata          os_cfg_app.o
    0x0800bbfa   0x00000002   PAD
    0x0800bbfc   0x00000004   Data   RO         1105    .constdata          os_cfg_app.o
    0x0800bc00   0x00000001   Data   RO         1106    .constdata          os_cfg_app.o
    0x0800bc01   0x00000003   PAD
    0x0800bc04   0x00000004   Data   RO         1107    .constdata          os_cfg_app.o
    0x0800bc08   0x00000004   Data   RO         1108    .constdata          os_cfg_app.o
    0x0800bc0c   0x00000004   Data   RO         1109    .constdata          os_cfg_app.o
    0x0800bc10   0x00000004   Data   RO         1110    .constdata          os_cfg_app.o
    0x0800bc14   0x00000004   Data   RO         1112    .constdata          os_cfg_app.o
    0x0800bc18   0x00000004   Data   RO         1113    .constdata          os_cfg_app.o
    0x0800bc1c   0x00000001   Data   RO         1114    .constdata          os_cfg_app.o
    0x0800bc1d   0x00000003   PAD
    0x0800bc20   0x00000004   Data   RO         1115    .constdata          os_cfg_app.o
    0x0800bc24   0x00000004   Data   RO         1116    .constdata          os_cfg_app.o
    0x0800bc28   0x00000004   Data   RO         1117    .constdata          os_cfg_app.o
    0x0800bc2c   0x00000002   Data   RO         1119    .constdata          os_cfg_app.o
    0x0800bc2e   0x00000002   PAD
    0x0800bc30   0x00000094   Data   RO         1468    .constdata          lib_str.o
    0x0800bcc4   0x00000004   PAD
    0x0800bcc8   0x00000038   Data   RO         1487    .constdata          m_ws.l(log.o)
    0x0800bd00   0x00000008   Data   RO         1827    .constdata          m_ws.l(qnan.o)
    0x0800bd08   0x00000081   Data   RO         1874    .constdata          mc_w.l(ctype_o.o)
    0x0800bd89   0x00000003   PAD
    0x0800bd8c   0x00000004   Data   RO         1875    .constdata          mc_w.l(ctype_o.o)
    0x0800bd90   0x00000020   Data   RO         1905    Region$$Table       anon$$obj.o


    Execution Region RW_IRAM1 (Base: 0x20000000, Size: 0x0001ea50, Max: 0x00020000, ABSOLUTE, COMPRESSED[0x00000074])

    Base Addr    Size         Type   Attr      Idx    E Section Name        Object

    0x20000000   0x00000004   Data   RW          258    .data               app.o
    0x20000004   0x00000001   Data   RW          281    .data               freqmeasurement.o
    0x20000005   0x00000003   PAD
    0x20000008   0x00000004   Data   RW          305    .data               rain.o
    0x2000000c   0x00000008   Data   RW          415    .data               usart_serial.o
    0x20000014   0x000000b0   Data   RW          444    .data               appmain.o
    0x200000c4   0x00000004   PAD
    0x200000c8   0x00000010   Data   RW          615    .data               stm32f4xx_it.o
    0x200000d8   0x00000010   Data   RW          770    .data               stm32f4xx_rcc.o
    0x200000e8   0x00000014   Data   RW          995    .data               system_stm32f4xx.o
    0x200000fc   0x00000004   Data   RW         1043    .data               cpu_core.o
    0x20000100   0x00000004   Data   RW         1065    .data               os_cpu_c.o
    0x20000104   0x00000008   Data   RW         1252    .data               os_prio.o
    0x2000010c   0x00000004   Data   RW         1356    .data               os_var.o
    0x20000110   0x00000004   Data   RW         1357    .data               os_var.o
    0x20000114   0x00000004   Data   RW         1358    .data               os_var.o
    0x20000118   0x00000004   Data   RW         1359    .data               os_var.o
    0x2000011c   0x00000004   Data   RW         1360    .data               os_var.o
    0x20000120   0x00000004   Data   RW         1361    .data               os_var.o
    0x20000124   0x00000004   Data   RW         1362    .data               os_var.o
    0x20000128   0x00000004   Data   RW         1363    .data               os_var.o
    0x2000012c   0x00000001   Data   RW         1364    .data               os_var.o
    0x2000012d   0x00000001   Data   RW         1365    .data               os_var.o
    0x2000012e   0x00000002   PAD
    0x20000130   0x00000004   Data   RW         1366    .data               os_var.o
    0x20000134   0x00000002   Data   RW         1367    .data               os_var.o
    0x20000136   0x00000002   PAD
    0x20000138   0x00000004   Data   RW         1368    .data               os_var.o
    0x2000013c   0x00000002   Data   RW         1369    .data               os_var.o
    0x2000013e   0x00000002   PAD
    0x20000140   0x00000004   Data   RW         1370    .data               os_var.o
    0x20000144   0x00000002   Data   RW         1371    .data               os_var.o
    0x20000146   0x00000001   Data   RW         1372    .data               os_var.o
    0x20000147   0x00000001   Data   RW         1373    .data               os_var.o
    0x20000148   0x00000001   Data   RW         1374    .data               os_var.o
    0x20000149   0x00000003   PAD
    0x2000014c   0x00000004   Data   RW         1375    .data               os_var.o
    0x20000150   0x00000002   Data   RW         1376    .data               os_var.o
    0x20000152   0x00000001   Data   RW         1377    .data               os_var.o
    0x20000153   0x00000001   PAD
    0x20000154   0x00000004   Data   RW         1378    .data               os_var.o
    0x20000158   0x00000001   Data   RW         1379    .data               os_var.o
    0x20000159   0x00000003   PAD
    0x2000015c   0x00000004   Data   RW         1380    .data               os_var.o
    0x20000160   0x00000002   Data   RW         1381    .data               os_var.o
    0x20000162   0x00000001   Data   RW         1382    .data               os_var.o
    0x20000163   0x00000001   PAD
    0x20000164   0x00000002   Data   RW         1383    .data               os_var.o
    0x20000166   0x00000002   Data   RW         1384    .data               os_var.o
    0x20000168   0x00000004   Data   RW         1385    .data               os_var.o
    0x2000016c   0x00000004   Data   RW         1386    .data               os_var.o
    0x20000170   0x00000004   Data   RW         1387    .data               os_var.o
    0x20000174   0x00000001   Data   RW         1388    .data               os_var.o
    0x20000175   0x00000003   PAD
    0x20000178   0x00000004   Data   RW         1389    .data               os_var.o
    0x2000017c   0x00000004   Data   RW         1390    .data               os_var.o
    0x20000180   0x00000004   Data   RW         1391    .data               os_var.o
    0x20000184   0x00000002   Data   RW         1392    .data               os_var.o
    0x20000186   0x00000001   Data   RW         1393    .data               os_var.o
    0x20000187   0x00000001   PAD
    0x20000188   0x00000004   Data   RW         1394    .data               os_var.o
    0x2000018c   0x00000004   Data   RW         1395    .data               os_var.o
    0x20000190   0x00000004   Data   RW         1396    .data               os_var.o
    0x20000194   0x00000004   Data   RW         1397    .data               os_var.o
    0x20000198   0x00000004   Data   RW         1447    .data               lib_mem.o
    0x2000019c   0x00000004   Data   RW         1842    .data               mc_w.l(stdout.o)
    0x200001a0   0x00000004   Data   RW         1851    .data               mc_w.l(mvars.o)
    0x200001a4   0x00000004   Data   RW         1852    .data               mc_w.l(mvars.o)
    0x200001a8   0x00000004   Data   RW         1856    .data               mc_w.l(errno.o)
    0x200001ac   0x000010c0   Zero   RW          219    .bss                main.o
    0x2000126c   0x00006180   Zero   RW          256    .bss                app.o
    0x200073ec   0x00000400   Zero   RW          304    .bss                rain.o
    0x200077ec   0x00000010   Zero   RW         1041    .bss                cpu_core.o
    0x200077fc   0x00000200   Zero   RW         1083    .bss                os_cfg_app.o
    0x200079fc   0x00000400   Zero   RW         1084    .bss                os_cfg_app.o
    0x20007dfc   0x00000640   Zero   RW         1085    .bss                os_cfg_app.o
    0x2000843c   0x00000200   Zero   RW         1086    .bss                os_cfg_app.o
    0x2000863c   0x00000200   Zero   RW         1087    .bss                os_cfg_app.o
    0x2000883c   0x00000080   Zero   RW         1088    .bss                os_cfg_app.o
    0x200088bc   0x000000c0   Zero   RW         1351    .bss                os_var.o
    0x2000897c   0x0000000c   Zero   RW         1352    .bss                os_var.o
    0x20008988   0x00000300   Zero   RW         1353    .bss                os_var.o
    0x20008c88   0x000000c0   Zero   RW         1354    .bss                os_var.o
    0x20008d48   0x000000c0   Zero   RW         1355    .bss                os_var.o
    0x20008e08   0x00005c48   Zero   RW         1446    .bss                lib_mem.o
    0x2000ea50   0x00008000   Zero   RW         1019    HEAP                startup_stm32f40_41xxx.o
    0x20016a50   0x00008000   Zero   RW         1018    STACK               startup_stm32f40_41xxx.o


==============================================================================

Image component sizes


      Code (inc. data)   RO Data    RW Data    ZI Data      Debug   Object Name

       844        444         73          4      24960       1539   app.o
      2316        176        276        176          0       6640   appmain.o
       160         18          0          0          0     383288   bsp.o
       232         26          0          0          0       1005   bsp_adc.o
       136          0          0          0          0       1295   bsp_flash.o
       260          8          0          0          0       1087   bsp_init.o
       340         22          0          0          0       1208   bsp_io_control.o
      1052         46          0          0          0       2596   bsp_rtc.o
       588         26          0          0          0       2660   bsp_usart.o
        52          0          0          0          0        216   cpu_a.o
       448         12        256          4         16       5618   cpu_core.o
      1616        102          0          1          0       3527   freqmeasurement.o
       346          0          0          0          0       3830   lib_ascii.o
      2388         40          0          4      23624      19656   lib_mem.o
       544          0          0          0          0        352   lib_mem_a.o
      1436          4        148          0          0       8620   lib_str.o
       100         26          0          0       4288        767   main.o
       176         16          0          0          0       1473   misc.o
         2          0         66          0       4288      18610   os_cfg_app.o
      2540        214          0          0          0       9678   os_core.o
       152         32          0          0          0        260   os_cpu_a.o
       364         62          0          4          0       2821   os_cpu_c.o
         2          0          0          0          0        726   os_dbg.o
      1628         70          0          0          0       5313   os_flag.o
       340         16          0          0          0       1920   os_mem.o
       380         12          0          0          0       2042   os_msg.o
      1412         84          0          0          0       3964   os_mutex.o
       112          6          0          8          0       1460   os_prio.o
      1296         50          0          0          0       4474   os_q.o
      1212         58          0          0          0       4402   os_sem.o
       904        116          0          0          0       2189   os_stat.o
      3164        164          0          0          0       9786   os_task.o
       800         72          0          0          0       2787   os_tick.o
       664         40          0          0          0       2465   os_time.o
         0          0          0        122       1356      17257   os_var.o
       130          0          0          0          0       1255   protocol.o
       252         22          0          4       1024       1207   rain.o
        36          8        392          0      65536        724   startup_stm32f40_41xxx.o
       852         24          0          0          0       8638   stm32f4xx_adc.o
        64          6          0          0          0       1406   stm32f4xx_crc.o
       232          8          0          0          0       1907   stm32f4xx_exti.o
       912         20          0          0          0       6015   stm32f4xx_flash.o
       492         36          0          0          0       3237   stm32f4xx_gpio.o
       328         68          0         16          0       2800   stm32f4xx_it.o
        60          6          0          0          0       1093   stm32f4xx_iwdg.o
       208         12          0          0          0       2132   stm32f4xx_pwr.o
       980         42          0         16          0       9435   stm32f4xx_rcc.o
      2596         44          0          0          0      13358   stm32f4xx_rtc.o
       752         22          0          0          0       5573   stm32f4xx_spi.o
       108         14          0          0          0       1371   stm32f4xx_syscfg.o
      2524         52          0          0          0      17858   stm32f4xx_tim.o
       836         26          0          0          0       6320   stm32f4xx_usart.o
       128         10          0          0          0       2008   stm32f4xx_wwdg.o
       368         36          0         20          0       1567   system_stm32f4xx.o
       888        108          0          0          0       2510   temperature.o
       112          6          0          0          0        977   tools.o
       344         12          0          8          0       2480   usart_serial.o

    ----------------------------------------------------------------------
     41216       2544       1260        412     125092     629402   Object Totals
         0          0         32          0          0          0   (incl. Generated)
         8          0         17         25          0          0   (incl. Padding)

    ----------------------------------------------------------------------

      Code (inc. data)   RO Data    RW Data    ZI Data      Debug   Library Member Name

       880         58         56          0          0        264   log.o
       170          0          0          0          0         96   poly.o
         0          0          8          0          0          0   qnan.o
        76          0          0          0          0         84   sqrt.o
        92          0          0          0          0          0   __dczerorl2.o
        28          0          0          0          0         68   _chval.o
       158          0          0          0          0         92   _strtoul.o
        26          0          0          0          0         80   atoi.o
         8          4        133          0          0         68   ctype_o.o
         0          0          0          0          0          0   entry.o
         0          0          0          0          0          0   entry10a.o
         0          0          0          0          0          0   entry11a.o
         8          4          0          0          0          0   entry2.o
         4          0          0          0          0          0   entry5.o
         0          0          0          0          0          0   entry7b.o
         0          0          0          0          0          0   entry8b.o
         8          4          0          0          0          0   entry9a.o
        20         10          0          4          0        136   errno.o
        30          0          0          0          0          0   handlers.o
        36          8          0          0          0         68   init.o
         0          0          0          0          0          0   iusefp.o
        30          0          0          0          0         68   llshl.o
        36          0          0          0          0         68   llsshr.o
        32          0          0          0          0         68   llushr.o
       188         20          0          0          0        160   malloc.o
        26          0          0          0          0         80   memcmp.o
        36          0          0          0          0         68   memcpya.o
        36          0          0          0          0        108   memseta.o
         0          0          0          8          0          0   mvars.o
      2292         96          0          0          0        596   printfa.o
         0          0          0          4          0          0   stdout.o
        24          0          0          0          0         68   strcat.o
        14          0          0          0          0         68   strlen.o
       112          0          0          0          0         88   strtol.o
        44          0          0          0          0         80   uidiv.o
        98          0          0          0          0         92   uldiv.o
        40          2          0          0          0         68   cdcmple.o
        40          2          0          0          0         68   cdrcmple.o
       334          0          0          0          0        148   dadd.o
       222          0          0          0          0        100   ddiv.o
       190          0          0          0          0        176   depilogue.o
        48          0          0          0          0         68   dfixul.o
        34          0          0          0          0         76   dflti.o
        26          0          0          0          0         76   dfltui.o
       228          0          0          0          0         96   dmul.o
        46          0          0          0          0         80   dscalb.o
       162          0          0          0          0        100   dsqrt.o

    ----------------------------------------------------------------------
      5884        208        200         16          0       3624   Library Totals
         2          0          3          0          0          0   (incl. Padding)

    ----------------------------------------------------------------------

      Code (inc. data)   RO Data    RW Data    ZI Data      Debug   Library Name

      1126         58         64          0          0        444   m_ws.l
      3386        146        133         16          0       2124   mc_w.l
      1370          4          0          0          0       1056   mf_w.l

    ----------------------------------------------------------------------
      5884        208        200         16          0       3624   Library Totals

    ----------------------------------------------------------------------

==============================================================================


      Code (inc. data)   RO Data    RW Data    ZI Data      Debug   

     47100       2752       1460        428     125092     623926   Grand Totals
     47100       2752       1460        116     125092     623926   ELF Image Totals (compressed)
     47100       2752       1460        116          0          0   ROM Totals

==============================================================================

    Total RO  Size (Code + RO Data)                48560 (  47.42kB)
    Total RW  Size (RW Data + ZI Data)            125520 ( 122.58kB)
    Total ROM Size (Code + RO Data + RW Data)      48676 (  47.54kB)

==============================================================================

