<html>
<body>
<pre>
<h1>µVision Build Log</h1>
<h2>Project:</h2>
E:\PROJECT\RAIN\PRO\emWin.uvproj
Project File Date:  12/29/2015

<h2>Output:</h2>
Build target 'Freq'
compiling Rain.c...
compiling AppMain.c...
..\Protocol\AppMain.c(242): warning:  #167-D: argument of type "char *" is incompatible with parameter of type "unsigned char *"
..\Protocol\AppMain.c(277): warning:  #167-D: argument of type "char *" is incompatible with parameter of type "U8 *"
..\Protocol\AppMain.c(224): warning:  #177-D: variable "f1" was declared but never referenced
..\Protocol\AppMain.c(232): warning:  #177-D: variable "t1" was declared but never referenced
linking...
Program Size: Code=45908 RO-data=1244 RW-data=412 ZI-data=125092  
FromELF: creating hex file...
"..\obj\emWin.axf" - 0 Errors, 4 Warning(s).
Build target 'Freq'
compiling bsp.c...
compiling main.c...
compiling app.c...
compiling FreqMeasurement.c...
compiling Rain.c...
compiling Temperature.c...
compiling Tools.c...
compiling kernel.c...
compiling Protocol.c...
compiling usart_serial.c...
compiling AppMain.c...
..\Protocol\AppMain.c(242): warning:  #167-D: argument of type "char *" is incompatible with parameter of type "unsigned char *"
..\Protocol\AppMain.c(277): warning:  #167-D: argument of type "char *" is incompatible with parameter of type "U8 *"
..\Protocol\AppMain.c(224): warning:  #177-D: variable "f1" was declared but never referenced
..\Protocol\AppMain.c(232): warning:  #177-D: variable "t1" was declared but never referenced
compiling bsp_init.c...
..\App\BSP\bsp_init.c(6): warning: C4017W: HSEStartUpStatus may be used before being set
compiling bsp_sst25vf064.c...
compiling bsp_rtc.c...
..\App\BSP\bsp_rtc.c(29): warning:  #1166-D: returning pointer to local variable
..\App\BSP\bsp_rtc.c(52): warning:  #1166-D: returning pointer to local variable
..\App\BSP\bsp_rtc.c(147): warning: C4017W: RTC_TimeStructure may be used before being set
compiling bsp_io_control.c...
compiling bsp_adc.c...
compiling bsp_flash.c...
..\App\BSP\bsp_flash.c(83): warning:  #1166-D: returning pointer to local variable
compiling stm32f4xx_it.c...
linking...
Program Size: Code=45892 RO-data=1244 RW-data=412 ZI-data=125092  
FromELF: creating hex file...
"..\obj\emWin.axf" - 0 Errors, 9 Warning(s).
Load "..\\obj\\emWin.axf" 
Erase Done.
Programming Done.
Verify OK.
Application running ...
Build target 'Freq'
compiling AppMain.c...
..\Protocol\AppMain.c(242): warning:  #167-D: argument of type "char *" is incompatible with parameter of type "unsigned char *"
..\Protocol\AppMain.c(277): warning:  #167-D: argument of type "char *" is incompatible with parameter of type "U8 *"
..\Protocol\AppMain.c(224): warning:  #177-D: variable "f1" was declared but never referenced
..\Protocol\AppMain.c(232): warning:  #177-D: variable "t1" was declared but never referenced
linking...
Program Size: Code=45892 RO-data=1244 RW-data=412 ZI-data=125092  
FromELF: creating hex file...
"..\obj\emWin.axf" - 0 Errors, 4 Warning(s).
Load "..\\obj\\emWin.axf" 
Erase Done.
Programming Done.
Verify OK.
Application running ...
Build target 'Freq'
compiling AppMain.c...
..\Protocol\AppMain.c(242): warning:  #167-D: argument of type "char *" is incompatible with parameter of type "unsigned char *"
..\Protocol\AppMain.c(277): warning:  #167-D: argument of type "char *" is incompatible with parameter of type "U8 *"
..\Protocol\AppMain.c(220): warning:  #177-D: variable "i" was declared but never referenced
..\Protocol\AppMain.c(224): warning:  #177-D: variable "f1" was declared but never referenced
..\Protocol\AppMain.c(232): warning:  #177-D: variable "t1" was declared but never referenced
linking...
Program Size: Code=45872 RO-data=1248 RW-data=412 ZI-data=125092  
FromELF: creating hex file...
"..\obj\emWin.axf" - 0 Errors, 5 Warning(s).
Build target 'Freq'
linking...
Program Size: Code=45872 RO-data=1248 RW-data=412 ZI-data=125092  
FromELF: creating hex file...
"..\obj\emWin.axf" - 0 Errors, 0 Warning(s).
Load "..\\obj\\emWin.axf" 
Erase Done.
Programming Done.
Verify OK.
Application running ...
Build target 'Freq'
compiling Rain.c...
linking...
Program Size: Code=45868 RO-data=1244 RW-data=412 ZI-data=125092  
FromELF: creating hex file...
"..\obj\emWin.axf" - 0 Errors, 0 Warning(s).
Build target 'Freq'
linking...
Program Size: Code=45868 RO-data=1244 RW-data=412 ZI-data=125092  
FromELF: creating hex file...
"..\obj\emWin.axf" - 0 Errors, 0 Warning(s).
Load "..\\obj\\emWin.axf" 
Erase Done.
Programming Done.
Verify OK.
Application running ...
Build target 'Freq'
compiling AppMain.c...
..\Protocol\AppMain.c(242): warning:  #167-D: argument of type "char *" is incompatible with parameter of type "unsigned char *"
..\Protocol\AppMain.c(277): warning:  #167-D: argument of type "char *" is incompatible with parameter of type "U8 *"
..\Protocol\AppMain.c(220): warning:  #177-D: variable "i" was declared but never referenced
..\Protocol\AppMain.c(224): warning:  #177-D: variable "f1" was declared but never referenced
..\Protocol\AppMain.c(232): warning:  #177-D: variable "t1" was declared but never referenced
linking...
Program Size: Code=45784 RO-data=1248 RW-data=412 ZI-data=125092  
FromELF: creating hex file...
"..\obj\emWin.axf" - 0 Errors, 5 Warning(s).
Build target 'Freq'
linking...
Program Size: Code=45784 RO-data=1248 RW-data=412 ZI-data=125092  
FromELF: creating hex file...
"..\obj\emWin.axf" - 0 Errors, 0 Warning(s).
Build target 'Freq'
compiling AppMain.c...
..\Protocol\AppMain.c(242): warning:  #167-D: argument of type "char *" is incompatible with parameter of type "unsigned char *"
..\Protocol\AppMain.c(277): warning:  #167-D: argument of type "char *" is incompatible with parameter of type "U8 *"
..\Protocol\AppMain.c(220): warning:  #177-D: variable "i" was declared but never referenced
..\Protocol\AppMain.c(224): warning:  #177-D: variable "f1" was declared but never referenced
..\Protocol\AppMain.c(232): warning:  #177-D: variable "t1" was declared but never referenced
linking...
Program Size: Code=45768 RO-data=1248 RW-data=412 ZI-data=125092  
FromELF: creating hex file...
"..\obj\emWin.axf" - 0 Errors, 5 Warning(s).
Build target 'Freq'
linking...
Program Size: Code=45768 RO-data=1248 RW-data=412 ZI-data=125092  
FromELF: creating hex file...
"..\obj\emWin.axf" - 0 Errors, 0 Warning(s).
Load "..\\obj\\emWin.axf" 
Erase Done.
Programming Done.
Verify OK.
Application running ...
Build target 'Freq'
compiling Rain.c...
linking...
Program Size: Code=45792 RO-data=1248 RW-data=412 ZI-data=125092  
FromELF: creating hex file...
"..\obj\emWin.axf" - 0 Errors, 0 Warning(s).
Build target 'Freq'
linking...
Program Size: Code=45792 RO-data=1248 RW-data=412 ZI-data=125092  
FromELF: creating hex file...
"..\obj\emWin.axf" - 0 Errors, 0 Warning(s).
Load "..\\obj\\emWin.axf" 
Erase Done.
Programming Done.
Verify OK.
Application running ...
Build target 'Freq'
compiling Rain.c...
compiling bsp_flash.c...
..\App\BSP\bsp_flash.c(84): warning:  #1166-D: returning pointer to local variable
linking...
Program Size: Code=45816 RO-data=1248 RW-data=412 ZI-data=125092  
FromELF: creating hex file...
"..\obj\emWin.axf" - 0 Errors, 1 Warning(s).
Build target 'Freq'
linking...
Program Size: Code=45816 RO-data=1248 RW-data=412 ZI-data=125092  
FromELF: creating hex file...
"..\obj\emWin.axf" - 0 Errors, 0 Warning(s).
Load "..\\obj\\emWin.axf" 
Erase Done.
Programming Done.
Verify OK.
Application running ...
Build target 'Freq'
compiling Rain.c...
linking...
Program Size: Code=45848 RO-data=1248 RW-data=412 ZI-data=125092  
FromELF: creating hex file...
"..\obj\emWin.axf" - 0 Errors, 0 Warning(s).
Build target 'Freq'
linking...
Program Size: Code=45848 RO-data=1248 RW-data=412 ZI-data=125092  
FromELF: creating hex file...
"..\obj\emWin.axf" - 0 Errors, 0 Warning(s).
Load "..\\obj\\emWin.axf" 
Erase Done.
Programming Done.
Verify OK.
Application running ...
Build target 'Freq'
compiling Rain.c...
linking...
Program Size: Code=45840 RO-data=1248 RW-data=412 ZI-data=125092  
FromELF: creating hex file...
"..\obj\emWin.axf" - 0 Errors, 0 Warning(s).
Build target 'Freq'
linking...
Program Size: Code=45840 RO-data=1248 RW-data=412 ZI-data=125092  
FromELF: creating hex file...
"..\obj\emWin.axf" - 0 Errors, 0 Warning(s).
Load "..\\obj\\emWin.axf" 
Erase Done.
Programming Done.
Verify OK.
Application running ...
Build target 'Freq'
compiling Rain.c...
linking...
Program Size: Code=45792 RO-data=1248 RW-data=412 ZI-data=125092  
FromELF: creating hex file...
"..\obj\emWin.axf" - 0 Errors, 0 Warning(s).
Load "..\\obj\\emWin.axf" 
Erase Done.
Programming Done.
Verify OK.
Application running ...
Build target 'Freq'
compiling AppMain.c...
..\Protocol\AppMain.c(242): warning:  #167-D: argument of type "char *" is incompatible with parameter of type "unsigned char *"
..\Protocol\AppMain.c(277): warning:  #167-D: argument of type "char *" is incompatible with parameter of type "U8 *"
..\Protocol\AppMain.c(220): warning:  #177-D: variable "i" was declared but never referenced
..\Protocol\AppMain.c(224): warning:  #177-D: variable "f1" was declared but never referenced
..\Protocol\AppMain.c(232): warning:  #177-D: variable "t1" was declared but never referenced
linking...
Program Size: Code=45792 RO-data=1248 RW-data=412 ZI-data=125092  
FromELF: creating hex file...
"..\obj\emWin.axf" - 0 Errors, 5 Warning(s).
Build target 'Freq'
linking...
Program Size: Code=45792 RO-data=1248 RW-data=412 ZI-data=125092  
FromELF: creating hex file...
"..\obj\emWin.axf" - 0 Errors, 0 Warning(s).
Load "..\\obj\\emWin.axf" 
Erase Done.
Programming Done.
Verify OK.
Application running ...
Build target 'Freq'
compiling AppMain.c...
..\Protocol\AppMain.c(242): warning:  #167-D: argument of type "char *" is incompatible with parameter of type "unsigned char *"
..\Protocol\AppMain.c(277): warning:  #167-D: argument of type "char *" is incompatible with parameter of type "U8 *"
..\Protocol\AppMain.c(220): warning:  #177-D: variable "i" was declared but never referenced
..\Protocol\AppMain.c(224): warning:  #177-D: variable "f1" was declared but never referenced
..\Protocol\AppMain.c(232): warning:  #177-D: variable "t1" was declared but never referenced
linking...
Program Size: Code=45788 RO-data=1244 RW-data=412 ZI-data=125092  
FromELF: creating hex file...
"..\obj\emWin.axf" - 0 Errors, 5 Warning(s).
Build target 'Freq'
linking...
Program Size: Code=45788 RO-data=1244 RW-data=412 ZI-data=125092  
FromELF: creating hex file...
"..\obj\emWin.axf" - 0 Errors, 0 Warning(s).
Build target 'Freq'
linking...
Program Size: Code=45788 RO-data=1244 RW-data=412 ZI-data=125092  
FromELF: creating hex file...
"..\obj\emWin.axf" - 0 Errors, 0 Warning(s).
Load "..\\obj\\emWin.axf" 
Erase Done.
Programming Done.
Verify OK.
Application running ...
Build target 'Freq'
compiling bsp_flash.c...
..\App\BSP\bsp_flash.c(84): warning:  #1166-D: returning pointer to local variable
linking...
Program Size: Code=45792 RO-data=1248 RW-data=412 ZI-data=125092  
FromELF: creating hex file...
"..\obj\emWin.axf" - 0 Errors, 1 Warning(s).
Load "..\\obj\\emWin.axf" 
Erase Done.
Programming Done.
Verify OK.
Application running ...
Build target 'Freq'
compiling bsp_flash.c...
..\App\BSP\bsp_flash.c(84): warning:  #1166-D: returning pointer to local variable
linking...
Program Size: Code=45792 RO-data=1248 RW-data=412 ZI-data=125092  
FromELF: creating hex file...
"..\obj\emWin.axf" - 0 Errors, 1 Warning(s).
Build target 'Freq'
compiling bsp_flash.c...
..\App\BSP\bsp_flash.c(85): warning:  #1166-D: returning pointer to local variable
linking...
Program Size: Code=45788 RO-data=1244 RW-data=412 ZI-data=125092  
FromELF: creating hex file...
"..\obj\emWin.axf" - 0 Errors, 1 Warning(s).
Load "..\\obj\\emWin.axf" 
Erase Done.
Programming Done.
Verify OK.
Application running ...
Build target 'Freq'
compiling bsp_flash.c...
..\App\BSP\bsp_flash.c(85): warning:  #1166-D: returning pointer to local variable
linking...
Program Size: Code=45792 RO-data=1248 RW-data=412 ZI-data=125092  
FromELF: creating hex file...
"..\obj\emWin.axf" - 0 Errors, 1 Warning(s).
Build target 'Freq'
linking...
Program Size: Code=45792 RO-data=1248 RW-data=412 ZI-data=125092  
FromELF: creating hex file...
"..\obj\emWin.axf" - 0 Errors, 0 Warning(s).
Load "..\\obj\\emWin.axf" 
Erase Done.
Programming Done.
Verify OK.
Application running ...
Build target 'Freq'
compiling AppMain.c...
..\Protocol\AppMain.c(242): warning:  #167-D: argument of type "char *" is incompatible with parameter of type "unsigned char *"
..\Protocol\AppMain.c(277): warning:  #167-D: argument of type "char *" is incompatible with parameter of type "U8 *"
..\Protocol\AppMain.c(220): warning:  #177-D: variable "i" was declared but never referenced
..\Protocol\AppMain.c(224): warning:  #177-D: variable "f1" was declared but never referenced
..\Protocol\AppMain.c(232): warning:  #177-D: variable "t1" was declared but never referenced
compiling bsp_flash.c...
..\App\BSP\bsp_flash.c(85): warning:  #1166-D: returning pointer to local variable
linking...
Program Size: Code=45816 RO-data=1248 RW-data=412 ZI-data=125092  
FromELF: creating hex file...
"..\obj\emWin.axf" - 0 Errors, 6 Warning(s).
Build target 'Freq'
linking...
Program Size: Code=45816 RO-data=1248 RW-data=412 ZI-data=125092  
FromELF: creating hex file...
"..\obj\emWin.axf" - 0 Errors, 0 Warning(s).
Load "..\\obj\\emWin.axf" 
Erase Done.
Programming Done.
Verify OK.
Application running ...
Build target 'Freq'
compiling AppMain.c...
..\Protocol\AppMain.c(242): warning:  #167-D: argument of type "char *" is incompatible with parameter of type "unsigned char *"
..\Protocol\AppMain.c(277): warning:  #167-D: argument of type "char *" is incompatible with parameter of type "U8 *"
..\Protocol\AppMain.c(220): warning:  #177-D: variable "i" was declared but never referenced
..\Protocol\AppMain.c(224): warning:  #177-D: variable "f1" was declared but never referenced
..\Protocol\AppMain.c(232): warning:  #177-D: variable "t1" was declared but never referenced
linking...
Program Size: Code=45796 RO-data=1244 RW-data=412 ZI-data=125092  
FromELF: creating hex file...
"..\obj\emWin.axf" - 0 Errors, 5 Warning(s).
Build target 'Freq'
linking...
Program Size: Code=45796 RO-data=1244 RW-data=412 ZI-data=125092  
FromELF: creating hex file...
"..\obj\emWin.axf" - 0 Errors, 0 Warning(s).
Build target 'Freq'
linking...
Program Size: Code=45796 RO-data=1244 RW-data=412 ZI-data=125092  
FromELF: creating hex file...
"..\obj\emWin.axf" - 0 Errors, 0 Warning(s).
Build target 'Freq'
compiling bsp.c...
compiling main.c...
compiling app.c...
compiling FreqMeasurement.c...
compiling Rain.c...
compiling Temperature.c...
compiling Tools.c...
compiling kernel.c...
compiling Protocol.c...
compiling usart_serial.c...
compiling AppMain.c...
..\Protocol\AppMain.c(242): warning:  #167-D: argument of type "char *" is incompatible with parameter of type "unsigned char *"
..\Protocol\AppMain.c(277): warning:  #167-D: argument of type "char *" is incompatible with parameter of type "U8 *"
..\Protocol\AppMain.c(224): warning:  #177-D: variable "f1" was declared but never referenced
..\Protocol\AppMain.c(232): warning:  #177-D: variable "t1" was declared but never referenced
compiling bsp_init.c...
..\App\BSP\bsp_init.c(6): warning: C4017W: HSEStartUpStatus may be used before being set
compiling bsp_sst25vf064.c...
compiling bsp_rtc.c...
..\App\BSP\bsp_rtc.c(29): warning:  #1166-D: returning pointer to local variable
..\App\BSP\bsp_rtc.c(52): warning:  #1166-D: returning pointer to local variable
..\App\BSP\bsp_rtc.c(147): warning: C4017W: RTC_TimeStructure may be used before being set
compiling bsp_io_control.c...
compiling bsp_adc.c...
compiling bsp_flash.c...
..\App\BSP\bsp_flash.c(85): warning:  #1166-D: returning pointer to local variable
compiling stm32f4xx_it.c...
linking...
Program Size: Code=45816 RO-data=1248 RW-data=412 ZI-data=125092  
FromELF: creating hex file...
"..\obj\emWin.axf" - 0 Errors, 9 Warning(s).
Build target 'Freq'
linking...
Program Size: Code=45816 RO-data=1248 RW-data=412 ZI-data=125092  
FromELF: creating hex file...
"..\obj\emWin.axf" - 0 Errors, 0 Warning(s).
Load "..\\obj\\emWin.axf" 
Erase Done.
Programming Done.
Verify OK.
Application running ...
Build target 'Freq'
compiling AppMain.c...
..\Protocol\AppMain.c(242): warning:  #167-D: argument of type "char *" is incompatible with parameter of type "unsigned char *"
..\Protocol\AppMain.c(277): warning:  #167-D: argument of type "char *" is incompatible with parameter of type "U8 *"
..\Protocol\AppMain.c(224): warning:  #177-D: variable "f1" was declared but never referenced
..\Protocol\AppMain.c(232): warning:  #177-D: variable "t1" was declared but never referenced
linking...
Program Size: Code=45832 RO-data=1248 RW-data=412 ZI-data=125092  
FromELF: creating hex file...
"..\obj\emWin.axf" - 0 Errors, 4 Warning(s).
Load "..\\obj\\emWin.axf" 
Erase Done.
Programming Done.
Verify OK.
Application running ...
Build target 'Freq'
compiling bsp.c...
compiling main.c...
compiling app.c...
compiling FreqMeasurement.c...
compiling Rain.c...
compiling Temperature.c...
compiling Tools.c...
..\App\APP\Tools.c(29): warning:  #1166-D: returning pointer to local variable
compiling kernel.c...
compiling Protocol.c...
compiling usart_serial.c...
compiling AppMain.c...
..\Protocol\AppMain.c(242): warning:  #167-D: argument of type "char *" is incompatible with parameter of type "unsigned char *"
..\Protocol\AppMain.c(277): warning:  #167-D: argument of type "char *" is incompatible with parameter of type "U8 *"
..\Protocol\AppMain.c(224): warning:  #177-D: variable "f1" was declared but never referenced
..\Protocol\AppMain.c(232): warning:  #177-D: variable "t1" was declared but never referenced
compiling bsp_init.c...
..\App\BSP\bsp_init.c(6): warning: C4017W: HSEStartUpStatus may be used before being set
compiling bsp_sst25vf064.c...
compiling bsp_rtc.c...
..\App\BSP\bsp_rtc.c(29): warning:  #1166-D: returning pointer to local variable
..\App\BSP\bsp_rtc.c(52): warning:  #1166-D: returning pointer to local variable
..\App\BSP\bsp_rtc.c(147): warning: C4017W: RTC_TimeStructure may be used before being set
compiling bsp_io_control.c...
compiling bsp_adc.c...
compiling bsp_flash.c...
..\App\BSP\bsp_flash.c(85): warning:  #1166-D: returning pointer to local variable
compiling stm32f4xx_it.c...
linking...
Program Size: Code=45912 RO-data=1248 RW-data=412 ZI-data=125092  
FromELF: creating hex file...
"..\obj\emWin.axf" - 0 Errors, 10 Warning(s).
Build target 'Freq'
compiling bsp_rtc.c...
..\App\BSP\bsp_rtc.c(29): warning:  #1166-D: returning pointer to local variable
..\App\BSP\bsp_rtc.c(52): warning:  #1166-D: returning pointer to local variable
..\App\BSP\bsp_rtc.c(147): warning: C4017W: RTC_TimeStructure may be used before being set
linking...
Program Size: Code=45912 RO-data=1248 RW-data=412 ZI-data=125092  
FromELF: creating hex file...
"..\obj\emWin.axf" - 0 Errors, 3 Warning(s).
Build target 'Freq'
linking...
Program Size: Code=45912 RO-data=1248 RW-data=412 ZI-data=125092  
FromELF: creating hex file...
"..\obj\emWin.axf" - 0 Errors, 0 Warning(s).
Load "..\\obj\\emWin.axf" 
Erase Done.
Programming Done.
Verify OK.
Application running ...
Build target 'Freq'
compiling bsp_rtc.c...
..\App\BSP\bsp_rtc.c(29): warning:  #1166-D: returning pointer to local variable
..\App\BSP\bsp_rtc.c(52): warning:  #1166-D: returning pointer to local variable
..\App\BSP\bsp_rtc.c(147): warning: C4017W: RTC_TimeStructure may be used before being set
linking...
Program Size: Code=45872 RO-data=1248 RW-data=412 ZI-data=125092  
FromELF: creating hex file...
"..\obj\emWin.axf" - 0 Errors, 3 Warning(s).
Load "..\\obj\\emWin.axf" 
Erase Done.
Programming Done.
Verify OK.
Application running ...
Build target 'Freq'
compiling AppMain.c...
..\Protocol\AppMain.c(242): warning:  #167-D: argument of type "char *" is incompatible with parameter of type "unsigned char *"
..\Protocol\AppMain.c(277): warning:  #167-D: argument of type "char *" is incompatible with parameter of type "U8 *"
..\Protocol\AppMain.c(220): warning:  #177-D: variable "i" was declared but never referenced
..\Protocol\AppMain.c(224): warning:  #177-D: variable "f1" was declared but never referenced
..\Protocol\AppMain.c(232): warning:  #177-D: variable "t1" was declared but never referenced
linking...
Program Size: Code=45936 RO-data=1248 RW-data=412 ZI-data=125092  
FromELF: creating hex file...
"..\obj\emWin.axf" - 0 Errors, 5 Warning(s).
Load "..\\obj\\emWin.axf" 
Erase Done.
Programming Done.
Verify OK.
Application running ...
Build target 'Freq'
compiling AppMain.c...
..\Protocol\AppMain.c(242): warning:  #167-D: argument of type "char *" is incompatible with parameter of type "unsigned char *"
..\Protocol\AppMain.c(277): warning:  #167-D: argument of type "char *" is incompatible with parameter of type "U8 *"
..\Protocol\AppMain.c(220): warning:  #177-D: variable "i" was declared but never referenced
..\Protocol\AppMain.c(224): warning:  #177-D: variable "f1" was declared but never referenced
..\Protocol\AppMain.c(232): warning:  #177-D: variable "t1" was declared but never referenced
linking...
Program Size: Code=45936 RO-data=1248 RW-data=412 ZI-data=125092  
FromELF: creating hex file...
"..\obj\emWin.axf" - 0 Errors, 5 Warning(s).
Build target 'Freq'
linking...
Program Size: Code=45936 RO-data=1248 RW-data=412 ZI-data=125092  
FromELF: creating hex file...
"..\obj\emWin.axf" - 0 Errors, 0 Warning(s).
Load "..\\obj\\emWin.axf" 
Erase Done.
Programming Done.
Verify OK.
Application running ...
Build target 'Freq'
compiling AppMain.c...
..\Protocol\AppMain.c(242): warning:  #167-D: argument of type "char *" is incompatible with parameter of type "unsigned char *"
..\Protocol\AppMain.c(277): warning:  #167-D: argument of type "char *" is incompatible with parameter of type "U8 *"
..\Protocol\AppMain.c(224): warning:  #177-D: variable "f1" was declared but never referenced
..\Protocol\AppMain.c(232): warning:  #177-D: variable "t1" was declared but never referenced
linking...
Program Size: Code=46040 RO-data=1248 RW-data=412 ZI-data=125092  
FromELF: creating hex file...
"..\obj\emWin.axf" - 0 Errors, 4 Warning(s).
Build target 'Freq'
linking...
Program Size: Code=46040 RO-data=1248 RW-data=412 ZI-data=125092  
FromELF: creating hex file...
"..\obj\emWin.axf" - 0 Errors, 0 Warning(s).
Load "..\\obj\\emWin.axf" 
Erase Done.
Programming Done.
Verify OK.
Application running ...
Build target 'Freq'
compiling AppMain.c...
..\Protocol\AppMain.c(242): warning:  #167-D: argument of type "char *" is incompatible with parameter of type "unsigned char *"
..\Protocol\AppMain.c(277): warning:  #167-D: argument of type "char *" is incompatible with parameter of type "U8 *"
..\Protocol\AppMain.c(224): warning:  #177-D: variable "f1" was declared but never referenced
..\Protocol\AppMain.c(232): warning:  #177-D: variable "t1" was declared but never referenced
linking...
Program Size: Code=45956 RO-data=1244 RW-data=412 ZI-data=125092  
FromELF: creating hex file...
"..\obj\emWin.axf" - 0 Errors, 4 Warning(s).
Build target 'Freq'
linking...
Program Size: Code=45956 RO-data=1244 RW-data=412 ZI-data=125092  
FromELF: creating hex file...
"..\obj\emWin.axf" - 0 Errors, 0 Warning(s).
Load "..\\obj\\emWin.axf" 
Erase Done.
Programming Done.
Verify OK.
Application running ...
Build target 'Freq'
compiling AppMain.c...
..\Protocol\AppMain.c(242): warning:  #167-D: argument of type "char *" is incompatible with parameter of type "unsigned char *"
..\Protocol\AppMain.c(277): warning:  #167-D: argument of type "char *" is incompatible with parameter of type "U8 *"
..\Protocol\AppMain.c(224): warning:  #177-D: variable "f1" was declared but never referenced
..\Protocol\AppMain.c(232): warning:  #177-D: variable "t1" was declared but never referenced
linking...
Program Size: Code=45972 RO-data=1244 RW-data=412 ZI-data=125092  
FromELF: creating hex file...
"..\obj\emWin.axf" - 0 Errors, 4 Warning(s).
Build target 'Freq'
linking...
Program Size: Code=45972 RO-data=1244 RW-data=412 ZI-data=125092  
FromELF: creating hex file...
"..\obj\emWin.axf" - 0 Errors, 0 Warning(s).
Load "..\\obj\\emWin.axf" 
Erase Done.
Programming Done.
Verify OK.
Application running ...
Rebuild target 'Freq'
compiling bsp.c...
compiling main.c...
compiling os_app_hooks.c...
compiling app.c...
compiling FreqMeasurement.c...
compiling Rain.c...
compiling Temperature.c...
compiling Tools.c...
..\App\APP\Tools.c(29): warning:  #1166-D: returning pointer to local variable
compiling kernel.c...
compiling Protocol.c...
compiling usart_serial.c...
compiling AppMain.c...
..\Protocol\AppMain.c(242): warning:  #167-D: argument of type "char *" is incompatible with parameter of type "unsigned char *"
..\Protocol\AppMain.c(277): warning:  #167-D: argument of type "char *" is incompatible with parameter of type "U8 *"
..\Protocol\AppMain.c(224): warning:  #550-D: variable "f1" was set but never used
..\Protocol\AppMain.c(232): warning:  #550-D: variable "t1" was set but never used
compiling bsp_init.c...
..\App\BSP\bsp_init.c(6): warning: C4017W: HSEStartUpStatus may be used before being set
compiling bsp_usart.c...
compiling bsp_sst25vf064.c...
compiling bsp_rtc.c...
..\App\BSP\bsp_rtc.c(29): warning:  #1166-D: returning pointer to local variable
..\App\BSP\bsp_rtc.c(52): warning:  #1166-D: returning pointer to local variable
..\App\BSP\bsp_rtc.c(147): warning: C4017W: RTC_TimeStructure may be used before being set
compiling bsp_io_control.c...
compiling bsp_adc.c...
compiling bsp_flash.c...
..\App\BSP\bsp_flash.c(85): warning:  #1166-D: returning pointer to local variable
compiling stm32f4xx_it.c...
compiling misc.c...
compiling stm32f4xx_crc.c...
compiling stm32f4xx_exti.c...
compiling stm32f4xx_gpio.c...
compiling stm32f4xx_rcc.c...
compiling stm32f4xx_syscfg.c...
compiling stm32f4xx_usart.c...
compiling stm32f4xx_tim.c...
compiling stm32f4xx_spi.c...
compiling stm32f4xx_rtc.c...
compiling stm32f4xx_pwr.c...
compiling stm32f4xx_wwdg.c...
compiling stm32f4xx_iwdg.c...
compiling stm32f4xx_adc.c...
compiling stm32f4xx_flash.c...
compiling system_stm32f4xx.c...
assembling startup_stm32f40_41xxx.s...
assembling cpu_a.asm...
compiling cpu_c.c...
compiling cpu_core.c...
assembling os_cpu_a.asm...
compiling os_cpu_c.c...
compiling os_cfg_app.c...
compiling os_core.c...
compiling os_dbg.c...
compiling os_flag.c...
compiling os_int.c...
compiling os_mem.c...
compiling os_msg.c...
compiling os_mutex.c...
compiling os_pend_multi.c...
compiling os_prio.c...
compiling os_q.c...
compiling os_sem.c...
compiling os_stat.c...
compiling os_task.c...
compiling os_tick.c...
compiling os_time.c...
compiling os_tmr.c...
compiling os_var.c...
compiling lib_ascii.c...
compiling lib_math.c...
compiling lib_mem.c...
assembling lib_mem_a.asm...
compiling lib_str.c...
..\uCOSIII\uC-LIB\lib_str.c(3497): warning: C4017W: nbr_neg_fmtd may be used before being set
..\uCOSIII\uC-LIB\lib_str.c(3494): warning: C4017W: lead_char_0 may be used before being set
..\uCOSIII\uC-LIB\lib_str.c(3483): warning: C4017W: nbr_fmt may be used before being set
linking...
Program Size: Code=46116 RO-data=1244 RW-data=412 ZI-data=125092  
FromELF: creating hex file...
"..\obj\emWin.axf" - 0 Errors, 13 Warning(s).
Build target 'Freq'
compiling Rain.c...
compiling AppMain.c...
..\Protocol\AppMain.c(242): warning:  #167-D: argument of type "char *" is incompatible with parameter of type "unsigned char *"
..\Protocol\AppMain.c(277): warning:  #167-D: argument of type "char *" is incompatible with parameter of type "U8 *"
..\Protocol\AppMain.c(224): warning:  #550-D: variable "f1" was set but never used
..\Protocol\AppMain.c(232): warning:  #550-D: variable "t1" was set but never used
linking...
Program Size: Code=46048 RO-data=1248 RW-data=412 ZI-data=125092  
FromELF: creating hex file...
"..\obj\emWin.axf" - 0 Errors, 4 Warning(s).
Rebuild target 'Freq'
compiling bsp.c...
compiling main.c...
compiling os_app_hooks.c...
compiling app.c...
compiling FreqMeasurement.c...
compiling Rain.c...
compiling Temperature.c...
compiling Tools.c...
..\App\APP\Tools.c(29): warning:  #1166-D: returning pointer to local variable
compiling kernel.c...
compiling Protocol.c...
compiling usart_serial.c...
compiling AppMain.c...
..\Protocol\AppMain.c(187): warning:  #167-D: argument of type "U8 *" is incompatible with parameter of type "char *"
..\Protocol\AppMain.c(277): warning:  #167-D: argument of type "char *" is incompatible with parameter of type "U8 *"
..\Protocol\AppMain.c(224): warning:  #550-D: variable "f1" was set but never used
..\Protocol\AppMain.c(232): warning:  #550-D: variable "t1" was set but never used
..\Protocol\AppMain.c(328): warning:  #167-D: argument of type "U8 *" is incompatible with parameter of type "char *"
compiling bsp_init.c...
..\App\BSP\bsp_init.c(6): warning: C4017W: HSEStartUpStatus may be used before being set
compiling bsp_usart.c...
compiling bsp_sst25vf064.c...
compiling bsp_rtc.c...
..\App\BSP\bsp_rtc.c(29): warning:  #1166-D: returning pointer to local variable
..\App\BSP\bsp_rtc.c(52): warning:  #1166-D: returning pointer to local variable
..\App\BSP\bsp_rtc.c(147): warning: C4017W: RTC_TimeStructure may be used before being set
compiling bsp_io_control.c...
compiling bsp_adc.c...
compiling bsp_flash.c...
..\App\BSP\bsp_flash.c(85): warning:  #1166-D: returning pointer to local variable
compiling stm32f4xx_it.c...
compiling misc.c...
compiling stm32f4xx_crc.c...
compiling stm32f4xx_exti.c...
compiling stm32f4xx_gpio.c...
compiling stm32f4xx_rcc.c...
compiling stm32f4xx_syscfg.c...
compiling stm32f4xx_usart.c...
compiling stm32f4xx_tim.c...
compiling stm32f4xx_spi.c...
compiling stm32f4xx_rtc.c...
compiling stm32f4xx_pwr.c...
compiling stm32f4xx_wwdg.c...
compiling stm32f4xx_iwdg.c...
compiling stm32f4xx_adc.c...
compiling stm32f4xx_flash.c...
compiling system_stm32f4xx.c...
assembling startup_stm32f40_41xxx.s...
assembling cpu_a.asm...
compiling cpu_c.c...
compiling cpu_core.c...
assembling os_cpu_a.asm...
compiling os_cpu_c.c...
compiling os_cfg_app.c...
compiling os_core.c...
compiling os_dbg.c...
compiling os_flag.c...
compiling os_int.c...
compiling os_mem.c...
compiling os_msg.c...
compiling os_mutex.c...
compiling os_pend_multi.c...
compiling os_prio.c...
compiling os_q.c...
compiling os_sem.c...
compiling os_stat.c...
compiling os_task.c...
compiling os_tick.c...
compiling os_time.c...
compiling os_tmr.c...
compiling os_var.c...
compiling lib_ascii.c...
compiling lib_math.c...
compiling lib_mem.c...
assembling lib_mem_a.asm...
compiling lib_str.c...
..\uCOSIII\uC-LIB\lib_str.c(3497): warning: C4017W: nbr_neg_fmtd may be used before being set
..\uCOSIII\uC-LIB\lib_str.c(3494): warning: C4017W: lead_char_0 may be used before being set
..\uCOSIII\uC-LIB\lib_str.c(3483): warning: C4017W: nbr_fmt may be used before being set
linking...
Program Size: Code=46048 RO-data=1248 RW-data=412 ZI-data=125092  
FromELF: creating hex file...
"..\obj\emWin.axf" - 0 Errors, 14 Warning(s).
Build target 'Freq'
compiling Rain.c...
linking...
Program Size: Code=46048 RO-data=1248 RW-data=412 ZI-data=125092  
FromELF: creating hex file...
"..\obj\emWin.axf" - 0 Errors, 0 Warning(s).
Load "..\\obj\\emWin.axf" 
Erase Done.
Programming Done.
Verify OK.
Application running ...
Build target 'Freq'
compiling Rain.c...
linking...
Program Size: Code=46024 RO-data=1248 RW-data=412 ZI-data=125092  
FromELF: creating hex file...
"..\obj\emWin.axf" - 0 Errors, 0 Warning(s).
Load "..\\obj\\emWin.axf" 
Erase Done.
Programming Done.
Verify OK.
Application running ...
Build target 'Freq'
compiling AppMain.c...
..\Protocol\AppMain.c(191): warning:  #167-D: argument of type "U8 *" is incompatible with parameter of type "char *"
..\Protocol\AppMain.c(281): warning:  #167-D: argument of type "char *" is incompatible with parameter of type "U8 *"
..\Protocol\AppMain.c(228): warning:  #550-D: variable "f1" was set but never used
..\Protocol\AppMain.c(236): warning:  #550-D: variable "t1" was set but never used
..\Protocol\AppMain.c(332): warning:  #167-D: argument of type "U8 *" is incompatible with parameter of type "char *"
..\Protocol\AppMain.c(494): warning:  #167-D: argument of type "U8 *" is incompatible with parameter of type "char *"
linking...
Program Size: Code=46040 RO-data=1248 RW-data=420 ZI-data=125092  
FromELF: creating hex file...
"..\obj\emWin.axf" - 0 Errors, 6 Warning(s).
Build target 'Freq'
linking...
Program Size: Code=46040 RO-data=1248 RW-data=420 ZI-data=125092  
FromELF: creating hex file...
"..\obj\emWin.axf" - 0 Errors, 0 Warning(s).
Load "..\\obj\\emWin.axf" 
Erase Done.
Programming Done.
Verify OK.
Application running ...
Build target 'Freq'
compiling AppMain.c...
..\Protocol\AppMain.c(191): warning:  #167-D: argument of type "U8 *" is incompatible with parameter of type "char *"
..\Protocol\AppMain.c(281): warning:  #167-D: argument of type "char *" is incompatible with parameter of type "U8 *"
..\Protocol\AppMain.c(228): warning:  #550-D: variable "f1" was set but never used
..\Protocol\AppMain.c(236): warning:  #550-D: variable "t1" was set but never used
..\Protocol\AppMain.c(332): warning:  #167-D: argument of type "U8 *" is incompatible with parameter of type "char *"
..\Protocol\AppMain.c(495): warning:  #167-D: argument of type "U8 *" is incompatible with parameter of type "char *"
linking...
Program Size: Code=46048 RO-data=1248 RW-data=420 ZI-data=125092  
FromELF: creating hex file...
"..\obj\emWin.axf" - 0 Errors, 6 Warning(s).
Load "..\\obj\\emWin.axf" 
Erase Done.
Programming Done.
Verify OK.
Application running ...
Build target 'Freq'
compiling AppMain.c...
..\Protocol\AppMain.c(191): warning:  #167-D: argument of type "U8 *" is incompatible with parameter of type "char *"
..\Protocol\AppMain.c(281): warning:  #167-D: argument of type "char *" is incompatible with parameter of type "U8 *"
..\Protocol\AppMain.c(228): warning:  #550-D: variable "f1" was set but never used
..\Protocol\AppMain.c(236): warning:  #550-D: variable "t1" was set but never used
..\Protocol\AppMain.c(332): warning:  #167-D: argument of type "U8 *" is incompatible with parameter of type "char *"
..\Protocol\AppMain.c(495): warning:  #167-D: argument of type "U8 *" is incompatible with parameter of type "char *"
linking...
Program Size: Code=46048 RO-data=1248 RW-data=420 ZI-data=125092  
FromELF: creating hex file...
"..\obj\emWin.axf" - 0 Errors, 6 Warning(s).
Load "..\\obj\\emWin.axf" 
Erase Done.
Programming Done.
Verify OK.
Application running ...
Build target 'Freq'
compiling AppMain.c...
..\Protocol\AppMain.c(191): warning:  #167-D: argument of type "U8 *" is incompatible with parameter of type "char *"
..\Protocol\AppMain.c(281): warning:  #167-D: argument of type "char *" is incompatible with parameter of type "U8 *"
..\Protocol\AppMain.c(228): warning:  #550-D: variable "f1" was set but never used
..\Protocol\AppMain.c(236): warning:  #550-D: variable "t1" was set but never used
..\Protocol\AppMain.c(332): warning:  #167-D: argument of type "U8 *" is incompatible with parameter of type "char *"
..\Protocol\AppMain.c(495): warning:  #167-D: argument of type "U8 *" is incompatible with parameter of type "char *"
linking...
Program Size: Code=46056 RO-data=1248 RW-data=420 ZI-data=125092  
FromELF: creating hex file...
"..\obj\emWin.axf" - 0 Errors, 6 Warning(s).
Load "..\\obj\\emWin.axf" 
Erase Done.
Programming Done.
Verify OK.
Application running ...
Build target 'Freq'
compiling AppMain.c...
..\Protocol\AppMain.c(191): warning:  #167-D: argument of type "U8 *" is incompatible with parameter of type "char *"
..\Protocol\AppMain.c(281): warning:  #167-D: argument of type "char *" is incompatible with parameter of type "U8 *"
..\Protocol\AppMain.c(228): warning:  #550-D: variable "f1" was set but never used
..\Protocol\AppMain.c(236): warning:  #550-D: variable "t1" was set but never used
..\Protocol\AppMain.c(332): warning:  #167-D: argument of type "U8 *" is incompatible with parameter of type "char *"
..\Protocol\AppMain.c(359): warning:  #167-D: argument of type "unsigned char *" is incompatible with parameter of type "char *restrict"
..\Protocol\AppMain.c(359): error:  #167: argument of type "char" is incompatible with parameter of type "const char *restrict"
..\Protocol\AppMain.c(360): warning:  #167-D: argument of type "unsigned char *" is incompatible with parameter of type "char *restrict"
..\Protocol\AppMain.c(360): error:  #167: argument of type "char" is incompatible with parameter of type "const char *restrict"
..\Protocol\AppMain.c(361): warning:  #167-D: argument of type "unsigned char *" is incompatible with parameter of type "char *restrict"
..\Protocol\AppMain.c(361): error:  #167: argument of type "char" is incompatible with parameter of type "const char *restrict"
..\Protocol\AppMain.c(362): warning:  #167-D: argument of type "unsigned char *" is incompatible with parameter of type "char *restrict"
..\Protocol\AppMain.c(362): error:  #167: argument of type "char" is incompatible with parameter of type "const char *restrict"
..\Protocol\AppMain.c(364): warning:  #167-D: argument of type "unsigned char *" is incompatible with parameter of type "char *restrict"
..\Protocol\AppMain.c(364): error:  #167: argument of type "char" is incompatible with parameter of type "const char *restrict"
..\Protocol\AppMain.c(365): warning:  #167-D: argument of type "unsigned char *" is incompatible with parameter of type "char *restrict"
..\Protocol\AppMain.c(365): error:  #167: argument of type "char" is incompatible with parameter of type "const char *restrict"
..\Protocol\AppMain.c(367): warning:  #167-D: argument of type "unsigned char *" is incompatible with parameter of type "char *restrict"
..\Protocol\AppMain.c(367): error:  #167: argument of type "char" is incompatible with parameter of type "const char *restrict"
..\Protocol\AppMain.c(368): warning:  #167-D: argument of type "unsigned char *" is incompatible with parameter of type "char *restrict"
..\Protocol\AppMain.c(368): error:  #167: argument of type "char" is incompatible with parameter of type "const char *restrict"
..\Protocol\AppMain.c(370): warning:  #167-D: argument of type "unsigned char *" is incompatible with parameter of type "char *restrict"
..\Protocol\AppMain.c(370): error:  #167: argument of type "char" is incompatible with parameter of type "const char *restrict"
..\Protocol\AppMain.c(371): warning:  #167-D: argument of type "unsigned char *" is incompatible with parameter of type "char *restrict"
..\Protocol\AppMain.c(371): error:  #167: argument of type "char" is incompatible with parameter of type "const char *restrict"
..\Protocol\AppMain.c(373): warning:  #167-D: argument of type "unsigned char *" is incompatible with parameter of type "char *restrict"
..\Protocol\AppMain.c(373): error:  #167: argument of type "char" is incompatible with parameter of type "const char *restrict"
..\Protocol\AppMain.c(374): warning:  #167-D: argument of type "unsigned char *" is incompatible with parameter of type "char *restrict"
..\Protocol\AppMain.c(374): error:  #167: argument of type "char" is incompatible with parameter of type "const char *restrict"
..\Protocol\AppMain.c(376): warning:  #167-D: argument of type "unsigned char *" is incompatible with parameter of type "char *restrict"
..\Protocol\AppMain.c(376): error:  #167: argument of type "char" is incompatible with parameter of type "const char *restrict"
..\Protocol\AppMain.c(377): warning:  #167-D: argument of type "unsigned char *" is incompatible with parameter of type "char *restrict"
..\Protocol\AppMain.c(377): error:  #167: argument of type "char" is incompatible with parameter of type "const char *restrict"
..\Protocol\AppMain.c(381): warning:  #167-D: argument of type "unsigned char *" is incompatible with parameter of type "const char *"
..\Protocol\AppMain.c(382): warning:  #167-D: argument of type "unsigned char *" is incompatible with parameter of type "const char *"
..\Protocol\AppMain.c(383): warning:  #167-D: argument of type "unsigned char *" is incompatible with parameter of type "const char *"
..\Protocol\AppMain.c(384): warning:  #167-D: argument of type "unsigned char *" is incompatible with parameter of type "const char *"
..\Protocol\AppMain.c(385): warning:  #167-D: argument of type "unsigned char *" is incompatible with parameter of type "const char *"
..\Protocol\AppMain.c(386): warning:  #167-D: argument of type "unsigned char *" is incompatible with parameter of type "const char *"
..\Protocol\AppMain.c(505): warning:  #167-D: argument of type "U8 *" is incompatible with parameter of type "char *"
"..\obj\emWin.axf" - 14 Errors, 26 Warning(s).
Target not created
Build target 'Freq'
compiling AppMain.c...
..\Protocol\AppMain.c(191): warning:  #167-D: argument of type "U8 *" is incompatible with parameter of type "char *"
..\Protocol\AppMain.c(281): warning:  #167-D: argument of type "char *" is incompatible with parameter of type "U8 *"
..\Protocol\AppMain.c(228): warning:  #550-D: variable "f1" was set but never used
..\Protocol\AppMain.c(236): warning:  #550-D: variable "t1" was set but never used
..\Protocol\AppMain.c(332): warning:  #167-D: argument of type "U8 *" is incompatible with parameter of type "char *"
..\Protocol\AppMain.c(359): error:  #167: argument of type "char" is incompatible with parameter of type "const char *restrict"
..\Protocol\AppMain.c(360): error:  #167: argument of type "char" is incompatible with parameter of type "const char *restrict"
..\Protocol\AppMain.c(361): error:  #167: argument of type "char" is incompatible with parameter of type "const char *restrict"
..\Protocol\AppMain.c(362): error:  #167: argument of type "char" is incompatible with parameter of type "const char *restrict"
..\Protocol\AppMain.c(364): error:  #167: argument of type "char" is incompatible with parameter of type "const char *restrict"
..\Protocol\AppMain.c(365): error:  #167: argument of type "char" is incompatible with parameter of type "const char *restrict"
..\Protocol\AppMain.c(367): error:  #167: argument of type "char" is incompatible with parameter of type "const char *restrict"
..\Protocol\AppMain.c(368): error:  #167: argument of type "char" is incompatible with parameter of type "const char *restrict"
..\Protocol\AppMain.c(370): error:  #167: argument of type "char" is incompatible with parameter of type "const char *restrict"
..\Protocol\AppMain.c(371): error:  #167: argument of type "char" is incompatible with parameter of type "const char *restrict"
..\Protocol\AppMain.c(373): error:  #167: argument of type "char" is incompatible with parameter of type "const char *restrict"
..\Protocol\AppMain.c(374): error:  #167: argument of type "char" is incompatible with parameter of type "const char *restrict"
..\Protocol\AppMain.c(376): error:  #167: argument of type "char" is incompatible with parameter of type "const char *restrict"
..\Protocol\AppMain.c(377): error:  #167: argument of type "char" is incompatible with parameter of type "const char *restrict"
..\Protocol\AppMain.c(505): warning:  #167-D: argument of type "U8 *" is incompatible with parameter of type "char *"
"..\obj\emWin.axf" - 14 Errors, 6 Warning(s).
Target not created
Build target 'Freq'
compiling AppMain.c...
..\Protocol\AppMain.c(191): warning:  #167-D: argument of type "U8 *" is incompatible with parameter of type "char *"
..\Protocol\AppMain.c(281): warning:  #167-D: argument of type "char *" is incompatible with parameter of type "U8 *"
..\Protocol\AppMain.c(228): warning:  #550-D: variable "f1" was set but never used
..\Protocol\AppMain.c(236): warning:  #550-D: variable "t1" was set but never used
..\Protocol\AppMain.c(332): warning:  #167-D: argument of type "U8 *" is incompatible with parameter of type "char *"
..\Protocol\AppMain.c(359): error:  #167: argument of type "char" is incompatible with parameter of type "const char *restrict"
..\Protocol\AppMain.c(360): error:  #167: argument of type "char" is incompatible with parameter of type "const char *restrict"
..\Protocol\AppMain.c(361): error:  #167: argument of type "char" is incompatible with parameter of type "const char *restrict"
..\Protocol\AppMain.c(362): error:  #167: argument of type "char" is incompatible with parameter of type "const char *restrict"
..\Protocol\AppMain.c(364): error:  #167: argument of type "char" is incompatible with parameter of type "const char *restrict"
..\Protocol\AppMain.c(365): error:  #167: argument of type "char" is incompatible with parameter of type "const char *restrict"
..\Protocol\AppMain.c(367): error:  #167: argument of type "char" is incompatible with parameter of type "const char *restrict"
..\Protocol\AppMain.c(368): error:  #167: argument of type "char" is incompatible with parameter of type "const char *restrict"
..\Protocol\AppMain.c(370): error:  #167: argument of type "char" is incompatible with parameter of type "const char *restrict"
..\Protocol\AppMain.c(371): error:  #167: argument of type "char" is incompatible with parameter of type "const char *restrict"
..\Protocol\AppMain.c(373): error:  #167: argument of type "char" is incompatible with parameter of type "const char *restrict"
..\Protocol\AppMain.c(374): error:  #167: argument of type "char" is incompatible with parameter of type "const char *restrict"
..\Protocol\AppMain.c(376): error:  #167: argument of type "char" is incompatible with parameter of type "const char *restrict"
..\Protocol\AppMain.c(377): error:  #167: argument of type "char" is incompatible with parameter of type "const char *restrict"
..\Protocol\AppMain.c(505): warning:  #167-D: argument of type "U8 *" is incompatible with parameter of type "char *"
"..\obj\emWin.axf" - 14 Errors, 6 Warning(s).
Target not created
Build target 'Freq'
compiling AppMain.c...
..\Protocol\AppMain.c(191): warning:  #167-D: argument of type "U8 *" is incompatible with parameter of type "char *"
..\Protocol\AppMain.c(281): warning:  #167-D: argument of type "char *" is incompatible with parameter of type "U8 *"
..\Protocol\AppMain.c(228): warning:  #550-D: variable "f1" was set but never used
..\Protocol\AppMain.c(236): warning:  #550-D: variable "t1" was set but never used
..\Protocol\AppMain.c(332): warning:  #167-D: argument of type "U8 *" is incompatible with parameter of type "char *"
..\Protocol\AppMain.c(359): error:  #167: argument of type "char" is incompatible with parameter of type "const char *restrict"
..\Protocol\AppMain.c(360): error:  #167: argument of type "char" is incompatible with parameter of type "const char *restrict"
..\Protocol\AppMain.c(361): error:  #167: argument of type "char" is incompatible with parameter of type "const char *restrict"
..\Protocol\AppMain.c(362): error:  #167: argument of type "char" is incompatible with parameter of type "const char *restrict"
..\Protocol\AppMain.c(364): error:  #167: argument of type "char" is incompatible with parameter of type "const char *restrict"
..\Protocol\AppMain.c(365): error:  #167: argument of type "char" is incompatible with parameter of type "const char *restrict"
..\Protocol\AppMain.c(367): error:  #167: argument of type "char" is incompatible with parameter of type "const char *restrict"
..\Protocol\AppMain.c(368): error:  #167: argument of type "char" is incompatible with parameter of type "const char *restrict"
..\Protocol\AppMain.c(370): error:  #167: argument of type "char" is incompatible with parameter of type "const char *restrict"
..\Protocol\AppMain.c(371): error:  #167: argument of type "char" is incompatible with parameter of type "const char *restrict"
..\Protocol\AppMain.c(373): error:  #167: argument of type "char" is incompatible with parameter of type "const char *restrict"
..\Protocol\AppMain.c(374): error:  #167: argument of type "char" is incompatible with parameter of type "const char *restrict"
..\Protocol\AppMain.c(376): error:  #167: argument of type "char" is incompatible with parameter of type "const char *restrict"
..\Protocol\AppMain.c(377): error:  #167: argument of type "char" is incompatible with parameter of type "const char *restrict"
..\Protocol\AppMain.c(505): warning:  #167-D: argument of type "U8 *" is incompatible with parameter of type "char *"
"..\obj\emWin.axf" - 14 Errors, 6 Warning(s).
Target not created
Build target 'Freq'
compiling AppMain.c...
..\Protocol\AppMain.c(191): warning:  #167-D: argument of type "U8 *" is incompatible with parameter of type "char *"
..\Protocol\AppMain.c(281): warning:  #167-D: argument of type "char *" is incompatible with parameter of type "U8 *"
..\Protocol\AppMain.c(228): warning:  #550-D: variable "f1" was set but never used
..\Protocol\AppMain.c(236): warning:  #550-D: variable "t1" was set but never used
..\Protocol\AppMain.c(332): warning:  #167-D: argument of type "U8 *" is incompatible with parameter of type "char *"
..\Protocol\AppMain.c(506): warning:  #167-D: argument of type "U8 *" is incompatible with parameter of type "char *"
linking...
Program Size: Code=46640 RO-data=1384 RW-data=420 ZI-data=125092  
FromELF: creating hex file...
"..\obj\emWin.axf" - 0 Errors, 6 Warning(s).
Build target 'Freq'
linking...
Program Size: Code=46640 RO-data=1384 RW-data=420 ZI-data=125092  
FromELF: creating hex file...
"..\obj\emWin.axf" - 0 Errors, 0 Warning(s).
Load "..\\obj\\emWin.axf" 
Erase Done.
Programming Done.
Verify OK.
Application running ...
Build target 'Freq'
compiling AppMain.c...
..\Protocol\AppMain.c(191): warning:  #167-D: argument of type "U8 *" is incompatible with parameter of type "char *"
..\Protocol\AppMain.c(281): warning:  #167-D: argument of type "char *" is incompatible with parameter of type "U8 *"
..\Protocol\AppMain.c(228): warning:  #550-D: variable "f1" was set but never used
..\Protocol\AppMain.c(236): warning:  #550-D: variable "t1" was set but never used
..\Protocol\AppMain.c(332): warning:  #167-D: argument of type "U8 *" is incompatible with parameter of type "char *"
..\Protocol\AppMain.c(506): warning:  #167-D: argument of type "U8 *" is incompatible with parameter of type "char *"
linking...
Program Size: Code=46656 RO-data=1384 RW-data=420 ZI-data=125092  
FromELF: creating hex file...
"..\obj\emWin.axf" - 0 Errors, 6 Warning(s).
Build target 'Freq'
linking...
Program Size: Code=46656 RO-data=1384 RW-data=420 ZI-data=125092  
FromELF: creating hex file...
"..\obj\emWin.axf" - 0 Errors, 0 Warning(s).
Load "..\\obj\\emWin.axf" 
Erase Done.
Programming Done.
Verify OK.
Application running ...
Build target 'Freq'
compiling AppMain.c...
..\Protocol\AppMain.c(191): warning:  #167-D: argument of type "U8 *" is incompatible with parameter of type "char *"
..\Protocol\AppMain.c(281): warning:  #167-D: argument of type "char *" is incompatible with parameter of type "U8 *"
..\Protocol\AppMain.c(228): warning:  #550-D: variable "f1" was set but never used
..\Protocol\AppMain.c(236): warning:  #550-D: variable "t1" was set but never used
..\Protocol\AppMain.c(332): warning:  #167-D: argument of type "U8 *" is incompatible with parameter of type "char *"
..\Protocol\AppMain.c(506): warning:  #167-D: argument of type "U8 *" is incompatible with parameter of type "char *"
linking...
Program Size: Code=46656 RO-data=1384 RW-data=420 ZI-data=125092  
FromELF: creating hex file...
"..\obj\emWin.axf" - 0 Errors, 6 Warning(s).
Load "..\\obj\\emWin.axf" 
Erase Done.
Programming Done.
Verify OK.
Application running ...
Build target 'Freq'
compiling AppMain.c...
..\Protocol\AppMain.c(191): warning:  #167-D: argument of type "U8 *" is incompatible with parameter of type "char *"
..\Protocol\AppMain.c(281): warning:  #167-D: argument of type "char *" is incompatible with parameter of type "U8 *"
..\Protocol\AppMain.c(228): warning:  #550-D: variable "f1" was set but never used
..\Protocol\AppMain.c(236): warning:  #550-D: variable "t1" was set but never used
..\Protocol\AppMain.c(332): warning:  #167-D: argument of type "U8 *" is incompatible with parameter of type "char *"
..\Protocol\AppMain.c(380): warning:  #224-D: the format string requires additional arguments
..\Protocol\AppMain.c(506): warning:  #167-D: argument of type "U8 *" is incompatible with parameter of type "char *"
linking...
Program Size: Code=46660 RO-data=1380 RW-data=420 ZI-data=125092  
FromELF: creating hex file...
"..\obj\emWin.axf" - 0 Errors, 7 Warning(s).
Build target 'Freq'
linking...
Program Size: Code=46660 RO-data=1380 RW-data=420 ZI-data=125092  
FromELF: creating hex file...
"..\obj\emWin.axf" - 0 Errors, 0 Warning(s).
Load "..\\obj\\emWin.axf" 
Erase Done.
Programming Done.
Verify OK.
Application running ...
Build target 'Freq'
compiling AppMain.c...
..\Protocol\AppMain.c(191): warning:  #167-D: argument of type "U8 *" is incompatible with parameter of type "char *"
..\Protocol\AppMain.c(281): warning:  #167-D: argument of type "char *" is incompatible with parameter of type "U8 *"
..\Protocol\AppMain.c(228): warning:  #550-D: variable "f1" was set but never used
..\Protocol\AppMain.c(236): warning:  #550-D: variable "t1" was set but never used
..\Protocol\AppMain.c(332): warning:  #167-D: argument of type "U8 *" is incompatible with parameter of type "char *"
..\Protocol\AppMain.c(506): warning:  #167-D: argument of type "U8 *" is incompatible with parameter of type "char *"
linking...
Program Size: Code=46668 RO-data=1380 RW-data=420 ZI-data=125092  
FromELF: creating hex file...
"..\obj\emWin.axf" - 0 Errors, 6 Warning(s).
Load "..\\obj\\emWin.axf" 
Erase Done.
Programming Done.
Verify OK.
Application running ...
Build target 'Freq'
compiling AppMain.c...
..\Protocol\AppMain.c(191): warning:  #167-D: argument of type "U8 *" is incompatible with parameter of type "char *"
..\Protocol\AppMain.c(281): warning:  #167-D: argument of type "char *" is incompatible with parameter of type "U8 *"
..\Protocol\AppMain.c(228): warning:  #550-D: variable "f1" was set but never used
..\Protocol\AppMain.c(236): warning:  #550-D: variable "t1" was set but never used
..\Protocol\AppMain.c(332): warning:  #167-D: argument of type "U8 *" is incompatible with parameter of type "char *"
..\Protocol\AppMain.c(506): warning:  #167-D: argument of type "U8 *" is incompatible with parameter of type "char *"
linking...
Program Size: Code=46680 RO-data=1384 RW-data=420 ZI-data=125092  
FromELF: creating hex file...
"..\obj\emWin.axf" - 0 Errors, 6 Warning(s).
Load "..\\obj\\emWin.axf" 
Erase Done.
Programming Done.
Verify OK.
Application running ...
Build target 'Freq'
compiling AppMain.c...
..\Protocol\AppMain.c(191): warning:  #167-D: argument of type "U8 *" is incompatible with parameter of type "char *"
..\Protocol\AppMain.c(281): warning:  #167-D: argument of type "char *" is incompatible with parameter of type "U8 *"
..\Protocol\AppMain.c(228): warning:  #550-D: variable "f1" was set but never used
..\Protocol\AppMain.c(236): warning:  #550-D: variable "t1" was set but never used
..\Protocol\AppMain.c(332): warning:  #167-D: argument of type "U8 *" is incompatible with parameter of type "char *"
..\Protocol\AppMain.c(511): warning:  #167-D: argument of type "U8 *" is incompatible with parameter of type "char *"
linking...
Program Size: Code=46732 RO-data=1380 RW-data=428 ZI-data=125092  
FromELF: creating hex file...
"..\obj\emWin.axf" - 0 Errors, 6 Warning(s).
Build target 'Freq'
linking...
Program Size: Code=46732 RO-data=1380 RW-data=428 ZI-data=125092  
FromELF: creating hex file...
"..\obj\emWin.axf" - 0 Errors, 0 Warning(s).
Load "..\\obj\\emWin.axf" 
Erase Done.
Programming Done.
Verify OK.
Application running ...
Build target 'Freq'
compiling AppMain.c...
..\Protocol\AppMain.c(191): warning:  #167-D: argument of type "U8 *" is incompatible with parameter of type "char *"
..\Protocol\AppMain.c(281): warning:  #167-D: argument of type "char *" is incompatible with parameter of type "U8 *"
..\Protocol\AppMain.c(228): warning:  #550-D: variable "f1" was set but never used
..\Protocol\AppMain.c(236): warning:  #550-D: variable "t1" was set but never used
..\Protocol\AppMain.c(332): warning:  #167-D: argument of type "U8 *" is incompatible with parameter of type "char *"
..\Protocol\AppMain.c(511): warning:  #167-D: argument of type "U8 *" is incompatible with parameter of type "char *"
linking...
Program Size: Code=46740 RO-data=1380 RW-data=428 ZI-data=125092  
FromELF: creating hex file...
"..\obj\emWin.axf" - 0 Errors, 6 Warning(s).
Load "..\\obj\\emWin.axf" 
Erase Done.
Programming Done.
Verify OK.
Application running ...
Build target 'Freq'
compiling AppMain.c...
..\Protocol\AppMain.c(191): warning:  #167-D: argument of type "U8 *" is incompatible with parameter of type "char *"
..\Protocol\AppMain.c(281): warning:  #167-D: argument of type "char *" is incompatible with parameter of type "U8 *"
..\Protocol\AppMain.c(228): warning:  #550-D: variable "f1" was set but never used
..\Protocol\AppMain.c(236): warning:  #550-D: variable "t1" was set but never used
..\Protocol\AppMain.c(332): warning:  #167-D: argument of type "U8 *" is incompatible with parameter of type "char *"
..\Protocol\AppMain.c(509): warning:  #167-D: argument of type "U8 *" is incompatible with parameter of type "char *"
compiling bsp_rtc.c...
..\App\BSP\bsp_rtc.c(29): warning:  #1166-D: returning pointer to local variable
..\App\BSP\bsp_rtc.c(52): warning:  #1166-D: returning pointer to local variable
..\App\BSP\bsp_rtc.c(147): warning: C4017W: RTC_TimeStructure may be used before being set
linking...
Program Size: Code=46664 RO-data=1384 RW-data=428 ZI-data=125092  
FromELF: creating hex file...
"..\obj\emWin.axf" - 0 Errors, 9 Warning(s).
Load "..\\obj\\emWin.axf" 
Erase Done.
Programming Done.
Verify OK.
Application running ...
