<html>
<body>
<pre>
<h1>µVision Build Log</h1>
<h2>Project:</h2>
E:\PROJECT\RAIN\PRO\emWin.uvproj
Project File Date:  12/26/2015

<h2>Output:</h2>
Build target 'Freq'
compiling bsp.c...
compiling main.c...
compiling app.c...
..\App\APP\app.c(147): warning:  #167-D: argument of type "unsigned char *" is incompatible with parameter of type "const char *restrict"
compiling FreqMeasurement.c...
..\App\APP\FreqMeasurement.c(232): warning:  #177-D: variable "i" was declared but never referenced
compiling Tools.c...
compiling bsp_init.c...
..\App\BSP\bsp_init.c(70): warning:  #167-D: argument of type "unsigned char *" is incompatible with parameter of type "char *restrict"
..\App\BSP\bsp_init.c(70): warning:  #167-D: argument of type "unsigned char *" is incompatible with parameter of type "const char *restrict"
..\App\BSP\bsp_init.c(6): warning: C4017W: HSEStartUpStatus may be used before being set
compiling bsp_ltc2402.c...
..\App\BSP\bsp_ltc2402.c(95): warning: C4017W: u8charresbuf may be used before being set
compiling bsp_sst25vf064.c...
compiling bsp_rtc.c...
..\App\BSP\bsp_rtc.c(25): warning:  #1166-D: returning pointer to local variable
..\App\BSP\bsp_rtc.c(236): error:  #165: too few arguments in function call
..\App\BSP\bsp_rtc.c(248): warning:  #1166-D: returning pointer to local variable
compiling bsp_485.c...
..\App\BSP\bsp_485.c(55): warning:  #1-D: last line of file ends without a newline
compiling bsp_io_control.c...
compiling stm32f4xx_it.c...
..\App\BSP\stm32f4xx_it.c(264): warning:  #167-D: argument of type "unsigned char *" is incompatible with parameter of type "char *restrict"
..\App\BSP\stm32f4xx_it.c(265): warning:  #167-D: argument of type "unsigned char *" is incompatible with parameter of type "char *restrict"
..\App\BSP\stm32f4xx_it.c(272): warning:  #1-D: last line of file ends without a newline
..\App\BSP\stm32f4xx_it.c(256): warning:  #177-D: variable "i" was declared but never referenced
compiling AppMain.c...
..\Protocol\Protocol\AppMain.c(229): warning:  #167-D: argument of type "U8 *" is incompatible with parameter of type "char *restrict"
..\Protocol\Protocol\AppMain.c(230): warning:  #167-D: argument of type "U8 *" is incompatible with parameter of type "char *restrict"
..\Protocol\Protocol\AppMain.c(231): warning:  #167-D: argument of type "U8 *" is incompatible with parameter of type "char *restrict"
..\Protocol\Protocol\AppMain.c(232): warning:  #167-D: argument of type "const U8 *" is incompatible with parameter of type "const char *restrict"
..\Protocol\Protocol\AppMain.c(233): warning:  #167-D: argument of type "U8 *" is incompatible with parameter of type "char *"
..\Protocol\Protocol\AppMain.c(248): warning:  #181-D: argument is incompatible with corresponding format string conversion
..\Protocol\Protocol\AppMain.c(248): warning:  #181-D: argument is incompatible with corresponding format string conversion
"..\obj\emWin.axf" - 1 Errors, 20 Warning(s).
Target not created
Rebuild target 'Freq'
compiling bsp.c...
compiling main.c...
compiling os_app_hooks.c...
compiling app.c...
..\App\APP\app.c(147): warning:  #167-D: argument of type "unsigned char *" is incompatible with parameter of type "const char *restrict"
compiling FreqMeasurement.c...
..\App\APP\FreqMeasurement.c(232): warning:  #177-D: variable "i" was declared but never referenced
compiling Tools.c...
compiling bsp_init.c...
..\App\BSP\bsp_init.c(70): warning:  #167-D: argument of type "unsigned char *" is incompatible with parameter of type "char *restrict"
..\App\BSP\bsp_init.c(70): warning:  #167-D: argument of type "unsigned char *" is incompatible with parameter of type "const char *restrict"
..\App\BSP\bsp_init.c(6): warning: C4017W: HSEStartUpStatus may be used before being set
compiling bsp_usart.c...
..\App\BSP\bsp_usart.c(152): warning:  #1-D: last line of file ends without a newline
compiling bsp_ltc2402.c...
..\App\BSP\bsp_ltc2402.c(95): warning: C4017W: u8charresbuf may be used before being set
compiling bsp_sst25vf064.c...
compiling bsp_rtc.c...
..\App\BSP\bsp_rtc.c(25): warning:  #1166-D: returning pointer to local variable
..\App\BSP\bsp_rtc.c(251): warning:  #1166-D: returning pointer to local variable
..\App\BSP\bsp_rtc.c(111): warning: C4017W: RTC_TimeStructure may be used before being set
compiling bsp_485.c...
..\App\BSP\bsp_485.c(55): warning:  #1-D: last line of file ends without a newline
compiling bsp_cpld4064.c...
compiling bsp_gprs.c...
compiling bsp_io_control.c...
compiling stm32f4xx_it.c...
..\App\BSP\stm32f4xx_it.c(256): warning:  #177-D: variable "i" was declared but never referenced
compiling system_stm32f4xx.c...
assembling startup_stm32f40_41xxx.s...
compiling misc.c...
compiling stm32f4xx_crc.c...
compiling stm32f4xx_exti.c...
compiling stm32f4xx_gpio.c...
compiling stm32f4xx_rcc.c...
compiling stm32f4xx_syscfg.c...
compiling stm32f4xx_usart.c...
compiling stm32f4xx_tim.c...
compiling stm32f4xx_spi.c...
compiling stm32f4xx_rtc.c...
compiling stm32f4xx_pwr.c...
compiling stm32f4xx_wwdg.c...
compiling stm32f4xx_iwdg.c...
compiling stm32f4xx_adc.c...
assembling cpu_a.asm...
compiling cpu_c.c...
compiling cpu_core.c...
assembling os_cpu_a.asm...
compiling os_cpu_c.c...
compiling os_cfg_app.c...
compiling os_core.c...
compiling os_dbg.c...
compiling os_flag.c...
compiling os_int.c...
compiling os_mem.c...
compiling os_msg.c...
compiling os_mutex.c...
compiling os_pend_multi.c...
compiling os_prio.c...
compiling os_q.c...
compiling os_sem.c...
compiling os_stat.c...
compiling os_task.c...
compiling os_tick.c...
compiling os_time.c...
compiling os_tmr.c...
compiling os_var.c...
compiling lib_ascii.c...
compiling lib_math.c...
compiling lib_mem.c...
assembling lib_mem_a.asm...
compiling lib_str.c...
..\uCOSIII\uC-LIB\lib_str.c(3497): warning: C4017W: nbr_neg_fmtd may be used before being set
..\uCOSIII\uC-LIB\lib_str.c(3494): warning: C4017W: lead_char_0 may be used before being set
..\uCOSIII\uC-LIB\lib_str.c(3483): warning: C4017W: nbr_fmt may be used before being set
compiling AppMain.c...
..\Protocol\Protocol\AppMain.c(248): warning:  #181-D: argument is incompatible with corresponding format string conversion
..\Protocol\Protocol\AppMain.c(248): warning:  #181-D: argument is incompatible with corresponding format string conversion
compiling Protocol.c...
compiling usart_serial.c...
..\Protocol\drv\src\usart_serial.c(13): warning:  #223-D: function "OSIntEnter" declared implicitly
..\Protocol\drv\src\usart_serial.c(26): warning:  #223-D: function "OSIntExit" declared implicitly
..\Protocol\drv\src\usart_serial.c(12): warning: C4017W: u8Value may be used before being set
compiling kernel.c...
linking...
Program Size: Code=44188 RO-data=1108 RW-data=412 ZI-data=108740  
FromELF: creating hex file...
"..\obj\emWin.axf" - 0 Errors, 20 Warning(s).
Rebuild target 'Freq'
compiling bsp.c...
compiling main.c...
compiling os_app_hooks.c...
compiling app.c...
compiling FreqMeasurement.c...
compiling Tools.c...
compiling bsp_init.c...
..\App\BSP\bsp_init.c(6): warning: C4017W: HSEStartUpStatus may be used before being set
compiling bsp_usart.c...
compiling bsp_ltc2402.c...
compiling bsp_sst25vf064.c...
compiling bsp_rtc.c...
..\App\BSP\bsp_rtc.c(25): warning:  #1166-D: returning pointer to local variable
..\App\BSP\bsp_rtc.c(251): warning:  #1166-D: returning pointer to local variable
..\App\BSP\bsp_rtc.c(111): warning: C4017W: RTC_TimeStructure may be used before being set
compiling bsp_485.c...
compiling bsp_cpld4064.c...
compiling bsp_gprs.c...
compiling bsp_io_control.c...
compiling stm32f4xx_it.c...
compiling system_stm32f4xx.c...
assembling startup_stm32f40_41xxx.s...
compiling misc.c...
compiling stm32f4xx_crc.c...
compiling stm32f4xx_exti.c...
compiling stm32f4xx_gpio.c...
compiling stm32f4xx_rcc.c...
compiling stm32f4xx_syscfg.c...
compiling stm32f4xx_usart.c...
compiling stm32f4xx_tim.c...
compiling stm32f4xx_spi.c...
compiling stm32f4xx_rtc.c...
compiling stm32f4xx_pwr.c...
compiling stm32f4xx_wwdg.c...
compiling stm32f4xx_iwdg.c...
compiling stm32f4xx_adc.c...
assembling cpu_a.asm...
compiling cpu_c.c...
compiling cpu_core.c...
assembling os_cpu_a.asm...
compiling os_cpu_c.c...
compiling os_cfg_app.c...
compiling os_core.c...
compiling os_dbg.c...
compiling os_flag.c...
compiling os_int.c...
compiling os_mem.c...
compiling os_msg.c...
compiling os_mutex.c...
compiling os_pend_multi.c...
compiling os_prio.c...
compiling os_q.c...
compiling os_sem.c...
compiling os_stat.c...
compiling os_task.c...
compiling os_tick.c...
compiling os_time.c...
compiling os_tmr.c...
compiling os_var.c...
compiling lib_ascii.c...
compiling lib_math.c...
compiling lib_mem.c...
assembling lib_mem_a.asm...
compiling lib_str.c...
..\uCOSIII\uC-LIB\lib_str.c(3497): warning: C4017W: nbr_neg_fmtd may be used before being set
..\uCOSIII\uC-LIB\lib_str.c(3494): warning: C4017W: lead_char_0 may be used before being set
..\uCOSIII\uC-LIB\lib_str.c(3483): warning: C4017W: nbr_fmt may be used before being set
compiling AppMain.c...
compiling Protocol.c...
compiling usart_serial.c...
..\Protocol\drv\src\usart_serial.c(13): warning:  #223-D: function "OSIntEnter" declared implicitly
..\Protocol\drv\src\usart_serial.c(26): warning:  #223-D: function "OSIntExit" declared implicitly
..\Protocol\drv\src\usart_serial.c(12): warning: C4017W: u8Value may be used before being set
compiling kernel.c...
linking...
Program Size: Code=44188 RO-data=1108 RW-data=412 ZI-data=108740  
FromELF: creating hex file...
"..\obj\emWin.axf" - 0 Errors, 10 Warning(s).
Rebuild target 'Freq'
compiling bsp.c...
compiling main.c...
compiling os_app_hooks.c...
compiling app.c...
"..\obj\emWin.axf" - 0 Errors, 0 Warning(s).
Project build/rebuild aborted.
Build target 'Freq'
compiling bsp.c...
compiling main.c...
compiling app.c...
compiling FreqMeasurement.c...
compiling Tools.c...
compiling bsp_init.c...
..\App\BSP\bsp_init.c(6): warning: C4017W: HSEStartUpStatus may be used before being set
compiling bsp_ltc2402.c...
compiling bsp_sst25vf064.c...
compiling bsp_rtc.c...
..\App\BSP\bsp_rtc.c(25): warning:  #1166-D: returning pointer to local variable
..\App\BSP\bsp_rtc.c(251): warning:  #1166-D: returning pointer to local variable
..\App\BSP\bsp_rtc.c(111): warning: C4017W: RTC_TimeStructure may be used before being set
compiling bsp_io_control.c...
compiling stm32f4xx_it.c...
compiling bsp_adc.c...
compiling bsp_flash.c...
..\App\BSP\bsp_flash.c(14): warning:  #940-D: missing return statement at end of non-void function "MCUFlashErase"
..\App\BSP\bsp_flash.c(22): warning:  #940-D: missing return statement at end of non-void function "MCUFlashWrite"
compiling AppMain.c...
linking...
..\obj\emWin.axf: Error: L6218E: Undefined symbol FLASH_ClearFlag (referred from bsp_flash.o).
..\obj\emWin.axf: Error: L6218E: Undefined symbol FLASH_EraseSector (referred from bsp_flash.o).
..\obj\emWin.axf: Error: L6218E: Undefined symbol FLASH_ProgramByte (referred from bsp_flash.o).
..\obj\emWin.axf: Error: L6218E: Undefined symbol FLASH_ProgramWord (referred from bsp_flash.o).
..\obj\emWin.axf: Error: L6218E: Undefined symbol FLASH_Unlock (referred from bsp_flash.o).
"..\obj\emWin.axf" - 5 Errors, 6 Warning(s).
Target not created
Build target 'Freq'
compiling stm32f4xx_flash.c...
linking...
Program Size: Code=44188 RO-data=1108 RW-data=412 ZI-data=108740  
FromELF: creating hex file...
"..\obj\emWin.axf" - 0 Errors, 0 Warning(s).
Build target 'Freq'
linking...
Program Size: Code=44188 RO-data=1108 RW-data=412 ZI-data=108740  
FromELF: creating hex file...
"..\obj\emWin.axf" - 0 Errors, 0 Warning(s).
Build target 'Freq'
compiling app.c...
compiling FreqMeasurement.c...
compiling bsp_usart.c...
compiling bsp_ltc2402.c...
compiling stm32f4xx_it.c...
compiling bsp_adc.c...
linking...
Program Size: Code=44228 RO-data=1108 RW-data=412 ZI-data=108740  
FromELF: creating hex file...
"..\obj\emWin.axf" - 0 Errors, 0 Warning(s).
Build target 'Freq'
compiling bsp.c...
compiling main.c...
compiling app.c...
compiling FreqMeasurement.c...
compiling Tools.c...
compiling Rain.c...
compiling Temperature.c...
compiling bsp_init.c...
..\App\BSP\bsp_init.c(6): warning: C4017W: HSEStartUpStatus may be used before being set
compiling bsp_sst25vf064.c...
compiling bsp_rtc.c...
..\App\BSP\bsp_rtc.c(25): warning:  #1166-D: returning pointer to local variable
..\App\BSP\bsp_rtc.c(251): warning:  #1166-D: returning pointer to local variable
..\App\BSP\bsp_rtc.c(111): warning: C4017W: RTC_TimeStructure may be used before being set
compiling bsp_io_control.c...
compiling stm32f4xx_it.c...
compiling bsp_adc.c...
compiling bsp_flash.c...
..\App\BSP\bsp_flash.c(14): warning:  #940-D: missing return statement at end of non-void function "MCUFlashErase"
..\App\BSP\bsp_flash.c(22): warning:  #940-D: missing return statement at end of non-void function "MCUFlashWrite"
compiling AppMain.c...
linking...
..\obj\emWin.axf: Error: L6218E: Undefined symbol yuliang (referred from appmain.o).
"..\obj\emWin.axf" - 1 Errors, 6 Warning(s).
Target not created
Build target 'Freq'
compiling bsp.c...
..\Protocol\Protocol\AppMain.h(4): error:  #20: identifier "VOID" is undefined
..\Protocol\Protocol\AppMain.h(4): error:  #92: identifier-list parameters may only be used in a function definition
..\Protocol\sys\kernel.h(13): error:  #20: identifier "BOOL" is undefined
..\Protocol\sys\kernel.h(19): error:  #20: identifier "VOID" is undefined
..\Protocol\sys\kernel.h(19): error:  #20: identifier "U32" is undefined
..\Protocol\drv\inc\Protocol.h(7): error:  #20: identifier "U8" is undefined
..\Protocol\drv\inc\Protocol.h(8): error:  #20: identifier "U16" is undefined
error type>(17): error:  #20: identifier "VOID" is undefined
..\Protocol\drv\inc\Protocol.h(18): error:  #20: identifier "BOOL" is undefined
error type>(19): error:  #20: identifier "BOOL" is undefined
..\Protocol\drv\inc\usart_serial.h(11): error:  #20: identifier "BOOL" is undefined
..\Protocol\drv\inc\usart_serial.h(12): error:  #20: identifier "BOOL" is undefined
..\Protocol\drv\inc\usart_serial.h(14): error:  #20: identifier "U16" is undefined
..\Protocol\drv\inc\usart_serial.h(15): error:  #20: identifier "U16" is undefined
..\Protocol\drv\inc\usart_serial.h(20): error:  #20: identifier "U32" is undefined
..\Protocol\drv\inc\usart_serial.h(21): error:  #20: identifier "U32" is undefined
..\Protocol\drv\inc\usart_serial.h(22): error:  #20: identifier "U32" is undefined
..\Protocol\drv\inc\usart_serial.h(23): error:  #20: identifier "U32" is undefined
..\Protocol\drv\inc\usart_serial.h(25): error:  #20: identifier "U8" is undefined
..\Protocol\drv\inc\usart_serial.h(32): error:  #20: identifier "VOID" is undefined
..\Protocol\drv\inc\usart_serial.h(32): error:  #20: identifier "U8" is undefined
..\Protocol\drv\inc\usart_serial.h(32): error:  #20: identifier "U16" is undefined
..\Protocol\drv\inc\usart_serial.h(33): error:  #20: identifier "VOID" is undefined
..\Protocol\drv\inc\usart_serial.h(33): error:  #20: identifier "U8" is undefined
..\Protocol\drv\inc\usart_serial.h(33): error:  #20: identifier "U16" is undefined
..\Protocol\drv\inc\usart_serial.h(34): error:  #20: identifier "VOID" is undefined
..\Protocol\drv\inc\usart_serial.h(34): error:  #20: identifier "U8" is undefined
..\Protocol\drv\inc\usart_serial.h(34): error:  #20: identifier "U16" is undefined
..\Protocol\drv\inc\usart_serial.h(35): error:  #20: identifier "VOID" is undefined
..\Protocol\drv\inc\usart_serial.h(35): error:  #20: identifier "U8" is undefined
compiling main.c...
..\Protocol\Protocol\AppMain.h(4): error:  #20: identifier "VOID" is undefined
..\Protocol\Protocol\AppMain.h(4): error:  #92: identifier-list parameters may only be used in a function definition
..\Protocol\sys\kernel.h(13): error:  #20: identifier "BOOL" is undefined
..\Protocol\sys\kernel.h(19): error:  #20: identifier "VOID" is undefined
..\Protocol\sys\kernel.h(19): error:  #20: identifier "U32" is undefined
..\Protocol\drv\inc\Protocol.h(7): error:  #20: identifier "U8" is undefined
..\Protocol\drv\inc\Protocol.h(8): error:  #20: identifier "U16" is undefined
error type>(17): error:  #20: identifier "VOID" is undefined
..\Protocol\drv\inc\Protocol.h(18): error:  #20: identifier "BOOL" is undefined
error type>(19): error:  #20: identifier "BOOL" is undefined
..\Protocol\drv\inc\usart_serial.h(11): error:  #20: identifier "BOOL" is undefined
..\Protocol\drv\inc\usart_serial.h(12): error:  #20: identifier "BOOL" is undefined
..\Protocol\drv\inc\usart_serial.h(14): error:  #20: identifier "U16" is undefined
..\Protocol\drv\inc\usart_serial.h(15): error:  #20: identifier "U16" is undefined
..\Protocol\drv\inc\usart_serial.h(20): error:  #20: identifier "U32" is undefined
..\Protocol\drv\inc\usart_serial.h(21): error:  #20: identifier "U32" is undefined
..\Protocol\drv\inc\usart_serial.h(22): error:  #20: identifier "U32" is undefined
..\Protocol\drv\inc\usart_serial.h(23): error:  #20: identifier "U32" is undefined
..\Protocol\drv\inc\usart_serial.h(25): error:  #20: identifier "U8" is undefined
..\Protocol\drv\inc\usart_serial.h(32): error:  #20: identifier "VOID" is undefined
..\Protocol\drv\inc\usart_serial.h(32): error:  #20: identifier "U8" is undefined
..\Protocol\drv\inc\usart_serial.h(32): error:  #20: identifier "U16" is undefined
..\Protocol\drv\inc\usart_serial.h(33): error:  #20: identifier "VOID" is undefined
..\Protocol\drv\inc\usart_serial.h(33): error:  #20: identifier "U8" is undefined
..\Protocol\drv\inc\usart_serial.h(33): error:  #20: identifier "U16" is undefined
..\Protocol\drv\inc\usart_serial.h(34): error:  #20: identifier "VOID" is undefined
..\Protocol\drv\inc\usart_serial.h(34): error:  #20: identifier "U8" is undefined
..\Protocol\drv\inc\usart_serial.h(34): error:  #20: identifier "U16" is undefined
..\Protocol\drv\inc\usart_serial.h(35): error:  #20: identifier "VOID" is undefined
..\Protocol\drv\inc\usart_serial.h(35): error:  #20: identifier "U8" is undefined
compiling app.c...
..\Protocol\Protocol\AppMain.h(4): error:  #20: identifier "VOID" is undefined
..\Protocol\Protocol\AppMain.h(4): error:  #92: identifier-list parameters may only be used in a function definition
..\Protocol\sys\kernel.h(13): error:  #20: identifier "BOOL" is undefined
..\Protocol\sys\kernel.h(19): error:  #20: identifier "VOID" is undefined
..\Protocol\sys\kernel.h(19): error:  #20: identifier "U32" is undefined
..\Protocol\drv\inc\Protocol.h(7): error:  #20: identifier "U8" is undefined
..\Protocol\drv\inc\Protocol.h(8): error:  #20: identifier "U16" is undefined
error type>(17): error:  #20: identifier "VOID" is undefined
..\Protocol\drv\inc\Protocol.h(18): error:  #20: identifier "BOOL" is undefined
error type>(19): error:  #20: identifier "BOOL" is undefined
..\Protocol\drv\inc\usart_serial.h(11): error:  #20: identifier "BOOL" is undefined
..\Protocol\drv\inc\usart_serial.h(12): error:  #20: identifier "BOOL" is undefined
..\Protocol\drv\inc\usart_serial.h(14): error:  #20: identifier "U16" is undefined
..\Protocol\drv\inc\usart_serial.h(15): error:  #20: identifier "U16" is undefined
..\Protocol\drv\inc\usart_serial.h(20): error:  #20: identifier "U32" is undefined
..\Protocol\drv\inc\usart_serial.h(21): error:  #20: identifier "U32" is undefined
..\Protocol\drv\inc\usart_serial.h(22): error:  #20: identifier "U32" is undefined
..\Protocol\drv\inc\usart_serial.h(23): error:  #20: identifier "U32" is undefined
..\Protocol\drv\inc\usart_serial.h(25): error:  #20: identifier "U8" is undefined
..\Protocol\drv\inc\usart_serial.h(32): error:  #20: identifier "VOID" is undefined
..\Protocol\drv\inc\usart_serial.h(32): error:  #20: identifier "U8" is undefined
..\Protocol\drv\inc\usart_serial.h(32): error:  #20: identifier "U16" is undefined
..\Protocol\drv\inc\usart_serial.h(33): error:  #20: identifier "VOID" is undefined
..\Protocol\drv\inc\usart_serial.h(33): error:  #20: identifier "U8" is undefined
..\Protocol\drv\inc\usart_serial.h(33): error:  #20: identifier "U16" is undefined
..\Protocol\drv\inc\usart_serial.h(34): error:  #20: identifier "VOID" is undefined
..\Protocol\drv\inc\usart_serial.h(34): error:  #20: identifier "U8" is undefined
..\Protocol\drv\inc\usart_serial.h(34): error:  #20: identifier "U16" is undefined
..\Protocol\drv\inc\usart_serial.h(35): error:  #20: identifier "VOID" is undefined
..\Protocol\drv\inc\usart_serial.h(35): error:  #20: identifier "U8" is undefined
compiling FreqMeasurement.c...
..\Protocol\Protocol\AppMain.h(4): error:  #20: identifier "VOID" is undefined
..\Protocol\Protocol\AppMain.h(4): error:  #92: identifier-list parameters may only be used in a function definition
..\Protocol\sys\kernel.h(13): error:  #20: identifier "BOOL" is undefined
..\Protocol\sys\kernel.h(19): error:  #20: identifier "VOID" is undefined
..\Protocol\sys\kernel.h(19): error:  #20: identifier "U32" is undefined
..\Protocol\drv\inc\Protocol.h(7): error:  #20: identifier "U8" is undefined
..\Protocol\drv\inc\Protocol.h(8): error:  #20: identifier "U16" is undefined
error type>(17): error:  #20: identifier "VOID" is undefined
..\Protocol\drv\inc\Protocol.h(18): error:  #20: identifier "BOOL" is undefined
error type>(19): error:  #20: identifier "BOOL" is undefined
..\Protocol\drv\inc\usart_serial.h(11): error:  #20: identifier "BOOL" is undefined
..\Protocol\drv\inc\usart_serial.h(12): error:  #20: identifier "BOOL" is undefined
..\Protocol\drv\inc\usart_serial.h(14): error:  #20: identifier "U16" is undefined
..\Protocol\drv\inc\usart_serial.h(15): error:  #20: identifier "U16" is undefined
..\Protocol\drv\inc\usart_serial.h(20): error:  #20: identifier "U32" is undefined
..\Protocol\drv\inc\usart_serial.h(21): error:  #20: identifier "U32" is undefined
..\Protocol\drv\inc\usart_serial.h(22): error:  #20: identifier "U32" is undefined
..\Protocol\drv\inc\usart_serial.h(23): error:  #20: identifier "U32" is undefined
..\Protocol\drv\inc\usart_serial.h(25): error:  #20: identifier "U8" is undefined
..\Protocol\drv\inc\usart_serial.h(32): error:  #20: identifier "VOID" is undefined
..\Protocol\drv\inc\usart_serial.h(32): error:  #20: identifier "U8" is undefined
..\Protocol\drv\inc\usart_serial.h(32): error:  #20: identifier "U16" is undefined
..\Protocol\drv\inc\usart_serial.h(33): error:  #20: identifier "VOID" is undefined
..\Protocol\drv\inc\usart_serial.h(33): error:  #20: identifier "U8" is undefined
..\Protocol\drv\inc\usart_serial.h(33): error:  #20: identifier "U16" is undefined
..\Protocol\drv\inc\usart_serial.h(34): error:  #20: identifier "VOID" is undefined
..\Protocol\drv\inc\usart_serial.h(34): error:  #20: identifier "U8" is undefined
..\Protocol\drv\inc\usart_serial.h(34): error:  #20: identifier "U16" is undefined
..\Protocol\drv\inc\usart_serial.h(35): error:  #20: identifier "VOID" is undefined
..\Protocol\drv\inc\usart_serial.h(35): error:  #20: identifier "U8" is undefined
compiling Tools.c...
..\Protocol\Protocol\AppMain.h(4): error:  #20: identifier "VOID" is undefined
..\Protocol\Protocol\AppMain.h(4): error:  #92: identifier-list parameters may only be used in a function definition
..\Protocol\sys\kernel.h(13): error:  #20: identifier "BOOL" is undefined
..\Protocol\sys\kernel.h(19): error:  #20: identifier "VOID" is undefined
..\Protocol\sys\kernel.h(19): error:  #20: identifier "U32" is undefined
..\Protocol\drv\inc\Protocol.h(7): error:  #20: identifier "U8" is undefined
..\Protocol\drv\inc\Protocol.h(8): error:  #20: identifier "U16" is undefined
error type>(17): error:  #20: identifier "VOID" is undefined
..\Protocol\drv\inc\Protocol.h(18): error:  #20: identifier "BOOL" is undefined
error type>(19): error:  #20: identifier "BOOL" is undefined
..\Protocol\drv\inc\usart_serial.h(11): error:  #20: identifier "BOOL" is undefined
..\Protocol\drv\inc\usart_serial.h(12): error:  #20: identifier "BOOL" is undefined
..\Protocol\drv\inc\usart_serial.h(14): error:  #20: identifier "U16" is undefined
..\Protocol\drv\inc\usart_serial.h(15): error:  #20: identifier "U16" is undefined
..\Protocol\drv\inc\usart_serial.h(20): error:  #20: identifier "U32" is undefined
..\Protocol\drv\inc\usart_serial.h(21): error:  #20: identifier "U32" is undefined
..\Protocol\drv\inc\usart_serial.h(22): error:  #20: identifier "U32" is undefined
..\Protocol\drv\inc\usart_serial.h(23): error:  #20: identifier "U32" is undefined
..\Protocol\drv\inc\usart_serial.h(25): error:  #20: identifier "U8" is undefined
..\Protocol\drv\inc\usart_serial.h(32): error:  #20: identifier "VOID" is undefined
..\Protocol\drv\inc\usart_serial.h(32): error:  #20: identifier "U8" is undefined
..\Protocol\drv\inc\usart_serial.h(32): error:  #20: identifier "U16" is undefined
..\Protocol\drv\inc\usart_serial.h(33): error:  #20: identifier "VOID" is undefined
..\Protocol\drv\inc\usart_serial.h(33): error:  #20: identifier "U8" is undefined
..\Protocol\drv\inc\usart_serial.h(33): error:  #20: identifier "U16" is undefined
..\Protocol\drv\inc\usart_serial.h(34): error:  #20: identifier "VOID" is undefined
..\Protocol\drv\inc\usart_serial.h(34): error:  #20: identifier "U8" is undefined
..\Protocol\drv\inc\usart_serial.h(34): error:  #20: identifier "U16" is undefined
..\Protocol\drv\inc\usart_serial.h(35): error:  #20: identifier "VOID" is undefined
..\Protocol\drv\inc\usart_serial.h(35): error:  #20: identifier "U8" is undefined
compiling Rain.c...
..\Protocol\Protocol\AppMain.h(4): error:  #20: identifier "VOID" is undefined
..\Protocol\Protocol\AppMain.h(4): error:  #92: identifier-list parameters may only be used in a function definition
..\Protocol\sys\kernel.h(13): error:  #20: identifier "BOOL" is undefined
..\Protocol\sys\kernel.h(19): error:  #20: identifier "VOID" is undefined
..\Protocol\sys\kernel.h(19): error:  #20: identifier "U32" is undefined
..\Protocol\drv\inc\Protocol.h(7): error:  #20: identifier "U8" is undefined
..\Protocol\drv\inc\Protocol.h(8): error:  #20: identifier "U16" is undefined
error type>(17): error:  #20: identifier "VOID" is undefined
..\Protocol\drv\inc\Protocol.h(18): error:  #20: identifier "BOOL" is undefined
error type>(19): error:  #20: identifier "BOOL" is undefined
..\Protocol\drv\inc\usart_serial.h(11): error:  #20: identifier "BOOL" is undefined
..\Protocol\drv\inc\usart_serial.h(12): error:  #20: identifier "BOOL" is undefined
..\Protocol\drv\inc\usart_serial.h(14): error:  #20: identifier "U16" is undefined
..\Protocol\drv\inc\usart_serial.h(15): error:  #20: identifier "U16" is undefined
..\Protocol\drv\inc\usart_serial.h(20): error:  #20: identifier "U32" is undefined
..\Protocol\drv\inc\usart_serial.h(21): error:  #20: identifier "U32" is undefined
..\Protocol\drv\inc\usart_serial.h(22): error:  #20: identifier "U32" is undefined
..\Protocol\drv\inc\usart_serial.h(23): error:  #20: identifier "U32" is undefined
..\Protocol\drv\inc\usart_serial.h(25): error:  #20: identifier "U8" is undefined
..\Protocol\drv\inc\usart_serial.h(32): error:  #20: identifier "VOID" is undefined
..\Protocol\drv\inc\usart_serial.h(32): error:  #20: identifier "U8" is undefined
..\Protocol\drv\inc\usart_serial.h(32): error:  #20: identifier "U16" is undefined
..\Protocol\drv\inc\usart_serial.h(33): error:  #20: identifier "VOID" is undefined
..\Protocol\drv\inc\usart_serial.h(33): error:  #20: identifier "U8" is undefined
..\Protocol\drv\inc\usart_serial.h(33): error:  #20: identifier "U16" is undefined
..\Protocol\drv\inc\usart_serial.h(34): error:  #20: identifier "VOID" is undefined
..\Protocol\drv\inc\usart_serial.h(34): error:  #20: identifier "U8" is undefined
..\Protocol\drv\inc\usart_serial.h(34): error:  #20: identifier "U16" is undefined
..\Protocol\drv\inc\usart_serial.h(35): error:  #20: identifier "VOID" is undefined
..\Protocol\drv\inc\usart_serial.h(35): error:  #20: identifier "U8" is undefined
compiling Temperature.c...
..\Protocol\Protocol\AppMain.h(4): error:  #20: identifier "VOID" is undefined
..\Protocol\Protocol\AppMain.h(4): error:  #92: identifier-list parameters may only be used in a function definition
..\Protocol\sys\kernel.h(13): error:  #20: identifier "BOOL" is undefined
..\Protocol\sys\kernel.h(19): error:  #20: identifier "VOID" is undefined
..\Protocol\sys\kernel.h(19): error:  #20: identifier "U32" is undefined
..\Protocol\drv\inc\Protocol.h(7): error:  #20: identifier "U8" is undefined
..\Protocol\drv\inc\Protocol.h(8): error:  #20: identifier "U16" is undefined
error type>(17): error:  #20: identifier "VOID" is undefined
..\Protocol\drv\inc\Protocol.h(18): error:  #20: identifier "BOOL" is undefined
error type>(19): error:  #20: identifier "BOOL" is undefined
..\Protocol\drv\inc\usart_serial.h(11): error:  #20: identifier "BOOL" is undefined
..\Protocol\drv\inc\usart_serial.h(12): error:  #20: identifier "BOOL" is undefined
..\Protocol\drv\inc\usart_serial.h(14): error:  #20: identifier "U16" is undefined
..\Protocol\drv\inc\usart_serial.h(15): error:  #20: identifier "U16" is undefined
..\Protocol\drv\inc\usart_serial.h(20): error:  #20: identifier "U32" is undefined
..\Protocol\drv\inc\usart_serial.h(21): error:  #20: identifier "U32" is undefined
..\Protocol\drv\inc\usart_serial.h(22): error:  #20: identifier "U32" is undefined
..\Protocol\drv\inc\usart_serial.h(23): error:  #20: identifier "U32" is undefined
..\Protocol\drv\inc\usart_serial.h(25): error:  #20: identifier "U8" is undefined
..\Protocol\drv\inc\usart_serial.h(32): error:  #20: identifier "VOID" is undefined
..\Protocol\drv\inc\usart_serial.h(32): error:  #20: identifier "U8" is undefined
..\Protocol\drv\inc\usart_serial.h(32): error:  #20: identifier "U16" is undefined
..\Protocol\drv\inc\usart_serial.h(33): error:  #20: identifier "VOID" is undefined
..\Protocol\drv\inc\usart_serial.h(33): error:  #20: identifier "U8" is undefined
..\Protocol\drv\inc\usart_serial.h(33): error:  #20: identifier "U16" is undefined
..\Protocol\drv\inc\usart_serial.h(34): error:  #20: identifier "VOID" is undefined
..\Protocol\drv\inc\usart_serial.h(34): error:  #20: identifier "U8" is undefined
..\Protocol\drv\inc\usart_serial.h(34): error:  #20: identifier "U16" is undefined
..\Protocol\drv\inc\usart_serial.h(35): error:  #20: identifier "VOID" is undefined
..\Protocol\drv\inc\usart_serial.h(35): error:  #20: identifier "U8" is undefined
compiling bsp_init.c...
..\Protocol\Protocol\AppMain.h(4): error:  #20: identifier "VOID" is undefined
..\Protocol\Protocol\AppMain.h(4): error:  #92: identifier-list parameters may only be used in a function definition
..\Protocol\sys\kernel.h(13): error:  #20: identifier "BOOL" is undefined
..\Protocol\sys\kernel.h(19): error:  #20: identifier "VOID" is undefined
..\Protocol\sys\kernel.h(19): error:  #20: identifier "U32" is undefined
..\Protocol\drv\inc\Protocol.h(7): error:  #20: identifier "U8" is undefined
..\Protocol\drv\inc\Protocol.h(8): error:  #20: identifier "U16" is undefined
error type>(17): error:  #20: identifier "VOID" is undefined
..\Protocol\drv\inc\Protocol.h(18): error:  #20: identifier "BOOL" is undefined
error type>(19): error:  #20: identifier "BOOL" is undefined
..\Protocol\drv\inc\usart_serial.h(11): error:  #20: identifier "BOOL" is undefined
..\Protocol\drv\inc\usart_serial.h(12): error:  #20: identifier "BOOL" is undefined
..\Protocol\drv\inc\usart_serial.h(14): error:  #20: identifier "U16" is undefined
..\Protocol\drv\inc\usart_serial.h(15): error:  #20: identifier "U16" is undefined
..\Protocol\drv\inc\usart_serial.h(20): error:  #20: identifier "U32" is undefined
..\Protocol\drv\inc\usart_serial.h(21): error:  #20: identifier "U32" is undefined
..\Protocol\drv\inc\usart_serial.h(22): error:  #20: identifier "U32" is undefined
..\Protocol\drv\inc\usart_serial.h(23): error:  #20: identifier "U32" is undefined
..\Protocol\drv\inc\usart_serial.h(25): error:  #20: identifier "U8" is undefined
..\Protocol\drv\inc\usart_serial.h(32): error:  #20: identifier "VOID" is undefined
..\Protocol\drv\inc\usart_serial.h(32): error:  #20: identifier "U8" is undefined
..\Protocol\drv\inc\usart_serial.h(32): error:  #20: identifier "U16" is undefined
..\Protocol\drv\inc\usart_serial.h(33): error:  #20: identifier "VOID" is undefined
..\Protocol\drv\inc\usart_serial.h(33): error:  #20: identifier "U8" is undefined
..\Protocol\drv\inc\usart_serial.h(33): error:  #20: identifier "U16" is undefined
..\Protocol\drv\inc\usart_serial.h(34): error:  #20: identifier "VOID" is undefined
..\Protocol\drv\inc\usart_serial.h(34): error:  #20: identifier "U8" is undefined
..\Protocol\drv\inc\usart_serial.h(34): error:  #20: identifier "U16" is undefined
..\Protocol\drv\inc\usart_serial.h(35): error:  #20: identifier "VOID" is undefined
..\Protocol\drv\inc\usart_serial.h(35): error:  #20: identifier "U8" is undefined
compiling bsp_sst25vf064.c...
..\Protocol\Protocol\AppMain.h(4): error:  #20: identifier "VOID" is undefined
..\Protocol\Protocol\AppMain.h(4): error:  #92: identifier-list parameters may only be used in a function definition
..\Protocol\sys\kernel.h(13): error:  #20: identifier "BOOL" is undefined
..\Protocol\sys\kernel.h(19): error:  #20: identifier "VOID" is undefined
..\Protocol\sys\kernel.h(19): error:  #20: identifier "U32" is undefined
..\Protocol\drv\inc\Protocol.h(7): error:  #20: identifier "U8" is undefined
..\Protocol\drv\inc\Protocol.h(8): error:  #20: identifier "U16" is undefined
error type>(17): error:  #20: identifier "VOID" is undefined
..\Protocol\drv\inc\Protocol.h(18): error:  #20: identifier "BOOL" is undefined
error type>(19): error:  #20: identifier "BOOL" is undefined
..\Protocol\drv\inc\usart_serial.h(11): error:  #20: identifier "BOOL" is undefined
..\Protocol\drv\inc\usart_serial.h(12): error:  #20: identifier "BOOL" is undefined
..\Protocol\drv\inc\usart_serial.h(14): error:  #20: identifier "U16" is undefined
..\Protocol\drv\inc\usart_serial.h(15): error:  #20: identifier "U16" is undefined
..\Protocol\drv\inc\usart_serial.h(20): error:  #20: identifier "U32" is undefined
..\Protocol\drv\inc\usart_serial.h(21): error:  #20: identifier "U32" is undefined
..\Protocol\drv\inc\usart_serial.h(22): error:  #20: identifier "U32" is undefined
..\Protocol\drv\inc\usart_serial.h(23): error:  #20: identifier "U32" is undefined
..\Protocol\drv\inc\usart_serial.h(25): error:  #20: identifier "U8" is undefined
..\Protocol\drv\inc\usart_serial.h(32): error:  #20: identifier "VOID" is undefined
..\Protocol\drv\inc\usart_serial.h(32): error:  #20: identifier "U8" is undefined
..\Protocol\drv\inc\usart_serial.h(32): error:  #20: identifier "U16" is undefined
..\Protocol\drv\inc\usart_serial.h(33): error:  #20: identifier "VOID" is undefined
..\Protocol\drv\inc\usart_serial.h(33): error:  #20: identifier "U8" is undefined
..\Protocol\drv\inc\usart_serial.h(33): error:  #20: identifier "U16" is undefined
..\Protocol\drv\inc\usart_serial.h(34): error:  #20: identifier "VOID" is undefined
..\Protocol\drv\inc\usart_serial.h(34): error:  #20: identifier "U8" is undefined
..\Protocol\drv\inc\usart_serial.h(34): error:  #20: identifier "U16" is undefined
..\Protocol\drv\inc\usart_serial.h(35): error:  #20: identifier "VOID" is undefined
..\Protocol\drv\inc\usart_serial.h(35): error:  #20: identifier "U8" is undefined
compiling bsp_rtc.c...
..\Protocol\Protocol\AppMain.h(4): error:  #20: identifier "VOID" is undefined
..\Protocol\Protocol\AppMain.h(4): error:  #92: identifier-list parameters may only be used in a function definition
..\Protocol\sys\kernel.h(13): error:  #20: identifier "BOOL" is undefined
..\Protocol\sys\kernel.h(19): error:  #20: identifier "VOID" is undefined
..\Protocol\sys\kernel.h(19): error:  #20: identifier "U32" is undefined
..\Protocol\drv\inc\Protocol.h(7): error:  #20: identifier "U8" is undefined
..\Protocol\drv\inc\Protocol.h(8): error:  #20: identifier "U16" is undefined
error type>(17): error:  #20: identifier "VOID" is undefined
..\Protocol\drv\inc\Protocol.h(18): error:  #20: identifier "BOOL" is undefined
error type>(19): error:  #20: identifier "BOOL" is undefined
..\Protocol\drv\inc\usart_serial.h(11): error:  #20: identifier "BOOL" is undefined
..\Protocol\drv\inc\usart_serial.h(12): error:  #20: identifier "BOOL" is undefined
..\Protocol\drv\inc\usart_serial.h(14): error:  #20: identifier "U16" is undefined
..\Protocol\drv\inc\usart_serial.h(15): error:  #20: identifier "U16" is undefined
..\Protocol\drv\inc\usart_serial.h(20): error:  #20: identifier "U32" is undefined
..\Protocol\drv\inc\usart_serial.h(21): error:  #20: identifier "U32" is undefined
..\Protocol\drv\inc\usart_serial.h(22): error:  #20: identifier "U32" is undefined
..\Protocol\drv\inc\usart_serial.h(23): error:  #20: identifier "U32" is undefined
..\Protocol\drv\inc\usart_serial.h(25): error:  #20: identifier "U8" is undefined
..\Protocol\drv\inc\usart_serial.h(32): error:  #20: identifier "VOID" is undefined
..\Protocol\drv\inc\usart_serial.h(32): error:  #20: identifier "U8" is undefined
..\Protocol\drv\inc\usart_serial.h(32): error:  #20: identifier "U16" is undefined
..\Protocol\drv\inc\usart_serial.h(33): error:  #20: identifier "VOID" is undefined
..\Protocol\drv\inc\usart_serial.h(33): error:  #20: identifier "U8" is undefined
..\Protocol\drv\inc\usart_serial.h(33): error:  #20: identifier "U16" is undefined
..\Protocol\drv\inc\usart_serial.h(34): error:  #20: identifier "VOID" is undefined
..\Protocol\drv\inc\usart_serial.h(34): error:  #20: identifier "U8" is undefined
..\Protocol\drv\inc\usart_serial.h(34): error:  #20: identifier "U16" is undefined
..\Protocol\drv\inc\usart_serial.h(35): error:  #20: identifier "VOID" is undefined
..\Protocol\drv\inc\usart_serial.h(35): error:  #20: identifier "U8" is undefined
compiling bsp_io_control.c...
..\Protocol\Protocol\AppMain.h(4): error:  #20: identifier "VOID" is undefined
..\Protocol\Protocol\AppMain.h(4): error:  #92: identifier-list parameters may only be used in a function definition
..\Protocol\sys\kernel.h(13): error:  #20: identifier "BOOL" is undefined
..\Protocol\sys\kernel.h(19): error:  #20: identifier "VOID" is undefined
..\Protocol\sys\kernel.h(19): error:  #20: identifier "U32" is undefined
..\Protocol\drv\inc\Protocol.h(7): error:  #20: identifier "U8" is undefined
..\Protocol\drv\inc\Protocol.h(8): error:  #20: identifier "U16" is undefined
error type>(17): error:  #20: identifier "VOID" is undefined
..\Protocol\drv\inc\Protocol.h(18): error:  #20: identifier "BOOL" is undefined
error type>(19): error:  #20: identifier "BOOL" is undefined
..\Protocol\drv\inc\usart_serial.h(11): error:  #20: identifier "BOOL" is undefined
..\Protocol\drv\inc\usart_serial.h(12): error:  #20: identifier "BOOL" is undefined
..\Protocol\drv\inc\usart_serial.h(14): error:  #20: identifier "U16" is undefined
..\Protocol\drv\inc\usart_serial.h(15): error:  #20: identifier "U16" is undefined
..\Protocol\drv\inc\usart_serial.h(20): error:  #20: identifier "U32" is undefined
..\Protocol\drv\inc\usart_serial.h(21): error:  #20: identifier "U32" is undefined
..\Protocol\drv\inc\usart_serial.h(22): error:  #20: identifier "U32" is undefined
..\Protocol\drv\inc\usart_serial.h(23): error:  #20: identifier "U32" is undefined
..\Protocol\drv\inc\usart_serial.h(25): error:  #20: identifier "U8" is undefined
..\Protocol\drv\inc\usart_serial.h(32): error:  #20: identifier "VOID" is undefined
..\Protocol\drv\inc\usart_serial.h(32): error:  #20: identifier "U8" is undefined
..\Protocol\drv\inc\usart_serial.h(32): error:  #20: identifier "U16" is undefined
..\Protocol\drv\inc\usart_serial.h(33): error:  #20: identifier "VOID" is undefined
..\Protocol\drv\inc\usart_serial.h(33): error:  #20: identifier "U8" is undefined
..\Protocol\drv\inc\usart_serial.h(33): error:  #20: identifier "U16" is undefined
..\Protocol\drv\inc\usart_serial.h(34): error:  #20: identifier "VOID" is undefined
..\Protocol\drv\inc\usart_serial.h(34): error:  #20: identifier "U8" is undefined
..\Protocol\drv\inc\usart_serial.h(34): error:  #20: identifier "U16" is undefined
..\Protocol\drv\inc\usart_serial.h(35): error:  #20: identifier "VOID" is undefined
..\Protocol\drv\inc\usart_serial.h(35): error:  #20: identifier "U8" is undefined
compiling stm32f4xx_it.c...
..\Protocol\Protocol\AppMain.h(4): error:  #20: identifier "VOID" is undefined
..\Protocol\Protocol\AppMain.h(4): error:  #92: identifier-list parameters may only be used in a function definition
..\Protocol\sys\kernel.h(13): error:  #20: identifier "BOOL" is undefined
..\Protocol\sys\kernel.h(19): error:  #20: identifier "VOID" is undefined
..\Protocol\sys\kernel.h(19): error:  #20: identifier "U32" is undefined
..\Protocol\drv\inc\Protocol.h(7): error:  #20: identifier "U8" is undefined
..\Protocol\drv\inc\Protocol.h(8): error:  #20: identifier "U16" is undefined
error type>(17): error:  #20: identifier "VOID" is undefined
..\Protocol\drv\inc\Protocol.h(18): error:  #20: identifier "BOOL" is undefined
error type>(19): error:  #20: identifier "BOOL" is undefined
..\Protocol\drv\inc\usart_serial.h(11): error:  #20: identifier "BOOL" is undefined
..\Protocol\drv\inc\usart_serial.h(12): error:  #20: identifier "BOOL" is undefined
..\Protocol\drv\inc\usart_serial.h(14): error:  #20: identifier "U16" is undefined
..\Protocol\drv\inc\usart_serial.h(15): error:  #20: identifier "U16" is undefined
..\Protocol\drv\inc\usart_serial.h(20): error:  #20: identifier "U32" is undefined
..\Protocol\drv\inc\usart_serial.h(21): error:  #20: identifier "U32" is undefined
..\Protocol\drv\inc\usart_serial.h(22): error:  #20: identifier "U32" is undefined
..\Protocol\drv\inc\usart_serial.h(23): error:  #20: identifier "U32" is undefined
..\Protocol\drv\inc\usart_serial.h(25): error:  #20: identifier "U8" is undefined
..\Protocol\drv\inc\usart_serial.h(32): error:  #20: identifier "VOID" is undefined
..\Protocol\drv\inc\usart_serial.h(32): error:  #20: identifier "U8" is undefined
..\Protocol\drv\inc\usart_serial.h(32): error:  #20: identifier "U16" is undefined
..\Protocol\drv\inc\usart_serial.h(33): error:  #20: identifier "VOID" is undefined
..\Protocol\drv\inc\usart_serial.h(33): error:  #20: identifier "U8" is undefined
..\Protocol\drv\inc\usart_serial.h(33): error:  #20: identifier "U16" is undefined
..\Protocol\drv\inc\usart_serial.h(34): error:  #20: identifier "VOID" is undefined
..\Protocol\drv\inc\usart_serial.h(34): error:  #20: identifier "U8" is undefined
..\Protocol\drv\inc\usart_serial.h(34): error:  #20: identifier "U16" is undefined
..\Protocol\drv\inc\usart_serial.h(35): error:  #20: identifier "VOID" is undefined
..\Protocol\drv\inc\usart_serial.h(35): error:  #20: identifier "U8" is undefined
compiling bsp_adc.c...
..\Protocol\Protocol\AppMain.h(4): error:  #20: identifier "VOID" is undefined
..\Protocol\Protocol\AppMain.h(4): error:  #92: identifier-list parameters may only be used in a function definition
..\Protocol\sys\kernel.h(13): error:  #20: identifier "BOOL" is undefined
..\Protocol\sys\kernel.h(19): error:  #20: identifier "VOID" is undefined
..\Protocol\sys\kernel.h(19): error:  #20: identifier "U32" is undefined
..\Protocol\drv\inc\Protocol.h(7): error:  #20: identifier "U8" is undefined
..\Protocol\drv\inc\Protocol.h(8): error:  #20: identifier "U16" is undefined
error type>(17): error:  #20: identifier "VOID" is undefined
..\Protocol\drv\inc\Protocol.h(18): error:  #20: identifier "BOOL" is undefined
error type>(19): error:  #20: identifier "BOOL" is undefined
..\Protocol\drv\inc\usart_serial.h(11): error:  #20: identifier "BOOL" is undefined
..\Protocol\drv\inc\usart_serial.h(12): error:  #20: identifier "BOOL" is undefined
..\Protocol\drv\inc\usart_serial.h(14): error:  #20: identifier "U16" is undefined
..\Protocol\drv\inc\usart_serial.h(15): error:  #20: identifier "U16" is undefined
..\Protocol\drv\inc\usart_serial.h(20): error:  #20: identifier "U32" is undefined
..\Protocol\drv\inc\usart_serial.h(21): error:  #20: identifier "U32" is undefined
..\Protocol\drv\inc\usart_serial.h(22): error:  #20: identifier "U32" is undefined
..\Protocol\drv\inc\usart_serial.h(23): error:  #20: identifier "U32" is undefined
..\Protocol\drv\inc\usart_serial.h(25): error:  #20: identifier "U8" is undefined
..\Protocol\drv\inc\usart_serial.h(32): error:  #20: identifier "VOID" is undefined
..\Protocol\drv\inc\usart_serial.h(32): error:  #20: identifier "U8" is undefined
..\Protocol\drv\inc\usart_serial.h(32): error:  #20: identifier "U16" is undefined
..\Protocol\drv\inc\usart_serial.h(33): error:  #20: identifier "VOID" is undefined
..\Protocol\drv\inc\usart_serial.h(33): error:  #20: identifier "U8" is undefined
..\Protocol\drv\inc\usart_serial.h(33): error:  #20: identifier "U16" is undefined
..\Protocol\drv\inc\usart_serial.h(34): error:  #20: identifier "VOID" is undefined
..\Protocol\drv\inc\usart_serial.h(34): error:  #20: identifier "U8" is undefined
..\Protocol\drv\inc\usart_serial.h(34): error:  #20: identifier "U16" is undefined
..\Protocol\drv\inc\usart_serial.h(35): error:  #20: identifier "VOID" is undefined
..\Protocol\drv\inc\usart_serial.h(35): error:  #20: identifier "U8" is undefined
compiling bsp_flash.c...
..\Protocol\Protocol\AppMain.h(4): error:  #20: identifier "VOID" is undefined
..\Protocol\Protocol\AppMain.h(4): error:  #92: identifier-list parameters may only be used in a function definition
..\Protocol\sys\kernel.h(13): error:  #20: identifier "BOOL" is undefined
..\Protocol\sys\kernel.h(19): error:  #20: identifier "VOID" is undefined
..\Protocol\sys\kernel.h(19): error:  #20: identifier "U32" is undefined
..\Protocol\drv\inc\Protocol.h(7): error:  #20: identifier "U8" is undefined
..\Protocol\drv\inc\Protocol.h(8): error:  #20: identifier "U16" is undefined
error type>(17): error:  #20: identifier "VOID" is undefined
..\Protocol\drv\inc\Protocol.h(18): error:  #20: identifier "BOOL" is undefined
error type>(19): error:  #20: identifier "BOOL" is undefined
..\Protocol\drv\inc\usart_serial.h(11): error:  #20: identifier "BOOL" is undefined
..\Protocol\drv\inc\usart_serial.h(12): error:  #20: identifier "BOOL" is undefined
..\Protocol\drv\inc\usart_serial.h(14): error:  #20: identifier "U16" is undefined
..\Protocol\drv\inc\usart_serial.h(15): error:  #20: identifier "U16" is undefined
..\Protocol\drv\inc\usart_serial.h(20): error:  #20: identifier "U32" is undefined
..\Protocol\drv\inc\usart_serial.h(21): error:  #20: identifier "U32" is undefined
..\Protocol\drv\inc\usart_serial.h(22): error:  #20: identifier "U32" is undefined
..\Protocol\drv\inc\usart_serial.h(23): error:  #20: identifier "U32" is undefined
..\Protocol\drv\inc\usart_serial.h(25): error:  #20: identifier "U8" is undefined
..\Protocol\drv\inc\usart_serial.h(32): error:  #20: identifier "VOID" is undefined
..\Protocol\drv\inc\usart_serial.h(32): error:  #20: identifier "U8" is undefined
..\Protocol\drv\inc\usart_serial.h(32): error:  #20: identifier "U16" is undefined
..\Protocol\drv\inc\usart_serial.h(33): error:  #20: identifier "VOID" is undefined
..\Protocol\drv\inc\usart_serial.h(33): error:  #20: identifier "U8" is undefined
..\Protocol\drv\inc\usart_serial.h(33): error:  #20: identifier "U16" is undefined
..\Protocol\drv\inc\usart_serial.h(34): error:  #20: identifier "VOID" is undefined
..\Protocol\drv\inc\usart_serial.h(34): error:  #20: identifier "U8" is undefined
..\Protocol\drv\inc\usart_serial.h(34): error:  #20: identifier "U16" is undefined
..\Protocol\drv\inc\usart_serial.h(35): error:  #20: identifier "VOID" is undefined
..\Protocol\drv\inc\usart_serial.h(35): error:  #20: identifier "U8" is undefined
compiling AppMain.c...
..\Protocol\Protocol\AppMain.h(4): error:  #20: identifier "VOID" is undefined
..\Protocol\Protocol\AppMain.h(4): error:  #92: identifier-list parameters may only be used in a function definition
..\Protocol\sys\kernel.h(13): error:  #20: identifier "BOOL" is undefined
..\Protocol\sys\kernel.h(19): error:  #20: identifier "VOID" is undefined
..\Protocol\sys\kernel.h(19): error:  #20: identifier "U32" is undefined
..\Protocol\drv\inc\Protocol.h(7): error:  #20: identifier "U8" is undefined
..\Protocol\drv\inc\Protocol.h(8): error:  #20: identifier "U16" is undefined
error type>(17): error:  #20: identifier "VOID" is undefined
..\Protocol\drv\inc\Protocol.h(18): error:  #20: identifier "BOOL" is undefined
error type>(19): error:  #20: identifier "BOOL" is undefined
..\Protocol\drv\inc\usart_serial.h(11): error:  #20: identifier "BOOL" is undefined
..\Protocol\drv\inc\usart_serial.h(12): error:  #20: identifier "BOOL" is undefined
..\Protocol\drv\inc\usart_serial.h(14): error:  #20: identifier "U16" is undefined
..\Protocol\drv\inc\usart_serial.h(15): error:  #20: identifier "U16" is undefined
..\Protocol\drv\inc\usart_serial.h(20): error:  #20: identifier "U32" is undefined
..\Protocol\drv\inc\usart_serial.h(21): error:  #20: identifier "U32" is undefined
..\Protocol\drv\inc\usart_serial.h(22): error:  #20: identifier "U32" is undefined
..\Protocol\drv\inc\usart_serial.h(23): error:  #20: identifier "U32" is undefined
..\Protocol\drv\inc\usart_serial.h(25): error:  #20: identifier "U8" is undefined
..\Protocol\drv\inc\usart_serial.h(32): error:  #20: identifier "VOID" is undefined
..\Protocol\drv\inc\usart_serial.h(32): error:  #20: identifier "U8" is undefined
..\Protocol\drv\inc\usart_serial.h(32): error:  #20: identifier "U16" is undefined
..\Protocol\drv\inc\usart_serial.h(33): error:  #20: identifier "VOID" is undefined
..\Protocol\drv\inc\usart_serial.h(33): error:  #20: identifier "U8" is undefined
..\Protocol\drv\inc\usart_serial.h(33): error:  #20: identifier "U16" is undefined
..\Protocol\drv\inc\usart_serial.h(34): error:  #20: identifier "VOID" is undefined
..\Protocol\drv\inc\usart_serial.h(34): error:  #20: identifier "U8" is undefined
..\Protocol\drv\inc\usart_serial.h(34): error:  #20: identifier "U16" is undefined
..\Protocol\drv\inc\usart_serial.h(35): error:  #20: identifier "VOID" is undefined
..\Protocol\drv\inc\usart_serial.h(35): error:  #20: identifier "U8" is undefined
compiling Protocol.c...
..\Protocol\Protocol\AppMain.h(4): error:  #20: identifier "VOID" is undefined
..\Protocol\Protocol\AppMain.h(4): error:  #92: identifier-list parameters may only be used in a function definition
..\Protocol\drv\inc\usart_serial.h(11): error:  #20: identifier "BOOL" is undefined
..\Protocol\drv\inc\usart_serial.h(12): error:  #20: identifier "BOOL" is undefined
..\Protocol\drv\inc\usart_serial.h(14): error:  #20: identifier "U16" is undefined
..\Protocol\drv\inc\usart_serial.h(15): error:  #20: identifier "U16" is undefined
..\Protocol\drv\inc\usart_serial.h(20): error:  #20: identifier "U32" is undefined
..\Protocol\drv\inc\usart_serial.h(21): error:  #20: identifier "U32" is undefined
..\Protocol\drv\inc\usart_serial.h(22): error:  #20: identifier "U32" is undefined
..\Protocol\drv\inc\usart_serial.h(23): error:  #20: identifier "U32" is undefined
..\Protocol\drv\inc\usart_serial.h(25): error:  #20: identifier "U8" is undefined
..\Protocol\drv\inc\usart_serial.h(32): error:  #20: identifier "VOID" is undefined
..\Protocol\drv\inc\usart_serial.h(32): error:  #20: identifier "U8" is undefined
..\Protocol\drv\inc\usart_serial.h(32): error:  #20: identifier "U16" is undefined
..\Protocol\drv\inc\usart_serial.h(33): error:  #20: identifier "VOID" is undefined
..\Protocol\drv\inc\usart_serial.h(33): error:  #20: identifier "U8" is undefined
..\Protocol\drv\inc\usart_serial.h(33): error:  #20: identifier "U16" is undefined
..\Protocol\drv\inc\usart_serial.h(34): error:  #20: identifier "VOID" is undefined
..\Protocol\drv\inc\usart_serial.h(34): error:  #20: identifier "U8" is undefined
..\Protocol\drv\inc\usart_serial.h(34): error:  #20: identifier "U16" is undefined
..\Protocol\drv\inc\usart_serial.h(35): error:  #20: identifier "VOID" is undefined
..\Protocol\drv\inc\usart_serial.h(35): error:  #20: identifier "U8" is undefined
..\Protocol\drv\inc\usart_serial.h(35): error:  #20: identifier "U16" is undefined
..\Protocol\drv\inc\usart_serial.h(36): error:  #20: identifier "U32" is undefined
..\Protocol\drv\inc\usart_serial.h(37): error:  #20: identifier "VOID" is undefined
compiling usart_serial.c...
..\Protocol\Protocol\AppMain.h(4): error:  #20: identifier "VOID" is undefined
..\Protocol\Protocol\AppMain.h(4): error:  #92: identifier-list parameters may only be used in a function definition
..\Protocol\drv\inc\Protocol.h(7): error:  #20: identifier "U8" is undefined
..\Protocol\drv\inc\Protocol.h(8): error:  #20: identifier "U16" is undefined
error type>(17): error:  #20: identifier "VOID" is undefined
..\Protocol\drv\inc\Protocol.h(18): error:  #20: identifier "BOOL" is undefined
error type>(19): error:  #20: identifier "BOOL" is undefined
..\Protocol\drv\inc\usart_serial.h(11): error:  #20: identifier "BOOL" is undefined
..\Protocol\drv\inc\usart_serial.h(12): error:  #20: identifier "BOOL" is undefined
..\Protocol\drv\inc\usart_serial.h(14): error:  #20: identifier "U16" is undefined
..\Protocol\drv\inc\usart_serial.h(15): error:  #20: identifier "U16" is undefined
..\Protocol\drv\inc\usart_serial.h(20): error:  #20: identifier "U32" is undefined
..\Protocol\drv\inc\usart_serial.h(21): error:  #20: identifier "U32" is undefined
..\Protocol\drv\inc\usart_serial.h(22): error:  #20: identifier "U32" is undefined
..\Protocol\drv\inc\usart_serial.h(23): error:  #20: identifier "U32" is undefined
..\Protocol\drv\inc\usart_serial.h(25): error:  #20: identifier "U8" is undefined
..\Protocol\drv\inc\usart_serial.h(32): error:  #20: identifier "VOID" is undefined
..\Protocol\drv\inc\usart_serial.h(32): error:  #20: identifier "U8" is undefined
..\Protocol\drv\inc\usart_serial.h(32): error:  #20: identifier "U16" is undefined
..\Protocol\drv\inc\usart_serial.h(33): error:  #20: identifier "VOID" is undefined
..\Protocol\drv\inc\usart_serial.h(33): error:  #20: identifier "U8" is undefined
..\Protocol\drv\inc\usart_serial.h(33): error:  #20: identifier "U16" is undefined
..\Protocol\drv\inc\usart_serial.h(34): error:  #20: identifier "VOID" is undefined
..\Protocol\drv\inc\usart_serial.h(34): error:  #20: identifier "U8" is undefined
..\Protocol\drv\inc\usart_serial.h(34): error:  #20: identifier "U16" is undefined
..\Protocol\drv\inc\usart_serial.h(35): error:  #20: identifier "VOID" is undefined
..\Protocol\drv\inc\usart_serial.h(35): error:  #20: identifier "U8" is undefined
..\Protocol\drv\inc\usart_serial.h(35): error:  #20: identifier "U16" is undefined
..\Protocol\drv\inc\usart_serial.h(36): error:  #20: identifier "U32" is undefined
..\Protocol\drv\inc\usart_serial.h(37): error:  #20: identifier "VOID" is undefined
compiling kernel.c...
..\Protocol\Protocol\AppMain.h(4): error:  #20: identifier "VOID" is undefined
..\Protocol\Protocol\AppMain.h(4): error:  #92: identifier-list parameters may only be used in a function definition
..\Protocol\drv\inc\Protocol.h(7): error:  #20: identifier "U8" is undefined
..\Protocol\drv\inc\Protocol.h(8): error:  #20: identifier "U16" is undefined
error type>(17): error:  #20: identifier "VOID" is undefined
..\Protocol\drv\inc\Protocol.h(18): error:  #20: identifier "BOOL" is undefined
error type>(19): error:  #20: identifier "BOOL" is undefined
..\Protocol\drv\inc\usart_serial.h(11): error:  #20: identifier "BOOL" is undefined
..\Protocol\drv\inc\usart_serial.h(12): error:  #20: identifier "BOOL" is undefined
..\Protocol\drv\inc\usart_serial.h(14): error:  #20: identifier "U16" is undefined
..\Protocol\drv\inc\usart_serial.h(15): error:  #20: identifier "U16" is undefined
..\Protocol\drv\inc\usart_serial.h(20): error:  #20: identifier "U32" is undefined
..\Protocol\drv\inc\usart_serial.h(21): error:  #20: identifier "U32" is undefined
..\Protocol\drv\inc\usart_serial.h(22): error:  #20: identifier "U32" is undefined
..\Protocol\drv\inc\usart_serial.h(23): error:  #20: identifier "U32" is undefined
..\Protocol\drv\inc\usart_serial.h(25): error:  #20: identifier "U8" is undefined
..\Protocol\drv\inc\usart_serial.h(32): error:  #20: identifier "VOID" is undefined
..\Protocol\drv\inc\usart_serial.h(32): error:  #20: identifier "U8" is undefined
..\Protocol\drv\inc\usart_serial.h(32): error:  #20: identifier "U16" is undefined
..\Protocol\drv\inc\usart_serial.h(33): error:  #20: identifier "VOID" is undefined
..\Protocol\drv\inc\usart_serial.h(33): error:  #20: identifier "U8" is undefined
..\Protocol\drv\inc\usart_serial.h(33): error:  #20: identifier "U16" is undefined
..\Protocol\drv\inc\usart_serial.h(34): error:  #20: identifier "VOID" is undefined
..\Protocol\drv\inc\usart_serial.h(34): error:  #20: identifier "U8" is undefined
..\Protocol\drv\inc\usart_serial.h(34): error:  #20: identifier "U16" is undefined
..\Protocol\drv\inc\usart_serial.h(35): error:  #20: identifier "VOID" is undefined
..\Protocol\drv\inc\usart_serial.h(35): error:  #20: identifier "U8" is undefined
..\Protocol\drv\inc\usart_serial.h(35): error:  #20: identifier "U16" is undefined
..\Protocol\drv\inc\usart_serial.h(36): error:  #20: identifier "U32" is undefined
..\Protocol\drv\inc\usart_serial.h(37): error:  #20: identifier "VOID" is undefined
"..\obj\emWin.axf" - 535 Errors, 0 Warning(s).
Target not created
Build target 'Freq'
compiling bsp.c...
..\Protocol\Protocol\AppMain.h(4): error:  #20: identifier "VOID" is undefined
..\Protocol\Protocol\AppMain.h(4): error:  #92: identifier-list parameters may only be used in a function definition
..\Protocol\sys\kernel.h(13): error:  #20: identifier "BOOL" is undefined
..\Protocol\sys\kernel.h(19): error:  #20: identifier "VOID" is undefined
..\Protocol\sys\kernel.h(19): error:  #20: identifier "U32" is undefined
..\Protocol\drv\inc\Protocol.h(7): error:  #20: identifier "U8" is undefined
..\Protocol\drv\inc\Protocol.h(8): error:  #20: identifier "U16" is undefined
error type>(17): error:  #20: identifier "VOID" is undefined
..\Protocol\drv\inc\Protocol.h(18): error:  #20: identifier "BOOL" is undefined
error type>(19): error:  #20: identifier "BOOL" is undefined
..\Protocol\drv\inc\usart_serial.h(11): error:  #20: identifier "BOOL" is undefined
..\Protocol\drv\inc\usart_serial.h(12): error:  #20: identifier "BOOL" is undefined
..\Protocol\drv\inc\usart_serial.h(14): error:  #20: identifier "U16" is undefined
..\Protocol\drv\inc\usart_serial.h(15): error:  #20: identifier "U16" is undefined
..\Protocol\drv\inc\usart_serial.h(20): error:  #20: identifier "U32" is undefined
..\Protocol\drv\inc\usart_serial.h(21): error:  #20: identifier "U32" is undefined
..\Protocol\drv\inc\usart_serial.h(22): error:  #20: identifier "U32" is undefined
..\Protocol\drv\inc\usart_serial.h(23): error:  #20: identifier "U32" is undefined
..\Protocol\drv\inc\usart_serial.h(25): error:  #20: identifier "U8" is undefined
..\Protocol\drv\inc\usart_serial.h(32): error:  #20: identifier "VOID" is undefined
..\Protocol\drv\inc\usart_serial.h(32): error:  #20: identifier "U8" is undefined
..\Protocol\drv\inc\usart_serial.h(32): error:  #20: identifier "U16" is undefined
..\Protocol\drv\inc\usart_serial.h(33): error:  #20: identifier "VOID" is undefined
..\Protocol\drv\inc\usart_serial.h(33): error:  #20: identifier "U8" is undefined
..\Protocol\drv\inc\usart_serial.h(33): error:  #20: identifier "U16" is undefined
..\Protocol\drv\inc\usart_serial.h(34): error:  #20: identifier "VOID" is undefined
..\Protocol\drv\inc\usart_serial.h(34): error:  #20: identifier "U8" is undefined
..\Protocol\drv\inc\usart_serial.h(34): error:  #20: identifier "U16" is undefined
..\Protocol\drv\inc\usart_serial.h(35): error:  #20: identifier "VOID" is undefined
..\Protocol\drv\inc\usart_serial.h(35): error:  #20: identifier "U8" is undefined
compiling main.c...
..\Protocol\Protocol\AppMain.h(4): error:  #20: identifier "VOID" is undefined
..\Protocol\Protocol\AppMain.h(4): error:  #92: identifier-list parameters may only be used in a function definition
..\Protocol\sys\kernel.h(13): error:  #20: identifier "BOOL" is undefined
..\Protocol\sys\kernel.h(19): error:  #20: identifier "VOID" is undefined
..\Protocol\sys\kernel.h(19): error:  #20: identifier "U32" is undefined
..\Protocol\drv\inc\Protocol.h(7): error:  #20: identifier "U8" is undefined
..\Protocol\drv\inc\Protocol.h(8): error:  #20: identifier "U16" is undefined
error type>(17): error:  #20: identifier "VOID" is undefined
..\Protocol\drv\inc\Protocol.h(18): error:  #20: identifier "BOOL" is undefined
error type>(19): error:  #20: identifier "BOOL" is undefined
..\Protocol\drv\inc\usart_serial.h(11): error:  #20: identifier "BOOL" is undefined
..\Protocol\drv\inc\usart_serial.h(12): error:  #20: identifier "BOOL" is undefined
..\Protocol\drv\inc\usart_serial.h(14): error:  #20: identifier "U16" is undefined
..\Protocol\drv\inc\usart_serial.h(15): error:  #20: identifier "U16" is undefined
..\Protocol\drv\inc\usart_serial.h(20): error:  #20: identifier "U32" is undefined
..\Protocol\drv\inc\usart_serial.h(21): error:  #20: identifier "U32" is undefined
..\Protocol\drv\inc\usart_serial.h(22): error:  #20: identifier "U32" is undefined
..\Protocol\drv\inc\usart_serial.h(23): error:  #20: identifier "U32" is undefined
..\Protocol\drv\inc\usart_serial.h(25): error:  #20: identifier "U8" is undefined
..\Protocol\drv\inc\usart_serial.h(32): error:  #20: identifier "VOID" is undefined
..\Protocol\drv\inc\usart_serial.h(32): error:  #20: identifier "U8" is undefined
..\Protocol\drv\inc\usart_serial.h(32): error:  #20: identifier "U16" is undefined
..\Protocol\drv\inc\usart_serial.h(33): error:  #20: identifier "VOID" is undefined
..\Protocol\drv\inc\usart_serial.h(33): error:  #20: identifier "U8" is undefined
..\Protocol\drv\inc\usart_serial.h(33): error:  #20: identifier "U16" is undefined
..\Protocol\drv\inc\usart_serial.h(34): error:  #20: identifier "VOID" is undefined
..\Protocol\drv\inc\usart_serial.h(34): error:  #20: identifier "U8" is undefined
..\Protocol\drv\inc\usart_serial.h(34): error:  #20: identifier "U16" is undefined
..\Protocol\drv\inc\usart_serial.h(35): error:  #20: identifier "VOID" is undefined
..\Protocol\drv\inc\usart_serial.h(35): error:  #20: identifier "U8" is undefined
compiling app.c...
..\Protocol\Protocol\AppMain.h(4): error:  #20: identifier "VOID" is undefined
..\Protocol\Protocol\AppMain.h(4): error:  #92: identifier-list parameters may only be used in a function definition
..\Protocol\sys\kernel.h(13): error:  #20: identifier "BOOL" is undefined
..\Protocol\sys\kernel.h(19): error:  #20: identifier "VOID" is undefined
..\Protocol\sys\kernel.h(19): error:  #20: identifier "U32" is undefined
..\Protocol\drv\inc\Protocol.h(7): error:  #20: identifier "U8" is undefined
..\Protocol\drv\inc\Protocol.h(8): error:  #20: identifier "U16" is undefined
error type>(17): error:  #20: identifier "VOID" is undefined
..\Protocol\drv\inc\Protocol.h(18): error:  #20: identifier "BOOL" is undefined
error type>(19): error:  #20: identifier "BOOL" is undefined
..\Protocol\drv\inc\usart_serial.h(11): error:  #20: identifier "BOOL" is undefined
..\Protocol\drv\inc\usart_serial.h(12): error:  #20: identifier "BOOL" is undefined
..\Protocol\drv\inc\usart_serial.h(14): error:  #20: identifier "U16" is undefined
..\Protocol\drv\inc\usart_serial.h(15): error:  #20: identifier "U16" is undefined
..\Protocol\drv\inc\usart_serial.h(20): error:  #20: identifier "U32" is undefined
..\Protocol\drv\inc\usart_serial.h(21): error:  #20: identifier "U32" is undefined
..\Protocol\drv\inc\usart_serial.h(22): error:  #20: identifier "U32" is undefined
..\Protocol\drv\inc\usart_serial.h(23): error:  #20: identifier "U32" is undefined
..\Protocol\drv\inc\usart_serial.h(25): error:  #20: identifier "U8" is undefined
..\Protocol\drv\inc\usart_serial.h(32): error:  #20: identifier "VOID" is undefined
..\Protocol\drv\inc\usart_serial.h(32): error:  #20: identifier "U8" is undefined
..\Protocol\drv\inc\usart_serial.h(32): error:  #20: identifier "U16" is undefined
..\Protocol\drv\inc\usart_serial.h(33): error:  #20: identifier "VOID" is undefined
..\Protocol\drv\inc\usart_serial.h(33): error:  #20: identifier "U8" is undefined
..\Protocol\drv\inc\usart_serial.h(33): error:  #20: identifier "U16" is undefined
..\Protocol\drv\inc\usart_serial.h(34): error:  #20: identifier "VOID" is undefined
..\Protocol\drv\inc\usart_serial.h(34): error:  #20: identifier "U8" is undefined
..\Protocol\drv\inc\usart_serial.h(34): error:  #20: identifier "U16" is undefined
..\Protocol\drv\inc\usart_serial.h(35): error:  #20: identifier "VOID" is undefined
..\Protocol\drv\inc\usart_serial.h(35): error:  #20: identifier "U8" is undefined
compiling FreqMeasurement.c...
..\Protocol\Protocol\AppMain.h(4): error:  #20: identifier "VOID" is undefined
..\Protocol\Protocol\AppMain.h(4): error:  #92: identifier-list parameters may only be used in a function definition
..\Protocol\sys\kernel.h(13): error:  #20: identifier "BOOL" is undefined
..\Protocol\sys\kernel.h(19): error:  #20: identifier "VOID" is undefined
..\Protocol\sys\kernel.h(19): error:  #20: identifier "U32" is undefined
..\Protocol\drv\inc\Protocol.h(7): error:  #20: identifier "U8" is undefined
..\Protocol\drv\inc\Protocol.h(8): error:  #20: identifier "U16" is undefined
error type>(17): error:  #20: identifier "VOID" is undefined
..\Protocol\drv\inc\Protocol.h(18): error:  #20: identifier "BOOL" is undefined
error type>(19): error:  #20: identifier "BOOL" is undefined
..\Protocol\drv\inc\usart_serial.h(11): error:  #20: identifier "BOOL" is undefined
..\Protocol\drv\inc\usart_serial.h(12): error:  #20: identifier "BOOL" is undefined
..\Protocol\drv\inc\usart_serial.h(14): error:  #20: identifier "U16" is undefined
..\Protocol\drv\inc\usart_serial.h(15): error:  #20: identifier "U16" is undefined
..\Protocol\drv\inc\usart_serial.h(20): error:  #20: identifier "U32" is undefined
..\Protocol\drv\inc\usart_serial.h(21): error:  #20: identifier "U32" is undefined
..\Protocol\drv\inc\usart_serial.h(22): error:  #20: identifier "U32" is undefined
..\Protocol\drv\inc\usart_serial.h(23): error:  #20: identifier "U32" is undefined
..\Protocol\drv\inc\usart_serial.h(25): error:  #20: identifier "U8" is undefined
..\Protocol\drv\inc\usart_serial.h(32): error:  #20: identifier "VOID" is undefined
..\Protocol\drv\inc\usart_serial.h(32): error:  #20: identifier "U8" is undefined
..\Protocol\drv\inc\usart_serial.h(32): error:  #20: identifier "U16" is undefined
..\Protocol\drv\inc\usart_serial.h(33): error:  #20: identifier "VOID" is undefined
..\Protocol\drv\inc\usart_serial.h(33): error:  #20: identifier "U8" is undefined
..\Protocol\drv\inc\usart_serial.h(33): error:  #20: identifier "U16" is undefined
..\Protocol\drv\inc\usart_serial.h(34): error:  #20: identifier "VOID" is undefined
..\Protocol\drv\inc\usart_serial.h(34): error:  #20: identifier "U8" is undefined
..\Protocol\drv\inc\usart_serial.h(34): error:  #20: identifier "U16" is undefined
..\Protocol\drv\inc\usart_serial.h(35): error:  #20: identifier "VOID" is undefined
..\Protocol\drv\inc\usart_serial.h(35): error:  #20: identifier "U8" is undefined
compiling Tools.c...
..\Protocol\Protocol\AppMain.h(4): error:  #20: identifier "VOID" is undefined
..\Protocol\Protocol\AppMain.h(4): error:  #92: identifier-list parameters may only be used in a function definition
..\Protocol\sys\kernel.h(13): error:  #20: identifier "BOOL" is undefined
..\Protocol\sys\kernel.h(19): error:  #20: identifier "VOID" is undefined
..\Protocol\sys\kernel.h(19): error:  #20: identifier "U32" is undefined
..\Protocol\drv\inc\Protocol.h(7): error:  #20: identifier "U8" is undefined
..\Protocol\drv\inc\Protocol.h(8): error:  #20: identifier "U16" is undefined
error type>(17): error:  #20: identifier "VOID" is undefined
..\Protocol\drv\inc\Protocol.h(18): error:  #20: identifier "BOOL" is undefined
error type>(19): error:  #20: identifier "BOOL" is undefined
..\Protocol\drv\inc\usart_serial.h(11): error:  #20: identifier "BOOL" is undefined
..\Protocol\drv\inc\usart_serial.h(12): error:  #20: identifier "BOOL" is undefined
..\Protocol\drv\inc\usart_serial.h(14): error:  #20: identifier "U16" is undefined
..\Protocol\drv\inc\usart_serial.h(15): error:  #20: identifier "U16" is undefined
..\Protocol\drv\inc\usart_serial.h(20): error:  #20: identifier "U32" is undefined
..\Protocol\drv\inc\usart_serial.h(21): error:  #20: identifier "U32" is undefined
..\Protocol\drv\inc\usart_serial.h(22): error:  #20: identifier "U32" is undefined
..\Protocol\drv\inc\usart_serial.h(23): error:  #20: identifier "U32" is undefined
..\Protocol\drv\inc\usart_serial.h(25): error:  #20: identifier "U8" is undefined
..\Protocol\drv\inc\usart_serial.h(32): error:  #20: identifier "VOID" is undefined
..\Protocol\drv\inc\usart_serial.h(32): error:  #20: identifier "U8" is undefined
..\Protocol\drv\inc\usart_serial.h(32): error:  #20: identifier "U16" is undefined
..\Protocol\drv\inc\usart_serial.h(33): error:  #20: identifier "VOID" is undefined
..\Protocol\drv\inc\usart_serial.h(33): error:  #20: identifier "U8" is undefined
..\Protocol\drv\inc\usart_serial.h(33): error:  #20: identifier "U16" is undefined
..\Protocol\drv\inc\usart_serial.h(34): error:  #20: identifier "VOID" is undefined
..\Protocol\drv\inc\usart_serial.h(34): error:  #20: identifier "U8" is undefined
..\Protocol\drv\inc\usart_serial.h(34): error:  #20: identifier "U16" is undefined
..\Protocol\drv\inc\usart_serial.h(35): error:  #20: identifier "VOID" is undefined
..\Protocol\drv\inc\usart_serial.h(35): error:  #20: identifier "U8" is undefined
compiling Rain.c...
..\Protocol\Protocol\AppMain.h(4): error:  #20: identifier "VOID" is undefined
..\Protocol\Protocol\AppMain.h(4): error:  #92: identifier-list parameters may only be used in a function definition
..\Protocol\sys\kernel.h(13): error:  #20: identifier "BOOL" is undefined
..\Protocol\sys\kernel.h(19): error:  #20: identifier "VOID" is undefined
..\Protocol\sys\kernel.h(19): error:  #20: identifier "U32" is undefined
..\Protocol\drv\inc\Protocol.h(7): error:  #20: identifier "U8" is undefined
..\Protocol\drv\inc\Protocol.h(8): error:  #20: identifier "U16" is undefined
error type>(17): error:  #20: identifier "VOID" is undefined
..\Protocol\drv\inc\Protocol.h(18): error:  #20: identifier "BOOL" is undefined
error type>(19): error:  #20: identifier "BOOL" is undefined
..\Protocol\drv\inc\usart_serial.h(11): error:  #20: identifier "BOOL" is undefined
..\Protocol\drv\inc\usart_serial.h(12): error:  #20: identifier "BOOL" is undefined
..\Protocol\drv\inc\usart_serial.h(14): error:  #20: identifier "U16" is undefined
..\Protocol\drv\inc\usart_serial.h(15): error:  #20: identifier "U16" is undefined
..\Protocol\drv\inc\usart_serial.h(20): error:  #20: identifier "U32" is undefined
..\Protocol\drv\inc\usart_serial.h(21): error:  #20: identifier "U32" is undefined
..\Protocol\drv\inc\usart_serial.h(22): error:  #20: identifier "U32" is undefined
..\Protocol\drv\inc\usart_serial.h(23): error:  #20: identifier "U32" is undefined
..\Protocol\drv\inc\usart_serial.h(25): error:  #20: identifier "U8" is undefined
..\Protocol\drv\inc\usart_serial.h(32): error:  #20: identifier "VOID" is undefined
..\Protocol\drv\inc\usart_serial.h(32): error:  #20: identifier "U8" is undefined
..\Protocol\drv\inc\usart_serial.h(32): error:  #20: identifier "U16" is undefined
..\Protocol\drv\inc\usart_serial.h(33): error:  #20: identifier "VOID" is undefined
..\Protocol\drv\inc\usart_serial.h(33): error:  #20: identifier "U8" is undefined
..\Protocol\drv\inc\usart_serial.h(33): error:  #20: identifier "U16" is undefined
..\Protocol\drv\inc\usart_serial.h(34): error:  #20: identifier "VOID" is undefined
..\Protocol\drv\inc\usart_serial.h(34): error:  #20: identifier "U8" is undefined
..\Protocol\drv\inc\usart_serial.h(34): error:  #20: identifier "U16" is undefined
..\Protocol\drv\inc\usart_serial.h(35): error:  #20: identifier "VOID" is undefined
..\Protocol\drv\inc\usart_serial.h(35): error:  #20: identifier "U8" is undefined
compiling Temperature.c...
..\Protocol\Protocol\AppMain.h(4): error:  #20: identifier "VOID" is undefined
..\Protocol\Protocol\AppMain.h(4): error:  #92: identifier-list parameters may only be used in a function definition
..\Protocol\sys\kernel.h(13): error:  #20: identifier "BOOL" is undefined
..\Protocol\sys\kernel.h(19): error:  #20: identifier "VOID" is undefined
..\Protocol\sys\kernel.h(19): error:  #20: identifier "U32" is undefined
..\Protocol\drv\inc\Protocol.h(7): error:  #20: identifier "U8" is undefined
..\Protocol\drv\inc\Protocol.h(8): error:  #20: identifier "U16" is undefined
error type>(17): error:  #20: identifier "VOID" is undefined
..\Protocol\drv\inc\Protocol.h(18): error:  #20: identifier "BOOL" is undefined
error type>(19): error:  #20: identifier "BOOL" is undefined
..\Protocol\drv\inc\usart_serial.h(11): error:  #20: identifier "BOOL" is undefined
..\Protocol\drv\inc\usart_serial.h(12): error:  #20: identifier "BOOL" is undefined
..\Protocol\drv\inc\usart_serial.h(14): error:  #20: identifier "U16" is undefined
..\Protocol\drv\inc\usart_serial.h(15): error:  #20: identifier "U16" is undefined
..\Protocol\drv\inc\usart_serial.h(20): error:  #20: identifier "U32" is undefined
..\Protocol\drv\inc\usart_serial.h(21): error:  #20: identifier "U32" is undefined
..\Protocol\drv\inc\usart_serial.h(22): error:  #20: identifier "U32" is undefined
..\Protocol\drv\inc\usart_serial.h(23): error:  #20: identifier "U32" is undefined
..\Protocol\drv\inc\usart_serial.h(25): error:  #20: identifier "U8" is undefined
..\Protocol\drv\inc\usart_serial.h(32): error:  #20: identifier "VOID" is undefined
..\Protocol\drv\inc\usart_serial.h(32): error:  #20: identifier "U8" is undefined
..\Protocol\drv\inc\usart_serial.h(32): error:  #20: identifier "U16" is undefined
..\Protocol\drv\inc\usart_serial.h(33): error:  #20: identifier "VOID" is undefined
..\Protocol\drv\inc\usart_serial.h(33): error:  #20: identifier "U8" is undefined
..\Protocol\drv\inc\usart_serial.h(33): error:  #20: identifier "U16" is undefined
..\Protocol\drv\inc\usart_serial.h(34): error:  #20: identifier "VOID" is undefined
..\Protocol\drv\inc\usart_serial.h(34): error:  #20: identifier "U8" is undefined
..\Protocol\drv\inc\usart_serial.h(34): error:  #20: identifier "U16" is undefined
..\Protocol\drv\inc\usart_serial.h(35): error:  #20: identifier "VOID" is undefined
..\Protocol\drv\inc\usart_serial.h(35): error:  #20: identifier "U8" is undefined
compiling bsp_init.c...
..\Protocol\Protocol\AppMain.h(4): error:  #20: identifier "VOID" is undefined
..\Protocol\Protocol\AppMain.h(4): error:  #92: identifier-list parameters may only be used in a function definition
..\Protocol\sys\kernel.h(13): error:  #20: identifier "BOOL" is undefined
..\Protocol\sys\kernel.h(19): error:  #20: identifier "VOID" is undefined
..\Protocol\sys\kernel.h(19): error:  #20: identifier "U32" is undefined
..\Protocol\drv\inc\Protocol.h(7): error:  #20: identifier "U8" is undefined
..\Protocol\drv\inc\Protocol.h(8): error:  #20: identifier "U16" is undefined
error type>(17): error:  #20: identifier "VOID" is undefined
..\Protocol\drv\inc\Protocol.h(18): error:  #20: identifier "BOOL" is undefined
error type>(19): error:  #20: identifier "BOOL" is undefined
..\Protocol\drv\inc\usart_serial.h(11): error:  #20: identifier "BOOL" is undefined
..\Protocol\drv\inc\usart_serial.h(12): error:  #20: identifier "BOOL" is undefined
..\Protocol\drv\inc\usart_serial.h(14): error:  #20: identifier "U16" is undefined
..\Protocol\drv\inc\usart_serial.h(15): error:  #20: identifier "U16" is undefined
..\Protocol\drv\inc\usart_serial.h(20): error:  #20: identifier "U32" is undefined
..\Protocol\drv\inc\usart_serial.h(21): error:  #20: identifier "U32" is undefined
..\Protocol\drv\inc\usart_serial.h(22): error:  #20: identifier "U32" is undefined
..\Protocol\drv\inc\usart_serial.h(23): error:  #20: identifier "U32" is undefined
..\Protocol\drv\inc\usart_serial.h(25): error:  #20: identifier "U8" is undefined
..\Protocol\drv\inc\usart_serial.h(32): error:  #20: identifier "VOID" is undefined
..\Protocol\drv\inc\usart_serial.h(32): error:  #20: identifier "U8" is undefined
..\Protocol\drv\inc\usart_serial.h(32): error:  #20: identifier "U16" is undefined
..\Protocol\drv\inc\usart_serial.h(33): error:  #20: identifier "VOID" is undefined
..\Protocol\drv\inc\usart_serial.h(33): error:  #20: identifier "U8" is undefined
..\Protocol\drv\inc\usart_serial.h(33): error:  #20: identifier "U16" is undefined
..\Protocol\drv\inc\usart_serial.h(34): error:  #20: identifier "VOID" is undefined
..\Protocol\drv\inc\usart_serial.h(34): error:  #20: identifier "U8" is undefined
..\Protocol\drv\inc\usart_serial.h(34): error:  #20: identifier "U16" is undefined
..\Protocol\drv\inc\usart_serial.h(35): error:  #20: identifier "VOID" is undefined
..\Protocol\drv\inc\usart_serial.h(35): error:  #20: identifier "U8" is undefined
compiling bsp_sst25vf064.c...
..\Protocol\Protocol\AppMain.h(4): error:  #20: identifier "VOID" is undefined
..\Protocol\Protocol\AppMain.h(4): error:  #92: identifier-list parameters may only be used in a function definition
..\Protocol\sys\kernel.h(13): error:  #20: identifier "BOOL" is undefined
..\Protocol\sys\kernel.h(19): error:  #20: identifier "VOID" is undefined
..\Protocol\sys\kernel.h(19): error:  #20: identifier "U32" is undefined
..\Protocol\drv\inc\Protocol.h(7): error:  #20: identifier "U8" is undefined
..\Protocol\drv\inc\Protocol.h(8): error:  #20: identifier "U16" is undefined
error type>(17): error:  #20: identifier "VOID" is undefined
..\Protocol\drv\inc\Protocol.h(18): error:  #20: identifier "BOOL" is undefined
error type>(19): error:  #20: identifier "BOOL" is undefined
..\Protocol\drv\inc\usart_serial.h(11): error:  #20: identifier "BOOL" is undefined
..\Protocol\drv\inc\usart_serial.h(12): error:  #20: identifier "BOOL" is undefined
..\Protocol\drv\inc\usart_serial.h(14): error:  #20: identifier "U16" is undefined
..\Protocol\drv\inc\usart_serial.h(15): error:  #20: identifier "U16" is undefined
..\Protocol\drv\inc\usart_serial.h(20): error:  #20: identifier "U32" is undefined
..\Protocol\drv\inc\usart_serial.h(21): error:  #20: identifier "U32" is undefined
..\Protocol\drv\inc\usart_serial.h(22): error:  #20: identifier "U32" is undefined
..\Protocol\drv\inc\usart_serial.h(23): error:  #20: identifier "U32" is undefined
..\Protocol\drv\inc\usart_serial.h(25): error:  #20: identifier "U8" is undefined
..\Protocol\drv\inc\usart_serial.h(32): error:  #20: identifier "VOID" is undefined
..\Protocol\drv\inc\usart_serial.h(32): error:  #20: identifier "U8" is undefined
..\Protocol\drv\inc\usart_serial.h(32): error:  #20: identifier "U16" is undefined
..\Protocol\drv\inc\usart_serial.h(33): error:  #20: identifier "VOID" is undefined
..\Protocol\drv\inc\usart_serial.h(33): error:  #20: identifier "U8" is undefined
..\Protocol\drv\inc\usart_serial.h(33): error:  #20: identifier "U16" is undefined
..\Protocol\drv\inc\usart_serial.h(34): error:  #20: identifier "VOID" is undefined
..\Protocol\drv\inc\usart_serial.h(34): error:  #20: identifier "U8" is undefined
..\Protocol\drv\inc\usart_serial.h(34): error:  #20: identifier "U16" is undefined
..\Protocol\drv\inc\usart_serial.h(35): error:  #20: identifier "VOID" is undefined
..\Protocol\drv\inc\usart_serial.h(35): error:  #20: identifier "U8" is undefined
compiling bsp_rtc.c...
..\Protocol\Protocol\AppMain.h(4): error:  #20: identifier "VOID" is undefined
..\Protocol\Protocol\AppMain.h(4): error:  #92: identifier-list parameters may only be used in a function definition
..\Protocol\sys\kernel.h(13): error:  #20: identifier "BOOL" is undefined
..\Protocol\sys\kernel.h(19): error:  #20: identifier "VOID" is undefined
..\Protocol\sys\kernel.h(19): error:  #20: identifier "U32" is undefined
..\Protocol\drv\inc\Protocol.h(7): error:  #20: identifier "U8" is undefined
..\Protocol\drv\inc\Protocol.h(8): error:  #20: identifier "U16" is undefined
error type>(17): error:  #20: identifier "VOID" is undefined
..\Protocol\drv\inc\Protocol.h(18): error:  #20: identifier "BOOL" is undefined
[...]
..\obj\emWin.axf: Error: L6406E: No space in execution regions with .ANY selector matching os_var.o(.data).
..\obj\emWin.axf: Error: L6406E: No space in execution regions with .ANY selector matching os_var.o(.data).
..\obj\emWin.axf: Error: L6406E: No space in execution regions with .ANY selector matching os_var.o(.data).
..\obj\emWin.axf: Error: L6406E: No space in execution regions with .ANY selector matching os_var.o(.data).
..\obj\emWin.axf: Error: L6406E: No space in execution regions with .ANY selector matching os_var.o(.data).
..\obj\emWin.axf: Error: L6406E: No space in execution regions with .ANY selector matching os_var.o(.data).
..\obj\emWin.axf: Error: L6406E: No space in execution regions with .ANY selector matching freqmeasurement.o(.data).
..\obj\emWin.axf: Error: L6406E: No space in execution regions with .ANY selector matching os_var.o(.data).
..\obj\emWin.axf: Error: L6406E: No space in execution regions with .ANY selector matching os_var.o(.data).
..\obj\emWin.axf: Error: L6406E: No space in execution regions with .ANY selector matching os_var.o(.data).
..\obj\emWin.axf: Error: L6406E: No space in execution regions with .ANY selector matching os_var.o(.data).
..\obj\emWin.axf: Error: L6406E: No space in execution regions with .ANY selector matching os_var.o(.data).
..\obj\emWin.axf: Error: L6406E: No space in execution regions with .ANY selector matching os_var.o(.data).
..\obj\emWin.axf: Error: L6406E: No space in execution regions with .ANY selector matching os_var.o(.data).
..\obj\emWin.axf: Error: L6406E: No space in execution regions with .ANY selector matching os_var.o(.data).
..\obj\emWin.axf: Error: L6406E: No space in execution regions with .ANY selector matching os_var.o(.data).
..\obj\emWin.axf: Error: L6406E: No space in execution regions with .ANY selector matching os_var.o(.data).
..\obj\emWin.axf: Error: L6407E: Sections of aggregate size 0x10e58 bytes could not fit into .ANY selector(s).
"..\obj\emWin.axf" - 75 Errors, 0 Warning(s).
Target not created
Build target 'Freq'
compiling AppMain.c...
compiling bsp_rtc.c...
..\App\BSP\bsp_rtc.c(30): warning:  #1166-D: returning pointer to local variable
..\App\BSP\bsp_rtc.c(53): warning:  #1166-D: returning pointer to local variable
..\App\BSP\bsp_rtc.c(243): warning:  #177-D: variable "timebuffer" was declared but never referenced
..\App\BSP\bsp_rtc.c(148): warning: C4017W: RTC_TimeStructure may be used before being set
assembling startup_stm32f40_41xxx.s...
linking...
..\obj\emWin.axf: Error: L6406E: No space in execution regions with .ANY selector matching os_cfg_app.o(.bss).
..\obj\emWin.axf: Error: L6406E: No space in execution regions with .ANY selector matching os_var.o(.bss).
..\obj\emWin.axf: Error: L6406E: No space in execution regions with .ANY selector matching os_var.o(.bss).
..\obj\emWin.axf: Error: L6406E: No space in execution regions with .ANY selector matching os_var.o(.bss).
..\obj\emWin.axf: Error: L6406E: No space in execution regions with .ANY selector matching appmain.o(.data).
..\obj\emWin.axf: Error: L6406E: No space in execution regions with .ANY selector matching os_cfg_app.o(.bss).
..\obj\emWin.axf: Error: L6406E: No space in execution regions with .ANY selector matching cpu_core.o(.bss).
..\obj\emWin.axf: Error: L6406E: No space in execution regions with .ANY selector matching os_var.o(.bss).
..\obj\emWin.axf: Error: L6406E: No space in execution regions with .ANY selector matching usart_serial.o(.data).
..\obj\emWin.axf: Error: L6406E: No space in execution regions with .ANY selector matching os_prio.o(.data).
..\obj\emWin.axf: Error: L6406E: No space in execution regions with .ANY selector matching bsp_rtc.o(.data).
..\obj\emWin.axf: Error: L6406E: No space in execution regions with .ANY selector matching cpu_core.o(.data).
..\obj\emWin.axf: Error: L6406E: No space in execution regions with .ANY selector matching os_cpu_c.o(.data).
..\obj\emWin.axf: Error: L6406E: No space in execution regions with .ANY selector matching os_var.o(.data).
..\obj\emWin.axf: Error: L6406E: No space in execution regions with .ANY selector matching os_var.o(.data).
..\obj\emWin.axf: Error: L6406E: No space in execution regions with .ANY selector matching os_var.o(.data).
..\obj\emWin.axf: Error: L6406E: No space in execution regions with .ANY selector matching os_var.o(.data).
..\obj\emWin.axf: Error: L6406E: No space in execution regions with .ANY selector matching os_var.o(.data).
..\obj\emWin.axf: Error: L6406E: No space in execution regions with .ANY selector matching os_var.o(.data).
..\obj\emWin.axf: Error: L6406E: No space in execution regions with .ANY selector matching os_var.o(.data).
..\obj\emWin.axf: Error: L6406E: No space in execution regions with .ANY selector matching os_var.o(.data).
..\obj\emWin.axf: Error: L6406E: No space in execution regions with .ANY selector matching os_var.o(.data).
..\obj\emWin.axf: Error: L6406E: No space in execution regions with .ANY selector matching os_var.o(.data).
..\obj\emWin.axf: Error: L6406E: No space in execution regions with .ANY selector matching os_var.o(.data).
..\obj\emWin.axf: Error: L6406E: No space in execution regions with .ANY selector matching os_var.o(.data).
..\obj\emWin.axf: Error: L6406E: No space in execution regions with .ANY selector matching os_var.o(.data).
..\obj\emWin.axf: Error: L6406E: No space in execution regions with .ANY selector matching os_var.o(.data).
..\obj\emWin.axf: Error: L6406E: No space in execution regions with .ANY selector matching os_var.o(.data).
..\obj\emWin.axf: Error: L6406E: No space in execution regions with .ANY selector matching os_var.o(.data).
..\obj\emWin.axf: Error: L6406E: No space in execution regions with .ANY selector matching os_var.o(.data).
..\obj\emWin.axf: Error: L6406E: No space in execution regions with .ANY selector matching os_var.o(.data).
..\obj\emWin.axf: Error: L6406E: No space in execution regions with .ANY selector matching os_var.o(.data).
..\obj\emWin.axf: Error: L6406E: No space in execution regions with .ANY selector matching os_var.o(.data).
..\obj\emWin.axf: Error: L6406E: No space in execution regions with .ANY selector matching os_var.o(.data).
..\obj\emWin.axf: Error: L6406E: No space in execution regions with .ANY selector matching os_var.o(.data).
..\obj\emWin.axf: Error: L6406E: No space in execution regions with .ANY selector matching os_var.o(.data).
..\obj\emWin.axf: Error: L6406E: No space in execution regions with .ANY selector matching os_var.o(.data).
..\obj\emWin.axf: Error: L6406E: No space in execution regions with .ANY selector matching lib_mem.o(.data).
..\obj\emWin.axf: Error: L6406E: No space in execution regions with .ANY selector matching stdout.o(.data).
..\obj\emWin.axf: Error: L6406E: No space in execution regions with .ANY selector matching mvars.o(.data).
..\obj\emWin.axf: Error: L6406E: No space in execution regions with .ANY selector matching mvars.o(.data).
..\obj\emWin.axf: Error: L6406E: No space in execution regions with .ANY selector matching errno.o(.data).
..\obj\emWin.axf: Error: L6406E: No space in execution regions with .ANY selector matching os_var.o(.data).
..\obj\emWin.axf: Error: L6406E: No space in execution regions with .ANY selector matching os_var.o(.data).
..\obj\emWin.axf: Error: L6406E: No space in execution regions with .ANY selector matching os_var.o(.data).
..\obj\emWin.axf: Error: L6406E: No space in execution regions with .ANY selector matching os_var.o(.data).
..\obj\emWin.axf: Error: L6406E: No space in execution regions with .ANY selector matching os_var.o(.data).
..\obj\emWin.axf: Error: L6406E: No space in execution regions with .ANY selector matching os_var.o(.data).
..\obj\emWin.axf: Error: L6406E: No space in execution regions with .ANY selector matching os_var.o(.data).
..\obj\emWin.axf: Error: L6406E: No space in execution regions with .ANY selector matching os_var.o(.data).
..\obj\emWin.axf: Error: L6406E: No space in execution regions with .ANY selector matching freqmeasurement.o(.data).
..\obj\emWin.axf: Error: L6406E: No space in execution regions with .ANY selector matching os_var.o(.data).
..\obj\emWin.axf: Error: L6406E: No space in execution regions with .ANY selector matching os_var.o(.data).
..\obj\emWin.axf: Error: L6406E: No space in execution regions with .ANY selector matching os_var.o(.data).
..\obj\emWin.axf: Error: L6406E: No space in execution regions with .ANY selector matching os_var.o(.data).
..\obj\emWin.axf: Error: L6406E: No space in execution regions with .ANY selector matching os_var.o(.data).
..\obj\emWin.axf: Error: L6406E: No space in execution regions with .ANY selector matching os_var.o(.data).
..\obj\emWin.axf: Error: L6406E: No space in execution regions with .ANY selector matching os_var.o(.data).
..\obj\emWin.axf: Error: L6406E: No space in execution regions with .ANY selector matching os_var.o(.data).
..\obj\emWin.axf: Error: L6406E: No space in execution regions with .ANY selector matching os_var.o(.data).
..\obj\emWin.axf: Error: L6406E: No space in execution regions with .ANY selector matching os_var.o(.data).
..\obj\emWin.axf: Error: L6407E: Sections of aggregate size 0x658 bytes could not fit into .ANY selector(s).
"..\obj\emWin.axf" - 62 Errors, 4 Warning(s).
Target not created
Build target 'Freq'
compiling AppMain.c...
compiling bsp_rtc.c...
..\App\BSP\bsp_rtc.c(30): warning:  #1166-D: returning pointer to local variable
..\App\BSP\bsp_rtc.c(53): warning:  #1166-D: returning pointer to local variable
..\App\BSP\bsp_rtc.c(243): warning:  #177-D: variable "timebuffer" was declared but never referenced
..\App\BSP\bsp_rtc.c(148): warning: C4017W: RTC_TimeStructure may be used before being set
linking...
Program Size: Code=45324 RO-data=1140 RW-data=412 ZI-data=130212  
FromELF: creating hex file...
"..\obj\emWin.axf" - 0 Errors, 4 Warning(s).
Build target 'Freq'
linking...
Program Size: Code=45324 RO-data=1140 RW-data=412 ZI-data=130212  
FromELF: creating hex file...
"..\obj\emWin.axf" - 0 Errors, 0 Warning(s).
Build target 'Freq'
linking...
Program Size: Code=45324 RO-data=1140 RW-data=412 ZI-data=130212  
FromELF: creating hex file...
"..\obj\emWin.axf" - 0 Errors, 0 Warning(s).
Load "..\\obj\\emWin.axf" 
Erase Done.
Programming Done.
Verify OK.
Application running ...
Build target 'Freq'
compiling bsp_rtc.c...
..\App\BSP\bsp_rtc.c(30): warning:  #1166-D: returning pointer to local variable
..\App\BSP\bsp_rtc.c(53): warning:  #1166-D: returning pointer to local variable
..\App\BSP\bsp_rtc.c(243): warning:  #177-D: variable "timebuffer" was declared but never referenced
..\App\BSP\bsp_rtc.c(148): warning: C4017W: RTC_TimeStructure may be used before being set
linking...
Program Size: Code=45324 RO-data=1140 RW-data=412 ZI-data=130212  
FromELF: creating hex file...
"..\obj\emWin.axf" - 0 Errors, 4 Warning(s).
Load "..\\obj\\emWin.axf" 
Erase Done.
Programming Done.
Verify OK.
Application running ...
Build target 'Freq'
compiling AppMain.c...
..\Protocol\AppMain.c(233): warning:  #167-D: argument of type "char *" is incompatible with parameter of type "unsigned char *"
..\Protocol\AppMain.c(215): warning:  #550-D: variable "f1" was set but never used
..\Protocol\AppMain.c(223): warning:  #550-D: variable "t1" was set but never used
linking...
Program Size: Code=45584 RO-data=1152 RW-data=412 ZI-data=130212  
FromELF: creating hex file...
"..\obj\emWin.axf" - 0 Errors, 3 Warning(s).
Load "..\\obj\\emWin.axf" 
Erase Done.
Programming Done.
Verify OK.
Application running ...
Build target 'Freq'
compiling app.c...
..\App\APP\app.c(111): warning:  #177-D: variable "buffer123" was declared but never referenced
compiling Rain.c...
..\App\APP\Rain.c(43): warning:  #177-D: variable "timebuffer" was declared but never referenced
compiling AppMain.c...
..\Protocol\AppMain.c(233): warning:  #167-D: argument of type "char *" is incompatible with parameter of type "unsigned char *"
..\Protocol\AppMain.c(215): warning:  #550-D: variable "f1" was set but never used
..\Protocol\AppMain.c(223): warning:  #550-D: variable "t1" was set but never used
compiling bsp_rtc.c...
..\App\BSP\bsp_rtc.c(29): warning:  #1166-D: returning pointer to local variable
..\App\BSP\bsp_rtc.c(52): warning:  #1166-D: returning pointer to local variable
..\App\BSP\bsp_rtc.c(147): warning: C4017W: RTC_TimeStructure may be used before being set
linking...
Program Size: Code=44496 RO-data=1152 RW-data=412 ZI-data=130212  
FromELF: creating hex file...
"..\obj\emWin.axf" - 0 Errors, 8 Warning(s).
Build target 'Freq'
linking...
Program Size: Code=44496 RO-data=1152 RW-data=412 ZI-data=130212  
FromELF: creating hex file...
"..\obj\emWin.axf" - 0 Errors, 0 Warning(s).
Build target 'Freq'
compiling app.c...
..\App\APP\app.c(100): warning:  #177-D: variable "buffer123" was declared but never referenced
compiling Rain.c...
..\App\APP\Rain.c(43): warning:  #177-D: variable "timebuffer" was declared but never referenced
linking...
Program Size: Code=44520 RO-data=1152 RW-data=412 ZI-data=130212  
FromELF: creating hex file...
"..\obj\emWin.axf" - 0 Errors, 2 Warning(s).
Build target 'Freq'
compiling app.c...
..\App\APP\app.c(100): warning:  #177-D: variable "buffer123" was declared but never referenced
linking...
Program Size: Code=44548 RO-data=1156 RW-data=412 ZI-data=130212  
FromELF: creating hex file...
"..\obj\emWin.axf" - 0 Errors, 1 Warning(s).
Build target 'Freq'
compiling app.c...
linking...
Program Size: Code=44548 RO-data=1156 RW-data=412 ZI-data=130212  
FromELF: creating hex file...
"..\obj\emWin.axf" - 0 Errors, 0 Warning(s).
Load "..\\obj\\emWin.axf" 
Erase Done.
Programming Done.
Verify OK.
Application running ...
Build target 'Freq'
compiling Rain.c...
linking...
Program Size: Code=44548 RO-data=1156 RW-data=412 ZI-data=130212  
FromELF: creating hex file...
"..\obj\emWin.axf" - 0 Errors, 0 Warning(s).
Build target 'Freq'
compiling app.c...
linking...
Program Size: Code=44520 RO-data=1152 RW-data=412 ZI-data=130212  
FromELF: creating hex file...
"..\obj\emWin.axf" - 0 Errors, 0 Warning(s).
Load "..\\obj\\emWin.axf" 
Erase Done.
Programming Done.
Verify OK.
Application running ...
Load "..\\obj\\emWin.axf" 
Erase Done.
Programming Done.
Verify OK.
Application running ...
Build target 'Freq'
compiling bsp.c...
compiling main.c...
compiling app.c...
compiling FreqMeasurement.c...
compiling Rain.c...
compiling Temperature.c...
compiling Tools.c...
compiling kernel.c...
compiling Protocol.c...
compiling usart_serial.c...
compiling AppMain.c...
..\Protocol\AppMain.c(233): warning:  #167-D: argument of type "char *" is incompatible with parameter of type "unsigned char *"
..\Protocol\AppMain.c(215): warning:  #550-D: variable "f1" was set but never used
..\Protocol\AppMain.c(223): warning:  #550-D: variable "t1" was set but never used
compiling bsp_init.c...
..\App\BSP\bsp_init.c(6): warning: C4017W: HSEStartUpStatus may be used before being set
compiling bsp_sst25vf064.c...
compiling bsp_rtc.c...
..\App\BSP\bsp_rtc.c(29): warning:  #1166-D: returning pointer to local variable
..\App\BSP\bsp_rtc.c(52): warning:  #1166-D: returning pointer to local variable
..\App\BSP\bsp_rtc.c(147): warning: C4017W: RTC_TimeStructure may be used before being set
compiling bsp_io_control.c...
compiling bsp_adc.c...
compiling bsp_flash.c...
..\App\BSP\bsp_flash.c(44): warning:  #940-D: missing return statement at end of non-void function "MCUFlashErase"
..\App\BSP\bsp_flash.c(54): warning:  #940-D: missing return statement at end of non-void function "MCUFlashWrite"
..\App\BSP\bsp_flash.c(75): warning:  #1166-D: returning pointer to local variable
compiling stm32f4xx_it.c...
linking...
Program Size: Code=44520 RO-data=1152 RW-data=412 ZI-data=130212  
FromELF: creating hex file...
"..\obj\emWin.axf" - 0 Errors, 10 Warning(s).
Build target 'Freq'
compiling bsp_flash.c...
..\App\BSP\bsp_flash.c(83): warning:  #1166-D: returning pointer to local variable
linking...
Program Size: Code=44520 RO-data=1152 RW-data=412 ZI-data=130212  
FromELF: creating hex file...
"..\obj\emWin.axf" - 0 Errors, 1 Warning(s).
Build target 'Freq'
compiling FreqMeasurement.c...
..\App\APP\FreqMeasurement.c(1): error:  #13: expected a file name
"..\obj\emWin.axf" - 1 Errors, 0 Warning(s).
Target not created
Build target 'Freq'
compiling FreqMeasurement.c...
..\App\APP\FreqMeasurement.c(219): warning:  #223-D: function "OutPutFreqSet" declared implicitly
..\App\APP\FreqMeasurement.c(233): error:  #20: identifier "OS_ERR" is undefined
..\App\APP\FreqMeasurement.c(234): warning:  #223-D: function "SW_VW" declared implicitly
..\App\APP\FreqMeasurement.c(237): warning:  #223-D: function "SW_VW_TRCN" declared implicitly
..\App\APP\FreqMeasurement.c(245): warning:  #223-D: function "OSTimeDlyHMSM" declared implicitly
..\App\APP\FreqMeasurement.c(245): error:  #20: identifier "OS_OPT_TIME_DLY" is undefined
..\App\APP\FreqMeasurement.c(247): warning:  #223-D: function "OSTimeDlyHMSM" declared implicitly
..\App\APP\FreqMeasurement.c(247): error:  #20: identifier "OS_OPT_TIME_DLY" is undefined
..\App\APP\FreqMeasurement.c(251): warning:  #223-D: function "OSTimeDlyHMSM" declared implicitly
..\App\APP\FreqMeasurement.c(251): error:  #20: identifier "OS_OPT_TIME_DLY" is undefined
..\App\APP\FreqMeasurement.c(252): warning:  #223-D: function "Measure" declared implicitly
..\App\APP\FreqMeasurement.c(255): error:  #159: declaration is incompatible with previous "Measure" (declared at line 252)
..\App\APP\FreqMeasurement.c(257): error:  #20: identifier "OS_ERR" is undefined
..\App\APP\FreqMeasurement.c(259): error:  #20: identifier "OnFreq" is undefined
..\App\APP\FreqMeasurement.c(261): error:  #20: identifier "measureflag" is undefined
..\App\APP\FreqMeasurement.c(263): warning:  #223-D: function "OSTimeDlyHMSM" declared implicitly
..\App\APP\FreqMeasurement.c(263): error:  #20: identifier "OS_OPT_TIME_DLY" is undefined
..\App\APP\FreqMeasurement.c(275): error:  #159: declaration is incompatible with previous "OutPutFreqSet" (declared at line 219)
"..\obj\emWin.axf" - 10 Errors, 8 Warning(s).
Target not created
Build target 'Freq'
compiling FreqMeasurement.c...
..\App\APP\FreqMeasurement.c(220): warning:  #223-D: function "OutPutFreqSet" declared implicitly
..\App\APP\FreqMeasurement.c(234): error:  #20: identifier "OS_ERR" is undefined
..\App\APP\FreqMeasurement.c(246): warning:  #223-D: function "OSTimeDlyHMSM" declared implicitly
..\App\APP\FreqMeasurement.c(246): error:  #20: identifier "OS_OPT_TIME_DLY" is undefined
..\App\APP\FreqMeasurement.c(248): warning:  #223-D: function "OSTimeDlyHMSM" declared implicitly
..\App\APP\FreqMeasurement.c(248): error:  #20: identifier "OS_OPT_TIME_DLY" is undefined
..\App\APP\FreqMeasurement.c(252): warning:  #223-D: function "OSTimeDlyHMSM" declared implicitly
..\App\APP\FreqMeasurement.c(252): error:  #20: identifier "OS_OPT_TIME_DLY" is undefined
..\App\APP\FreqMeasurement.c(253): warning:  #223-D: function "Measure" declared implicitly
..\App\APP\FreqMeasurement.c(256): error:  #159: declaration is incompatible with previous "Measure" (declared at line 253)
..\App\APP\FreqMeasurement.c(258): error:  #20: identifier "OS_ERR" is undefined
..\App\APP\FreqMeasurement.c(260): error:  #20: identifier "OnFreq" is undefined
..\App\APP\FreqMeasurement.c(262): error:  #20: identifier "measureflag" is undefined
..\App\APP\FreqMeasurement.c(264): warning:  #223-D: function "OSTimeDlyHMSM" declared implicitly
..\App\APP\FreqMeasurement.c(264): error:  #20: identifier "OS_OPT_TIME_DLY" is undefined
..\App\APP\FreqMeasurement.c(276): error:  #159: declaration is incompatible with previous "OutPutFreqSet" (declared at line 220)
"..\obj\emWin.axf" - 10 Errors, 6 Warning(s).
Target not created
Build target 'Freq'
compiling FreqMeasurement.c...
linking...
Program Size: Code=44520 RO-data=1152 RW-data=412 ZI-data=130212  
FromELF: creating hex file...
"..\obj\emWin.axf" - 0 Errors, 0 Warning(s).
