<html>
<body>
<pre>
<h1>µVision Build Log</h1>
<h2>Project:</h2>
E:\PROJECT\RAIN\PRO\emWin.uvproj
Project File Date:  12/30/2015

<h2>Output:</h2>
Build target 'SCT'
compiling app.c...
linking...
Program Size: Code=46972 RO-data=1460 RW-data=428 ZI-data=125092  
FromELF: creating hex file...
"..\obj\SCT.axf" - 0 Errors, 0 Warning(s).
Load "..\\obj\\SCT.axf" 
Erase Done.
Programming Done.
Verify OK.
Application running ...
Build target 'SCT'
compiling app.c...
linking...
Program Size: Code=46984 RO-data=1456 RW-data=428 ZI-data=125092  
FromELF: creating hex file...
"..\obj\SCT.axf" - 0 Errors, 0 Warning(s).
Load "..\\obj\\SCT.axf" 
Erase Done.
Programming Done.
Verify OK.
Application running ...
Build target 'SCT'
compiling bsp_rtc.c...
..\App\BSP\bsp_rtc.c(29): warning:  #1166-D: returning pointer to local variable
..\App\BSP\bsp_rtc.c(52): warning:  #1166-D: returning pointer to local variable
..\App\BSP\bsp_rtc.c(151): warning: C4017W: RTC_TimeStructure may be used before being set
linking...
Program Size: Code=47024 RO-data=1456 RW-data=428 ZI-data=125092  
FromELF: creating hex file...
"..\obj\SCT.axf" - 0 Errors, 3 Warning(s).
Load "..\\obj\\SCT.axf" 
Erase Done.
Programming Done.
Verify OK.
Application running ...
Build target 'SCT'
compiling Tools.c...
..\App\APP\Tools.c(30): warning:  #1166-D: returning pointer to local variable
linking...
Program Size: Code=47024 RO-data=1456 RW-data=428 ZI-data=125092  
FromELF: creating hex file...
"..\obj\SCT.axf" - 0 Errors, 1 Warning(s).
Build target 'SCT'
linking...
Program Size: Code=47024 RO-data=1456 RW-data=428 ZI-data=125092  
FromELF: creating hex file...
"..\obj\SCT.axf" - 0 Errors, 0 Warning(s).
Load "..\\obj\\SCT.axf" 
Erase Done.
Programming Done.
Verify OK.
Application running ...
Build target 'SCT'
compiling bsp_rtc.c...
..\App\BSP\bsp_rtc.c(29): warning:  #1166-D: returning pointer to local variable
..\App\BSP\bsp_rtc.c(52): warning:  #1166-D: returning pointer to local variable
..\App\BSP\bsp_rtc.c(151): warning: C4017W: RTC_TimeStructure may be used before being set
linking...
Program Size: Code=47024 RO-data=1456 RW-data=428 ZI-data=125092  
FromELF: creating hex file...
"..\obj\SCT.axf" - 0 Errors, 3 Warning(s).
Build target 'SCT'
linking...
Program Size: Code=47024 RO-data=1456 RW-data=428 ZI-data=125092  
FromELF: creating hex file...
"..\obj\SCT.axf" - 0 Errors, 0 Warning(s).
Build target 'SCT'
compiling bsp_rtc.c...
..\App\BSP\bsp_rtc.c(29): warning:  #1166-D: returning pointer to local variable
..\App\BSP\bsp_rtc.c(52): warning:  #1166-D: returning pointer to local variable
..\App\BSP\bsp_rtc.c(151): warning: C4017W: RTC_TimeStructure may be used before being set
linking...
Program Size: Code=47024 RO-data=1456 RW-data=428 ZI-data=125092  
FromELF: creating hex file...
"..\obj\SCT.axf" - 0 Errors, 3 Warning(s).
Load "..\\obj\\SCT.axf" 
Erase Done.
Programming Done.
Verify OK.
Application running ...
Build target 'SCT'
compiling app.c...
linking...
Program Size: Code=47096 RO-data=1456 RW-data=428 ZI-data=125092  
FromELF: creating hex file...
"..\obj\SCT.axf" - 0 Errors, 0 Warning(s).
Build target 'SCT'
linking...
Program Size: Code=47096 RO-data=1456 RW-data=428 ZI-data=125092  
FromELF: creating hex file...
"..\obj\SCT.axf" - 0 Errors, 0 Warning(s).
Load "..\\obj\\SCT.axf" 
Erase Done.
Programming Done.
Verify OK.
Application running ...
Build target 'SCT'
compiling app.c...
compiling Tools.c...
..\App\APP\Tools.c(30): warning:  #1166-D: returning pointer to local variable
linking...
Program Size: Code=47100 RO-data=1460 RW-data=428 ZI-data=125092  
FromELF: creating hex file...
"..\obj\SCT.axf" - 0 Errors, 1 Warning(s).
Build target 'SCT'
linking...
Program Size: Code=47100 RO-data=1460 RW-data=428 ZI-data=125092  
FromELF: creating hex file...
"..\obj\SCT.axf" - 0 Errors, 0 Warning(s).
Load "..\\obj\\SCT.axf" 
Erase Done.
Programming Done.
Verify OK.
Application running ...
Build target 'SCT'
compiling app.c...
..\App\APP\app.c(104): warning:  #167-D: argument of type "char *" is incompatible with parameter of type "unsigned char *"
..\App\APP\app.c(106): warning:  #167-D: argument of type "char *" is incompatible with parameter of type "unsigned char *"
..\App\APP\app.c(108): warning:  #167-D: argument of type "char *" is incompatible with parameter of type "unsigned char *"
..\App\APP\app.c(110): warning:  #167-D: argument of type "char *" is incompatible with parameter of type "unsigned char *"
linking...
Program Size: Code=47096 RO-data=1456 RW-data=428 ZI-data=125092  
FromELF: creating hex file...
"..\obj\SCT.axf" - 0 Errors, 4 Warning(s).
Load "..\\obj\\SCT.axf" 
Erase Done.
Programming Done.
Verify OK.
Application running ...
Build target 'SCT'
compiling app.c...
..\App\APP\app.c(104): warning:  #167-D: argument of type "char *" is incompatible with parameter of type "unsigned char *"
..\App\APP\app.c(106): warning:  #167-D: argument of type "char *" is incompatible with parameter of type "unsigned char *"
..\App\APP\app.c(108): warning:  #167-D: argument of type "char *" is incompatible with parameter of type "unsigned char *"
..\App\APP\app.c(110): warning:  #167-D: argument of type "char *" is incompatible with parameter of type "unsigned char *"
linking...
Program Size: Code=47096 RO-data=1456 RW-data=428 ZI-data=125092  
FromELF: creating hex file...
"..\obj\SCT.axf" - 0 Errors, 4 Warning(s).
Load "..\\obj\\SCT.axf" 
Erase Done.
Programming Done.
Verify OK.
Application running ...
Build target 'SCT'
compiling app.c...
compiling bsp_rtc.c...
..\App\BSP\bsp_rtc.c(31): warning:  #167-D: argument of type "char *" is incompatible with parameter of type "unsigned char *"
..\App\BSP\bsp_rtc.c(32): warning:  #167-D: argument of type "char *" is incompatible with parameter of type "unsigned char *"
..\App\BSP\bsp_rtc.c(33): warning:  #167-D: argument of type "char *" is incompatible with parameter of type "unsigned char *"
..\App\BSP\bsp_rtc.c(34): error:  #136: struct "<unnamed>" has no field "RTC_Hours"
..\App\BSP\bsp_rtc.c(34): warning:  #167-D: argument of type "char *" is incompatible with parameter of type "unsigned char *"
..\App\BSP\bsp_rtc.c(35): error:  #136: struct "<unnamed>" has no field "RTC_Minutes"
..\App\BSP\bsp_rtc.c(35): warning:  #167-D: argument of type "char *" is incompatible with parameter of type "unsigned char *"
..\App\BSP\bsp_rtc.c(36): error:  #136: struct "<unnamed>" has no field "RTC_Seconds"
..\App\BSP\bsp_rtc.c(36): warning:  #167-D: argument of type "char *" is incompatible with parameter of type "unsigned char *"
..\App\BSP\bsp_rtc.c(40): warning:  #1166-D: returning pointer to local variable
..\App\BSP\bsp_rtc.c(63): warning:  #1166-D: returning pointer to local variable
"..\obj\SCT.axf" - 3 Errors, 8 Warning(s).
Target not created
Build target 'SCT'
compiling bsp_rtc.c...
..\App\BSP\bsp_rtc.c(31): warning:  #167-D: argument of type "char *" is incompatible with parameter of type "unsigned char *"
..\App\BSP\bsp_rtc.c(32): warning:  #167-D: argument of type "char *" is incompatible with parameter of type "unsigned char *"
..\App\BSP\bsp_rtc.c(33): warning:  #167-D: argument of type "char *" is incompatible with parameter of type "unsigned char *"
..\App\BSP\bsp_rtc.c(34): warning:  #167-D: argument of type "char *" is incompatible with parameter of type "unsigned char *"
..\App\BSP\bsp_rtc.c(35): warning:  #167-D: argument of type "char *" is incompatible with parameter of type "unsigned char *"
..\App\BSP\bsp_rtc.c(36): warning:  #167-D: argument of type "char *" is incompatible with parameter of type "unsigned char *"
..\App\BSP\bsp_rtc.c(40): warning:  #1166-D: returning pointer to local variable
..\App\BSP\bsp_rtc.c(63): warning:  #1166-D: returning pointer to local variable
..\App\BSP\bsp_rtc.c(162): warning: C4017W: RTC_TimeStructure may be used before being set
linking...
Program Size: Code=47044 RO-data=1460 RW-data=428 ZI-data=125092  
FromELF: creating hex file...
"..\obj\SCT.axf" - 0 Errors, 9 Warning(s).
Build target 'SCT'
linking...
Program Size: Code=47044 RO-data=1460 RW-data=428 ZI-data=125092  
FromELF: creating hex file...
"..\obj\SCT.axf" - 0 Errors, 0 Warning(s).
Load "..\\obj\\SCT.axf" 
Erase Done.
Programming Done.
Verify OK.
Application running ...
Build target 'SCT'
compiling bsp_rtc.c...
..\App\BSP\bsp_rtc.c(31): warning:  #167-D: argument of type "char *" is incompatible with parameter of type "unsigned char *"
..\App\BSP\bsp_rtc.c(32): warning:  #167-D: argument of type "char *" is incompatible with parameter of type "unsigned char *"
..\App\BSP\bsp_rtc.c(33): warning:  #167-D: argument of type "char *" is incompatible with parameter of type "unsigned char *"
..\App\BSP\bsp_rtc.c(34): warning:  #167-D: argument of type "char *" is incompatible with parameter of type "unsigned char *"
..\App\BSP\bsp_rtc.c(35): warning:  #167-D: argument of type "char *" is incompatible with parameter of type "unsigned char *"
..\App\BSP\bsp_rtc.c(36): warning:  #167-D: argument of type "char *" is incompatible with parameter of type "unsigned char *"
..\App\BSP\bsp_rtc.c(40): warning:  #1166-D: returning pointer to local variable
..\App\BSP\bsp_rtc.c(65): warning:  #167-D: argument of type "char *" is incompatible with parameter of type "unsigned char *"
..\App\BSP\bsp_rtc.c(66): warning:  #167-D: argument of type "char *" is incompatible with parameter of type "unsigned char *"
..\App\BSP\bsp_rtc.c(67): warning:  #167-D: argument of type "char *" is incompatible with parameter of type "unsigned char *"
..\App\BSP\bsp_rtc.c(68): warning:  #167-D: argument of type "char *" is incompatible with parameter of type "unsigned char *"
..\App\BSP\bsp_rtc.c(69): warning:  #167-D: argument of type "char *" is incompatible with parameter of type "unsigned char *"
..\App\BSP\bsp_rtc.c(70): warning:  #167-D: argument of type "char *" is incompatible with parameter of type "unsigned char *"
..\App\BSP\bsp_rtc.c(74): warning:  #1166-D: returning pointer to local variable
..\App\BSP\bsp_rtc.c(173): warning: C4017W: RTC_TimeStructure may be used before being set
linking...
Program Size: Code=47104 RO-data=1456 RW-data=428 ZI-data=125092  
FromELF: creating hex file...
"..\obj\SCT.axf" - 0 Errors, 15 Warning(s).
Build target 'SCT'
compiling bsp.c...
compiling main.c...
compiling app.c...
compiling FreqMeasurement.c...
compiling Rain.c...
compiling Temperature.c...
compiling Tools.c...
compiling kernel.c...
compiling Protocol.c...
compiling usart_serial.c...
compiling AppMain.c...
..\Protocol\AppMain.c(191): warning:  #167-D: argument of type "U8 *" is incompatible with parameter of type "char *"
..\Protocol\AppMain.c(281): warning:  #167-D: argument of type "char *" is incompatible with parameter of type "U8 *"
..\Protocol\AppMain.c(228): warning:  #550-D: variable "f1" was set but never used
..\Protocol\AppMain.c(236): warning:  #550-D: variable "t1" was set but never used
..\Protocol\AppMain.c(332): warning:  #167-D: argument of type "U8 *" is incompatible with parameter of type "char *"
..\Protocol\AppMain.c(509): warning:  #167-D: argument of type "U8 *" is incompatible with parameter of type "char *"
compiling bsp_init.c...
..\App\BSP\bsp_init.c(6): warning: C4017W: HSEStartUpStatus may be used before being set
compiling bsp_sst25vf064.c...
compiling bsp_rtc.c...
..\App\BSP\bsp_rtc.c(31): warning:  #167-D: argument of type "char *" is incompatible with parameter of type "unsigned char *"
..\App\BSP\bsp_rtc.c(32): warning:  #167-D: argument of type "char *" is incompatible with parameter of type "unsigned char *"
..\App\BSP\bsp_rtc.c(33): warning:  #167-D: argument of type "char *" is incompatible with parameter of type "unsigned char *"
..\App\BSP\bsp_rtc.c(34): warning:  #167-D: argument of type "char *" is incompatible with parameter of type "unsigned char *"
..\App\BSP\bsp_rtc.c(35): warning:  #167-D: argument of type "char *" is incompatible with parameter of type "unsigned char *"
..\App\BSP\bsp_rtc.c(36): warning:  #167-D: argument of type "char *" is incompatible with parameter of type "unsigned char *"
..\App\BSP\bsp_rtc.c(40): warning:  #1166-D: returning pointer to local variable
..\App\BSP\bsp_rtc.c(65): warning:  #167-D: argument of type "char *" is incompatible with parameter of type "unsigned char *"
..\App\BSP\bsp_rtc.c(66): warning:  #167-D: argument of type "char *" is incompatible with parameter of type "unsigned char *"
..\App\BSP\bsp_rtc.c(67): warning:  #167-D: argument of type "char *" is incompatible with parameter of type "unsigned char *"
..\App\BSP\bsp_rtc.c(68): warning:  #167-D: argument of type "char *" is incompatible with parameter of type "unsigned char *"
..\App\BSP\bsp_rtc.c(69): warning:  #167-D: argument of type "char *" is incompatible with parameter of type "unsigned char *"
..\App\BSP\bsp_rtc.c(70): warning:  #167-D: argument of type "char *" is incompatible with parameter of type "unsigned char *"
..\App\BSP\bsp_rtc.c(74): warning:  #1166-D: returning pointer to local variable
..\App\BSP\bsp_rtc.c(173): warning: C4017W: RTC_TimeStructure may be used before being set
compiling bsp_io_control.c...
compiling bsp_adc.c...
compiling bsp_flash.c...
..\App\BSP\bsp_flash.c(85): warning:  #1166-D: returning pointer to local variable
compiling stm32f4xx_it.c...
linking...
Program Size: Code=47064 RO-data=1456 RW-data=428 ZI-data=125092  
FromELF: creating hex file...
"..\obj\SCT.axf" - 0 Errors, 23 Warning(s).
Rebuild target 'SCT'
compiling bsp.c...
compiling main.c...
compiling os_app_hooks.c...
compiling app.c...
compiling FreqMeasurement.c...
compiling Rain.c...
compiling Temperature.c...
compiling Tools.c...
compiling kernel.c...
compiling Protocol.c...
compiling usart_serial.c...
compiling AppMain.c...
..\Protocol\AppMain.c(191): warning:  #167-D: argument of type "U8 *" is incompatible with parameter of type "char *"
..\Protocol\AppMain.c(281): warning:  #167-D: argument of type "char *" is incompatible with parameter of type "U8 *"
..\Protocol\AppMain.c(228): warning:  #550-D: variable "f1" was set but never used
..\Protocol\AppMain.c(236): warning:  #550-D: variable "t1" was set but never used
..\Protocol\AppMain.c(332): warning:  #167-D: argument of type "U8 *" is incompatible with parameter of type "char *"
..\Protocol\AppMain.c(509): warning:  #167-D: argument of type "U8 *" is incompatible with parameter of type "char *"
compiling bsp_init.c...
..\App\BSP\bsp_init.c(69): warning:  #167-D: argument of type "unsigned char *" is incompatible with parameter of type "char *"
..\App\BSP\bsp_init.c(6): warning: C4017W: HSEStartUpStatus may be used before being set
compiling bsp_usart.c...
compiling bsp_sst25vf064.c...
compiling bsp_rtc.c...
..\App\BSP\bsp_rtc.c(40): warning:  #1166-D: returning pointer to local variable
..\App\BSP\bsp_rtc.c(74): warning:  #1166-D: returning pointer to local variable
..\App\BSP\bsp_rtc.c(173): warning: C4017W: RTC_TimeStructure may be used before being set
compiling bsp_io_control.c...
compiling bsp_adc.c...
compiling bsp_flash.c...
..\App\BSP\bsp_flash.c(85): warning:  #1166-D: returning pointer to local variable
compiling stm32f4xx_it.c...
compiling misc.c...
compiling stm32f4xx_crc.c...
compiling stm32f4xx_exti.c...
compiling stm32f4xx_gpio.c...
compiling stm32f4xx_rcc.c...
compiling stm32f4xx_syscfg.c...
compiling stm32f4xx_usart.c...
compiling stm32f4xx_tim.c...
compiling stm32f4xx_spi.c...
compiling stm32f4xx_rtc.c...
compiling stm32f4xx_pwr.c...
compiling stm32f4xx_wwdg.c...
compiling stm32f4xx_iwdg.c...
compiling stm32f4xx_adc.c...
compiling stm32f4xx_flash.c...
compiling system_stm32f4xx.c...
assembling startup_stm32f40_41xxx.s...
assembling cpu_a.asm...
compiling cpu_c.c...
compiling cpu_core.c...
assembling os_cpu_a.asm...
compiling os_cpu_c.c...
compiling os_cfg_app.c...
compiling os_core.c...
compiling os_dbg.c...
compiling os_flag.c...
compiling os_int.c...
compiling os_mem.c...
compiling os_msg.c...
compiling os_mutex.c...
compiling os_pend_multi.c...
compiling os_prio.c...
compiling os_q.c...
compiling os_sem.c...
compiling os_stat.c...
compiling os_task.c...
compiling os_tick.c...
compiling os_time.c...
compiling os_tmr.c...
compiling os_var.c...
compiling lib_ascii.c...
compiling lib_math.c...
compiling lib_mem.c...
assembling lib_mem_a.asm...
compiling lib_str.c...
..\uCOSIII\uC-LIB\lib_str.c(3497): warning: C4017W: nbr_neg_fmtd may be used before being set
..\uCOSIII\uC-LIB\lib_str.c(3494): warning: C4017W: lead_char_0 may be used before being set
..\uCOSIII\uC-LIB\lib_str.c(3483): warning: C4017W: nbr_fmt may be used before being set
linking...
Program Size: Code=47064 RO-data=1456 RW-data=428 ZI-data=125092  
FromELF: creating hex file...
"..\obj\SCT.axf" - 0 Errors, 15 Warning(s).
Build target 'SCT'
linking...
Program Size: Code=47064 RO-data=1456 RW-data=428 ZI-data=125092  
FromELF: creating hex file...
"..\obj\SCT.axf" - 0 Errors, 0 Warning(s).
Load "..\\obj\\SCT.axf" 
Erase Done.
Programming Done.
Verify OK.
Application running ...
Build target 'SCT'
compiling app.c...
compiling bsp_rtc.c...
..\App\BSP\bsp_rtc.c(40): warning:  #1166-D: returning pointer to local variable
..\App\BSP\bsp_rtc.c(75): warning:  #1166-D: returning pointer to local variable
..\App\BSP\bsp_rtc.c(174): warning: C4017W: RTC_TimeStructure may be used before being set
linking...
Program Size: Code=47064 RO-data=1456 RW-data=428 ZI-data=125092  
FromELF: creating hex file...
"..\obj\SCT.axf" - 0 Errors, 3 Warning(s).
Build target 'SCT'
linking...
Program Size: Code=47064 RO-data=1456 RW-data=428 ZI-data=125092  
FromELF: creating hex file...
"..\obj\SCT.axf" - 0 Errors, 0 Warning(s).
Load "..\\obj\\SCT.axf" 
Erase Done.
Programming Done.
Verify OK.
Application running ...
Build target 'SCT'
compiling bsp_rtc.c...
..\App\BSP\bsp_rtc.c(40): warning:  #1166-D: returning pointer to local variable
..\App\BSP\bsp_rtc.c(77): warning:  #1166-D: returning pointer to local variable
..\App\BSP\bsp_rtc.c(176): warning: C4017W: RTC_TimeStructure may be used before being set
linking...
Program Size: Code=47080 RO-data=1456 RW-data=428 ZI-data=125092  
FromELF: creating hex file...
"..\obj\SCT.axf" - 0 Errors, 3 Warning(s).
Build target 'SCT'
linking...
Program Size: Code=47080 RO-data=1456 RW-data=428 ZI-data=125092  
FromELF: creating hex file...
"..\obj\SCT.axf" - 0 Errors, 0 Warning(s).
Load "..\\obj\\SCT.axf" 
Erase Done.
Programming Done.
Verify OK.
Application running ...
Build target 'SCT'
compiling app.c...
linking...
Program Size: Code=47088 RO-data=1456 RW-data=428 ZI-data=125092  
FromELF: creating hex file...
"..\obj\SCT.axf" - 0 Errors, 0 Warning(s).
Load "..\\obj\\SCT.axf" 
Erase Done.
Programming Done.
Verify OK.
Application running ...
Build target 'SCT'
compiling app.c...
linking...
Program Size: Code=47092 RO-data=1460 RW-data=428 ZI-data=125092  
FromELF: creating hex file...
"..\obj\SCT.axf" - 0 Errors, 0 Warning(s).
Load "..\\obj\\SCT.axf" 
Erase Done.
Programming Done.
Verify OK.
Application running ...
Build target 'SCT'
compiling app.c...
linking...
Program Size: Code=47092 RO-data=1460 RW-data=428 ZI-data=125092  
FromELF: creating hex file...
"..\obj\SCT.axf" - 0 Errors, 0 Warning(s).
Build target 'SCT'
linking...
Program Size: Code=47092 RO-data=1460 RW-data=428 ZI-data=125092  
FromELF: creating hex file...
"..\obj\SCT.axf" - 0 Errors, 0 Warning(s).
Load "..\\obj\\SCT.axf" 
Erase Done.
Programming Done.
Verify OK.
Application running ...
Build target 'SCT'
compiling app.c...
linking...
Program Size: Code=47084 RO-data=1460 RW-data=428 ZI-data=125092  
FromELF: creating hex file...
"..\obj\SCT.axf" - 0 Errors, 0 Warning(s).
Build target 'SCT'
linking...
Program Size: Code=47084 RO-data=1460 RW-data=428 ZI-data=125092  
FromELF: creating hex file...
"..\obj\SCT.axf" - 0 Errors, 0 Warning(s).
Load "..\\obj\\SCT.axf" 
Erase Done.
Programming Done.
Verify OK.
Application running ...
Build target 'SCT'
compiling app.c...
linking...
Program Size: Code=47092 RO-data=1460 RW-data=428 ZI-data=125092  
FromELF: creating hex file...
"..\obj\SCT.axf" - 0 Errors, 0 Warning(s).
Load "..\\obj\\SCT.axf" 
Erase Done.
Programming Done.
Verify OK.
Application running ...
Build target 'SCT'
compiling app.c...
compiling bsp_rtc.c...
..\App\BSP\bsp_rtc.c(40): warning:  #1166-D: returning pointer to local variable
..\App\BSP\bsp_rtc.c(77): warning:  #1166-D: returning pointer to local variable
..\App\BSP\bsp_rtc.c(176): warning: C4017W: RTC_TimeStructure may be used before being set
linking...
Program Size: Code=47112 RO-data=1456 RW-data=428 ZI-data=125092  
FromELF: creating hex file...
"..\obj\SCT.axf" - 0 Errors, 3 Warning(s).
Load "..\\obj\\SCT.axf" 
Erase Done.
Programming Done.
Verify OK.
Application running ...
Build target 'SCT'
compiling bsp_rtc.c...
..\App\BSP\bsp_rtc.c(40): warning:  #1166-D: returning pointer to local variable
..\App\BSP\bsp_rtc.c(77): warning:  #1166-D: returning pointer to local variable
..\App\BSP\bsp_rtc.c(176): warning: C4017W: RTC_TimeStructure may be used before being set
linking...
Program Size: Code=47112 RO-data=1456 RW-data=428 ZI-data=125092  
FromELF: creating hex file...
"..\obj\SCT.axf" - 0 Errors, 3 Warning(s).
Load "..\\obj\\SCT.axf" 
Erase Done.
Programming Done.
Verify OK.
Application running ...
Build target 'SCT'
compiling bsp_rtc.c...
..\App\BSP\bsp_rtc.c(40): warning:  #1166-D: returning pointer to local variable
..\App\BSP\bsp_rtc.c(77): warning:  #1166-D: returning pointer to local variable
..\App\BSP\bsp_rtc.c(176): warning: C4017W: RTC_TimeStructure may be used before being set
linking...
Program Size: Code=47116 RO-data=1460 RW-data=428 ZI-data=125092  
FromELF: creating hex file...
"..\obj\SCT.axf" - 0 Errors, 3 Warning(s).
Build target 'SCT'
linking...
Program Size: Code=47116 RO-data=1460 RW-data=428 ZI-data=125092  
FromELF: creating hex file...
"..\obj\SCT.axf" - 0 Errors, 0 Warning(s).
Load "..\\obj\\SCT.axf" 
Erase Done.
Programming Done.
Verify OK.
Application running ...
Build target 'SCT'
compiling bsp_rtc.c...
..\App\BSP\bsp_rtc.c(40): warning:  #1166-D: returning pointer to local variable
..\App\BSP\bsp_rtc.c(77): warning:  #1166-D: returning pointer to local variable
..\App\BSP\bsp_rtc.c(176): warning: C4017W: RTC_TimeStructure may be used before being set
linking...
Program Size: Code=47112 RO-data=1456 RW-data=428 ZI-data=125092  
FromELF: creating hex file...
"..\obj\SCT.axf" - 0 Errors, 3 Warning(s).
Build target 'SCT'
linking...
Program Size: Code=47112 RO-data=1456 RW-data=428 ZI-data=125092  
FromELF: creating hex file...
"..\obj\SCT.axf" - 0 Errors, 0 Warning(s).
Load "..\\obj\\SCT.axf" 
Erase Done.
Programming Done.
Verify OK.
Application running ...
Build target 'SCT'
compiling bsp_rtc.c...
..\App\BSP\bsp_rtc.c(40): warning:  #1166-D: returning pointer to local variable
..\App\BSP\bsp_rtc.c(77): warning:  #1166-D: returning pointer to local variable
..\App\BSP\bsp_rtc.c(176): warning: C4017W: RTC_TimeStructure may be used before being set
linking...
Program Size: Code=47112 RO-data=1456 RW-data=428 ZI-data=125092  
FromELF: creating hex file...
"..\obj\SCT.axf" - 0 Errors, 3 Warning(s).
Build target 'SCT'
linking...
Program Size: Code=47112 RO-data=1456 RW-data=428 ZI-data=125092  
FromELF: creating hex file...
"..\obj\SCT.axf" - 0 Errors, 0 Warning(s).
Load "..\\obj\\SCT.axf" 
Erase Done.
Programming Done.
Verify OK.
Application running ...
Build target 'SCT'
compiling app.c...
linking...
Program Size: Code=47112 RO-data=1456 RW-data=428 ZI-data=125092  
FromELF: creating hex file...
"..\obj\SCT.axf" - 0 Errors, 0 Warning(s).
Load "..\\obj\\SCT.axf" 
Erase Done.
Programming Done.
Verify OK.
Application running ...
Build target 'SCT'
compiling app.c...
linking...
Program Size: Code=47112 RO-data=1456 RW-data=428 ZI-data=125092  
FromELF: creating hex file...
"..\obj\SCT.axf" - 0 Errors, 0 Warning(s).
Load "..\\obj\\SCT.axf" 
Erase Done.
Programming Done.
Verify OK.
Application running ...
Build target 'SCT'
compiling bsp_rtc.c...
..\App\BSP\bsp_rtc.c(41): warning:  #1166-D: returning pointer to local variable
..\App\BSP\bsp_rtc.c(78): warning:  #1166-D: returning pointer to local variable
..\App\BSP\bsp_rtc.c(177): warning: C4017W: RTC_TimeStructure may be used before being set
linking...
Program Size: Code=47112 RO-data=1456 RW-data=428 ZI-data=125092  
FromELF: creating hex file...
"..\obj\SCT.axf" - 0 Errors, 3 Warning(s).
Build target 'SCT'
linking...
Program Size: Code=47112 RO-data=1456 RW-data=428 ZI-data=125092  
FromELF: creating hex file...
"..\obj\SCT.axf" - 0 Errors, 0 Warning(s).
Load "..\\obj\\SCT.axf" 
Erase Done.
Programming Done.
Verify OK.
Application running ...
Build target 'SCT'
compiling AppMain.c...
..\Protocol\AppMain.c(191): warning:  #167-D: argument of type "U8 *" is incompatible with parameter of type "char *"
..\Protocol\AppMain.c(281): warning:  #167-D: argument of type "char *" is incompatible with parameter of type "U8 *"
..\Protocol\AppMain.c(228): warning:  #177-D: variable "f1" was declared but never referenced
..\Protocol\AppMain.c(236): warning:  #550-D: variable "t1" was set but never used
..\Protocol\AppMain.c(332): warning:  #167-D: argument of type "U8 *" is incompatible with parameter of type "char *"
..\Protocol\AppMain.c(509): warning:  #167-D: argument of type "U8 *" is incompatible with parameter of type "char *"
linking...
Program Size: Code=47020 RO-data=1460 RW-data=428 ZI-data=125092  
FromELF: creating hex file...
"..\obj\SCT.axf" - 0 Errors, 6 Warning(s).
Build target 'SCT'
linking...
Program Size: Code=47020 RO-data=1460 RW-data=428 ZI-data=125092  
FromELF: creating hex file...
"..\obj\SCT.axf" - 0 Errors, 0 Warning(s).
Load "..\\obj\\SCT.axf" 
Erase Done.
Programming Done.
Verify OK.
Application running ...
Build target 'SCT'
compiling bsp_rtc.c...
..\App\BSP\bsp_rtc.c(41): warning:  #1166-D: returning pointer to local variable
..\App\BSP\bsp_rtc.c(78): warning:  #1166-D: returning pointer to local variable
..\App\BSP\bsp_rtc.c(177): warning: C4017W: RTC_TimeStructure may be used before being set
linking...
Program Size: Code=47024 RO-data=1456 RW-data=428 ZI-data=125092  
FromELF: creating hex file...
"..\obj\SCT.axf" - 0 Errors, 3 Warning(s).
Load "..\\obj\\SCT.axf" 
Erase Done.
Programming Done.
Verify OK.
Application running ...
Build target 'SCT'
compiling bsp_rtc.c...
..\App\BSP\bsp_rtc.c(41): warning:  #1166-D: returning pointer to local variable
..\App\BSP\bsp_rtc.c(78): warning:  #1166-D: returning pointer to local variable
..\App\BSP\bsp_rtc.c(177): warning: C4017W: RTC_TimeStructure may be used before being set
linking...
Program Size: Code=47024 RO-data=1456 RW-data=428 ZI-data=125092  
FromELF: creating hex file...
"..\obj\SCT.axf" - 0 Errors, 3 Warning(s).
Build target 'SCT'
linking...
Program Size: Code=47024 RO-data=1456 RW-data=428 ZI-data=125092  
FromELF: creating hex file...
"..\obj\SCT.axf" - 0 Errors, 0 Warning(s).
Build target 'SCT'
compiling Rain.c...
linking...
Program Size: Code=47024 RO-data=1456 RW-data=428 ZI-data=125092  
FromELF: creating hex file...
"..\obj\SCT.axf" - 0 Errors, 0 Warning(s).
Load "..\\obj\\SCT.axf" 
Erase Done.
Programming Done.
Verify OK.
Application running ...
Build target 'SCT'
linking...
Program Size: Code=47024 RO-data=1456 RW-data=428 ZI-data=125092  
FromELF: creating hex file...
"..\obj\SCT.axf" - 0 Errors, 0 Warning(s).
Build target 'SCT'
compiling AppMain.c...
..\Protocol\AppMain.c(191): warning:  #167-D: argument of type "U8 *" is incompatible with parameter of type "char *"
..\Protocol\AppMain.c(281): warning:  #167-D: argument of type "char *" is incompatible with parameter of type "U8 *"
..\Protocol\AppMain.c(228): warning:  #177-D: variable "f1" was declared but never referenced
..\Protocol\AppMain.c(236): warning:  #550-D: variable "t1" was set but never used
..\Protocol\AppMain.c(332): warning:  #167-D: argument of type "U8 *" is incompatible with parameter of type "char *"
..\Protocol\AppMain.c(509): warning:  #167-D: argument of type "U8 *" is incompatible with parameter of type "char *"
linking...
Program Size: Code=47024 RO-data=1456 RW-data=428 ZI-data=125092  
FromELF: creating hex file...
"..\obj\SCT.axf" - 0 Errors, 6 Warning(s).
Build target 'SCT'
linking...
Program Size: Code=47024 RO-data=1456 RW-data=428 ZI-data=125092  
FromELF: creating hex file...
"..\obj\SCT.axf" - 0 Errors, 0 Warning(s).
Build target 'SCT'
linking...
Program Size: Code=47024 RO-data=1456 RW-data=428 ZI-data=125092  
FromELF: creating hex file...
"..\obj\SCT.axf" - 0 Errors, 0 Warning(s).
Load "..\\obj\\SCT.axf" 
Erase Done.
Programming Done.
Verify OK.
Application running ...
Build target 'SCT'
compiling app.c...
linking...
Program Size: Code=46992 RO-data=1456 RW-data=428 ZI-data=125092  
FromELF: creating hex file...
"..\obj\SCT.axf" - 0 Errors, 0 Warning(s).
Load "..\\obj\\SCT.axf" 
Erase Done.
Programming Done.
Verify OK.
Application running ...
Build target 'SCT'
compiling app.c...
compiling bsp_rtc.c...
..\App\BSP\bsp_rtc.c(41): warning:  #1166-D: returning pointer to local variable
..\App\BSP\bsp_rtc.c(78): warning:  #1166-D: returning pointer to local variable
..\App\BSP\bsp_rtc.c(177): warning: C4017W: RTC_TimeStructure may be used before being set
linking...
Program Size: Code=46992 RO-data=1456 RW-data=428 ZI-data=125092  
FromELF: creating hex file...
"..\obj\SCT.axf" - 0 Errors, 3 Warning(s).
Build target 'SCT'
linking...
Program Size: Code=46992 RO-data=1456 RW-data=428 ZI-data=125092  
FromELF: creating hex file...
"..\obj\SCT.axf" - 0 Errors, 0 Warning(s).
Load "..\\obj\\SCT.axf" 
Erase Done.
Programming Done.
Verify OK.
Application running ...
Build target 'SCT'
compiling app.c...
linking...
Program Size: Code=46992 RO-data=1456 RW-data=428 ZI-data=125092  
FromELF: creating hex file...
"..\obj\SCT.axf" - 0 Errors, 0 Warning(s).
Load "..\\obj\\SCT.axf" 
Erase Done.
Programming Done.
Verify OK.
Application running ...
Build target 'SCT'
linking...
Program Size: Code=46992 RO-data=1456 RW-data=428 ZI-data=125092  
FromELF: creating hex file...
"..\obj\SCT.axf" - 0 Errors, 0 Warning(s).
Build target 'SCT'
compiling AppMain.c...
..\Protocol\AppMain.c(191): warning:  #167-D: argument of type "U8 *" is incompatible with parameter of type "char *"
..\Protocol\AppMain.c(281): warning:  #167-D: argument of type "char *" is incompatible with parameter of type "U8 *"
..\Protocol\AppMain.c(228): warning:  #177-D: variable "f1" was declared but never referenced
..\Protocol\AppMain.c(236): warning:  #177-D: variable "t1" was declared but never referenced
..\Protocol\AppMain.c(332): warning:  #167-D: argument of type "U8 *" is incompatible with parameter of type "char *"
..\Protocol\AppMain.c(509): warning:  #167-D: argument of type "U8 *" is incompatible with parameter of type "char *"
linking...
Program Size: Code=46884 RO-data=1460 RW-data=428 ZI-data=125092  
FromELF: creating hex file...
"..\obj\SCT.axf" - 0 Errors, 6 Warning(s).
Build target 'SCT'
linking...
Program Size: Code=46884 RO-data=1460 RW-data=428 ZI-data=125092  
FromELF: creating hex file...
"..\obj\SCT.axf" - 0 Errors, 0 Warning(s).
Load "..\\obj\\SCT.axf" 
Erase Done.
Programming Done.
Verify OK.
Application running ...
Build target 'SCT'
compiling AppMain.c...
..\Protocol\AppMain.c(191): warning:  #167-D: argument of type "U8 *" is incompatible with parameter of type "char *"
..\Protocol\AppMain.c(281): warning:  #167-D: argument of type "char *" is incompatible with parameter of type "U8 *"
..\Protocol\AppMain.c(228): warning:  #177-D: variable "f1" was declared but never referenced
..\Protocol\AppMain.c(236): warning:  #177-D: variable "t1" was declared but never referenced
..\Protocol\AppMain.c(330): warning:  #167-D: argument of type "U8 *" is incompatible with parameter of type "char *"
..\Protocol\AppMain.c(508): warning:  #167-D: argument of type "U8 *" is incompatible with parameter of type "char *"
linking...
Program Size: Code=46900 RO-data=1460 RW-data=428 ZI-data=125092  
FromELF: creating hex file...
"..\obj\SCT.axf" - 0 Errors, 6 Warning(s).
Load "..\\obj\\SCT.axf" 
Erase Done.
Programming Done.
Verify OK.
Application running ...
Build target 'SCT'
compiling AppMain.c...
..\Protocol\AppMain.c(191): warning:  #167-D: argument of type "U8 *" is incompatible with parameter of type "char *"
..\Protocol\AppMain.c(281): warning:  #167-D: argument of type "char *" is incompatible with parameter of type "U8 *"
..\Protocol\AppMain.c(228): warning:  #177-D: variable "f1" was declared but never referenced
..\Protocol\AppMain.c(236): warning:  #177-D: variable "t1" was declared but never referenced
..\Protocol\AppMain.c(330): warning:  #167-D: argument of type "U8 *" is incompatible with parameter of type "char *"
..\Protocol\AppMain.c(508): warning:  #167-D: argument of type "U8 *" is incompatible with parameter of type "char *"
linking...
Program Size: Code=46900 RO-data=1460 RW-data=428 ZI-data=125092  
FromELF: creating hex file...
"..\obj\SCT.axf" - 0 Errors, 6 Warning(s).
Build target 'SCT'
linking...
Program Size: Code=46900 RO-data=1460 RW-data=428 ZI-data=125092  
FromELF: creating hex file...
"..\obj\SCT.axf" - 0 Errors, 0 Warning(s).
Load "..\\obj\\SCT.axf" 
Erase Done.
Programming Done.
Verify OK.
Application running ...
Build target 'SCT'
compiling AppMain.c...
..\Protocol\AppMain.c(191): warning:  #167-D: argument of type "U8 *" is incompatible with parameter of type "char *"
..\Protocol\AppMain.c(281): warning:  #167-D: argument of type "char *" is incompatible with parameter of type "U8 *"
..\Protocol\AppMain.c(228): warning:  #177-D: variable "f1" was declared but never referenced
..\Protocol\AppMain.c(236): warning:  #177-D: variable "t1" was declared but never referenced
..\Protocol\AppMain.c(330): warning:  #167-D: argument of type "U8 *" is incompatible with parameter of type "char *"
..\Protocol\AppMain.c(508): warning:  #167-D: argument of type "U8 *" is incompatible with parameter of type "char *"
linking...
Program Size: Code=46956 RO-data=1460 RW-data=428 ZI-data=125092  
FromELF: creating hex file...
"..\obj\SCT.axf" - 0 Errors, 6 Warning(s).
Build target 'SCT'
linking...
Program Size: Code=46956 RO-data=1460 RW-data=428 ZI-data=125092  
FromELF: creating hex file...
"..\obj\SCT.axf" - 0 Errors, 0 Warning(s).
Load "..\\obj\\SCT.axf" 
Erase Done.
Programming Done.
Verify OK.
Application running ...
Build target 'SCT'
compiling AppMain.c...
..\Protocol\AppMain.c(191): warning:  #167-D: argument of type "U8 *" is incompatible with parameter of type "char *"
..\Protocol\AppMain.c(282): warning:  #167-D: argument of type "char *" is incompatible with parameter of type "U8 *"
..\Protocol\AppMain.c(228): warning:  #177-D: variable "f1" was declared but never referenced
..\Protocol\AppMain.c(236): warning:  #177-D: variable "t1" was declared but never referenced
..\Protocol\AppMain.c(332): warning:  #167-D: argument of type "U8 *" is incompatible with parameter of type "char *"
..\Protocol\AppMain.c(510): warning:  #167-D: argument of type "U8 *" is incompatible with parameter of type "char *"
linking...
Program Size: Code=47016 RO-data=1456 RW-data=428 ZI-data=125092  
FromELF: creating hex file...
"..\obj\SCT.axf" - 0 Errors, 6 Warning(s).
Build target 'SCT'
linking...
Program Size: Code=47016 RO-data=1456 RW-data=428 ZI-data=125092  
FromELF: creating hex file...
"..\obj\SCT.axf" - 0 Errors, 0 Warning(s).
Load "..\\obj\\SCT.axf" 
Erase Done.
Programming Done.
Verify OK.
Application running ...
Build target 'SCT'
compiling AppMain.c...
..\Protocol\AppMain.c(191): warning:  #167-D: argument of type "U8 *" is incompatible with parameter of type "char *"
..\Protocol\AppMain.c(282): warning:  #167-D: argument of type "char *" is incompatible with parameter of type "U8 *"
..\Protocol\AppMain.c(228): warning:  #177-D: variable "f1" was declared but never referenced
..\Protocol\AppMain.c(236): warning:  #177-D: variable "t1" was declared but never referenced
..\Protocol\AppMain.c(334): warning:  #167-D: argument of type "U8 *" is incompatible with parameter of type "char *"
..\Protocol\AppMain.c(512): warning:  #167-D: argument of type "U8 *" is incompatible with parameter of type "char *"
linking...
Program Size: Code=47076 RO-data=1460 RW-data=428 ZI-data=125092  
FromELF: creating hex file...
"..\obj\SCT.axf" - 0 Errors, 6 Warning(s).
Build target 'SCT'
linking...
Program Size: Code=47076 RO-data=1460 RW-data=428 ZI-data=125092  
FromELF: creating hex file...
"..\obj\SCT.axf" - 0 Errors, 0 Warning(s).
Load "..\\obj\\SCT.axf" 
Erase Done.
Programming Done.
Verify OK.
Application running ...
Build target 'SCT'
compiling app.c...
linking...
Program Size: Code=47108 RO-data=1460 RW-data=428 ZI-data=125092  
FromELF: creating hex file...
"..\obj\SCT.axf" - 0 Errors, 0 Warning(s).
Load "..\\obj\\SCT.axf" 
Erase Done.
Programming Done.
Verify OK.
Application running ...
Build target 'SCT'
compiling AppMain.c...
..\Protocol\AppMain.c(191): warning:  #167-D: argument of type "U8 *" is incompatible with parameter of type "char *"
..\Protocol\AppMain.c(282): warning:  #167-D: argument of type "char *" is incompatible with parameter of type "U8 *"
..\Protocol\AppMain.c(228): warning:  #177-D: variable "f1" was declared but never referenced
..\Protocol\AppMain.c(236): warning:  #177-D: variable "t1" was declared but never referenced
..\Protocol\AppMain.c(334): warning:  #167-D: argument of type "U8 *" is incompatible with parameter of type "char *"
..\Protocol\AppMain.c(512): warning:  #167-D: argument of type "U8 *" is incompatible with parameter of type "char *"
linking...
Program Size: Code=47104 RO-data=1456 RW-data=428 ZI-data=125092  
FromELF: creating hex file...
"..\obj\SCT.axf" - 0 Errors, 6 Warning(s).
Build target 'SCT'
linking...
Program Size: Code=47104 RO-data=1456 RW-data=428 ZI-data=125092  
FromELF: creating hex file...
"..\obj\SCT.axf" - 0 Errors, 0 Warning(s).
Build target 'SCT'
linking...
Program Size: Code=47104 RO-data=1456 RW-data=428 ZI-data=125092  
FromELF: creating hex file...
"..\obj\SCT.axf" - 0 Errors, 0 Warning(s).
Load "..\\obj\\SCT.axf" 
Erase Done.
Programming Done.
Verify OK.
Application running ...
Build target 'SCT'
compiling AppMain.c...
..\Protocol\AppMain.c(191): warning:  #167-D: argument of type "U8 *" is incompatible with parameter of type "char *"
..\Protocol\AppMain.c(288): warning:  #167-D: argument of type "char *" is incompatible with parameter of type "U8 *"
..\Protocol\AppMain.c(228): warning:  #177-D: variable "f1" was declared but never referenced
..\Protocol\AppMain.c(236): warning:  #177-D: variable "t1" was declared but never referenced
..\Protocol\AppMain.c(340): warning:  #167-D: argument of type "U8 *" is incompatible with parameter of type "char *"
..\Protocol\AppMain.c(518): warning:  #167-D: argument of type "U8 *" is incompatible with parameter of type "char *"
linking...
Program Size: Code=47200 RO-data=1456 RW-data=428 ZI-data=125092  
FromELF: creating hex file...
"..\obj\SCT.axf" - 0 Errors, 6 Warning(s).
Build target 'SCT'
linking...
Program Size: Code=47200 RO-data=1456 RW-data=428 ZI-data=125092  
FromELF: creating hex file...
"..\obj\SCT.axf" - 0 Errors, 0 Warning(s).
Load "..\\obj\\SCT.axf" 
Erase Done.
Programming Done.
Verify OK.
Application running ...
Build target 'SCT'
compiling bsp_rtc.c...
..\App\BSP\bsp_rtc.c(41): warning:  #1166-D: returning pointer to local variable
..\App\BSP\bsp_rtc.c(76): warning:  #1166-D: returning pointer to local variable
..\App\BSP\bsp_rtc.c(175): warning: C4017W: RTC_TimeStructure may be used before being set
linking...
Program Size: Code=47184 RO-data=1456 RW-data=428 ZI-data=125092  
FromELF: creating hex file...
"..\obj\SCT.axf" - 0 Errors, 3 Warning(s).
Build target 'SCT'
linking...
Program Size: Code=47184 RO-data=1456 RW-data=428 ZI-data=125092  
FromELF: creating hex file...
"..\obj\SCT.axf" - 0 Errors, 0 Warning(s).
Load "..\\obj\\SCT.axf" 
Erase Done.
Programming Done.
Verify OK.
Application running ...
Build target 'SCT'
compiling AppMain.c...
..\Protocol\AppMain.c(191): warning:  #167-D: argument of type "U8 *" is incompatible with parameter of type "char *"
..\Protocol\AppMain.c(288): warning:  #167-D: argument of type "char *" is incompatible with parameter of type "U8 *"
..\Protocol\AppMain.c(228): warning:  #177-D: variable "f1" was declared but never referenced
..\Protocol\AppMain.c(236): warning:  #177-D: variable "t1" was declared but never referenced
..\Protocol\AppMain.c(340): warning:  #167-D: argument of type "U8 *" is incompatible with parameter of type "char *"
..\Protocol\AppMain.c(518): warning:  #167-D: argument of type "U8 *" is incompatible with parameter of type "char *"
linking...
Program Size: Code=47208 RO-data=1456 RW-data=428 ZI-data=125092  
FromELF: creating hex file...
"..\obj\SCT.axf" - 0 Errors, 6 Warning(s).
Load "..\\obj\\SCT.axf" 
Erase Done.
Programming Done.
Verify OK.
Application running ...
Build target 'SCT'
compiling AppMain.c...
..\Protocol\AppMain.c(191): warning:  #167-D: argument of type "U8 *" is incompatible with parameter of type "char *"
..\Protocol\AppMain.c(288): warning:  #167-D: argument of type "char *" is incompatible with parameter of type "U8 *"
..\Protocol\AppMain.c(228): warning:  #177-D: variable "f1" was declared but never referenced
..\Protocol\AppMain.c(236): warning:  #177-D: variable "t1" was declared but never referenced
..\Protocol\AppMain.c(340): warning:  #167-D: argument of type "U8 *" is incompatible with parameter of type "char *"
..\Protocol\AppMain.c(518): warning:  #167-D: argument of type "U8 *" is incompatible with parameter of type "char *"
linking...
Program Size: Code=47196 RO-data=1460 RW-data=428 ZI-data=125092  
FromELF: creating hex file...
"..\obj\SCT.axf" - 0 Errors, 6 Warning(s).
Load "..\\obj\\SCT.axf" 
Erase Done.
Programming Done.
Verify OK.
Application running ...
Build target 'SCT'
compiling AppMain.c...
..\Protocol\AppMain.c(191): warning:  #167-D: argument of type "U8 *" is incompatible with parameter of type "char *"
..\Protocol\AppMain.c(288): warning:  #167-D: argument of type "char *" is incompatible with parameter of type "U8 *"
..\Protocol\AppMain.c(228): warning:  #177-D: variable "f1" was declared but never referenced
..\Protocol\AppMain.c(236): warning:  #177-D: variable "t1" was declared but never referenced
..\Protocol\AppMain.c(340): warning:  #167-D: argument of type "U8 *" is incompatible with parameter of type "char *"
..\Protocol\AppMain.c(518): warning:  #167-D: argument of type "U8 *" is incompatible with parameter of type "char *"
linking...
Program Size: Code=47184 RO-data=1456 RW-data=428 ZI-data=125092  
FromELF: creating hex file...
"..\obj\SCT.axf" - 0 Errors, 6 Warning(s).
Load "..\\obj\\SCT.axf" 
Erase Done.
Programming Done.
Verify OK.
Application running ...
Build target 'SCT'
compiling bsp_adc.c...
linking...
Program Size: Code=47204 RO-data=1460 RW-data=428 ZI-data=125092  
FromELF: creating hex file...
"..\obj\SCT.axf" - 0 Errors, 0 Warning(s).
Load "..\\obj\\SCT.axf" 
Erase Done.
Programming Done.
Verify OK.
Application running ...
Build target 'SCT'
compiling AppMain.c...
..\Protocol\AppMain.c(191): warning:  #167-D: argument of type "U8 *" is incompatible with parameter of type "char *"
..\Protocol\AppMain.c(288): warning:  #167-D: argument of type "char *" is incompatible with parameter of type "U8 *"
..\Protocol\AppMain.c(228): warning:  #177-D: variable "f1" was declared but never referenced
..\Protocol\AppMain.c(236): warning:  #177-D: variable "t1" was declared but never referenced
..\Protocol\AppMain.c(340): warning:  #167-D: argument of type "U8 *" is incompatible with parameter of type "char *"
..\Protocol\AppMain.c(518): warning:  #167-D: argument of type "U8 *" is incompatible with parameter of type "char *"
compiling bsp_adc.c...
linking...
Program Size: Code=47184 RO-data=1456 RW-data=428 ZI-data=125092  
FromELF: creating hex file...
"..\obj\SCT.axf" - 0 Errors, 6 Warning(s).
Load "..\\obj\\SCT.axf" 
Erase Done.
Programming Done.
Verify OK.
Application running ...
Build target 'SCT'
compiling AppMain.c...
..\Protocol\AppMain.c(191): warning:  #167-D: argument of type "U8 *" is incompatible with parameter of type "char *"
..\Protocol\AppMain.c(288): warning:  #167-D: argument of type "char *" is incompatible with parameter of type "U8 *"
..\Protocol\AppMain.c(228): warning:  #177-D: variable "f1" was declared but never referenced
..\Protocol\AppMain.c(236): warning:  #177-D: variable "t1" was declared but never referenced
..\Protocol\AppMain.c(340): warning:  #167-D: argument of type "U8 *" is incompatible with parameter of type "char *"
..\Protocol\AppMain.c(518): warning:  #167-D: argument of type "U8 *" is incompatible with parameter of type "char *"
linking...
Program Size: Code=47208 RO-data=1456 RW-data=428 ZI-data=125092  
FromELF: creating hex file...
"..\obj\SCT.axf" - 0 Errors, 6 Warning(s).
Load "..\\obj\\SCT.axf" 
Erase Done.
Programming Done.
Verify OK.
Application running ...
Build target 'SCT'
compiling bsp_adc.c...
linking...
Program Size: Code=47220 RO-data=1460 RW-data=428 ZI-data=125092  
FromELF: creating hex file...
"..\obj\SCT.axf" - 0 Errors, 0 Warning(s).
Build target 'SCT'
linking...
Program Size: Code=47220 RO-data=1460 RW-data=428 ZI-data=125092  
FromELF: creating hex file...
"..\obj\SCT.axf" - 0 Errors, 0 Warning(s).
Build target 'SCT'
compiling AppMain.c...
..\Protocol\AppMain.c(191): warning:  #167-D: argument of type "U8 *" is incompatible with parameter of type "char *"
..\Protocol\AppMain.c(288): warning:  #167-D: argument of type "char *" is incompatible with parameter of type "U8 *"
..\Protocol\AppMain.c(228): warning:  #177-D: variable "f1" was declared but never referenced
..\Protocol\AppMain.c(236): warning:  #177-D: variable "t1" was declared but never referenced
..\Protocol\AppMain.c(340): warning:  #167-D: argument of type "U8 *" is incompatible with parameter of type "char *"
..\Protocol\AppMain.c(518): warning:  #167-D: argument of type "U8 *" is incompatible with parameter of type "char *"
linking...
Program Size: Code=47196 RO-data=1460 RW-data=428 ZI-data=125092  
FromELF: creating hex file...
"..\obj\SCT.axf" - 0 Errors, 6 Warning(s).
Load "..\\obj\\SCT.axf" 
Erase Done.
Programming Done.
Verify OK.
Application running ...
Build target 'SCT'
compiling bsp_adc.c...
linking...
Program Size: Code=47200 RO-data=1456 RW-data=428 ZI-data=125092  
FromELF: creating hex file...
"..\obj\SCT.axf" - 0 Errors, 0 Warning(s).
Load "..\\obj\\SCT.axf" 
Erase Done.
Programming Done.
Verify OK.
Application running ...
Build target 'SCT'
compiling AppMain.c...
..\Protocol\AppMain.c(191): warning:  #167-D: argument of type "U8 *" is incompatible with parameter of type "char *"
..\Protocol\AppMain.c(288): warning:  #167-D: argument of type "char *" is incompatible with parameter of type "U8 *"
..\Protocol\AppMain.c(228): warning:  #550-D: variable "f1" was set but never used
..\Protocol\AppMain.c(236): warning:  #550-D: variable "t1" was set but never used
..\Protocol\AppMain.c(340): warning:  #167-D: argument of type "U8 *" is incompatible with parameter of type "char *"
..\Protocol\AppMain.c(518): warning:  #167-D: argument of type "U8 *" is incompatible with parameter of type "char *"
linking...
Program Size: Code=47160 RO-data=1456 RW-data=428 ZI-data=125092  
FromELF: creating hex file...
"..\obj\SCT.axf" - 0 Errors, 6 Warning(s).
Build target 'SCT'
compiling AppMain.c...
..\Protocol\AppMain.c(191): warning:  #167-D: argument of type "U8 *" is incompatible with parameter of type "char *"
..\Protocol\AppMain.c(288): warning:  #167-D: argument of type "char *" is incompatible with parameter of type "U8 *"
..\Protocol\AppMain.c(228): warning:  #550-D: variable "f1" was set but never used
..\Protocol\AppMain.c(236): warning:  #550-D: variable "t1" was set but never used
..\Protocol\AppMain.c(340): warning:  #167-D: argument of type "U8 *" is incompatible with parameter of type "char *"
..\Protocol\AppMain.c(518): warning:  #167-D: argument of type "U8 *" is incompatible with parameter of type "char *"
linking...
Program Size: Code=47148 RO-data=1460 RW-data=428 ZI-data=125092  
FromELF: creating hex file...
"..\obj\SCT.axf" - 0 Errors, 6 Warning(s).
Load "..\\obj\\SCT.axf" 
Erase Done.
Programming Done.
Verify OK.
Application running ...
Build target 'SCT'
compiling app.c...
linking...
Program Size: Code=47116 RO-data=1460 RW-data=428 ZI-data=125092  
FromELF: creating hex file...
"..\obj\SCT.axf" - 0 Errors, 0 Warning(s).
Build target 'SCT'
linking...
Program Size: Code=47116 RO-data=1460 RW-data=428 ZI-data=125092  
FromELF: creating hex file...
"..\obj\SCT.axf" - 0 Errors, 0 Warning(s).
Load "..\\obj\\SCT.axf" 
Erase Done.
Programming Done.
Verify OK.
Application running ...
Build target 'SCT'
compiling Tools.c...
compiling bsp_init.c...
..\App\BSP\bsp_init.c(70): warning:  #167-D: argument of type "unsigned char *" is incompatible with parameter of type "char *"
..\App\BSP\bsp_init.c(6): warning: C4017W: HSEStartUpStatus may be used before being set
linking...
Program Size: Code=47084 RO-data=1460 RW-data=428 ZI-data=125092  
FromELF: creating hex file...
"..\obj\SCT.axf" - 0 Errors, 2 Warning(s).
Load "..\\obj\\SCT.axf" 
Erase Done.
Programming Done.
Verify OK.
Application running ...
Build target 'SCT'
compiling app.c...
..\App\APP\app.c(128): error:  #65: expected a ";"
"..\obj\SCT.axf" - 1 Errors, 0 Warning(s).
Target not created
Build target 'SCT'
compiling app.c...
linking...
Program Size: Code=47108 RO-data=1460 RW-data=428 ZI-data=125092  
FromELF: creating hex file...
"..\obj\SCT.axf" - 0 Errors, 0 Warning(s).
Load "..\\obj\\SCT.axf" 
Erase Done.
Programming Done.
Verify OK.
Application running ...
Build target 'SCT'
compiling bsp_init.c...
..\App\BSP\bsp_init.c(70): warning:  #167-D: argument of type "unsigned char *" is incompatible with parameter of type "char *"
..\App\BSP\bsp_init.c(6): warning: C4017W: HSEStartUpStatus may be used before being set
linking...
Program Size: Code=47096 RO-data=1456 RW-data=428 ZI-data=125092  
FromELF: creating hex file...
"..\obj\SCT.axf" - 0 Errors, 2 Warning(s).
Load "..\\obj\\SCT.axf" 
Erase Done.
Programming Done.
Verify OK.
Application running ...
compiling app.c...
"..\App\APP\app.c" - 0 Errors, 0 Warning(s).
Build target 'SCT'
linking...
Program Size: Code=47100 RO-data=1460 RW-data=428 ZI-data=125092  
FromELF: creating hex file...
"..\obj\SCT.axf" - 0 Errors, 0 Warning(s).
Load "..\\obj\\SCT.axf" 
Erase Done.
Programming Done.
Verify OK.
Application running ...
